Archive member included because of file (symbol)

/home/tessin/ti/ccsv6/tools/compiler/gcc-arm-none-eabi-4_9-2015q3/bin/../lib/gcc/arm-none-eabi/4.9.3/../../../../arm-none-eabi/lib/armv7e-m/fpu/libc.a(lib_a-exit.o)
                              /home/tessin/ti/ccsv6/tools/compiler/gcc-arm-none-eabi-4_9-2015q3/bin/../lib/gcc/arm-none-eabi/4.9.3/../../../../arm-none-eabi/lib/armv7e-m/fpu/crt0.o (exit)
/home/tessin/ti/ccsv6/tools/compiler/gcc-arm-none-eabi-4_9-2015q3/bin/../lib/gcc/arm-none-eabi/4.9.3/../../../../arm-none-eabi/lib/armv7e-m/fpu/libc.a(lib_a-impure.o)
                              /home/tessin/ti/ccsv6/tools/compiler/gcc-arm-none-eabi-4_9-2015q3/bin/../lib/gcc/arm-none-eabi/4.9.3/../../../../arm-none-eabi/lib/armv7e-m/fpu/libc.a(lib_a-exit.o) (_global_impure_ptr)
/home/tessin/ti/ccsv6/tools/compiler/gcc-arm-none-eabi-4_9-2015q3/bin/../lib/gcc/arm-none-eabi/4.9.3/../../../../arm-none-eabi/lib/armv7e-m/fpu/libc.a(lib_a-init.o)
                              /home/tessin/ti/ccsv6/tools/compiler/gcc-arm-none-eabi-4_9-2015q3/bin/../lib/gcc/arm-none-eabi/4.9.3/../../../../arm-none-eabi/lib/armv7e-m/fpu/crt0.o (__libc_init_array)
/home/tessin/ti/ccsv6/tools/compiler/gcc-arm-none-eabi-4_9-2015q3/bin/../lib/gcc/arm-none-eabi/4.9.3/../../../../arm-none-eabi/lib/armv7e-m/fpu/libc.a(lib_a-memset.o)
                              /home/tessin/ti/ccsv6/tools/compiler/gcc-arm-none-eabi-4_9-2015q3/bin/../lib/gcc/arm-none-eabi/4.9.3/../../../../arm-none-eabi/lib/armv7e-m/fpu/crt0.o (memset)
/home/tessin/ti/ccsv6/tools/compiler/gcc-arm-none-eabi-4_9-2015q3/bin/../lib/gcc/arm-none-eabi/4.9.3/../../../../arm-none-eabi/lib/armv7e-m/fpu/libc.a(lib_a-__call_atexit.o)
                              /home/tessin/ti/ccsv6/tools/compiler/gcc-arm-none-eabi-4_9-2015q3/bin/../lib/gcc/arm-none-eabi/4.9.3/../../../../arm-none-eabi/lib/armv7e-m/fpu/libc.a(lib_a-exit.o) (__call_exitprocs)
/home/tessin/ti/ccsv6/tools/compiler/gcc-arm-none-eabi-4_9-2015q3/bin/../lib/gcc/arm-none-eabi/4.9.3/../../../../arm-none-eabi/lib/armv7e-m/fpu/libc.a(lib_a-atexit.o)
                              /home/tessin/ti/ccsv6/tools/compiler/gcc-arm-none-eabi-4_9-2015q3/bin/../lib/gcc/arm-none-eabi/4.9.3/../../../../arm-none-eabi/lib/armv7e-m/fpu/libc.a(lib_a-__call_atexit.o) (atexit)
/home/tessin/ti/ccsv6/tools/compiler/gcc-arm-none-eabi-4_9-2015q3/bin/../lib/gcc/arm-none-eabi/4.9.3/../../../../arm-none-eabi/lib/armv7e-m/fpu/libc.a(lib_a-fini.o)
                              /home/tessin/ti/ccsv6/tools/compiler/gcc-arm-none-eabi-4_9-2015q3/bin/../lib/gcc/arm-none-eabi/4.9.3/../../../../arm-none-eabi/lib/armv7e-m/fpu/libc.a(lib_a-__call_atexit.o) (__libc_fini_array)
/home/tessin/ti/ccsv6/tools/compiler/gcc-arm-none-eabi-4_9-2015q3/bin/../lib/gcc/arm-none-eabi/4.9.3/../../../../arm-none-eabi/lib/armv7e-m/fpu/libc.a(lib_a-__atexit.o)
                              /home/tessin/ti/ccsv6/tools/compiler/gcc-arm-none-eabi-4_9-2015q3/bin/../lib/gcc/arm-none-eabi/4.9.3/../../../../arm-none-eabi/lib/armv7e-m/fpu/libc.a(lib_a-atexit.o) (__register_exitproc)
/home/tessin/Tessin/TivaWorkSpace/TivawareProject/Source/Genlib/libStringLib.a(MyString.o)
                              ./Source/Genlib/Command.o (mystrcmp)
/home/tessin/ti/TivaWare_C_Series-2.1.3.156/driverlib/gcc/libdriver.a(adc.o)
                              ./Source/Devices/ADC.o (ADCIntStatus)
/home/tessin/ti/TivaWare_C_Series-2.1.3.156/driverlib/gcc/libdriver.a(gpio.o)
                              ./Source/Devices/DigitalInputPort.o (GPIOIntTypeSet)
/home/tessin/ti/TivaWare_C_Series-2.1.3.156/driverlib/gcc/libdriver.a(interrupt.o)
                              ./uartstdio.o (IntMasterEnable)
/home/tessin/ti/TivaWare_C_Series-2.1.3.156/driverlib/gcc/libdriver.a(pwm.o)
                              ./Source/Devices/PWM.o (PWMGenConfigure)
/home/tessin/ti/TivaWare_C_Series-2.1.3.156/driverlib/gcc/libdriver.a(sysctl.o)
                              ./uartstdio.o (SysCtlPeripheralPresent)
/home/tessin/ti/TivaWare_C_Series-2.1.3.156/driverlib/gcc/libdriver.a(systick.o)
                              ./Source/Devices/SysTimer.o (SysTickEnable)
/home/tessin/ti/TivaWare_C_Series-2.1.3.156/driverlib/gcc/libdriver.a(timer.o)
                              ./Source/Devices/Timer.o (TimerEnable)
/home/tessin/ti/TivaWare_C_Series-2.1.3.156/driverlib/gcc/libdriver.a(uart.o)
                              ./uartstdio.o (UARTFIFOLevelSet)
/home/tessin/ti/TivaWare_C_Series-2.1.3.156/driverlib/gcc/libdriver.a(cpu.o)
                              /home/tessin/ti/TivaWare_C_Series-2.1.3.156/driverlib/gcc/libdriver.a(interrupt.o) (CPUcpsid)
/home/tessin/ti/ccsv6/tools/compiler/gcc-arm-none-eabi-4_9-2015q3/bin/../lib/gcc/arm-none-eabi/4.9.3/../../../../arm-none-eabi/lib/armv7e-m/fpu/libnosys.a(_exit.o)
                              /home/tessin/ti/ccsv6/tools/compiler/gcc-arm-none-eabi-4_9-2015q3/bin/../lib/gcc/arm-none-eabi/4.9.3/../../../../arm-none-eabi/lib/armv7e-m/fpu/libc.a(lib_a-exit.o) (_exit)

Allocating common symbols
[...]
Memory Configuration

Name             Origin             Length             Attributes
FLASH            0x00000000         0x00040000         xr
SRAM             0x20000000         0x00008000         xw
*default*        0x00000000         0xffffffff

Linker script and memory map

LOAD /home/tessin/ti/ccsv6/tools/compiler/gcc-arm-none-eabi-4_9-2015q3/bin/../lib/gcc/arm-none-eabi/4.9.3/armv7e-m/fpu/crti.o
LOAD /home/tessin/ti/ccsv6/tools/compiler/gcc-arm-none-eabi-4_9-2015q3/bin/../lib/gcc/arm-none-eabi/4.9.3/armv7e-m/fpu/crtbegin.o
LOAD /home/tessin/ti/ccsv6/tools/compiler/gcc-arm-none-eabi-4_9-2015q3/bin/../lib/gcc/arm-none-eabi/4.9.3/../../../../arm-none-eabi/lib/armv7e-m/fpu/crt0.o
LOAD ./tm4c123gh6pm_startup_ccs_gcc.o
LOAD ./uartstdio.o
LOAD ./Source/App/AppMain.o
LOAD ./Source/Devices/ADC.o
LOAD ./Source/Devices/Clock.o
LOAD ./Source/Devices/DigitalInputPort.o
LOAD ./Source/Devices/DigitalOutputPort.o
LOAD ./Source/Devices/KeyBoard.o
LOAD ./Source/Devices/LED.o
LOAD ./Source/Devices/MatrixKBD.o
LOAD ./Source/Devices/PWM.o
LOAD ./Source/Devices/SysTimer.o
LOAD ./Source/Devices/Timer.o
LOAD ./Source/Devices/UART.o
LOAD ./Source/Genlib/Command.o
LOAD ./Source/Genlib/GenLib.o
LOAD ./Source/Genlib/HeapMem.o
LOAD ./Source/Genlib/MemOps.o
                0x00000000                PROVIDE (_intvecs_base_address, 0x0)

.intvecs        0x00000000      0x26c
 *(.intvecs)
 .intvecs       0x00000000      0x26c ./tm4c123gh6pm_startup_ccs_gcc.o
                0x00000000                g_pfnVectors
                0x20000000                PROVIDE (_vtable_base_address, 0x20000000)

.vtable
 *(.vtable)

.text           0x0000026c     0x5a24
 CREATE_OBJECT_SYMBOLS
 *(.text)
 .text          0x0000026c        0x0 /home/tessin/ti/ccsv6/tools/compiler/gcc-arm-none-eabi-4_9-2015q3/bin/../lib/gcc/arm-none-eabi/4.9.3/armv7e-m/fpu/crti.o
 .text          0x0000026c       0x5c /home/tessin/ti/ccsv6/tools/compiler/gcc-arm-none-eabi-4_9-2015q3/bin/../lib/gcc/arm-none-eabi/4.9.3/armv7e-m/fpu/crtbegin.o
 .text          0x000002c8       0x74 /home/tessin/ti/ccsv6/tools/compiler/gcc-arm-none-eabi-4_9-2015q3/bin/../lib/gcc/arm-none-eabi/4.9.3/../../../../arm-none-eabi/lib/armv7e-m/fpu/crt0.o
                0x000002c8                _mainCRTStartup
                0x000002c8                _start
 .text          0x0000033c        0x0 ./tm4c123gh6pm_startup_ccs_gcc.o
 .text          0x0000033c        0x0 ./uartstdio.o
 .text          0x0000033c        0x0 ./Source/App/AppMain.o
 .text          0x0000033c        0x0 ./Source/Devices/ADC.o
 .text          0x0000033c        0x0 ./Source/Devices/Clock.o
 .text          0x0000033c        0x0 ./Source/Devices/DigitalInputPort.o
 .text          0x0000033c        0x0 ./Source/Devices/DigitalOutputPort.o
 .text          0x0000033c        0x0 ./Source/Devices/KeyBoard.o
 .text          0x0000033c        0x0 ./Source/Devices/LED.o
 .text          0x0000033c        0x0 ./Source/Devices/MatrixKBD.o
 .text          0x0000033c        0x0 ./Source/Devices/PWM.o
 .text          0x0000033c        0x0 ./Source/Devices/SysTimer.o
 .text          0x0000033c        0x0 ./Source/Devices/Timer.o
 .text          0x0000033c        0x0 ./Source/Devices/UART.o
 .text          0x0000033c        0x0 ./Source/Genlib/Command.o
 .text          0x0000033c        0x0 ./Source/Genlib/GenLib.o
 .text          0x0000033c        0x0 ./Source/Genlib/HeapMem.o
 .text          0x0000033c        0x0 ./Source/Genlib/MemOps.o
 .text          0x0000033c        0x0 /home/tessin/ti/ccsv6/tools/compiler/gcc-arm-none-eabi-4_9-2015q3/bin/../lib/gcc/arm-none-eabi/4.9.3/../../../../arm-none-eabi/lib/armv7e-m/fpu/libc.a(lib_a-exit.o)
 .text          0x0000033c        0x0 /home/tessin/ti/ccsv6/tools/compiler/gcc-arm-none-eabi-4_9-2015q3/bin/../lib/gcc/arm-none-eabi/4.9.3/../../../../arm-none-eabi/lib/armv7e-m/fpu/libc.a(lib_a-impure.o)
 .text          0x0000033c        0x0 /home/tessin/ti/ccsv6/tools/compiler/gcc-arm-none-eabi-4_9-2015q3/bin/../lib/gcc/arm-none-eabi/4.9.3/../../../../arm-none-eabi/lib/armv7e-m/fpu/libc.a(lib_a-init.o)
 .text          0x0000033c        0x0 /home/tessin/ti/ccsv6/tools/compiler/gcc-arm-none-eabi-4_9-2015q3/bin/../lib/gcc/arm-none-eabi/4.9.3/../../../../arm-none-eabi/lib/armv7e-m/fpu/libc.a(lib_a-memset.o)
 .text          0x0000033c        0x0 /home/tessin/ti/ccsv6/tools/compiler/gcc-arm-none-eabi-4_9-2015q3/bin/../lib/gcc/arm-none-eabi/4.9.3/../../../../arm-none-eabi/lib/armv7e-m/fpu/libc.a(lib_a-__call_atexit.o)
 .text          0x0000033c        0x0 /home/tessin/ti/ccsv6/tools/compiler/gcc-arm-none-eabi-4_9-2015q3/bin/../lib/gcc/arm-none-eabi/4.9.3/../../../../arm-none-eabi/lib/armv7e-m/fpu/libc.a(lib_a-atexit.o)
 .text          0x0000033c        0x0 /home/tessin/ti/ccsv6/tools/compiler/gcc-arm-none-eabi-4_9-2015q3/bin/../lib/gcc/arm-none-eabi/4.9.3/../../../../arm-none-eabi/lib/armv7e-m/fpu/libc.a(lib_a-fini.o)
 .text          0x0000033c        0x0 /home/tessin/ti/ccsv6/tools/compiler/gcc-arm-none-eabi-4_9-2015q3/bin/../lib/gcc/arm-none-eabi/4.9.3/../../../../arm-none-eabi/lib/armv7e-m/fpu/libc.a(lib_a-__atexit.o)
 .text          0x0000033c        0x0 /home/tessin/Tessin/TivaWorkSpace/TivawareProject/Source/Genlib/libStringLib.a(MyString.o)
 .text          0x0000033c        0x0 /home/tessin/ti/TivaWare_C_Series-2.1.3.156/driverlib/gcc/libdriver.a(adc.o)
 .text          0x0000033c        0x0 /home/tessin/ti/TivaWare_C_Series-2.1.3.156/driverlib/gcc/libdriver.a(gpio.o)
 .text          0x0000033c        0x0 /home/tessin/ti/TivaWare_C_Series-2.1.3.156/driverlib/gcc/libdriver.a(interrupt.o)
 .text          0x0000033c        0x0 /home/tessin/ti/TivaWare_C_Series-2.1.3.156/driverlib/gcc/libdriver.a(pwm.o)
 .text          0x0000033c        0x0 /home/tessin/ti/TivaWare_C_Series-2.1.3.156/driverlib/gcc/libdriver.a(sysctl.o)
 .text          0x0000033c        0x0 /home/tessin/ti/TivaWare_C_Series-2.1.3.156/driverlib/gcc/libdriver.a(systick.o)
 .text          0x0000033c        0x0 /home/tessin/ti/TivaWare_C_Series-2.1.3.156/driverlib/gcc/libdriver.a(timer.o)
 .text          0x0000033c        0x0 /home/tessin/ti/TivaWare_C_Series-2.1.3.156/driverlib/gcc/libdriver.a(uart.o)
 .text          0x0000033c        0x0 /home/tessin/ti/TivaWare_C_Series-2.1.3.156/driverlib/gcc/libdriver.a(cpu.o)
 .text          0x0000033c        0x0 /home/tessin/ti/ccsv6/tools/compiler/gcc-arm-none-eabi-4_9-2015q3/bin/../lib/gcc/arm-none-eabi/4.9.3/../../../../arm-none-eabi/lib/armv7e-m/fpu/libnosys.a(_exit.o)
 .text          0x0000033c        0x0 /home/tessin/ti/ccsv6/tools/compiler/gcc-arm-none-eabi-4_9-2015q3/bin/../lib/gcc/arm-none-eabi/4.9.3/armv7e-m/fpu/crtend.o
 .text          0x0000033c        0x0 /home/tessin/ti/ccsv6/tools/compiler/gcc-arm-none-eabi-4_9-2015q3/bin/../lib/gcc/arm-none-eabi/4.9.3/armv7e-m/fpu/crtn.o
 *(.text.*)
 .text.ResetISR
                0x0000033c       0x68 ./tm4c123gh6pm_startup_ccs_gcc.o
                0x0000033c                ResetISR
 .text.NmiSR    0x000003a4        0x8 ./tm4c123gh6pm_startup_ccs_gcc.o
 .text.FaultISR
                0x000003ac        0x8 ./tm4c123gh6pm_startup_ccs_gcc.o
 .text.IntDefaultHandler
                0x000003b4        0x8 ./tm4c123gh6pm_startup_ccs_gcc.o
 .text.IsBufferFull
                0x000003bc       0x44 ./uartstdio.o
 .text.IsBufferEmpty
                0x00000400       0x30 ./uartstdio.o
 .text.GetBufferCount
                0x00000430       0x40 ./uartstdio.o
 .text.UARTPrimeTransmit
                0x00000470       0x98 ./uartstdio.o
 .text.UARTStdioConfig
                0x00000508       0xbc ./uartstdio.o
                0x00000508                UARTStdioConfig
 .text.UARTwrite
                0x000005c4       0xdc ./uartstdio.o
                0x000005c4                UARTwrite
 .text.UARTgets
                0x000006a0       0x94 ./uartstdio.o
                0x000006a0                UARTgets
 .text.UARTgetc
                0x00000734       0x44 ./uartstdio.o
                0x00000734                UARTgetc
 .text.UARTvprintf
                0x00000778      0x3e8 ./uartstdio.o
                0x00000778                UARTvprintf
 .text.UARTprintf
                0x00000b60       0x24 ./uartstdio.o
                0x00000b60                UARTprintf
 .text.UARTRxBytesAvail
                0x00000b84       0x1c ./uartstdio.o
                0x00000b84                UARTRxBytesAvail
 .text.UARTTxBytesFree
                0x00000ba0       0x24 ./uartstdio.o
                0x00000ba0                UARTTxBytesFree
 .text.UARTPeek
                0x00000bc4       0x68 ./uartstdio.o
                0x00000bc4                UARTPeek
 .text.UARTFlushRx
                0x00000c2c       0x34 ./uartstdio.o
                0x00000c2c                UARTFlushRx
 .text.UARTFlushTx
                0x00000c60       0x54 ./uartstdio.o
                0x00000c60                UARTFlushTx
 .text.UARTEchoSet
                0x00000cb4       0x34 ./uartstdio.o
                0x00000cb4                UARTEchoSet
 .text.UARTStdioIntHandler
                0x00000ce8      0x1a4 ./uartstdio.o
                0x00000ce8                UARTStdioIntHandler
 .text.main     0x00000e8c       0x20 ./Source/App/AppMain.o
                0x00000e8c                main
 .text.OpenADCPort
                0x00000eac       0xbc ./Source/Devices/ADC.o
                0x00000eac                OpenADCPort
 .text.ReadADCSample
                0x00000f68       0x50 ./Source/Devices/ADC.o
                0x00000f68                ReadADCSample
 .text.ReadADCSampleInmV
                0x00000fb8       0x5c ./Source/Devices/ADC.o
                0x00000fb8                ReadADCSampleInmV
 .text.ReadADCInternalTempSens
                0x00001014       0x84 ./Source/Devices/ADC.o
                0x00001014                ReadADCInternalTempSens
 .text.CloseADCPort
                0x00001098       0x1c ./Source/Devices/ADC.o
                0x00001098                CloseADCPort
 .text.OpenADC1Port
                0x000010b4       0xbc ./Source/Devices/ADC.o
                0x000010b4                OpenADC1Port
 .text.ReadADC1Sample
                0x00001170       0x50 ./Source/Devices/ADC.o
                0x00001170                ReadADC1Sample
 .text.ReadADC1SampleInmV
                0x000011c0       0x5c ./Source/Devices/ADC.o
                0x000011c0                ReadADC1SampleInmV
 .text.ReadADC1InternalTempSens
                0x0000121c       0x84 ./Source/Devices/ADC.o
                0x0000121c                ReadADC1InternalTempSens
 .text.CloseADC1Port
                0x000012a0       0x1c ./Source/Devices/ADC.o
                0x000012a0                CloseADC1Port
 .text.SetSysClockFrequency
                0x000012bc       0x1c ./Source/Devices/Clock.o
                0x000012bc                SetSysClockFrequency
 .text.OpenGPIOCInputPort
                0x000012d8       0x28 ./Source/Devices/DigitalInputPort.o
                0x000012d8                OpenGPIOCInputPort
 .text.EnableGPIOCPinInt
                0x00001300       0x40 ./Source/Devices/DigitalInputPort.o
                0x00001300                EnableGPIOCPinInt
 .text.ReadPinValue
                0x00001340       0x38 ./Source/Devices/DigitalInputPort.o
                0x00001340                ReadPinValue
 .text.WaitPinInt
                0x00001378       0x60 ./Source/Devices/DigitalInputPort.o
                0x00001378                WaitPinInt
 .text.CheckPinInt
                0x000013d8       0x50 ./Source/Devices/DigitalInputPort.o
                0x000013d8                CheckPinInt
 .text.ClearPinInt
                0x00001428       0x50 ./Source/Devices/DigitalInputPort.o
                0x00001428                ClearPinInt
 .text.CloseGPIOCInputPort
                0x00001478       0x1c ./Source/Devices/DigitalInputPort.o
                0x00001478                CloseGPIOCInputPort
 .text.GPIOCPinIntHandler
                0x00001494       0xbc ./Source/Devices/DigitalInputPort.o
                0x00001494                GPIOCPinIntHandler
 .text.OpenGPIOPortB
                0x00001550       0x1c ./Source/Devices/DigitalOutputPort.o
                0x00001550                OpenGPIOPortB
 .text.GPIOPortBWrite
                0x0000156c       0x20 ./Source/Devices/DigitalOutputPort.o
                0x0000156c                GPIOPortBWrite
 .text.GPIOPortBSetPin
                0x0000158c       0x24 ./Source/Devices/DigitalOutputPort.o
                0x0000158c                GPIOPortBSetPin
 .text.GPIOPortBResetPin
                0x000015b0       0x20 ./Source/Devices/DigitalOutputPort.o
                0x000015b0                GPIOPortBResetPin
 .text.GPIOPortBTogglePin
                0x000015d0       0x38 ./Source/Devices/DigitalOutputPort.o
                0x000015d0                GPIOPortBTogglePin
 .text.CloseGPIOPortB
                0x00001608       0x10 ./Source/Devices/DigitalOutputPort.o
                0x00001608                CloseGPIOPortB
 .text.OpenKeyBoardPort
                0x00001618       0xa4 ./Source/Devices/KeyBoard.o
                0x00001618                OpenKeyBoardPort
 .text.ReadKeyValue
                0x000016bc       0x5c ./Source/Devices/KeyBoard.o
                0x000016bc                ReadKeyValue
 .text.WaitKeyPress
                0x00001718       0x30 ./Source/Devices/KeyBoard.o
                0x00001718                WaitKeyPress
 .text.CheckKeyPress
                0x00001748       0x24 ./Source/Devices/KeyBoard.o
                0x00001748                CheckKeyPress
 .text.ClearKeyPress
                0x0000176c       0x24 ./Source/Devices/KeyBoard.o
                0x0000176c                ClearKeyPress
 .text.CloseKeyBoardPort
                0x00001790       0x4c ./Source/Devices/KeyBoard.o
                0x00001790                CloseKeyBoardPort
 .text.KeyPressIntHandler
                0x000017dc       0x68 ./Source/Devices/KeyBoard.o
                0x000017dc                KeyPressIntHandler
 .text.OpenLEDPort
                0x00001844       0x28 ./Source/Devices/LED.o
                0x00001844                OpenLEDPort
 .text.OnLED    0x0000186c       0x24 ./Source/Devices/LED.o
                0x0000186c                OnLED
 .text.OffLED   0x00001890       0x20 ./Source/Devices/LED.o
                0x00001890                OffLED
 .text.ToggleLED
                0x000018b0       0x38 ./Source/Devices/LED.o
                0x000018b0                ToggleLED
 .text.ChangeColourofTriColourLED
                0x000018e8       0x40 ./Source/Devices/LED.o
                0x000018e8                ChangeColourofTriColourLED
 .text.CloseLEDPort
                0x00001928        0xc ./Source/Devices/LED.o
                0x00001928                CloseLEDPort
 .text.OpenKBDPort
                0x00001934       0x60 ./Source/Devices/MatrixKBD.o
                0x00001934                OpenKBDPort
 .text.ReadFromKeyBoard
                0x00001994       0x70 ./Source/Devices/MatrixKBD.o
                0x00001994                ReadFromKeyBoard
 .text.KBDIntHandler
                0x00001a04      0x144 ./Source/Devices/MatrixKBD.o
                0x00001a04                KBDIntHandler
 .text.OpenPWMModule
                0x00001b48       0xd0 ./Source/Devices/PWM.o
                0x00001b48                OpenPWMModule
 .text.ConfigurePWMDutyCycle
                0x00001c18       0x4c ./Source/Devices/PWM.o
                0x00001c18                ConfigurePWMDutyCycle
 .text.EnablePWMOutput
                0x00001c64       0x1c ./Source/Devices/PWM.o
                0x00001c64                EnablePWMOutput
 .text.DisablePWMOutput
                0x00001c80       0x1c ./Source/Devices/PWM.o
                0x00001c80                DisablePWMOutput
 .text.ClosePWMModule
                0x00001c9c       0x28 ./Source/Devices/PWM.o
                0x00001c9c                ClosePWMModule
 .text.OpenSysTimer
                0x00001cc4       0x4c ./Source/Devices/SysTimer.o
                0x00001cc4                OpenSysTimer
 .text.StopSysTimer
                0x00001d10        0xc ./Source/Devices/SysTimer.o
                0x00001d10                StopSysTimer
 .text.StartSysTimer
                0x00001d1c        0xc ./Source/Devices/SysTimer.o
                0x00001d1c                StartSysTimer
 .text.CloseSysTimer
                0x00001d28       0x10 ./Source/Devices/SysTimer.o
                0x00001d28                CloseSysTimer
 .text.SysTickIntHandler
                0x00001d38       0x24 ./Source/Devices/SysTimer.o
                0x00001d38                SysTickIntHandler
 .text.OpenTimer0
                0x00001d5c       0x64 ./Source/Devices/Timer.o
                0x00001d5c                OpenTimer0
 .text.StartTimer0
                0x00001dc0       0x14 ./Source/Devices/Timer.o
                0x00001dc0                StartTimer0
 .text.StopTimer0
                0x00001dd4       0x14 ./Source/Devices/Timer.o
                0x00001dd4                StopTimer0
 .text.RestartTimer0
                0x00001de8       0x28 ./Source/Devices/Timer.o
                0x00001de8                RestartTimer0
 .text.CloseTimer0
                0x00001e10       0x2c ./Source/Devices/Timer.o
                0x00001e10                CloseTimer0
 .text.Timer0IntHandler
                0x00001e3c       0x2c ./Source/Devices/Timer.o
                0x00001e3c                Timer0IntHandler
 .text.OpenTimer1
                0x00001e68       0x64 ./Source/Devices/Timer.o
                0x00001e68                OpenTimer1
 .text.StartTimer1
                0x00001ecc       0x14 ./Source/Devices/Timer.o
                0x00001ecc                StartTimer1
 .text.StopTimer1
                0x00001ee0       0x14 ./Source/Devices/Timer.o
                0x00001ee0                StopTimer1
 .text.RestartTimer1
                0x00001ef4       0x28 ./Source/Devices/Timer.o
                0x00001ef4                RestartTimer1
 .text.CloseTimer1
                0x00001f1c       0x2c ./Source/Devices/Timer.o
                0x00001f1c                CloseTimer1
 .text.Timer1IntHandler
                0x00001f48       0x2c ./Source/Devices/Timer.o
                0x00001f48                Timer1IntHandler
 .text.InitConsole
                0x00001f74       0x50 ./Source/Devices/UART.o
                0x00001f74                InitConsole
 .text.OpenUART0
                0x00001fc4       0x68 ./Source/Devices/UART.o
                0x00001fc4                OpenUART0
 .text.WriteUART0
                0x0000202c       0x3c ./Source/Devices/UART.o
                0x0000202c                WriteUART0
 .text.GetNumberFromUART
                0x00002068       0x24 ./Source/Devices/UART.o
                0x00002068                GetNumberFromUART
 .text.CloseUART0
                0x0000208c       0x24 ./Source/Devices/UART.o
                0x0000208c                CloseUART0
 .text.UART0IntHandler
                0x000020b0       0x6c ./Source/Devices/UART.o
                0x000020b0                UART0IntHandler
 .text.ProcessUARTCommand
                0x0000211c       0x50 ./Source/Genlib/Command.o
                0x0000211c                ProcessUARTCommand
 .text.GetCommand
                0x0000216c       0x18 ./Source/Genlib/Command.o
                0x0000216c                GetCommand
 .text.ParseCommand
                0x00002184      0x11c ./Source/Genlib/Command.o
                0x00002184                ParseCommand
 .text.SearchCommand
                0x000022a0       0x4c ./Source/Genlib/Command.o
                0x000022a0                SearchCommand
 .text.ExecuteCommand
                0x000022ec       0xcc ./Source/Genlib/Command.o
                0x000022ec                ExecuteCommand
 .text.Runmystrlen
                0x000023b8       0x24 ./Source/Genlib/Command.o
                0x000023b8                Runmystrlen
 .text.Runmystrcpy
                0x000023dc       0x2c ./Source/Genlib/Command.o
                0x000023dc                Runmystrcpy
 .text.Runmystrncpy
                0x00002408       0x38 ./Source/Genlib/Command.o
                0x00002408                Runmystrncpy
 .text.Runmystrcmp
                0x00002440       0x48 ./Source/Genlib/Command.o
                0x00002440                Runmystrcmp
 .text.Runmystrncmp
                0x00002488       0x48 ./Source/Genlib/Command.o
                0x00002488                Runmystrncmp
 .text.Runmystrcat
                0x000024d0       0x2c ./Source/Genlib/Command.o
                0x000024d0                Runmystrcat
 .text.Runmystrcase
                0x000024fc       0x2c ./Source/Genlib/Command.o
                0x000024fc                Runmystrcase
 .text.Runmystrdelws
                0x00002528       0x2c ./Source/Genlib/Command.o
                0x00002528                Runmystrdelws
 .text.ResolveAddr
                0x00002554       0x5c ./Source/Genlib/Command.o
                0x00002554                ResolveAddr
 .text.GetArgType
                0x000025b0       0xcc ./Source/Genlib/Command.o
                0x000025b0                GetArgType
 .text.Runpeekmem
                0x0000267c       0x44 ./Source/Genlib/Command.o
                0x0000267c                Runpeekmem
 .text.Runpokemem
                0x000026c0       0x7c ./Source/Genlib/Command.o
                0x000026c0                Runpokemem
 .text.Runsetpwmdc
                0x0000273c       0x44 ./Source/Genlib/Command.o
                0x0000273c                Runsetpwmdc
 .text.Runmeminit
                0x00002780       0x48 ./Source/Genlib/Command.o
                0x00002780                Runmeminit
 .text.Runmemalloc
                0x000027c8       0x58 ./Source/Genlib/Command.o
                0x000027c8                Runmemalloc
 .text.Runmemfree
                0x00002820       0x78 ./Source/Genlib/Command.o
                0x00002820                Runmemfree
 .text.Runmemdump
                0x00002898        0xc ./Source/Genlib/Command.o
                0x00002898                Runmemdump
 .text.Runmemexit
                0x000028a4       0x24 ./Source/Genlib/Command.o
                0x000028a4                Runmemexit
 .text.ui32ASCItoInteger
                0x000028c8       0x6c ./Source/Genlib/GenLib.o
                0x000028c8                ui32ASCItoInteger
 .text.AsciitoHex
                0x00002934       0x5c ./Source/Genlib/GenLib.o
                0x00002934                AsciitoHex
 .text.IsValidHex
                0x00002990       0x34 ./Source/Genlib/GenLib.o
                0x00002990                IsValidHex
 .text.Hex2Asc  0x000029c4       0x28 ./Source/Genlib/GenLib.o
                0x000029c4                Hex2Asc
 .text.Asc2Hex  0x000029ec       0x30 ./Source/Genlib/GenLib.o
                0x000029ec                Asc2Hex
 .text.HeapMemInit
                0x00002a1c       0xfc ./Source/Genlib/HeapMem.o
                0x00002a1c                HeapMemInit
 .text.MemAlloc
                0x00002b18       0xc8 ./Source/Genlib/HeapMem.o
                0x00002b18                MemAlloc
 .text.MemFree  0x00002be0       0x54 ./Source/Genlib/HeapMem.o
                0x00002be0                MemFree
 .text.HeapMemDump
                0x00002c34       0x8c ./Source/Genlib/HeapMem.o
                0x00002c34                HeapMemDump
 .text.HeapMemExit
                0x00002cc0       0x38 ./Source/Genlib/HeapMem.o
                0x00002cc0                HeapMemExit
 .text.InsertBlock
                0x00002cf8       0x64 ./Source/Genlib/HeapMem.o
                0x00002cf8                InsertBlock
 .text.DeleteBlock
                0x00002d5c       0x98 ./Source/Genlib/HeapMem.o
                0x00002d5c                DeleteBlock
 .text.FindUsableFreeBlock
                0x00002df4       0x40 ./Source/Genlib/HeapMem.o
                0x00002df4                FindUsableFreeBlock
 .text.FindAllocSize
                0x00002e34       0x44 ./Source/Genlib/HeapMem.o
                0x00002e34                FindAllocSize
 .text.MergeFreeBlocks
                0x00002e78       0x74 ./Source/Genlib/HeapMem.o
                0x00002e78                MergeFreeBlocks
 .text.MemRead  0x00002eec      0x220 ./Source/Genlib/MemOps.o
                0x00002eec                MemRead
 .text.MemWrite
                0x0000310c      0x130 ./Source/Genlib/MemOps.o
                0x0000310c                MemWrite
 .text.GetHexData
                0x0000323c       0xa8 ./Source/Genlib/MemOps.o
                0x0000323c                GetHexData
 .text.ValidateMemory
                0x000032e4       0x7c ./Source/Genlib/MemOps.o
                0x000032e4                ValidateMemory
 .text.exit     0x00003360       0x20 /home/tessin/ti/ccsv6/tools/compiler/gcc-arm-none-eabi-4_9-2015q3/bin/../lib/gcc/arm-none-eabi/4.9.3/../../../../arm-none-eabi/lib/armv7e-m/fpu/libc.a(lib_a-exit.o)
                0x00003360                exit
 .text.__libc_init_array
                0x00003380       0x50 /home/tessin/ti/ccsv6/tools/compiler/gcc-arm-none-eabi-4_9-2015q3/bin/../lib/gcc/arm-none-eabi/4.9.3/../../../../arm-none-eabi/lib/armv7e-m/fpu/libc.a(lib_a-init.o)
                0x00003380                __libc_init_array
 .text.memset   0x000033d0       0x9c /home/tessin/ti/ccsv6/tools/compiler/gcc-arm-none-eabi-4_9-2015q3/bin/../lib/gcc/arm-none-eabi/4.9.3/../../../../arm-none-eabi/lib/armv7e-m/fpu/libc.a(lib_a-memset.o)
                0x000033d0                memset
 .text.startup.register_fini
                0x0000346c       0x14 /home/tessin/ti/ccsv6/tools/compiler/gcc-arm-none-eabi-4_9-2015q3/bin/../lib/gcc/arm-none-eabi/4.9.3/../../../../arm-none-eabi/lib/armv7e-m/fpu/libc.a(lib_a-__call_atexit.o)
 .text.__call_exitprocs
                0x00003480       0xd4 /home/tessin/ti/ccsv6/tools/compiler/gcc-arm-none-eabi-4_9-2015q3/bin/../lib/gcc/arm-none-eabi/4.9.3/../../../../arm-none-eabi/lib/armv7e-m/fpu/libc.a(lib_a-__call_atexit.o)
                0x00003480                __call_exitprocs
 .text.atexit   0x00003554        0xc /home/tessin/ti/ccsv6/tools/compiler/gcc-arm-none-eabi-4_9-2015q3/bin/../lib/gcc/arm-none-eabi/4.9.3/../../../../arm-none-eabi/lib/armv7e-m/fpu/libc.a(lib_a-atexit.o)
                0x00003554                atexit
 .text.__libc_fini_array
                0x00003560       0x2c /home/tessin/ti/ccsv6/tools/compiler/gcc-arm-none-eabi-4_9-2015q3/bin/../lib/gcc/arm-none-eabi/4.9.3/../../../../arm-none-eabi/lib/armv7e-m/fpu/libc.a(lib_a-fini.o)
                0x00003560                __libc_fini_array
 .text.__register_exitproc
                0x0000358c       0xa4 /home/tessin/ti/ccsv6/tools/compiler/gcc-arm-none-eabi-4_9-2015q3/bin/../lib/gcc/arm-none-eabi/4.9.3/../../../../arm-none-eabi/lib/armv7e-m/fpu/libc.a(lib_a-__atexit.o)
                0x0000358c                __register_exitproc
 .text.mystrcmp
                0x00003630       0xb4 /home/tessin/Tessin/TivaWorkSpace/TivawareProject/Source/Genlib/libStringLib.a(MyString.o)
                0x00003630                mystrcmp
 .text.mystrcat
                0x000036e4       0x50 /home/tessin/Tessin/TivaWorkSpace/TivawareProject/Source/Genlib/libStringLib.a(MyString.o)
                0x000036e4                mystrcat
 .text.mystrcpy
                0x00003734       0x4c /home/tessin/Tessin/TivaWorkSpace/TivawareProject/Source/Genlib/libStringLib.a(MyString.o)
                0x00003734                mystrcpy
 .text.mystrlen
                0x00003780       0x30 /home/tessin/Tessin/TivaWorkSpace/TivawareProject/Source/Genlib/libStringLib.a(MyString.o)
                0x00003780                mystrlen
 .text.mystrncmp
                0x000037b0       0x90 /home/tessin/Tessin/TivaWorkSpace/TivawareProject/Source/Genlib/libStringLib.a(MyString.o)
                0x000037b0                mystrncmp
 .text.mystrncpy
                0x00003840       0x48 /home/tessin/Tessin/TivaWorkSpace/TivawareProject/Source/Genlib/libStringLib.a(MyString.o)
                0x00003840                mystrncpy
 .text.mystrdelws
                0x00003888       0xb4 /home/tessin/Tessin/TivaWorkSpace/TivawareProject/Source/Genlib/libStringLib.a(MyString.o)
                0x00003888                mystrdelws
 .text.mystrcase
                0x0000393c       0xa0 /home/tessin/Tessin/TivaWorkSpace/TivawareProject/Source/Genlib/libStringLib.a(MyString.o)
                0x0000393c                mystrcase
 .text._ADCIntNumberGet
                0x000039dc       0x54 /home/tessin/ti/TivaWare_C_Series-2.1.3.156/driverlib/gcc/libdriver.a(adc.o)
 .text.ADCIntRegister
                0x00003a30       0x1a /home/tessin/ti/TivaWare_C_Series-2.1.3.156/driverlib/gcc/libdriver.a(adc.o)
                0x00003a30                ADCIntRegister
 .text.ADCIntUnregister
                0x00003a4a       0x16 /home/tessin/ti/TivaWare_C_Series-2.1.3.156/driverlib/gcc/libdriver.a(adc.o)
                0x00003a4a                ADCIntUnregister
 .text.ADCIntDisable
                0x00003a60       0x10 /home/tessin/ti/TivaWare_C_Series-2.1.3.156/driverlib/gcc/libdriver.a(adc.o)
                0x00003a60                ADCIntDisable
 .text.ADCIntEnable
                0x00003a70       0x10 /home/tessin/ti/TivaWare_C_Series-2.1.3.156/driverlib/gcc/libdriver.a(adc.o)
                0x00003a70                ADCIntEnable
 .text.ADCIntStatus
                0x00003a80       0x34 /home/tessin/ti/TivaWare_C_Series-2.1.3.156/driverlib/gcc/libdriver.a(adc.o)
                0x00003a80                ADCIntStatus
 .text.ADCIntClear
                0x00003ab4        0xa /home/tessin/ti/TivaWare_C_Series-2.1.3.156/driverlib/gcc/libdriver.a(adc.o)
                0x00003ab4                ADCIntClear
 .text.ADCSequenceEnable
                0x00003abe        0xe /home/tessin/ti/TivaWare_C_Series-2.1.3.156/driverlib/gcc/libdriver.a(adc.o)
                0x00003abe                ADCSequenceEnable
 .text.ADCSequenceDisable
                0x00003acc       0x10 /home/tessin/ti/TivaWare_C_Series-2.1.3.156/driverlib/gcc/libdriver.a(adc.o)
                0x00003acc                ADCSequenceDisable
 .text.ADCSequenceConfigure
                0x00003adc       0x5c /home/tessin/ti/TivaWare_C_Series-2.1.3.156/driverlib/gcc/libdriver.a(adc.o)
                0x00003adc                ADCSequenceConfigure
 .text.ADCSequenceStepConfigure
                0x00003b38       0x84 /home/tessin/ti/TivaWare_C_Series-2.1.3.156/driverlib/gcc/libdriver.a(adc.o)
                0x00003b38                ADCSequenceStepConfigure
 .text.ADCSequenceOverflow
                0x00003bbc        0xc /home/tessin/ti/TivaWare_C_Series-2.1.3.156/driverlib/gcc/libdriver.a(adc.o)
                0x00003bbc                ADCSequenceOverflow
 .text.ADCSequenceOverflowClear
                0x00003bc8        0xa /home/tessin/ti/TivaWare_C_Series-2.1.3.156/driverlib/gcc/libdriver.a(adc.o)
                0x00003bc8                ADCSequenceOverflowClear
 .text.ADCSequenceUnderflow
                0x00003bd2        0xc /home/tessin/ti/TivaWare_C_Series-2.1.3.156/driverlib/gcc/libdriver.a(adc.o)
                0x00003bd2                ADCSequenceUnderflow
 .text.ADCSequenceUnderflowClear
                0x00003bde        0xa /home/tessin/ti/TivaWare_C_Series-2.1.3.156/driverlib/gcc/libdriver.a(adc.o)
                0x00003bde                ADCSequenceUnderflowClear
 .text.ADCSequenceDataGet
                0x00003be8       0x1e /home/tessin/ti/TivaWare_C_Series-2.1.3.156/driverlib/gcc/libdriver.a(adc.o)
                0x00003be8                ADCSequenceDataGet
 .text.ADCProcessorTrigger
                0x00003c06       0x18 /home/tessin/ti/TivaWare_C_Series-2.1.3.156/driverlib/gcc/libdriver.a(adc.o)
                0x00003c06                ADCProcessorTrigger
 *fill*         0x00003c1e        0x2 
 .text.ADCSoftwareOversampleConfigure
                0x00003c20       0x18 /home/tessin/ti/TivaWare_C_Series-2.1.3.156/driverlib/gcc/libdriver.a(adc.o)
                0x00003c20                ADCSoftwareOversampleConfigure
 .text.ADCSoftwareOversampleStepConfigure
                0x00003c38       0x78 /home/tessin/ti/TivaWare_C_Series-2.1.3.156/driverlib/gcc/libdriver.a(adc.o)
                0x00003c38                ADCSoftwareOversampleStepConfigure
 .text.ADCSoftwareOversampleDataGet
                0x00003cb0       0x34 /home/tessin/ti/TivaWare_C_Series-2.1.3.156/driverlib/gcc/libdriver.a(adc.o)
                0x00003cb0                ADCSoftwareOversampleDataGet
 .text.ADCHardwareOversampleConfigure
                0x00003ce4       0x10 /home/tessin/ti/TivaWare_C_Series-2.1.3.156/driverlib/gcc/libdriver.a(adc.o)
                0x00003ce4                ADCHardwareOversampleConfigure
 .text.ADCComparatorConfigure
                0x00003cf4        0xa /home/tessin/ti/TivaWare_C_Series-2.1.3.156/driverlib/gcc/libdriver.a(adc.o)
                0x00003cf4                ADCComparatorConfigure
 .text.ADCComparatorRegionSet
                0x00003cfe        0xe /home/tessin/ti/TivaWare_C_Series-2.1.3.156/driverlib/gcc/libdriver.a(adc.o)
                0x00003cfe                ADCComparatorRegionSet
 .text.ADCComparatorReset
                0x00003d0c       0x1e /home/tessin/ti/TivaWare_C_Series-2.1.3.156/driverlib/gcc/libdriver.a(adc.o)
                0x00003d0c                ADCComparatorReset
 .text.ADCComparatorIntDisable
                0x00003d2a       0x12 /home/tessin/ti/TivaWare_C_Series-2.1.3.156/driverlib/gcc/libdriver.a(adc.o)
                0x00003d2a                ADCComparatorIntDisable
 .text.ADCComparatorIntEnable
                0x00003d3c       0x10 /home/tessin/ti/TivaWare_C_Series-2.1.3.156/driverlib/gcc/libdriver.a(adc.o)
                0x00003d3c                ADCComparatorIntEnable
 .text.ADCComparatorIntStatus
                0x00003d4c        0x4 /home/tessin/ti/TivaWare_C_Series-2.1.3.156/driverlib/gcc/libdriver.a(adc.o)
                0x00003d4c                ADCComparatorIntStatus
 .text.ADCComparatorIntClear
                0x00003d50        0x4 /home/tessin/ti/TivaWare_C_Series-2.1.3.156/driverlib/gcc/libdriver.a(adc.o)
                0x00003d50                ADCComparatorIntClear
 .text.ADCIntDisableEx
                0x00003d54        0xa /home/tessin/ti/TivaWare_C_Series-2.1.3.156/driverlib/gcc/libdriver.a(adc.o)
                0x00003d54                ADCIntDisableEx
 .text.ADCIntEnableEx
                0x00003d5e        0x8 /home/tessin/ti/TivaWare_C_Series-2.1.3.156/driverlib/gcc/libdriver.a(adc.o)
                0x00003d5e                ADCIntEnableEx
 .text.ADCIntStatusEx
                0x00003d66       0x12 /home/tessin/ti/TivaWare_C_Series-2.1.3.156/driverlib/gcc/libdriver.a(adc.o)
                0x00003d66                ADCIntStatusEx
 .text.ADCIntClearEx
                0x00003d78        0x4 /home/tessin/ti/TivaWare_C_Series-2.1.3.156/driverlib/gcc/libdriver.a(adc.o)
                0x00003d78                ADCIntClearEx
 .text.ADCReferenceSet
                0x00003d7c        0xc /home/tessin/ti/TivaWare_C_Series-2.1.3.156/driverlib/gcc/libdriver.a(adc.o)
                0x00003d7c                ADCReferenceSet
 .text.ADCReferenceGet
                0x00003d88        0x8 /home/tessin/ti/TivaWare_C_Series-2.1.3.156/driverlib/gcc/libdriver.a(adc.o)
                0x00003d88                ADCReferenceGet
 .text.ADCPhaseDelaySet
                0x00003d90        0x4 /home/tessin/ti/TivaWare_C_Series-2.1.3.156/driverlib/gcc/libdriver.a(adc.o)
                0x00003d90                ADCPhaseDelaySet
 .text.ADCPhaseDelayGet
                0x00003d94        0x4 /home/tessin/ti/TivaWare_C_Series-2.1.3.156/driverlib/gcc/libdriver.a(adc.o)
                0x00003d94                ADCPhaseDelayGet
 .text.ADCSequenceDMAEnable
                0x00003d98       0x10 /home/tessin/ti/TivaWare_C_Series-2.1.3.156/driverlib/gcc/libdriver.a(adc.o)
                0x00003d98                ADCSequenceDMAEnable
 .text.ADCSequenceDMADisable
                0x00003da8       0x12 /home/tessin/ti/TivaWare_C_Series-2.1.3.156/driverlib/gcc/libdriver.a(adc.o)
                0x00003da8                ADCSequenceDMADisable
 .text.ADCBusy  0x00003dba        0x8 /home/tessin/ti/TivaWare_C_Series-2.1.3.156/driverlib/gcc/libdriver.a(adc.o)
                0x00003dba                ADCBusy
 .text.ADCClockConfigSet
                0x00003dc2       0x18 /home/tessin/ti/TivaWare_C_Series-2.1.3.156/driverlib/gcc/libdriver.a(adc.o)
                0x00003dc2                ADCClockConfigSet
 .text.ADCClockConfigGet
                0x00003dda       0x1e /home/tessin/ti/TivaWare_C_Series-2.1.3.156/driverlib/gcc/libdriver.a(adc.o)
                0x00003dda                ADCClockConfigGet
 .text._GPIOIntNumberGet
                0x00003df8       0x44 /home/tessin/ti/TivaWare_C_Series-2.1.3.156/driverlib/gcc/libdriver.a(gpio.o)
 .text.GPIODirModeSet
                0x00003e3c       0x2e /home/tessin/ti/TivaWare_C_Series-2.1.3.156/driverlib/gcc/libdriver.a(gpio.o)
                0x00003e3c                GPIODirModeSet
 .text.GPIODirModeGet
                0x00003e6a       0x24 /home/tessin/ti/TivaWare_C_Series-2.1.3.156/driverlib/gcc/libdriver.a(gpio.o)
                0x00003e6a                GPIODirModeGet
 .text.GPIOIntTypeSet
                0x00003e8e       0x5a /home/tessin/ti/TivaWare_C_Series-2.1.3.156/driverlib/gcc/libdriver.a(gpio.o)
                0x00003e8e                GPIOIntTypeSet
 .text.GPIOIntTypeGet
                0x00003ee8       0x4a /home/tessin/ti/TivaWare_C_Series-2.1.3.156/driverlib/gcc/libdriver.a(gpio.o)
                0x00003ee8                GPIOIntTypeGet
 .text.GPIOPadConfigSet
                0x00003f32      0x130 /home/tessin/ti/TivaWare_C_Series-2.1.3.156/driverlib/gcc/libdriver.a(gpio.o)
                0x00003f32                GPIOPadConfigSet
 .text.GPIOPadConfigGet
                0x00004062       0xc4 /home/tessin/ti/TivaWare_C_Series-2.1.3.156/driverlib/gcc/libdriver.a(gpio.o)
                0x00004062                GPIOPadConfigGet
 .text.GPIOIntEnable
                0x00004126        0xc /home/tessin/ti/TivaWare_C_Series-2.1.3.156/driverlib/gcc/libdriver.a(gpio.o)
                0x00004126                GPIOIntEnable
 .text.GPIOIntDisable
                0x00004132        0xe /home/tessin/ti/TivaWare_C_Series-2.1.3.156/driverlib/gcc/libdriver.a(gpio.o)
                0x00004132                GPIOIntDisable
 .text.GPIOIntStatus
                0x00004140        0xe /home/tessin/ti/TivaWare_C_Series-2.1.3.156/driverlib/gcc/libdriver.a(gpio.o)
                0x00004140                GPIOIntStatus
 .text.GPIOIntClear
                0x0000414e        0x6 /home/tessin/ti/TivaWare_C_Series-2.1.3.156/driverlib/gcc/libdriver.a(gpio.o)
                0x0000414e                GPIOIntClear
 .text.GPIOIntRegister
                0x00004154       0x1a /home/tessin/ti/TivaWare_C_Series-2.1.3.156/driverlib/gcc/libdriver.a(gpio.o)
                0x00004154                GPIOIntRegister
 .text.GPIOIntUnregister
                0x0000416e       0x16 /home/tessin/ti/TivaWare_C_Series-2.1.3.156/driverlib/gcc/libdriver.a(gpio.o)
                0x0000416e                GPIOIntUnregister
 .text.GPIOPinRead
                0x00004184        0x6 /home/tessin/ti/TivaWare_C_Series-2.1.3.156/driverlib/gcc/libdriver.a(gpio.o)
                0x00004184                GPIOPinRead
 .text.GPIOPinWrite
                0x0000418a        0x6 /home/tessin/ti/TivaWare_C_Series-2.1.3.156/driverlib/gcc/libdriver.a(gpio.o)
                0x0000418a                GPIOPinWrite
 .text.GPIOPinTypeADC
                0x00004190       0x1c /home/tessin/ti/TivaWare_C_Series-2.1.3.156/driverlib/gcc/libdriver.a(gpio.o)
                0x00004190                GPIOPinTypeADC
 .text.GPIOPinTypeCAN
                0x000041ac       0x1c /home/tessin/ti/TivaWare_C_Series-2.1.3.156/driverlib/gcc/libdriver.a(gpio.o)
                0x000041ac                GPIOPinTypeCAN
 .text.GPIOPinTypeComparator
                0x000041c8       0x1c /home/tessin/ti/TivaWare_C_Series-2.1.3.156/driverlib/gcc/libdriver.a(gpio.o)
                0x000041c8                GPIOPinTypeComparator
 .text.GPIOPinTypeComparatorOutput
                0x000041e4       0x1c /home/tessin/ti/TivaWare_C_Series-2.1.3.156/driverlib/gcc/libdriver.a(gpio.o)
                0x000041e4                GPIOPinTypeComparatorOutput
 .text.GPIOPinTypeDIVSCLK
                0x00004200       0x1c /home/tessin/ti/TivaWare_C_Series-2.1.3.156/driverlib/gcc/libdriver.a(gpio.o)
                0x00004200                GPIOPinTypeDIVSCLK
 .text.GPIOPinTypeEPI
                0x0000421c       0x1c /home/tessin/ti/TivaWare_C_Series-2.1.3.156/driverlib/gcc/libdriver.a(gpio.o)
                0x0000421c                GPIOPinTypeEPI
 .text.GPIOPinTypeEthernetLED
                0x00004238       0x1c /home/tessin/ti/TivaWare_C_Series-2.1.3.156/driverlib/gcc/libdriver.a(gpio.o)
                0x00004238                GPIOPinTypeEthernetLED
 .text.GPIOPinTypeEthernetMII
                0x00004254       0x1c /home/tessin/ti/TivaWare_C_Series-2.1.3.156/driverlib/gcc/libdriver.a(gpio.o)
                0x00004254                GPIOPinTypeEthernetMII
 .text.GPIOPinTypeGPIOInput
                0x00004270       0x1c /home/tessin/ti/TivaWare_C_Series-2.1.3.156/driverlib/gcc/libdriver.a(gpio.o)
                0x00004270                GPIOPinTypeGPIOInput
 .text.GPIOPinTypeGPIOOutput
                0x0000428c       0x1c /home/tessin/ti/TivaWare_C_Series-2.1.3.156/driverlib/gcc/libdriver.a(gpio.o)
                0x0000428c                GPIOPinTypeGPIOOutput
 .text.GPIOPinTypeGPIOOutputOD
                0x000042a8       0x1c /home/tessin/ti/TivaWare_C_Series-2.1.3.156/driverlib/gcc/libdriver.a(gpio.o)
                0x000042a8                GPIOPinTypeGPIOOutputOD
 .text.GPIOPinTypeHibernateRTCCLK
                0x000042c4       0x1c /home/tessin/ti/TivaWare_C_Series-2.1.3.156/driverlib/gcc/libdriver.a(gpio.o)
                0x000042c4                GPIOPinTypeHibernateRTCCLK
 .text.GPIOPinTypeI2C
                0x000042e0       0x1c /home/tessin/ti/TivaWare_C_Series-2.1.3.156/driverlib/gcc/libdriver.a(gpio.o)
                0x000042e0                GPIOPinTypeI2C
 .text.GPIOPinTypeI2CSCL
                0x000042fc       0x1c /home/tessin/ti/TivaWare_C_Series-2.1.3.156/driverlib/gcc/libdriver.a(gpio.o)
                0x000042fc                GPIOPinTypeI2CSCL
 .text.GPIOPinTypeLCD
                0x00004318       0x1c /home/tessin/ti/TivaWare_C_Series-2.1.3.156/driverlib/gcc/libdriver.a(gpio.o)
                0x00004318                GPIOPinTypeLCD
 .text.GPIOPinTypeOneWire
                0x00004334       0x1c /home/tessin/ti/TivaWare_C_Series-2.1.3.156/driverlib/gcc/libdriver.a(gpio.o)
                0x00004334                GPIOPinTypeOneWire
 .text.GPIOPinTypePWM
                0x00004350       0x1c /home/tessin/ti/TivaWare_C_Series-2.1.3.156/driverlib/gcc/libdriver.a(gpio.o)
                0x00004350                GPIOPinTypePWM
 .text.GPIOPinTypeQEI
                0x0000436c       0x1c /home/tessin/ti/TivaWare_C_Series-2.1.3.156/driverlib/gcc/libdriver.a(gpio.o)
                0x0000436c                GPIOPinTypeQEI
 .text.GPIOPinTypeSSI
                0x00004388       0x1c /home/tessin/ti/TivaWare_C_Series-2.1.3.156/driverlib/gcc/libdriver.a(gpio.o)
                0x00004388                GPIOPinTypeSSI
 .text.GPIOPinTypeTimer
                0x000043a4       0x1c /home/tessin/ti/TivaWare_C_Series-2.1.3.156/driverlib/gcc/libdriver.a(gpio.o)
                0x000043a4                GPIOPinTypeTimer
 .text.GPIOPinTypeTrace
                0x000043c0       0x1c /home/tessin/ti/TivaWare_C_Series-2.1.3.156/driverlib/gcc/libdriver.a(gpio.o)
                0x000043c0                GPIOPinTypeTrace
 .text.GPIOPinTypeUART
                0x000043dc       0x1c /home/tessin/ti/TivaWare_C_Series-2.1.3.156/driverlib/gcc/libdriver.a(gpio.o)
                0x000043dc                GPIOPinTypeUART
 .text.GPIOPinTypeUSBAnalog
                0x000043f8       0x1c /home/tessin/ti/TivaWare_C_Series-2.1.3.156/driverlib/gcc/libdriver.a(gpio.o)
                0x000043f8                GPIOPinTypeUSBAnalog
 .text.GPIOPinTypeUSBDigital
                0x00004414       0x1c /home/tessin/ti/TivaWare_C_Series-2.1.3.156/driverlib/gcc/libdriver.a(gpio.o)
                0x00004414                GPIOPinTypeUSBDigital
 .text.GPIOPinTypeWakeHigh
                0x00004430       0x1e /home/tessin/ti/TivaWare_C_Series-2.1.3.156/driverlib/gcc/libdriver.a(gpio.o)
                0x00004430                GPIOPinTypeWakeHigh
 .text.GPIOPinTypeWakeLow
                0x0000444e       0x1e /home/tessin/ti/TivaWare_C_Series-2.1.3.156/driverlib/gcc/libdriver.a(gpio.o)
                0x0000444e                GPIOPinTypeWakeLow
 .text.GPIOPinWakeStatus
                0x0000446c        0x6 /home/tessin/ti/TivaWare_C_Series-2.1.3.156/driverlib/gcc/libdriver.a(gpio.o)
                0x0000446c                GPIOPinWakeStatus
 *fill*         0x00004472        0x2 
 .text.GPIOPinConfigure
                0x00004474       0x4c /home/tessin/ti/TivaWare_C_Series-2.1.3.156/driverlib/gcc/libdriver.a(gpio.o)
                0x00004474                GPIOPinConfigure
 .text.GPIODMATriggerEnable
                0x000044c0        0xc /home/tessin/ti/TivaWare_C_Series-2.1.3.156/driverlib/gcc/libdriver.a(gpio.o)
                0x000044c0                GPIODMATriggerEnable
 .text.GPIODMATriggerDisable
                0x000044cc        0xe /home/tessin/ti/TivaWare_C_Series-2.1.3.156/driverlib/gcc/libdriver.a(gpio.o)
                0x000044cc                GPIODMATriggerDisable
 .text.GPIOADCTriggerEnable
                0x000044da        0xc /home/tessin/ti/TivaWare_C_Series-2.1.3.156/driverlib/gcc/libdriver.a(gpio.o)
                0x000044da                GPIOADCTriggerEnable
 .text.GPIOADCTriggerDisable
                0x000044e6        0xe /home/tessin/ti/TivaWare_C_Series-2.1.3.156/driverlib/gcc/libdriver.a(gpio.o)
                0x000044e6                GPIOADCTriggerDisable
 .text._IntDefaultHandler
                0x000044f4        0x2 /home/tessin/ti/TivaWare_C_Series-2.1.3.156/driverlib/gcc/libdriver.a(interrupt.o)
 .text.IntMasterEnable
                0x000044f6        0xe /home/tessin/ti/TivaWare_C_Series-2.1.3.156/driverlib/gcc/libdriver.a(interrupt.o)
                0x000044f6                IntMasterEnable
 .text.IntMasterDisable
                0x00004504        0xe /home/tessin/ti/TivaWare_C_Series-2.1.3.156/driverlib/gcc/libdriver.a(interrupt.o)
                0x00004504                IntMasterDisable
 *fill*         0x00004512        0x2 
 .text.IntRegister
                0x00004514       0x34 /home/tessin/ti/TivaWare_C_Series-2.1.3.156/driverlib/gcc/libdriver.a(interrupt.o)
                0x00004514                IntRegister
 .text.IntUnregister
                0x00004548       0x14 /home/tessin/ti/TivaWare_C_Series-2.1.3.156/driverlib/gcc/libdriver.a(interrupt.o)
                0x00004548                IntUnregister
 .text.IntPriorityGroupingSet
                0x0000455c       0x1c /home/tessin/ti/TivaWare_C_Series-2.1.3.156/driverlib/gcc/libdriver.a(interrupt.o)
                0x0000455c                IntPriorityGroupingSet
 .text.IntPriorityGroupingGet
                0x00004578       0x24 /home/tessin/ti/TivaWare_C_Series-2.1.3.156/driverlib/gcc/libdriver.a(interrupt.o)
                0x00004578                IntPriorityGroupingGet
 .text.IntPrioritySet
                0x0000459c       0x2c /home/tessin/ti/TivaWare_C_Series-2.1.3.156/driverlib/gcc/libdriver.a(interrupt.o)
                0x0000459c                IntPrioritySet
 .text.IntPriorityGet
                0x000045c8       0x1c /home/tessin/ti/TivaWare_C_Series-2.1.3.156/driverlib/gcc/libdriver.a(interrupt.o)
                0x000045c8                IntPriorityGet
 .text.IntEnable
                0x000045e4       0x60 /home/tessin/ti/TivaWare_C_Series-2.1.3.156/driverlib/gcc/libdriver.a(interrupt.o)
                0x000045e4                IntEnable
 .text.IntDisable
                0x00004644       0x60 /home/tessin/ti/TivaWare_C_Series-2.1.3.156/driverlib/gcc/libdriver.a(interrupt.o)
                0x00004644                IntDisable
 .text.IntIsEnabled
                0x000046a4       0x64 /home/tessin/ti/TivaWare_C_Series-2.1.3.156/driverlib/gcc/libdriver.a(interrupt.o)
                0x000046a4                IntIsEnabled
 .text.IntPendSet
                0x00004708       0x50 /home/tessin/ti/TivaWare_C_Series-2.1.3.156/driverlib/gcc/libdriver.a(interrupt.o)
                0x00004708                IntPendSet
 .text.IntPendClear
                0x00004758       0x40 /home/tessin/ti/TivaWare_C_Series-2.1.3.156/driverlib/gcc/libdriver.a(interrupt.o)
                0x00004758                IntPendClear
 .text.IntPriorityMaskSet
                0x00004798        0x4 /home/tessin/ti/TivaWare_C_Series-2.1.3.156/driverlib/gcc/libdriver.a(interrupt.o)
                0x00004798                IntPriorityMaskSet
 .text.IntPriorityMaskGet
                0x0000479c        0x4 /home/tessin/ti/TivaWare_C_Series-2.1.3.156/driverlib/gcc/libdriver.a(interrupt.o)
                0x0000479c                IntPriorityMaskGet
 .text.IntTrigger
                0x000047a0        0xc /home/tessin/ti/TivaWare_C_Series-2.1.3.156/driverlib/gcc/libdriver.a(interrupt.o)
                0x000047a0                IntTrigger
 .text._PWMGenIntNumberGet
                0x000047ac      0x104 /home/tessin/ti/TivaWare_C_Series-2.1.3.156/driverlib/gcc/libdriver.a(pwm.o)
 .text._PWMFaultIntNumberGet
                0x000048b0       0x48 /home/tessin/ti/TivaWare_C_Series-2.1.3.156/driverlib/gcc/libdriver.a(pwm.o)
 .text.PWMGenConfigure
                0x000048f8       0x30 /home/tessin/ti/TivaWare_C_Series-2.1.3.156/driverlib/gcc/libdriver.a(pwm.o)
                0x000048f8                PWMGenConfigure
 .text.PWMGenPeriodSet
                0x00004928       0x12 /home/tessin/ti/TivaWare_C_Series-2.1.3.156/driverlib/gcc/libdriver.a(pwm.o)
                0x00004928                PWMGenPeriodSet
 .text.PWMGenPeriodGet
                0x0000493a       0x12 /home/tessin/ti/TivaWare_C_Series-2.1.3.156/driverlib/gcc/libdriver.a(pwm.o)
                0x0000493a                PWMGenPeriodGet
 .text.PWMGenEnable
                0x0000494c        0xa /home/tessin/ti/TivaWare_C_Series-2.1.3.156/driverlib/gcc/libdriver.a(pwm.o)
                0x0000494c                PWMGenEnable
 .text.PWMGenDisable
                0x00004956        0xa /home/tessin/ti/TivaWare_C_Series-2.1.3.156/driverlib/gcc/libdriver.a(pwm.o)
                0x00004956                PWMGenDisable
 .text.PWMPulseWidthSet
                0x00004960       0x1e /home/tessin/ti/TivaWare_C_Series-2.1.3.156/driverlib/gcc/libdriver.a(pwm.o)
                0x00004960                PWMPulseWidthSet
 .text.PWMPulseWidthGet
                0x0000497e       0x20 /home/tessin/ti/TivaWare_C_Series-2.1.3.156/driverlib/gcc/libdriver.a(pwm.o)
                0x0000497e                PWMPulseWidthGet
 .text.PWMDeadBandEnable
                0x0000499e       0x10 /home/tessin/ti/TivaWare_C_Series-2.1.3.156/driverlib/gcc/libdriver.a(pwm.o)
                0x0000499e                PWMDeadBandEnable
 .text.PWMDeadBandDisable
                0x000049ae        0xc /home/tessin/ti/TivaWare_C_Series-2.1.3.156/driverlib/gcc/libdriver.a(pwm.o)
                0x000049ae                PWMDeadBandDisable
 .text.PWMSyncUpdate
                0x000049ba        0x4 /home/tessin/ti/TivaWare_C_Series-2.1.3.156/driverlib/gcc/libdriver.a(pwm.o)
                0x000049ba                PWMSyncUpdate
 .text.PWMSyncTimeBase
                0x000049be        0x4 /home/tessin/ti/TivaWare_C_Series-2.1.3.156/driverlib/gcc/libdriver.a(pwm.o)
                0x000049be                PWMSyncTimeBase
 .text.PWMOutputState
                0x000049c2       0x10 /home/tessin/ti/TivaWare_C_Series-2.1.3.156/driverlib/gcc/libdriver.a(pwm.o)
                0x000049c2                PWMOutputState
 .text.PWMOutputInvert
                0x000049d2       0x10 /home/tessin/ti/TivaWare_C_Series-2.1.3.156/driverlib/gcc/libdriver.a(pwm.o)
                0x000049d2                PWMOutputInvert
 .text.PWMOutputFaultLevel
                0x000049e2       0x10 /home/tessin/ti/TivaWare_C_Series-2.1.3.156/driverlib/gcc/libdriver.a(pwm.o)
                0x000049e2                PWMOutputFaultLevel
 .text.PWMOutputFault
                0x000049f2       0x10 /home/tessin/ti/TivaWare_C_Series-2.1.3.156/driverlib/gcc/libdriver.a(pwm.o)
                0x000049f2                PWMOutputFault
 .text.PWMGenIntRegister
                0x00004a02       0x1a /home/tessin/ti/TivaWare_C_Series-2.1.3.156/driverlib/gcc/libdriver.a(pwm.o)
                0x00004a02                PWMGenIntRegister
 .text.PWMGenIntUnregister
                0x00004a1c       0x16 /home/tessin/ti/TivaWare_C_Series-2.1.3.156/driverlib/gcc/libdriver.a(pwm.o)
                0x00004a1c                PWMGenIntUnregister
 .text.PWMFaultIntRegister
                0x00004a32       0x1a /home/tessin/ti/TivaWare_C_Series-2.1.3.156/driverlib/gcc/libdriver.a(pwm.o)
                0x00004a32                PWMFaultIntRegister
 .text.PWMFaultIntUnregister
                0x00004a4c       0x16 /home/tessin/ti/TivaWare_C_Series-2.1.3.156/driverlib/gcc/libdriver.a(pwm.o)
                0x00004a4c                PWMFaultIntUnregister
 .text.PWMGenIntTrigEnable
                0x00004a62        0xa /home/tessin/ti/TivaWare_C_Series-2.1.3.156/driverlib/gcc/libdriver.a(pwm.o)
                0x00004a62                PWMGenIntTrigEnable
 .text.PWMGenIntTrigDisable
                0x00004a6c        0xc /home/tessin/ti/TivaWare_C_Series-2.1.3.156/driverlib/gcc/libdriver.a(pwm.o)
                0x00004a6c                PWMGenIntTrigDisable
 .text.PWMGenIntStatus
                0x00004a78        0xc /home/tessin/ti/TivaWare_C_Series-2.1.3.156/driverlib/gcc/libdriver.a(pwm.o)
                0x00004a78                PWMGenIntStatus
 .text.PWMGenIntClear
                0x00004a84        0x6 /home/tessin/ti/TivaWare_C_Series-2.1.3.156/driverlib/gcc/libdriver.a(pwm.o)
                0x00004a84                PWMGenIntClear
 .text.PWMIntEnable
                0x00004a8a        0x8 /home/tessin/ti/TivaWare_C_Series-2.1.3.156/driverlib/gcc/libdriver.a(pwm.o)
                0x00004a8a                PWMIntEnable
 .text.PWMIntDisable
                0x00004a92        0xa /home/tessin/ti/TivaWare_C_Series-2.1.3.156/driverlib/gcc/libdriver.a(pwm.o)
                0x00004a92                PWMIntDisable
 .text.PWMFaultIntClear
                0x00004a9c        0x8 /home/tessin/ti/TivaWare_C_Series-2.1.3.156/driverlib/gcc/libdriver.a(pwm.o)
                0x00004a9c                PWMFaultIntClear
 .text.PWMIntStatus
                0x00004aa4        0xa /home/tessin/ti/TivaWare_C_Series-2.1.3.156/driverlib/gcc/libdriver.a(pwm.o)
                0x00004aa4                PWMIntStatus
 .text.PWMFaultIntClearExt
                0x00004aae        0x4 /home/tessin/ti/TivaWare_C_Series-2.1.3.156/driverlib/gcc/libdriver.a(pwm.o)
                0x00004aae                PWMFaultIntClearExt
 .text.PWMGenFaultConfigure
                0x00004ab2       0x18 /home/tessin/ti/TivaWare_C_Series-2.1.3.156/driverlib/gcc/libdriver.a(pwm.o)
                0x00004ab2                PWMGenFaultConfigure
 .text.PWMGenFaultTriggerSet
                0x00004aca        0xc /home/tessin/ti/TivaWare_C_Series-2.1.3.156/driverlib/gcc/libdriver.a(pwm.o)
                0x00004aca                PWMGenFaultTriggerSet
 .text.PWMGenFaultTriggerGet
                0x00004ad6        0xc /home/tessin/ti/TivaWare_C_Series-2.1.3.156/driverlib/gcc/libdriver.a(pwm.o)
                0x00004ad6                PWMGenFaultTriggerGet
 .text.PWMGenFaultStatus
                0x00004ae2       0x18 /home/tessin/ti/TivaWare_C_Series-2.1.3.156/driverlib/gcc/libdriver.a(pwm.o)
                0x00004ae2                PWMGenFaultStatus
 .text.PWMGenFaultClear
                0x00004afa       0x18 /home/tessin/ti/TivaWare_C_Series-2.1.3.156/driverlib/gcc/libdriver.a(pwm.o)
                0x00004afa                PWMGenFaultClear
 .text.PWMClockSet
                0x00004b12       0x14 /home/tessin/ti/TivaWare_C_Series-2.1.3.156/driverlib/gcc/libdriver.a(pwm.o)
                0x00004b12                PWMClockSet
 .text.PWMClockGet
                0x00004b26       0x1a /home/tessin/ti/TivaWare_C_Series-2.1.3.156/driverlib/gcc/libdriver.a(pwm.o)
                0x00004b26                PWMClockGet
 .text.PWMOutputUpdateMode
                0x00004b40       0x30 /home/tessin/ti/TivaWare_C_Series-2.1.3.156/driverlib/gcc/libdriver.a(pwm.o)
                0x00004b40                PWMOutputUpdateMode
 .text._SysCtlMemTimingGet
                0x00004b70       0x24 /home/tessin/ti/TivaWare_C_Series-2.1.3.156/driverlib/gcc/libdriver.a(sysctl.o)
 .text.SysCtlSRAMSizeGet
                0x00004b94       0x10 /home/tessin/ti/TivaWare_C_Series-2.1.3.156/driverlib/gcc/libdriver.a(sysctl.o)
                0x00004b94                SysCtlSRAMSizeGet
 .text.SysCtlFlashSizeGet
                0x00004ba4       0x3c /home/tessin/ti/TivaWare_C_Series-2.1.3.156/driverlib/gcc/libdriver.a(sysctl.o)
                0x00004ba4                SysCtlFlashSizeGet
 .text.SysCtlFlashSectorSizeGet
                0x00004be0       0x38 /home/tessin/ti/TivaWare_C_Series-2.1.3.156/driverlib/gcc/libdriver.a(sysctl.o)
                0x00004be0                SysCtlFlashSectorSizeGet
 .text.SysCtlPeripheralPresent
                0x00004c18       0x26 /home/tessin/ti/TivaWare_C_Series-2.1.3.156/driverlib/gcc/libdriver.a(sysctl.o)
                0x00004c18                SysCtlPeripheralPresent
 .text.SysCtlPeripheralReady
                0x00004c3e       0x26 /home/tessin/ti/TivaWare_C_Series-2.1.3.156/driverlib/gcc/libdriver.a(sysctl.o)
                0x00004c3e                SysCtlPeripheralReady
 .text.SysCtlPeripheralPowerOn
                0x00004c64       0x22 /home/tessin/ti/TivaWare_C_Series-2.1.3.156/driverlib/gcc/libdriver.a(sysctl.o)
                0x00004c64                SysCtlPeripheralPowerOn
 .text.SysCtlPeripheralPowerOff
                0x00004c86       0x22 /home/tessin/ti/TivaWare_C_Series-2.1.3.156/driverlib/gcc/libdriver.a(sysctl.o)
                0x00004c86                SysCtlPeripheralPowerOff
 .text.SysCtlPeripheralReset
                0x00004ca8       0x3a /home/tessin/ti/TivaWare_C_Series-2.1.3.156/driverlib/gcc/libdriver.a(sysctl.o)
                0x00004ca8                SysCtlPeripheralReset
 .text.SysCtlPeripheralEnable
                0x00004ce2       0x22 /home/tessin/ti/TivaWare_C_Series-2.1.3.156/driverlib/gcc/libdriver.a(sysctl.o)
                0x00004ce2                SysCtlPeripheralEnable
 .text.SysCtlPeripheralDisable
                0x00004d04       0x22 /home/tessin/ti/TivaWare_C_Series-2.1.3.156/driverlib/gcc/libdriver.a(sysctl.o)
                0x00004d04                SysCtlPeripheralDisable
 .text.SysCtlPeripheralSleepEnable
                0x00004d26       0x22 /home/tessin/ti/TivaWare_C_Series-2.1.3.156/driverlib/gcc/libdriver.a(sysctl.o)
                0x00004d26                SysCtlPeripheralSleepEnable
 .text.SysCtlPeripheralSleepDisable
                0x00004d48       0x22 /home/tessin/ti/TivaWare_C_Series-2.1.3.156/driverlib/gcc/libdriver.a(sysctl.o)
                0x00004d48                SysCtlPeripheralSleepDisable
 .text.SysCtlPeripheralDeepSleepEnable
                0x00004d6a       0x22 /home/tessin/ti/TivaWare_C_Series-2.1.3.156/driverlib/gcc/libdriver.a(sysctl.o)
                0x00004d6a                SysCtlPeripheralDeepSleepEnable
 .text.SysCtlPeripheralDeepSleepDisable
                0x00004d8c       0x22 /home/tessin/ti/TivaWare_C_Series-2.1.3.156/driverlib/gcc/libdriver.a(sysctl.o)
                0x00004d8c                SysCtlPeripheralDeepSleepDisable
 *fill*         0x00004dae        0x2 
 .text.SysCtlPeripheralClockGating
                0x00004db0       0x48 /home/tessin/ti/TivaWare_C_Series-2.1.3.156/driverlib/gcc/libdriver.a(sysctl.o)
                0x00004db0                SysCtlPeripheralClockGating
 .text.SysCtlIntRegister
                0x00004df8       0x14 /home/tessin/ti/TivaWare_C_Series-2.1.3.156/driverlib/gcc/libdriver.a(sysctl.o)
                0x00004df8                SysCtlIntRegister
 .text.SysCtlIntUnregister
                0x00004e0c       0x12 /home/tessin/ti/TivaWare_C_Series-2.1.3.156/driverlib/gcc/libdriver.a(sysctl.o)
                0x00004e0c                SysCtlIntUnregister
 *fill*         0x00004e1e        0x2 
 .text.SysCtlIntEnable
                0x00004e20       0x10 /home/tessin/ti/TivaWare_C_Series-2.1.3.156/driverlib/gcc/libdriver.a(sysctl.o)
                0x00004e20                SysCtlIntEnable
 .text.SysCtlIntDisable
                0x00004e30       0x10 /home/tessin/ti/TivaWare_C_Series-2.1.3.156/driverlib/gcc/libdriver.a(sysctl.o)
                0x00004e30                SysCtlIntDisable
 .text.SysCtlIntClear
                0x00004e40        0xc /home/tessin/ti/TivaWare_C_Series-2.1.3.156/driverlib/gcc/libdriver.a(sysctl.o)
                0x00004e40                SysCtlIntClear
 .text.SysCtlIntStatus
                0x00004e4c       0x14 /home/tessin/ti/TivaWare_C_Series-2.1.3.156/driverlib/gcc/libdriver.a(sysctl.o)
                0x00004e4c                SysCtlIntStatus
 .text.SysCtlLDOSleepSet
                0x00004e60        0xc /home/tessin/ti/TivaWare_C_Series-2.1.3.156/driverlib/gcc/libdriver.a(sysctl.o)
                0x00004e60                SysCtlLDOSleepSet
 .text.SysCtlLDOSleepGet
                0x00004e6c        0xc /home/tessin/ti/TivaWare_C_Series-2.1.3.156/driverlib/gcc/libdriver.a(sysctl.o)
                0x00004e6c                SysCtlLDOSleepGet
 .text.SysCtlLDODeepSleepSet
                0x00004e78        0xc /home/tessin/ti/TivaWare_C_Series-2.1.3.156/driverlib/gcc/libdriver.a(sysctl.o)
                0x00004e78                SysCtlLDODeepSleepSet
 .text.SysCtlLDODeepSleepGet
                0x00004e84        0xc /home/tessin/ti/TivaWare_C_Series-2.1.3.156/driverlib/gcc/libdriver.a(sysctl.o)
                0x00004e84                SysCtlLDODeepSleepGet
 .text.SysCtlSleepPowerSet
                0x00004e90        0xc /home/tessin/ti/TivaWare_C_Series-2.1.3.156/driverlib/gcc/libdriver.a(sysctl.o)
                0x00004e90                SysCtlSleepPowerSet
 .text.SysCtlDeepSleepPowerSet
                0x00004e9c        0xc /home/tessin/ti/TivaWare_C_Series-2.1.3.156/driverlib/gcc/libdriver.a(sysctl.o)
                0x00004e9c                SysCtlDeepSleepPowerSet
 .text.SysCtlReset
                0x00004ea8       0x10 /home/tessin/ti/TivaWare_C_Series-2.1.3.156/driverlib/gcc/libdriver.a(sysctl.o)
                0x00004ea8                SysCtlReset
 .text.SysCtlSleep
                0x00004eb8        0x4 /home/tessin/ti/TivaWare_C_Series-2.1.3.156/driverlib/gcc/libdriver.a(sysctl.o)
                0x00004eb8                SysCtlSleep
 .text.SysCtlDeepSleep
                0x00004ebc       0x20 /home/tessin/ti/TivaWare_C_Series-2.1.3.156/driverlib/gcc/libdriver.a(sysctl.o)
                0x00004ebc                SysCtlDeepSleep
 .text.SysCtlResetCauseGet
                0x00004edc        0xc /home/tessin/ti/TivaWare_C_Series-2.1.3.156/driverlib/gcc/libdriver.a(sysctl.o)
                0x00004edc                SysCtlResetCauseGet
 .text.SysCtlResetCauseClear
                0x00004ee8       0x10 /home/tessin/ti/TivaWare_C_Series-2.1.3.156/driverlib/gcc/libdriver.a(sysctl.o)
                0x00004ee8                SysCtlResetCauseClear
 .text.SysCtlDelay
                0x00004ef8        0x8 /home/tessin/ti/TivaWare_C_Series-2.1.3.156/driverlib/gcc/libdriver.a(sysctl.o)
                0x00004ef8                SysCtlDelay
 .text.SysCtlMOSCConfigSet
                0x00004f00        0xc /home/tessin/ti/TivaWare_C_Series-2.1.3.156/driverlib/gcc/libdriver.a(sysctl.o)
                0x00004f00                SysCtlMOSCConfigSet
 .text.SysCtlPIOSCCalibrate
                0x00004f0c       0x48 /home/tessin/ti/TivaWare_C_Series-2.1.3.156/driverlib/gcc/libdriver.a(sysctl.o)
                0x00004f0c                SysCtlPIOSCCalibrate
 .text.SysCtlResetBehaviorSet
                0x00004f54        0xc /home/tessin/ti/TivaWare_C_Series-2.1.3.156/driverlib/gcc/libdriver.a(sysctl.o)
                0x00004f54                SysCtlResetBehaviorSet
 .text.SysCtlResetBehaviorGet
                0x00004f60        0xc /home/tessin/ti/TivaWare_C_Series-2.1.3.156/driverlib/gcc/libdriver.a(sysctl.o)
                0x00004f60                SysCtlResetBehaviorGet
 .text.SysCtlClockFreqSet
                0x00004f6c      0x22c /home/tessin/ti/TivaWare_C_Series-2.1.3.156/driverlib/gcc/libdriver.a(sysctl.o)
                0x00004f6c                SysCtlClockFreqSet
 .text.SysCtlClockSet
                0x00005198      0x11c /home/tessin/ti/TivaWare_C_Series-2.1.3.156/driverlib/gcc/libdriver.a(sysctl.o)
                0x00005198                SysCtlClockSet
 .text.SysCtlClockGet
                0x000052b4      0x12c /home/tessin/ti/TivaWare_C_Series-2.1.3.156/driverlib/gcc/libdriver.a(sysctl.o)
                0x000052b4                SysCtlClockGet
 .text.SysCtlDeepSleepClockSet
                0x000053e0        0xc /home/tessin/ti/TivaWare_C_Series-2.1.3.156/driverlib/gcc/libdriver.a(sysctl.o)
                0x000053e0                SysCtlDeepSleepClockSet
 .text.SysCtlDeepSleepClockConfigSet
                0x000053ec       0x60 /home/tessin/ti/TivaWare_C_Series-2.1.3.156/driverlib/gcc/libdriver.a(sysctl.o)
                0x000053ec                SysCtlDeepSleepClockConfigSet
 .text.SysCtlPWMClockSet
                0x0000544c       0x14 /home/tessin/ti/TivaWare_C_Series-2.1.3.156/driverlib/gcc/libdriver.a(sysctl.o)
                0x0000544c                SysCtlPWMClockSet
 .text.SysCtlPWMClockGet
                0x00005460       0x18 /home/tessin/ti/TivaWare_C_Series-2.1.3.156/driverlib/gcc/libdriver.a(sysctl.o)
                0x00005460                SysCtlPWMClockGet
 .text.SysCtlGPIOAHBEnable
                0x00005478       0x18 /home/tessin/ti/TivaWare_C_Series-2.1.3.156/driverlib/gcc/libdriver.a(sysctl.o)
                0x00005478                SysCtlGPIOAHBEnable
 .text.SysCtlGPIOAHBDisable
                0x00005490       0x1c /home/tessin/ti/TivaWare_C_Series-2.1.3.156/driverlib/gcc/libdriver.a(sysctl.o)
                0x00005490                SysCtlGPIOAHBDisable
 .text.SysCtlUSBPLLEnable
                0x000054ac       0x10 /home/tessin/ti/TivaWare_C_Series-2.1.3.156/driverlib/gcc/libdriver.a(sysctl.o)
                0x000054ac                SysCtlUSBPLLEnable
 .text.SysCtlUSBPLLDisable
                0x000054bc       0x10 /home/tessin/ti/TivaWare_C_Series-2.1.3.156/driverlib/gcc/libdriver.a(sysctl.o)
                0x000054bc                SysCtlUSBPLLDisable
 .text.SysCtlVoltageEventConfig
                0x000054cc        0xc /home/tessin/ti/TivaWare_C_Series-2.1.3.156/driverlib/gcc/libdriver.a(sysctl.o)
                0x000054cc                SysCtlVoltageEventConfig
 .text.SysCtlVoltageEventStatus
                0x000054d8        0xc /home/tessin/ti/TivaWare_C_Series-2.1.3.156/driverlib/gcc/libdriver.a(sysctl.o)
                0x000054d8                SysCtlVoltageEventStatus
 .text.SysCtlVoltageEventClear
                0x000054e4       0x10 /home/tessin/ti/TivaWare_C_Series-2.1.3.156/driverlib/gcc/libdriver.a(sysctl.o)
                0x000054e4                SysCtlVoltageEventClear
 .text.SysCtlVCOGet
                0x000054f4       0x78 /home/tessin/ti/TivaWare_C_Series-2.1.3.156/driverlib/gcc/libdriver.a(sysctl.o)
                0x000054f4                SysCtlVCOGet
 .text.SysCtlNMIStatus
                0x0000556c        0xc /home/tessin/ti/TivaWare_C_Series-2.1.3.156/driverlib/gcc/libdriver.a(sysctl.o)
                0x0000556c                SysCtlNMIStatus
 .text.SysCtlNMIClear
                0x00005578       0x10 /home/tessin/ti/TivaWare_C_Series-2.1.3.156/driverlib/gcc/libdriver.a(sysctl.o)
                0x00005578                SysCtlNMIClear
 .text.SysCtlClockOutConfig
                0x00005588       0x10 /home/tessin/ti/TivaWare_C_Series-2.1.3.156/driverlib/gcc/libdriver.a(sysctl.o)
                0x00005588                SysCtlClockOutConfig
 .text.SysCtlAltClkConfig
                0x00005598        0xc /home/tessin/ti/TivaWare_C_Series-2.1.3.156/driverlib/gcc/libdriver.a(sysctl.o)
                0x00005598                SysCtlAltClkConfig
 .text.SysTickEnable
                0x000055a4       0x10 /home/tessin/ti/TivaWare_C_Series-2.1.3.156/driverlib/gcc/libdriver.a(systick.o)
                0x000055a4                SysTickEnable
 .text.SysTickDisable
                0x000055b4       0x10 /home/tessin/ti/TivaWare_C_Series-2.1.3.156/driverlib/gcc/libdriver.a(systick.o)
                0x000055b4                SysTickDisable
 .text.SysTickIntRegister
                0x000055c4       0x1c /home/tessin/ti/TivaWare_C_Series-2.1.3.156/driverlib/gcc/libdriver.a(systick.o)
                0x000055c4                SysTickIntRegister
 .text.SysTickIntUnregister
                0x000055e0       0x14 /home/tessin/ti/TivaWare_C_Series-2.1.3.156/driverlib/gcc/libdriver.a(systick.o)
                0x000055e0                SysTickIntUnregister
 .text.SysTickIntEnable
                0x000055f4       0x10 /home/tessin/ti/TivaWare_C_Series-2.1.3.156/driverlib/gcc/libdriver.a(systick.o)
                0x000055f4                SysTickIntEnable
 .text.SysTickIntDisable
                0x00005604       0x10 /home/tessin/ti/TivaWare_C_Series-2.1.3.156/driverlib/gcc/libdriver.a(systick.o)
                0x00005604                SysTickIntDisable
 .text.SysTickPeriodSet
                0x00005614        0xc /home/tessin/ti/TivaWare_C_Series-2.1.3.156/driverlib/gcc/libdriver.a(systick.o)
                0x00005614                SysTickPeriodSet
 .text.SysTickPeriodGet
                0x00005620        0xc /home/tessin/ti/TivaWare_C_Series-2.1.3.156/driverlib/gcc/libdriver.a(systick.o)
                0x00005620                SysTickPeriodGet
 .text.SysTickValueGet
                0x0000562c        0xc /home/tessin/ti/TivaWare_C_Series-2.1.3.156/driverlib/gcc/libdriver.a(systick.o)
                0x0000562c                SysTickValueGet
 .text._TimerIntNumberGet
                0x00005638       0x50 /home/tessin/ti/TivaWare_C_Series-2.1.3.156/driverlib/gcc/libdriver.a(timer.o)
 .text.TimerEnable
                0x00005688       0x10 /home/tessin/ti/TivaWare_C_Series-2.1.3.156/driverlib/gcc/libdriver.a(timer.o)
                0x00005688                TimerEnable
 .text.TimerDisable
                0x00005698       0x10 /home/tessin/ti/TivaWare_C_Series-2.1.3.156/driverlib/gcc/libdriver.a(timer.o)
                0x00005698                TimerDisable
 .text.TimerConfigure
                0x000056a8       0x58 /home/tessin/ti/TivaWare_C_Series-2.1.3.156/driverlib/gcc/libdriver.a(timer.o)
                0x000056a8                TimerConfigure
 .text.TimerControlLevel
                0x00005700       0x1e /home/tessin/ti/TivaWare_C_Series-2.1.3.156/driverlib/gcc/libdriver.a(timer.o)
                0x00005700                TimerControlLevel
 *fill*         0x0000571e        0x2 
 .text.TimerControlTrigger
                0x00005720       0x54 /home/tessin/ti/TivaWare_C_Series-2.1.3.156/driverlib/gcc/libdriver.a(timer.o)
                0x00005720                TimerControlTrigger
 .text.TimerControlEvent
                0x00005774       0x14 /home/tessin/ti/TivaWare_C_Series-2.1.3.156/driverlib/gcc/libdriver.a(timer.o)
                0x00005774                TimerControlEvent
 .text.TimerControlStall
                0x00005788       0x1e /home/tessin/ti/TivaWare_C_Series-2.1.3.156/driverlib/gcc/libdriver.a(timer.o)
                0x00005788                TimerControlStall
 .text.TimerControlWaitOnTrigger
                0x000057a6       0x2e /home/tessin/ti/TivaWare_C_Series-2.1.3.156/driverlib/gcc/libdriver.a(timer.o)
                0x000057a6                TimerControlWaitOnTrigger
 .text.TimerRTCEnable
                0x000057d4        0xa /home/tessin/ti/TivaWare_C_Series-2.1.3.156/driverlib/gcc/libdriver.a(timer.o)
                0x000057d4                TimerRTCEnable
 .text.TimerRTCDisable
                0x000057de        0xa /home/tessin/ti/TivaWare_C_Series-2.1.3.156/driverlib/gcc/libdriver.a(timer.o)
                0x000057de                TimerRTCDisable
 .text.TimerClockSourceSet
                0x000057e8        0x6 /home/tessin/ti/TivaWare_C_Series-2.1.3.156/driverlib/gcc/libdriver.a(timer.o)
                0x000057e8                TimerClockSourceSet
 .text.TimerClockSourceGet
                0x000057ee        0x6 /home/tessin/ti/TivaWare_C_Series-2.1.3.156/driverlib/gcc/libdriver.a(timer.o)
                0x000057ee                TimerClockSourceGet
 .text.TimerPrescaleSet
                0x000057f4       0x12 /home/tessin/ti/TivaWare_C_Series-2.1.3.156/driverlib/gcc/libdriver.a(timer.o)
                0x000057f4                TimerPrescaleSet
 .text.TimerPrescaleGet
                0x00005806        0xa /home/tessin/ti/TivaWare_C_Series-2.1.3.156/driverlib/gcc/libdriver.a(timer.o)
                0x00005806                TimerPrescaleGet
 .text.TimerPrescaleMatchSet
                0x00005810       0x12 /home/tessin/ti/TivaWare_C_Series-2.1.3.156/driverlib/gcc/libdriver.a(timer.o)
                0x00005810                TimerPrescaleMatchSet
 .text.TimerPrescaleMatchGet
                0x00005822        0xa /home/tessin/ti/TivaWare_C_Series-2.1.3.156/driverlib/gcc/libdriver.a(timer.o)
                0x00005822                TimerPrescaleMatchGet
 .text.TimerLoadSet
                0x0000582c       0x12 /home/tessin/ti/TivaWare_C_Series-2.1.3.156/driverlib/gcc/libdriver.a(timer.o)
                0x0000582c                TimerLoadSet
 .text.TimerLoadGet
                0x0000583e        0xa /home/tessin/ti/TivaWare_C_Series-2.1.3.156/driverlib/gcc/libdriver.a(timer.o)
                0x0000583e                TimerLoadGet
 .text.TimerLoadSet64
                0x00005848        0x6 /home/tessin/ti/TivaWare_C_Series-2.1.3.156/driverlib/gcc/libdriver.a(timer.o)
                0x00005848                TimerLoadSet64
 .text.TimerLoadGet64
                0x0000584e       0x18 /home/tessin/ti/TivaWare_C_Series-2.1.3.156/driverlib/gcc/libdriver.a(timer.o)
                0x0000584e                TimerLoadGet64
 .text.TimerValueGet
                0x00005866        0xa /home/tessin/ti/TivaWare_C_Series-2.1.3.156/driverlib/gcc/libdriver.a(timer.o)
                0x00005866                TimerValueGet
 .text.TimerValueGet64
                0x00005870       0x18 /home/tessin/ti/TivaWare_C_Series-2.1.3.156/driverlib/gcc/libdriver.a(timer.o)
                0x00005870                TimerValueGet64
 .text.TimerMatchSet
                0x00005888       0x12 /home/tessin/ti/TivaWare_C_Series-2.1.3.156/driverlib/gcc/libdriver.a(timer.o)
                0x00005888                TimerMatchSet
 .text.TimerMatchGet
                0x0000589a        0xa /home/tessin/ti/TivaWare_C_Series-2.1.3.156/driverlib/gcc/libdriver.a(timer.o)
                0x0000589a                TimerMatchGet
 .text.TimerMatchSet64
                0x000058a4        0x6 /home/tessin/ti/TivaWare_C_Series-2.1.3.156/driverlib/gcc/libdriver.a(timer.o)
                0x000058a4                TimerMatchSet64
 .text.TimerMatchGet64
                0x000058aa       0x18 /home/tessin/ti/TivaWare_C_Series-2.1.3.156/driverlib/gcc/libdriver.a(timer.o)
                0x000058aa                TimerMatchGet64
 .text.TimerIntRegister
                0x000058c2       0x1a /home/tessin/ti/TivaWare_C_Series-2.1.3.156/driverlib/gcc/libdriver.a(timer.o)
                0x000058c2                TimerIntRegister
 .text.TimerIntUnregister
                0x000058dc       0x16 /home/tessin/ti/TivaWare_C_Series-2.1.3.156/driverlib/gcc/libdriver.a(timer.o)
                0x000058dc                TimerIntUnregister
 .text.TimerIntEnable
                0x000058f2        0x8 /home/tessin/ti/TivaWare_C_Series-2.1.3.156/driverlib/gcc/libdriver.a(timer.o)
                0x000058f2                TimerIntEnable
 .text.TimerIntDisable
                0x000058fa        0xa /home/tessin/ti/TivaWare_C_Series-2.1.3.156/driverlib/gcc/libdriver.a(timer.o)
                0x000058fa                TimerIntDisable
 .text.TimerIntStatus
                0x00005904        0xa /home/tessin/ti/TivaWare_C_Series-2.1.3.156/driverlib/gcc/libdriver.a(timer.o)
                0x00005904                TimerIntStatus
 .text.TimerIntClear
                0x0000590e        0x4 /home/tessin/ti/TivaWare_C_Series-2.1.3.156/driverlib/gcc/libdriver.a(timer.o)
                0x0000590e                TimerIntClear
 .text.TimerSynchronize
                0x00005912        0x4 /home/tessin/ti/TivaWare_C_Series-2.1.3.156/driverlib/gcc/libdriver.a(timer.o)
                0x00005912                TimerSynchronize
 .text.TimerADCEventSet
                0x00005916        0x4 /home/tessin/ti/TivaWare_C_Series-2.1.3.156/driverlib/gcc/libdriver.a(timer.o)
                0x00005916                TimerADCEventSet
 .text.TimerADCEventGet
                0x0000591a        0x4 /home/tessin/ti/TivaWare_C_Series-2.1.3.156/driverlib/gcc/libdriver.a(timer.o)
                0x0000591a                TimerADCEventGet
 .text.TimerDMAEventSet
                0x0000591e        0x4 /home/tessin/ti/TivaWare_C_Series-2.1.3.156/driverlib/gcc/libdriver.a(timer.o)
                0x0000591e                TimerDMAEventSet
 .text.TimerDMAEventGet
                0x00005922        0x4 /home/tessin/ti/TivaWare_C_Series-2.1.3.156/driverlib/gcc/libdriver.a(timer.o)
                0x00005922                TimerDMAEventGet
 .text.TimerUpdateMode
                0x00005926       0x26 /home/tessin/ti/TivaWare_C_Series-2.1.3.156/driverlib/gcc/libdriver.a(timer.o)
                0x00005926                TimerUpdateMode
 .text._UARTIntNumberGet
                0x0000594c       0x44 /home/tessin/ti/TivaWare_C_Series-2.1.3.156/driverlib/gcc/libdriver.a(uart.o)
 .text.UARTParityModeSet
                0x00005990        0xc /home/tessin/ti/TivaWare_C_Series-2.1.3.156/driverlib/gcc/libdriver.a(uart.o)
                0x00005990                UARTParityModeSet
 .text.UARTParityModeGet
                0x0000599c        0x8 /home/tessin/ti/TivaWare_C_Series-2.1.3.156/driverlib/gcc/libdriver.a(uart.o)
                0x0000599c                UARTParityModeGet
 .text.UARTFIFOLevelSet
                0x000059a4        0x6 /home/tessin/ti/TivaWare_C_Series-2.1.3.156/driverlib/gcc/libdriver.a(uart.o)
                0x000059a4                UARTFIFOLevelSet
 .text.UARTFIFOLevelGet
                0x000059aa       0x10 /home/tessin/ti/TivaWare_C_Series-2.1.3.156/driverlib/gcc/libdriver.a(uart.o)
                0x000059aa                UARTFIFOLevelGet
 .text.UARTConfigGetExpClk
                0x000059ba       0x28 /home/tessin/ti/TivaWare_C_Series-2.1.3.156/driverlib/gcc/libdriver.a(uart.o)
                0x000059ba                UARTConfigGetExpClk
 .text.UARTEnable
                0x000059e2       0x16 /home/tessin/ti/TivaWare_C_Series-2.1.3.156/driverlib/gcc/libdriver.a(uart.o)
                0x000059e2                UARTEnable
 .text.UARTDisable
                0x000059f8       0x1c /home/tessin/ti/TivaWare_C_Series-2.1.3.156/driverlib/gcc/libdriver.a(uart.o)
                0x000059f8                UARTDisable
 .text.UARTConfigSetExpClk
                0x00005a14       0x48 /home/tessin/ti/TivaWare_C_Series-2.1.3.156/driverlib/gcc/libdriver.a(uart.o)
                0x00005a14                UARTConfigSetExpClk
 .text.UARTFIFOEnable
                0x00005a5c        0xa /home/tessin/ti/TivaWare_C_Series-2.1.3.156/driverlib/gcc/libdriver.a(uart.o)
                0x00005a5c                UARTFIFOEnable
 .text.UARTFIFODisable
                0x00005a66        0xa /home/tessin/ti/TivaWare_C_Series-2.1.3.156/driverlib/gcc/libdriver.a(uart.o)
                0x00005a66                UARTFIFODisable
 .text.UARTEnableSIR
                0x00005a70       0x12 /home/tessin/ti/TivaWare_C_Series-2.1.3.156/driverlib/gcc/libdriver.a(uart.o)
                0x00005a70                UARTEnableSIR
 .text.UARTDisableSIR
                0x00005a82        0xa /home/tessin/ti/TivaWare_C_Series-2.1.3.156/driverlib/gcc/libdriver.a(uart.o)
                0x00005a82                UARTDisableSIR
 .text.UARTSmartCardEnable
                0x00005a8c       0x16 /home/tessin/ti/TivaWare_C_Series-2.1.3.156/driverlib/gcc/libdriver.a(uart.o)
                0x00005a8c                UARTSmartCardEnable
 .text.UARTSmartCardDisable
                0x00005aa2        0xa /home/tessin/ti/TivaWare_C_Series-2.1.3.156/driverlib/gcc/libdriver.a(uart.o)
                0x00005aa2                UARTSmartCardDisable
 .text.UARTModemControlSet
                0x00005aac        0xc /home/tessin/ti/TivaWare_C_Series-2.1.3.156/driverlib/gcc/libdriver.a(uart.o)
                0x00005aac                UARTModemControlSet
 .text.UARTModemControlClear
                0x00005ab8        0xe /home/tessin/ti/TivaWare_C_Series-2.1.3.156/driverlib/gcc/libdriver.a(uart.o)
                0x00005ab8                UARTModemControlClear
 .text.UARTModemControlGet
                0x00005ac6        0x8 /home/tessin/ti/TivaWare_C_Series-2.1.3.156/driverlib/gcc/libdriver.a(uart.o)
                0x00005ac6                UARTModemControlGet
 .text.UARTModemStatusGet
                0x00005ace        0xa /home/tessin/ti/TivaWare_C_Series-2.1.3.156/driverlib/gcc/libdriver.a(uart.o)
                0x00005ace                UARTModemStatusGet
 .text.UARTFlowControlSet
                0x00005ad8        0xc /home/tessin/ti/TivaWare_C_Series-2.1.3.156/driverlib/gcc/libdriver.a(uart.o)
                0x00005ad8                UARTFlowControlSet
 .text.UARTFlowControlGet
                0x00005ae4        0x8 /home/tessin/ti/TivaWare_C_Series-2.1.3.156/driverlib/gcc/libdriver.a(uart.o)
                0x00005ae4                UARTFlowControlGet
 .text.UARTTxIntModeSet
                0x00005aec        0xc /home/tessin/ti/TivaWare_C_Series-2.1.3.156/driverlib/gcc/libdriver.a(uart.o)
                0x00005aec                UARTTxIntModeSet
 .text.UARTTxIntModeGet
                0x00005af8        0x8 /home/tessin/ti/TivaWare_C_Series-2.1.3.156/driverlib/gcc/libdriver.a(uart.o)
                0x00005af8                UARTTxIntModeGet
 .text.UARTCharsAvail
                0x00005b00        0xc /home/tessin/ti/TivaWare_C_Series-2.1.3.156/driverlib/gcc/libdriver.a(uart.o)
                0x00005b00                UARTCharsAvail
 .text.UARTSpaceAvail
                0x00005b0c        0xc /home/tessin/ti/TivaWare_C_Series-2.1.3.156/driverlib/gcc/libdriver.a(uart.o)
                0x00005b0c                UARTSpaceAvail
 .text.UARTCharGetNonBlocking
                0x00005b18        0xe /home/tessin/ti/TivaWare_C_Series-2.1.3.156/driverlib/gcc/libdriver.a(uart.o)
                0x00005b18                UARTCharGetNonBlocking
 .text.UARTCharGet
                0x00005b26        0xa /home/tessin/ti/TivaWare_C_Series-2.1.3.156/driverlib/gcc/libdriver.a(uart.o)
                0x00005b26                UARTCharGet
 .text.UARTCharPutNonBlocking
                0x00005b30       0x10 /home/tessin/ti/TivaWare_C_Series-2.1.3.156/driverlib/gcc/libdriver.a(uart.o)
                0x00005b30                UARTCharPutNonBlocking
 .text.UARTCharPut
                0x00005b40        0xa /home/tessin/ti/TivaWare_C_Series-2.1.3.156/driverlib/gcc/libdriver.a(uart.o)
                0x00005b40                UARTCharPut
 .text.UARTBreakCtl
                0x00005b4a       0x16 /home/tessin/ti/TivaWare_C_Series-2.1.3.156/driverlib/gcc/libdriver.a(uart.o)
                0x00005b4a                UARTBreakCtl
 .text.UARTBusy
                0x00005b60        0x8 /home/tessin/ti/TivaWare_C_Series-2.1.3.156/driverlib/gcc/libdriver.a(uart.o)
                0x00005b60                UARTBusy
 .text.UARTIntRegister
                0x00005b68       0x1a /home/tessin/ti/TivaWare_C_Series-2.1.3.156/driverlib/gcc/libdriver.a(uart.o)
                0x00005b68                UARTIntRegister
 .text.UARTIntUnregister
                0x00005b82       0x16 /home/tessin/ti/TivaWare_C_Series-2.1.3.156/driverlib/gcc/libdriver.a(uart.o)
                0x00005b82                UARTIntUnregister
 .text.UARTIntEnable
                0x00005b98        0x8 /home/tessin/ti/TivaWare_C_Series-2.1.3.156/driverlib/gcc/libdriver.a(uart.o)
                0x00005b98                UARTIntEnable
 .text.UARTIntDisable
                0x00005ba0        0xa /home/tessin/ti/TivaWare_C_Series-2.1.3.156/driverlib/gcc/libdriver.a(uart.o)
                0x00005ba0                UARTIntDisable
 .text.UARTIntStatus
                0x00005baa        0xa /home/tessin/ti/TivaWare_C_Series-2.1.3.156/driverlib/gcc/libdriver.a(uart.o)
                0x00005baa                UARTIntStatus
 .text.UARTIntClear
                0x00005bb4        0x4 /home/tessin/ti/TivaWare_C_Series-2.1.3.156/driverlib/gcc/libdriver.a(uart.o)
                0x00005bb4                UARTIntClear
 .text.UARTDMAEnable
                0x00005bb8        0x8 /home/tessin/ti/TivaWare_C_Series-2.1.3.156/driverlib/gcc/libdriver.a(uart.o)
                0x00005bb8                UARTDMAEnable
 .text.UARTDMADisable
                0x00005bc0        0xa /home/tessin/ti/TivaWare_C_Series-2.1.3.156/driverlib/gcc/libdriver.a(uart.o)
                0x00005bc0                UARTDMADisable
 .text.UARTRxErrorGet
                0x00005bca        0x8 /home/tessin/ti/TivaWare_C_Series-2.1.3.156/driverlib/gcc/libdriver.a(uart.o)
                0x00005bca                UARTRxErrorGet
 .text.UARTRxErrorClear
                0x00005bd2        0x6 /home/tessin/ti/TivaWare_C_Series-2.1.3.156/driverlib/gcc/libdriver.a(uart.o)
                0x00005bd2                UARTRxErrorClear
 .text.UARTClockSourceSet
                0x00005bd8        0x6 /home/tessin/ti/TivaWare_C_Series-2.1.3.156/driverlib/gcc/libdriver.a(uart.o)
                0x00005bd8                UARTClockSourceSet
 .text.UARTClockSourceGet
                0x00005bde        0x6 /home/tessin/ti/TivaWare_C_Series-2.1.3.156/driverlib/gcc/libdriver.a(uart.o)
                0x00005bde                UARTClockSourceGet
 .text.UART9BitEnable
                0x00005be4        0xe /home/tessin/ti/TivaWare_C_Series-2.1.3.156/driverlib/gcc/libdriver.a(uart.o)
                0x00005be4                UART9BitEnable
 .text.UART9BitDisable
                0x00005bf2        0xe /home/tessin/ti/TivaWare_C_Series-2.1.3.156/driverlib/gcc/libdriver.a(uart.o)
                0x00005bf2                UART9BitDisable
 .text.UART9BitAddrSet
                0x00005c00        0xa /home/tessin/ti/TivaWare_C_Series-2.1.3.156/driverlib/gcc/libdriver.a(uart.o)
                0x00005c00                UART9BitAddrSet
 .text.UART9BitAddrSend
                0x00005c0a       0x2c /home/tessin/ti/TivaWare_C_Series-2.1.3.156/driverlib/gcc/libdriver.a(uart.o)
                0x00005c0a                UART9BitAddrSend
 .text.UARTLoopbackEnable
                0x00005c36        0xa /home/tessin/ti/TivaWare_C_Series-2.1.3.156/driverlib/gcc/libdriver.a(uart.o)
                0x00005c36                UARTLoopbackEnable
 .text.CPUcpsid
                0x00005c40        0x8 /home/tessin/ti/TivaWare_C_Series-2.1.3.156/driverlib/gcc/libdriver.a(cpu.o)
                0x00005c40                CPUcpsid
 .text.CPUprimask
                0x00005c48        0x6 /home/tessin/ti/TivaWare_C_Series-2.1.3.156/driverlib/gcc/libdriver.a(cpu.o)
                0x00005c48                CPUprimask
 .text.CPUcpsie
                0x00005c4e        0x8 /home/tessin/ti/TivaWare_C_Series-2.1.3.156/driverlib/gcc/libdriver.a(cpu.o)
                0x00005c4e                CPUcpsie
 .text.CPUwfi   0x00005c56        0x4 /home/tessin/ti/TivaWare_C_Series-2.1.3.156/driverlib/gcc/libdriver.a(cpu.o)
                0x00005c56                CPUwfi
 .text.CPUbasepriSet
                0x00005c5a        0x6 /home/tessin/ti/TivaWare_C_Series-2.1.3.156/driverlib/gcc/libdriver.a(cpu.o)
                0x00005c5a                CPUbasepriSet
 .text.CPUbasepriGet
                0x00005c60        0x6 /home/tessin/ti/TivaWare_C_Series-2.1.3.156/driverlib/gcc/libdriver.a(cpu.o)
                0x00005c60                CPUbasepriGet
 *fill*         0x00005c66        0x2 
 .text._exit    0x00005c68        0x4 /home/tessin/ti/ccsv6/tools/compiler/gcc-arm-none-eabi-4_9-2015q3/bin/../lib/gcc/arm-none-eabi/4.9.3/../../../../arm-none-eabi/lib/armv7e-m/fpu/libnosys.a(_exit.o)
                0x00005c68                _exit
                0x00005c6c                . = ALIGN (0x4)
 *(.ctors)
                0x00005c6c                . = ALIGN (0x4)
 *(.dtors)
                0x00005c6c                . = ALIGN (0x4)
                0x00005c6c                __init_array_start = .
 *(.init_array*)
 .init_array    0x00005c6c        0x4 /home/tessin/ti/ccsv6/tools/compiler/gcc-arm-none-eabi-4_9-2015q3/bin/../lib/gcc/arm-none-eabi/4.9.3/armv7e-m/fpu/crtbegin.o
 .init_array.00000
                0x00005c70        0x4 /home/tessin/ti/ccsv6/tools/compiler/gcc-arm-none-eabi-4_9-2015q3/bin/../lib/gcc/arm-none-eabi/4.9.3/../../../../arm-none-eabi/lib/armv7e-m/fpu/libc.a(lib_a-__call_atexit.o)
                0x00005c74                __init_array_end = .
 *(.init)
 .init          0x00005c74        0x4 /home/tessin/ti/ccsv6/tools/compiler/gcc-arm-none-eabi-4_9-2015q3/bin/../lib/gcc/arm-none-eabi/4.9.3/armv7e-m/fpu/crti.o
                0x00005c74                _init
 .init          0x00005c78        0x8 /home/tessin/ti/ccsv6/tools/compiler/gcc-arm-none-eabi-4_9-2015q3/bin/../lib/gcc/arm-none-eabi/4.9.3/armv7e-m/fpu/crtn.o
 *(.fini*)
 .fini          0x00005c80        0x4 /home/tessin/ti/ccsv6/tools/compiler/gcc-arm-none-eabi-4_9-2015q3/bin/../lib/gcc/arm-none-eabi/4.9.3/armv7e-m/fpu/crti.o
                0x00005c80                _fini
 .fini_array    0x00005c84        0x4 /home/tessin/ti/ccsv6/tools/compiler/gcc-arm-none-eabi-4_9-2015q3/bin/../lib/gcc/arm-none-eabi/4.9.3/armv7e-m/fpu/crtbegin.o
 .fini          0x00005c88        0x8 /home/tessin/ti/ccsv6/tools/compiler/gcc-arm-none-eabi-4_9-2015q3/bin/../lib/gcc/arm-none-eabi/4.9.3/armv7e-m/fpu/crtn.o
                0x00005c90                PROVIDE (__etext, .)
                0x00005c90                PROVIDE (_etext, .)
                0x00005c90                PROVIDE (etext, .)

.glue_7         0x00005c90        0x0
 .glue_7        0x00000000        0x0 linker stubs

.glue_7t        0x00005c90        0x0
 .glue_7t       0x00000000        0x0 linker stubs

.vfp11_veneer   0x00005c90        0x0
 .vfp11_veneer  0x00000000        0x0 linker stubs

.v4_bx          0x00005c90        0x0
 .v4_bx         0x00000000        0x0 linker stubs

.iplt           0x00005c90        0x0
 .iplt          0x00000000        0x0 /home/tessin/ti/ccsv6/tools/compiler/gcc-arm-none-eabi-4_9-2015q3/bin/../lib/gcc/arm-none-eabi/4.9.3/armv7e-m/fpu/crtbegin.o

.rodata         0x00005c90      0xa34
 *(.rodata)
 .rodata        0x00005c90       0x26 ./uartstdio.o
 *fill*         0x00005cb6        0x2 
 .rodata        0x00005cb8      0x1e1 ./Source/Genlib/Command.o
 *fill*         0x00005e99        0x3 
 .rodata        0x00005e9c       0x68 ./Source/Genlib/HeapMem.o
 .rodata        0x00005f04       0xef ./Source/Genlib/MemOps.o
 *(.rodata*)
 *fill*         0x00005ff3        0x1 
 .rodata.g_pcHex
                0x00005ff4        0x4 ./uartstdio.o
 .rodata.g_ui32UARTBase
                0x00005ff8        0xc ./uartstdio.o
 .rodata.g_ui32UARTInt
                0x00006004        0xc ./uartstdio.o
 .rodata.g_ui32UARTPeriph
                0x00006010        0xc ./uartstdio.o
 .rodata.KeyTable
                0x0000601c       0x10 ./Source/Devices/MatrixKBD.o
                0x0000601c                KeyTable
 .rodata.str1.4
                0x0000602c        0x4 /home/tessin/ti/ccsv6/tools/compiler/gcc-arm-none-eabi-4_9-2015q3/bin/../lib/gcc/arm-none-eabi/4.9.3/../../../../arm-none-eabi/lib/armv7e-m/fpu/libc.a(lib_a-impure.o)
                                  0x2 (size before relaxing)
 .rodata._global_impure_ptr
                0x00006030        0x4 /home/tessin/ti/ccsv6/tools/compiler/gcc-arm-none-eabi-4_9-2015q3/bin/../lib/gcc/arm-none-eabi/4.9.3/../../../../arm-none-eabi/lib/armv7e-m/fpu/libc.a(lib_a-impure.o)
                0x00006030                _global_impure_ptr
 .rodata.g_ppui32GPIOIntMapSnowflake
                0x00006034       0xc0 /home/tessin/ti/TivaWare_C_Series-2.1.3.156/driverlib/gcc/libdriver.a(gpio.o)
 .rodata.g_pui32GPIOBaseAddrs
                0x000060f4       0x90 /home/tessin/ti/TivaWare_C_Series-2.1.3.156/driverlib/gcc/libdriver.a(gpio.o)
 .rodata.g_ppui32GPIOIntMapBlizzard
                0x00006184       0xc0 /home/tessin/ti/TivaWare_C_Series-2.1.3.156/driverlib/gcc/libdriver.a(gpio.o)
 .rodata.g_pui32Priority
                0x00006244       0x20 /home/tessin/ti/TivaWare_C_Series-2.1.3.156/driverlib/gcc/libdriver.a(interrupt.o)
 .rodata.g_pui32Dii16Regs
                0x00006264       0x14 /home/tessin/ti/TivaWare_C_Series-2.1.3.156/driverlib/gcc/libdriver.a(interrupt.o)
 .rodata.g_pui32PendRegs
                0x00006278       0x14 /home/tessin/ti/TivaWare_C_Series-2.1.3.156/driverlib/gcc/libdriver.a(interrupt.o)
 .rodata.g_pui32Regs
                0x0000628c       0x9c /home/tessin/ti/TivaWare_C_Series-2.1.3.156/driverlib/gcc/libdriver.a(interrupt.o)
 .rodata.g_pui32EnRegs
                0x00006328       0x14 /home/tessin/ti/TivaWare_C_Series-2.1.3.156/driverlib/gcc/libdriver.a(interrupt.o)
 .rodata.g_pui32UnpendRegs
                0x0000633c       0x14 /home/tessin/ti/TivaWare_C_Series-2.1.3.156/driverlib/gcc/libdriver.a(interrupt.o)
 .rodata.g_pppui32XTALtoVCO
                0x00006350      0x1b0 /home/tessin/ti/TivaWare_C_Series-2.1.3.156/driverlib/gcc/libdriver.a(sysctl.o)
 .rodata.g_pui32VCOFrequencies
                0x00006500        0x8 /home/tessin/ti/TivaWare_C_Series-2.1.3.156/driverlib/gcc/libdriver.a(sysctl.o)
 .rodata.g_sXTALtoMEMTIM