<?xml version="1.0" encoding="ISO-8859-1" ?>
<link_info>
   <banner>TI ARM Linker PC v20.2.7.LTS</banner>
   <copyright>Copyright (c) 1996-2018 Texas Instruments Incorporated</copyright>
   <link_time>0x663238af</link_time>
   <link_errors>0x0</link_errors>
   <output_file>Helicopter_assign.out</output_file>
   <entry_point>
      <name>_c_int00_noargs</name>
      <address>0x583d</address>
   </entry_point>
   <input_file_list>
      <input_file id="fl-2">
         <path>.\</path>
         <kind>object</kind>
         <file>main.obj</file>
         <name>main.obj</name>
      </input_file>
      <input_file id="fl-3">
         <path>.\</path>
         <kind>object</kind>
         <file>startup_ccs.obj</file>
         <name>startup_ccs.obj</name>
      </input_file>
      <input_file id="fl-4">
         <path>.\drivers\</path>
         <kind>object</kind>
         <file>buttons.obj</file>
         <name>buttons.obj</name>
      </input_file>
      <input_file id="fl-5">
         <path>.\drivers\</path>
         <kind>object</kind>
         <file>rgb.obj</file>
         <name>rgb.obj</name>
      </input_file>
      <input_file id="fl-6">
         <path>.\utils\</path>
         <kind>object</kind>
         <file>uartstdio.obj</file>
         <name>uartstdio.obj</name>
      </input_file>
      <input_file id="fl-7">
         <path>.\utils\</path>
         <kind>object</kind>
         <file>ustdlib.obj</file>
         <name>ustdlib.obj</name>
      </input_file>
      <input_file id="fl-e">
         <kind>object</kind>
         <file>&lt;internal&gt;</file>
         <name>&lt;internal&gt;</name>
      </input_file>
      <input_file id="fl-c4">
         <path>C:\ti\ccs1220\ccs\tools\compiler\ti-cgt-arm_20.2.7.LTS\lib\</path>
         <kind>archive</kind>
         <file>rtsv7M4_T_le_v4SPD16_eabi.lib</file>
         <name>sprintf.c.obj</name>
      </input_file>
      <input_file id="fl-c5">
         <path>C:\ti\ccs1220\ccs\tools\compiler\ti-cgt-arm_20.2.7.LTS\lib\</path>
         <kind>archive</kind>
         <file>rtsv7M4_T_le_v4SPD16_eabi.lib</file>
         <name>fs_toull_t2.asm.obj</name>
      </input_file>
      <input_file id="fl-c6">
         <path>C:\ti\ccs1220\ccs\tools\compiler\ti-cgt-arm_20.2.7.LTS\lib\</path>
         <kind>archive</kind>
         <file>rtsv7M4_T_le_v4SPD16_eabi.lib</file>
         <name>memcpy_t2.asm.obj</name>
      </input_file>
      <input_file id="fl-c7">
         <path>C:\ti\ccs1220\ccs\tools\compiler\ti-cgt-arm_20.2.7.LTS\lib\</path>
         <kind>archive</kind>
         <file>rtsv7M4_T_le_v4SPD16_eabi.lib</file>
         <name>u_divt2.asm.obj</name>
      </input_file>
      <input_file id="fl-c8">
         <path>C:\ti\ccs1220\ccs\tools\compiler\ti-cgt-arm_20.2.7.LTS\lib\</path>
         <kind>archive</kind>
         <file>rtsv7M4_T_le_v4SPD16_eabi.lib</file>
         <name>copy_zero_init.c.obj</name>
      </input_file>
      <input_file id="fl-c9">
         <path>C:\ti\ccs1220\ccs\tools\compiler\ti-cgt-arm_20.2.7.LTS\lib\</path>
         <kind>archive</kind>
         <file>rtsv7M4_T_le_v4SPD16_eabi.lib</file>
         <name>copy_decompress_none.c.obj</name>
      </input_file>
      <input_file id="fl-ca">
         <path>C:\ti\ccs1220\ccs\tools\compiler\ti-cgt-arm_20.2.7.LTS\lib\</path>
         <kind>archive</kind>
         <file>rtsv7M4_T_le_v4SPD16_eabi.lib</file>
         <name>copy_decompress_lzss.c.obj</name>
      </input_file>
      <input_file id="fl-cb">
         <path>C:\ti\ccs1220\ccs\tools\compiler\ti-cgt-arm_20.2.7.LTS\lib\</path>
         <kind>archive</kind>
         <file>rtsv7M4_T_le_v4SPD16_eabi.lib</file>
         <name>strcpy.c.obj</name>
      </input_file>
      <input_file id="fl-cc">
         <path>C:\ti\ccs1220\ccs\tools\compiler\ti-cgt-arm_20.2.7.LTS\lib\</path>
         <kind>archive</kind>
         <file>rtsv7M4_T_le_v4SPD16_eabi.lib</file>
         <name>boot_cortex_m.c.obj</name>
      </input_file>
      <input_file id="fl-cd">
         <path>C:\ti\ccs1220\ccs\tools\compiler\ti-cgt-arm_20.2.7.LTS\lib\</path>
         <kind>archive</kind>
         <file>rtsv7M4_T_le_v4SPD16_eabi.lib</file>
         <name>_printfi.c.obj</name>
      </input_file>
      <input_file id="fl-ce">
         <path>C:\ti\ccs1220\ccs\tools\compiler\ti-cgt-arm_20.2.7.LTS\lib\</path>
         <kind>archive</kind>
         <file>rtsv7M4_T_le_v4SPD16_eabi.lib</file>
         <name>div0.asm.obj</name>
      </input_file>
      <input_file id="fl-cf">
         <path>C:\ti\ccs1220\ccs\tools\compiler\ti-cgt-arm_20.2.7.LTS\lib\</path>
         <kind>archive</kind>
         <file>rtsv7M4_T_le_v4SPD16_eabi.lib</file>
         <name>fd_add_t2.asm.obj</name>
      </input_file>
      <input_file id="fl-d0">
         <path>C:\ti\ccs1220\ccs\tools\compiler\ti-cgt-arm_20.2.7.LTS\lib\</path>
         <kind>archive</kind>
         <file>rtsv7M4_T_le_v4SPD16_eabi.lib</file>
         <name>fd_cmp_t2.asm.obj</name>
      </input_file>
      <input_file id="fl-d1">
         <path>C:\ti\ccs1220\ccs\tools\compiler\ti-cgt-arm_20.2.7.LTS\lib\</path>
         <kind>archive</kind>
         <file>rtsv7M4_T_le_v4SPD16_eabi.lib</file>
         <name>fd_div_t2.asm.obj</name>
      </input_file>
      <input_file id="fl-d2">
         <path>C:\ti\ccs1220\ccs\tools\compiler\ti-cgt-arm_20.2.7.LTS\lib\</path>
         <kind>archive</kind>
         <file>rtsv7M4_T_le_v4SPD16_eabi.lib</file>
         <name>fd_mul_t2.asm.obj</name>
      </input_file>
      <input_file id="fl-d3">
         <path>C:\ti\ccs1220\ccs\tools\compiler\ti-cgt-arm_20.2.7.LTS\lib\</path>
         <kind>archive</kind>
         <file>rtsv7M4_T_le_v4SPD16_eabi.lib</file>
         <name>fd_toi_t2.asm.obj</name>
      </input_file>
      <input_file id="fl-d4">
         <path>C:\ti\ccs1220\ccs\tools\compiler\ti-cgt-arm_20.2.7.LTS\lib\</path>
         <kind>archive</kind>
         <file>rtsv7M4_T_le_v4SPD16_eabi.lib</file>
         <name>i_tofd_t2.asm.obj</name>
      </input_file>
      <input_file id="fl-d5">
         <path>C:\ti\ccs1220\ccs\tools\compiler\ti-cgt-arm_20.2.7.LTS\lib\</path>
         <kind>archive</kind>
         <file>rtsv7M4_T_le_v4SPD16_eabi.lib</file>
         <name>memset_t2.asm.obj</name>
      </input_file>
      <input_file id="fl-d6">
         <path>C:\ti\ccs1220\ccs\tools\compiler\ti-cgt-arm_20.2.7.LTS\lib\</path>
         <kind>archive</kind>
         <file>rtsv7M4_T_le_v4SPD16_eabi.lib</file>
         <name>ull_div_t2.asm.obj</name>
      </input_file>
      <input_file id="fl-d7">
         <path>C:\ti\ccs1220\ccs\tools\compiler\ti-cgt-arm_20.2.7.LTS\lib\</path>
         <kind>archive</kind>
         <file>rtsv7M4_T_le_v4SPD16_eabi.lib</file>
         <name>autoinit.c.obj</name>
      </input_file>
      <input_file id="fl-d8">
         <path>C:\ti\ccs1220\ccs\tools\compiler\ti-cgt-arm_20.2.7.LTS\lib\</path>
         <kind>archive</kind>
         <file>rtsv7M4_T_le_v4SPD16_eabi.lib</file>
         <name>pre_init.c.obj</name>
      </input_file>
      <input_file id="fl-d9">
         <path>C:\ti\ccs1220\ccs\tools\compiler\ti-cgt-arm_20.2.7.LTS\lib\</path>
         <kind>archive</kind>
         <file>rtsv7M4_T_le_v4SPD16_eabi.lib</file>
         <name>cpy_tbl.c.obj</name>
      </input_file>
      <input_file id="fl-da">
         <path>C:\ti\ccs1220\ccs\tools\compiler\ti-cgt-arm_20.2.7.LTS\lib\</path>
         <kind>archive</kind>
         <file>rtsv7M4_T_le_v4SPD16_eabi.lib</file>
         <name>exit.c.obj</name>
      </input_file>
      <input_file id="fl-db">
         <path>C:\ti\ccs1220\ccs\tools\compiler\ti-cgt-arm_20.2.7.LTS\lib\</path>
         <kind>archive</kind>
         <file>rtsv7M4_T_le_v4SPD16_eabi.lib</file>
         <name>_lock.c.obj</name>
      </input_file>
      <input_file id="fl-dc">
         <path>C:\ti\ccs1220\ccs\tools\compiler\ti-cgt-arm_20.2.7.LTS\lib\</path>
         <kind>archive</kind>
         <file>rtsv7M4_T_le_v4SPD16_eabi.lib</file>
         <name>_ltoa.c.obj</name>
      </input_file>
      <input_file id="fl-dd">
         <path>C:\ti\ccs1220\ccs\tools\compiler\ti-cgt-arm_20.2.7.LTS\lib\</path>
         <kind>archive</kind>
         <file>rtsv7M4_T_le_v4SPD16_eabi.lib</file>
         <name>args_main.c.obj</name>
      </input_file>
      <input_file id="fl-de">
         <path>C:\ti\ccs1220\ccs\tools\compiler\ti-cgt-arm_20.2.7.LTS\lib\</path>
         <kind>archive</kind>
         <file>rtsv7M4_T_le_v4SPD16_eabi.lib</file>
         <name>atoi.c.obj</name>
      </input_file>
      <input_file id="fl-df">
         <path>C:\ti\ccs1220\ccs\tools\compiler\ti-cgt-arm_20.2.7.LTS\lib\</path>
         <kind>archive</kind>
         <file>rtsv7M4_T_le_v4SPD16_eabi.lib</file>
         <name>ctype.c.obj</name>
      </input_file>
      <input_file id="fl-e0">
         <path>C:\ti\ccs1220\ccs\tools\compiler\ti-cgt-arm_20.2.7.LTS\lib\</path>
         <kind>archive</kind>
         <file>rtsv7M4_T_le_v4SPD16_eabi.lib</file>
         <name>memccpy.c.obj</name>
      </input_file>
      <input_file id="fl-e1">
         <path>C:\ti\ccs1220\ccs\tools\compiler\ti-cgt-arm_20.2.7.LTS\lib\</path>
         <kind>archive</kind>
         <file>rtsv7M4_T_le_v4SPD16_eabi.lib</file>
         <name>strchr.c.obj</name>
      </input_file>
      <input_file id="fl-e2">
         <path>C:\ti\ccs1220\ccs\tools\compiler\ti-cgt-arm_20.2.7.LTS\lib\</path>
         <kind>archive</kind>
         <file>rtsv7M4_T_le_v4SPD16_eabi.lib</file>
         <name>strlen.c.obj</name>
      </input_file>
      <input_file id="fl-e3">
         <path>C:\ti\ccs1220\ccs\tools\compiler\ti-cgt-arm_20.2.7.LTS\lib\</path>
         <kind>archive</kind>
         <file>rtsv7M4_T_le_v4SPD16_eabi.lib</file>
         <name>errno.c.obj</name>
      </input_file>
      <input_file id="fl-e4">
         <path>C:\ti\ccs1220\ccs\tools\compiler\ti-cgt-arm_20.2.7.LTS\lib\</path>
         <kind>archive</kind>
         <file>rtsv7M4_T_le_v4SPD16_eabi.lib</file>
         <name>wcslen.c.obj</name>
      </input_file>
      <input_file id="fl-e5">
         <path>C:\ti\ccs1220\ccs\tools\compiler\ti-cgt-arm_20.2.7.LTS\lib\</path>
         <kind>archive</kind>
         <file>rtsv7M4_T_le_v4SPD16_eabi.lib</file>
         <name>s_frexp.c.obj</name>
      </input_file>
      <input_file id="fl-e6">
         <path>C:\ti\ccs1220\ccs\tools\compiler\ti-cgt-arm_20.2.7.LTS\lib\</path>
         <kind>archive</kind>
         <file>rtsv7M4_T_le_v4SPD16_eabi.lib</file>
         <name>s_scalbn.c.obj</name>
      </input_file>
      <input_file id="fl-e7">
         <path>C:\ti\ccs1220\ccs\tools\compiler\ti-cgt-arm_20.2.7.LTS\lib\</path>
         <kind>archive</kind>
         <file>rtsv7M4_T_le_v4SPD16_eabi.lib</file>
         <name>s_copysign.c.obj</name>
      </input_file>
      <input_file id="fl-e8">
         <path>C:\Users\ARJUN KRISHNA\Downloads\TivaWare_C_Series-2.2.0.295\sensorlib\ccs\Debug\</path>
         <kind>archive</kind>
         <file>sensorlib.lib</file>
         <name>comp_dcm.obj</name>
      </input_file>
      <input_file id="fl-e9">
         <path>C:\Users\ARJUN KRISHNA\Downloads\TivaWare_C_Series-2.2.0.295\sensorlib\ccs\Debug\</path>
         <kind>archive</kind>
         <file>sensorlib.lib</file>
         <name>i2cm_drv.obj</name>
      </input_file>
      <input_file id="fl-ea">
         <path>C:\Users\ARJUN KRISHNA\Downloads\TivaWare_C_Series-2.2.0.295\sensorlib\ccs\Debug\</path>
         <kind>archive</kind>
         <file>sensorlib.lib</file>
         <name>mpu9150.obj</name>
      </input_file>
      <input_file id="fl-eb">
         <path>C:\Users\ARJUN KRISHNA\Downloads\TivaWare_C_Series-2.2.0.295\sensorlib\ccs\Debug\</path>
         <kind>archive</kind>
         <file>sensorlib.lib</file>
         <name>vector.obj</name>
      </input_file>
      <input_file id="fl-ec">
         <path>C:\Users\ARJUN KRISHNA\Downloads\TivaWare_C_Series-2.2.0.295\driverlib\ccs\Debug\</path>
         <kind>archive</kind>
         <file>driverlib.lib</file>
         <name>gpio.obj</name>
      </input_file>
      <input_file id="fl-ed">
         <path>C:\Users\ARJUN KRISHNA\Downloads\TivaWare_C_Series-2.2.0.295\driverlib\ccs\Debug\</path>
         <kind>archive</kind>
         <file>driverlib.lib</file>
         <name>i2c.obj</name>
      </input_file>
      <input_file id="fl-ee">
         <path>C:\Users\ARJUN KRISHNA\Downloads\TivaWare_C_Series-2.2.0.295\driverlib\ccs\Debug\</path>
         <kind>archive</kind>
         <file>driverlib.lib</file>
         <name>interrupt.obj</name>
      </input_file>
      <input_file id="fl-ef">
         <path>C:\Users\ARJUN KRISHNA\Downloads\TivaWare_C_Series-2.2.0.295\driverlib\ccs\Debug\</path>
         <kind>archive</kind>
         <file>driverlib.lib</file>
         <name>sysctl.obj</name>
      </input_file>
      <input_file id="fl-f0">
         <path>C:\Users\ARJUN KRISHNA\Downloads\TivaWare_C_Series-2.2.0.295\driverlib\ccs\Debug\</path>
         <kind>archive</kind>
         <file>driverlib.lib</file>
         <name>uart.obj</name>
      </input_file>
      <input_file id="fl-f1">
         <path>C:\Users\ARJUN KRISHNA\Downloads\TivaWare_C_Series-2.2.0.295\driverlib\ccs\Debug\</path>
         <kind>archive</kind>
         <file>driverlib.lib</file>
         <name>cpu.obj</name>
      </input_file>
      <input_file id="fl-f2">
         <path>C:\ti\ccs1220\ccs\tools\compiler\ti-cgt-arm_20.2.7.LTS\lib\</path>
         <kind>archive</kind>
         <file>rtsv7M4_T_le_v4SPD16_eabi.lib</file>
         <name>e_asinf.c.obj</name>
      </input_file>
      <input_file id="fl-f3">
         <path>C:\ti\ccs1220\ccs\tools\compiler\ti-cgt-arm_20.2.7.LTS\lib\</path>
         <kind>archive</kind>
         <file>rtsv7M4_T_le_v4SPD16_eabi.lib</file>
         <name>e_atan2f.c.obj</name>
      </input_file>
      <input_file id="fl-f4">
         <path>C:\ti\ccs1220\ccs\tools\compiler\ti-cgt-arm_20.2.7.LTS\lib\</path>
         <kind>archive</kind>
         <file>rtsv7M4_T_le_v4SPD16_eabi.lib</file>
         <name>e_sqrtf.c.obj</name>
      </input_file>
      <input_file id="fl-f5">
         <path>C:\ti\ccs1220\ccs\tools\compiler\ti-cgt-arm_20.2.7.LTS\lib\</path>
         <kind>archive</kind>
         <file>rtsv7M4_T_le_v4SPD16_eabi.lib</file>
         <name>s_atanf.c.obj</name>
      </input_file>
      <input_file id="fl-f6">
         <path>C:\ti\ccs1220\ccs\tools\compiler\ti-cgt-arm_20.2.7.LTS\lib\</path>
         <kind>archive</kind>
         <file>rtsv7M4_T_le_v4SPD16_eabi.lib</file>
         <name>e_sqrt.c.obj</name>
      </input_file>
      <input_file id="fl-f7">
         <path>C:\ti\ccs1220\ccs\tools\compiler\ti-cgt-arm_20.2.7.LTS\lib\</path>
         <kind>archive</kind>
         <file>rtsv7M4_T_le_v4SPD16_eabi.lib</file>
         <name>fd_tos_t2.asm.obj</name>
      </input_file>
      <input_file id="fl-f8">
         <path>C:\ti\ccs1220\ccs\tools\compiler\ti-cgt-arm_20.2.7.LTS\lib\</path>
         <kind>archive</kind>
         <file>rtsv7M4_T_le_v4SPD16_eabi.lib</file>
         <name>fs_tod_t2.asm.obj</name>
      </input_file>
   </input_file_list>
   <object_component_list>
      <object_component id="oc-12">
         <name>.intvecs</name>
         <load_address>0x0</load_address>
         <run_address>0x0</run_address>
         <size>0x26c</size>
         <input_file_ref idref="fl-3"/>
      </object_component>
      <object_component id="oc-2d">
         <name>.text</name>
         <load_address>0x26c</load_address>
         <run_address>0x26c</run_address>
         <size>0x15a4</size>
         <input_file_ref idref="fl-2"/>
      </object_component>
      <object_component id="oc-1ac">
         <name>.text:__TI_printfi</name>
         <load_address>0x1810</load_address>
         <run_address>0x1810</run_address>
         <size>0xa4e</size>
         <input_file_ref idref="fl-cd"/>
      </object_component>
      <object_component id="oc-1a6">
         <name>.text</name>
         <load_address>0x225e</load_address>
         <run_address>0x225e</run_address>
         <size>0x2</size>
         <input_file_ref idref="fl-ce"/>
      </object_component>
      <object_component id="oc-7a">
         <name>.text</name>
         <load_address>0x2260</load_address>
         <run_address>0x2260</run_address>
         <size>0x4dc</size>
         <input_file_ref idref="fl-6"/>
      </object_component>
      <object_component id="oc-33">
         <name>.text</name>
         <load_address>0x273c</load_address>
         <run_address>0x273c</run_address>
         <size>0x42c</size>
         <input_file_ref idref="fl-5"/>
      </object_component>
      <object_component id="oc-e1">
         <name>.text:CompDCMUpdate</name>
         <load_address>0x2b68</load_address>
         <run_address>0x2b68</run_address>
         <size>0x300</size>
         <input_file_ref idref="fl-e8"/>
      </object_component>
      <object_component id="oc-34e">
         <name>.text:_pconv_a</name>
         <load_address>0x2e68</load_address>
         <run_address>0x2e68</run_address>
         <size>0x270</size>
         <input_file_ref idref="fl-cd"/>
      </object_component>
      <object_component id="oc-33c">
         <name>.text:_pconv_g</name>
         <load_address>0x30d8</load_address>
         <run_address>0x30d8</run_address>
         <size>0x1d0</size>
         <input_file_ref idref="fl-cd"/>
      </object_component>
      <object_component id="oc-ed">
         <name>.text:CompDCMComputeQuaternion</name>
         <load_address>0x32a8</load_address>
         <run_address>0x32a8</run_address>
         <size>0x1c8</size>
         <input_file_ref idref="fl-e8"/>
      </object_component>
      <object_component id="oc-279">
         <name>.text</name>
         <load_address>0x3470</load_address>
         <run_address>0x3470</run_address>
         <size>0x1b6</size>
         <input_file_ref idref="fl-cf"/>
      </object_component>
      <object_component id="oc-1e4">
         <name>.text:MPU9150Callback</name>
         <load_address>0x3628</load_address>
         <run_address>0x3628</run_address>
         <size>0x194</size>
         <input_file_ref idref="fl-ea"/>
      </object_component>
      <object_component id="oc-285">
         <name>.text:asinf</name>
         <load_address>0x37bc</load_address>
         <run_address>0x37bc</run_address>
         <size>0x170</size>
         <input_file_ref idref="fl-f2"/>
      </object_component>
      <object_component id="oc-27f">
         <name>.text:atan2f</name>
         <load_address>0x392c</load_address>
         <run_address>0x392c</run_address>
         <size>0x158</size>
         <input_file_ref idref="fl-f3"/>
      </object_component>
      <object_component id="oc-3d5">
         <name>.text:sqrt</name>
         <load_address>0x3a84</load_address>
         <run_address>0x3a84</run_address>
         <size>0x158</size>
         <input_file_ref idref="fl-f6"/>
      </object_component>
      <object_component id="oc-3c8">
         <name>.text:atanf</name>
         <load_address>0x3bdc</load_address>
         <run_address>0x3bdc</run_address>
         <size>0x150</size>
         <input_file_ref idref="fl-f5"/>
      </object_component>
      <object_component id="oc-348">
         <name>.text:_pconv_e</name>
         <load_address>0x3d2c</load_address>
         <run_address>0x3d2c</run_address>
         <size>0x13c</size>
         <input_file_ref idref="fl-cd"/>
      </object_component>
      <object_component id="oc-429">
         <name>.text</name>
         <load_address>0x3e68</load_address>
         <run_address>0x3e68</run_address>
         <size>0x136</size>
         <input_file_ref idref="fl-d1"/>
      </object_component>
      <object_component id="oc-295">
         <name>.text:GPIOPadConfigSet</name>
         <load_address>0x3f9e</load_address>
         <run_address>0x3f9e</run_address>
         <size>0x132</size>
         <input_file_ref idref="fl-ec"/>
      </object_component>
      <object_component id="oc-450">
         <name>.text:fcvt</name>
         <load_address>0x40d0</load_address>
         <run_address>0x40d0</run_address>
         <size>0x124</size>
         <input_file_ref idref="fl-cd"/>
      </object_component>
      <object_component id="oc-14b">
         <name>.text:SysCtlClockGet</name>
         <load_address>0x41f4</load_address>
         <run_address>0x41f4</run_address>
         <size>0x110</size>
         <input_file_ref idref="fl-ef"/>
      </object_component>
      <object_component id="oc-464">
         <name>.text:scalbn</name>
         <load_address>0x4304</load_address>
         <run_address>0x4304</run_address>
         <size>0x110</size>
         <input_file_ref idref="fl-e6"/>
      </object_component>
      <object_component id="oc-24b">
         <name>.text</name>
         <load_address>0x4414</load_address>
         <run_address>0x4414</run_address>
         <size>0xfc</size>
         <input_file_ref idref="fl-d2"/>
      </object_component>
      <object_component id="oc-a7">
         <name>.text:I2CMIntHandler</name>
         <load_address>0x4510</load_address>
         <run_address>0x4510</run_address>
         <size>0xf2</size>
         <input_file_ref idref="fl-e9"/>
      </object_component>
      <object_component id="oc-331">
         <name>.text:_ltostr</name>
         <load_address>0x4604</load_address>
         <run_address>0x4604</run_address>
         <size>0xb1</size>
         <input_file_ref idref="fl-cd"/>
      </object_component>
      <object_component id="oc-d9">
         <name>.text:CompDCMStart</name>
         <load_address>0x46b6</load_address>
         <run_address>0x46b6</run_address>
         <size>0xb0</size>
         <input_file_ref idref="fl-e8"/>
      </object_component>
      <object_component id="oc-c1">
         <name>.text:MPU9150DataMagnetoGetFloat</name>
         <load_address>0x4768</load_address>
         <run_address>0x4768</run_address>
         <size>0xa8</size>
         <input_file_ref idref="fl-ea"/>
      </object_component>
      <object_component id="oc-125">
         <name>.text:MPU9150Write</name>
         <load_address>0x4810</load_address>
         <run_address>0x4810</run_address>
         <size>0x9c</size>
         <input_file_ref idref="fl-ea"/>
      </object_component>
      <object_component id="oc-47">
         <name>.text</name>
         <load_address>0x48ac</load_address>
         <run_address>0x48ac</run_address>
         <size>0x9c</size>
         <input_file_ref idref="fl-c6"/>
      </object_component>
      <object_component id="oc-234">
         <name>.text:I2CMStateIdle</name>
         <load_address>0x4948</load_address>
         <run_address>0x4948</run_address>
         <size>0x9a</size>
         <input_file_ref idref="fl-e9"/>
      </object_component>
      <object_component id="oc-422">
         <name>.text</name>
         <load_address>0x49e2</load_address>
         <run_address>0x49e2</run_address>
         <size>0x96</size>
         <input_file_ref idref="fl-d6"/>
      </object_component>
      <object_component id="oc-1de">
         <name>.text:I2CMCommand</name>
         <load_address>0x4a78</load_address>
         <run_address>0x4a78</run_address>
         <size>0x88</size>
         <input_file_ref idref="fl-e9"/>
      </object_component>
      <object_component id="oc-337">
         <name>.text:__aeabi_cdcmple</name>
         <load_address>0x4b00</load_address>
         <run_address>0x4b00</run_address>
         <size>0x86</size>
         <input_file_ref idref="fl-d0"/>
      </object_component>
      <object_component id="oc-42e">
         <name>.text:__aeabi_cdrcmple</name>
         <load_address>0x4b86</load_address>
         <run_address>0x4b86</run_address>
         <size>0x86</size>
         <input_file_ref idref="fl-d0"/>
      </object_component>
      <object_component id="oc-b5">
         <name>.text:MPU9150DataAccelGetFloat</name>
         <load_address>0x4c0c</load_address>
         <run_address>0x4c0c</run_address>
         <size>0x7c</size>
         <input_file_ref idref="fl-ea"/>
      </object_component>
      <object_component id="oc-bb">
         <name>.text:MPU9150DataGyroGetFloat</name>
         <load_address>0x4c88</load_address>
         <run_address>0x4c88</run_address>
         <size>0x7c</size>
         <input_file_ref idref="fl-ea"/>
      </object_component>
      <object_component id="oc-17b">
         <name>.text</name>
         <load_address>0x4d04</load_address>
         <run_address>0x4d04</run_address>
         <size>0x7a</size>
         <input_file_ref idref="fl-d5"/>
      </object_component>
      <object_component id="oc-449">
         <name>.text:_mcpy</name>
         <load_address>0x4d7e</load_address>
         <run_address>0x4d7e</run_address>
         <size>0x6e</size>
         <input_file_ref idref="fl-cd"/>
      </object_component>
      <object_component id="oc-250">
         <name>.text</name>
         <load_address>0x4dec</load_address>
         <run_address>0x4dec</run_address>
         <size>0x6e</size>
         <input_file_ref idref="fl-f7"/>
      </object_component>
      <object_component id="oc-11f">
         <name>.text:MPU9150Init</name>
         <load_address>0x4e5c</load_address>
         <run_address>0x4e5c</run_address>
         <size>0x6c</size>
         <input_file_ref idref="fl-ea"/>
      </object_component>
      <object_component id="oc-383">
         <name>.text:IntDisable</name>
         <load_address>0x4ec8</load_address>
         <run_address>0x4ec8</run_address>
         <size>0x68</size>
         <input_file_ref idref="fl-ee"/>
      </object_component>
      <object_component id="oc-2a3">
         <name>.text:IntEnable</name>
         <load_address>0x4f30</load_address>
         <run_address>0x4f30</run_address>
         <size>0x68</size>
         <input_file_ref idref="fl-ee"/>
      </object_component>
      <object_component id="oc-15">
         <name>.text:decompress:lzss:__TI_decompress_lzss</name>
         <load_address>0x4f98</load_address>
         <run_address>0x4f98</run_address>
         <size>0x68</size>
         <input_file_ref idref="fl-ca"/>
      </object_component>
      <object_component id="oc-37d">
         <name>.text:IntIsEnabled</name>
         <load_address>0x5000</load_address>
         <run_address>0x5000</run_address>
         <size>0x64</size>
         <input_file_ref idref="fl-ee"/>
      </object_component>
      <object_component id="oc-45e">
         <name>.text:frexp</name>
         <load_address>0x5064</load_address>
         <run_address>0x5064</run_address>
         <size>0x64</size>
         <input_file_ref idref="fl-e5"/>
      </object_component>
      <object_component id="oc-a1">
         <name>.text:MPU9150DataRead</name>
         <load_address>0x50c8</load_address>
         <run_address>0x50c8</run_address>
         <size>0x60</size>
         <input_file_ref idref="fl-ea"/>
      </object_component>
      <object_component id="oc-222">
         <name>.text:I2CMStateWritePause</name>
         <load_address>0x5128</load_address>
         <run_address>0x5128</run_address>
         <size>0x5e</size>
         <input_file_ref idref="fl-e9"/>
      </object_component>
      <object_component id="oc-25a">
         <name>.text:VectorCrossProduct</name>
         <load_address>0x5186</load_address>
         <run_address>0x5186</run_address>
         <size>0x56</size>
         <input_file_ref idref="fl-eb"/>
      </object_component>
      <object_component id="oc-342">
         <name>.text:_pconv_f</name>
         <load_address>0x51dc</load_address>
         <run_address>0x51dc</run_address>
         <size>0x56</size>
         <input_file_ref idref="fl-cd"/>
      </object_component>
      <object_component id="oc-2b1">
         <name>.text:I2CMWrite8</name>
         <load_address>0x5234</load_address>
         <run_address>0x5234</run_address>
         <size>0x54</size>
         <input_file_ref idref="fl-e9"/>
      </object_component>
      <object_component id="oc-438">
         <name>.text:__TI_ltoa</name>
         <load_address>0x5288</load_address>
         <run_address>0x5288</run_address>
         <size>0x54</size>
         <input_file_ref idref="fl-dc"/>
      </object_component>
      <object_component id="oc-443">
         <name>.text:_ecpy</name>
         <load_address>0x52dc</load_address>
         <run_address>0x52dc</run_address>
         <size>0x52</size>
         <input_file_ref idref="fl-cd"/>
      </object_component>
      <object_component id="oc-228">
         <name>.text:I2CMStateWriteFinal</name>
         <load_address>0x532e</load_address>
         <run_address>0x532e</run_address>
         <size>0x50</size>
         <input_file_ref idref="fl-e9"/>
      </object_component>
      <object_component id="oc-151">
         <name>.text</name>
         <load_address>0x537e</load_address>
         <run_address>0x537e</run_address>
         <size>0x50</size>
         <input_file_ref idref="fl-c5"/>
      </object_component>
      <object_component id="oc-29d">
         <name>.text:I2CMasterInitExpClk</name>
         <load_address>0x53d0</load_address>
         <run_address>0x53d0</run_address>
         <size>0x4c</size>
         <input_file_ref idref="fl-ed"/>
      </object_component>
      <object_component id="oc-32b">
         <name>.text:atoi</name>
         <load_address>0x541c</load_address>
         <run_address>0x541c</run_address>
         <size>0x4c</size>
         <input_file_ref idref="fl-de"/>
      </object_component>
      <object_component id="oc-210">
         <name>.text:I2CMStateReadNext</name>
         <load_address>0x5468</load_address>
         <run_address>0x5468</run_address>
         <size>0x4a</size>
         <input_file_ref idref="fl-e9"/>
      </object_component>
      <object_component id="oc-22e">
         <name>.text:I2CMStateWriteNext</name>
         <load_address>0x54b2</load_address>
         <run_address>0x54b2</run_address>
         <size>0x48</size>
         <input_file_ref idref="fl-e9"/>
      </object_component>
      <object_component id="oc-433">
         <name>.text</name>
         <load_address>0x54fa</load_address>
         <run_address>0x54fa</run_address>
         <size>0x48</size>
         <input_file_ref idref="fl-d3"/>
      </object_component>
      <object_component id="oc-12b">
         <name>.text:CompDCMInit</name>
         <load_address>0x5544</load_address>
         <run_address>0x5544</run_address>
         <size>0x44</size>
         <input_file_ref idref="fl-e8"/>
      </object_component>
      <object_component id="oc-1f8">
         <name>.text:I2CMStateCallback</name>
         <load_address>0x5588</load_address>
         <run_address>0x5588</run_address>
         <size>0x44</size>
         <input_file_ref idref="fl-e9"/>
      </object_component>
      <object_component id="oc-2e7">
         <name>.text:__TI_auto_init_nobinit_nopinit:__TI_auto_init_nobinit_nopinit</name>
         <load_address>0x55cc</load_address>
         <run_address>0x55cc</run_address>
         <size>0x44</size>
         <input_file_ref idref="fl-d7"/>
      </object_component>
      <object_component id="oc-e7">
         <name>.text:CompDCMComputeEulers</name>
         <load_address>0x5610</load_address>
         <run_address>0x5610</run_address>
         <size>0x42</size>
         <input_file_ref idref="fl-e8"/>
      </object_component>
      <object_component id="oc-20a">
         <name>.text:I2CMStateReadFinal</name>
         <load_address>0x5652</load_address>
         <run_address>0x5652</run_address>
         <size>0x42</size>
         <input_file_ref idref="fl-e9"/>
      </object_component>
      <object_component id="oc-3ef">
         <name>.text:I2CMWrite8Callback</name>
         <load_address>0x5694</load_address>
         <run_address>0x5694</run_address>
         <size>0x40</size>
         <input_file_ref idref="fl-e9"/>
      </object_component>
      <object_component id="oc-80">
         <name>.text</name>
         <load_address>0x56d4</load_address>
         <run_address>0x56d4</run_address>
         <size>0x40</size>
         <input_file_ref idref="fl-c7"/>
      </object_component>
      <object_component id="oc-85">
         <name>.text:sprintf</name>
         <load_address>0x5714</load_address>
         <run_address>0x5714</run_address>
         <size>0x40</size>
         <input_file_ref idref="fl-c4"/>
      </object_component>
      <object_component id="oc-204">
         <name>.text:I2CMStateReadPause</name>
         <load_address>0x5754</load_address>
         <run_address>0x5754</run_address>
         <size>0x3e</size>
         <input_file_ref idref="fl-e9"/>
      </object_component>
      <object_component id="oc-456">
         <name>.text:_fcpy</name>
         <load_address>0x5792</load_address>
         <run_address>0x5792</run_address>
         <size>0x3e</size>
         <input_file_ref idref="fl-cd"/>
      </object_component>
      <object_component id="oc-246">
         <name>.text</name>
         <load_address>0x57d0</load_address>
         <run_address>0x57d0</run_address>
         <size>0x38</size>
         <input_file_ref idref="fl-f8"/>
      </object_component>
      <object_component id="oc-119">
         <name>.text:I2CMInit</name>
         <load_address>0x5808</load_address>
         <run_address>0x5808</run_address>
         <size>0x34</size>
         <input_file_ref idref="fl-e9"/>
      </object_component>
      <object_component id="oc-65">
         <name>.text:_c_int00_noargs:_c_int00_noargs</name>
         <load_address>0x583c</load_address>
         <run_address>0x583c</run_address>
         <size>0x34</size>
         <input_file_ref idref="fl-cc"/>
      </object_component>
      <object_component id="oc-273">
         <name>.text:VectorAdd</name>
         <load_address>0x5870</load_address>
         <run_address>0x5870</run_address>
         <size>0x32</size>
         <input_file_ref idref="fl-eb"/>
      </object_component>
      <object_component id="oc-4b7">
         <name>.text:I2CMTransferResume</name>
         <load_address>0x58a2</load_address>
         <run_address>0x58a2</run_address>
         <size>0x30</size>
         <input_file_ref idref="fl-e9"/>
      </object_component>
      <object_component id="oc-43e">
         <name>.text</name>
         <load_address>0x58d2</load_address>
         <run_address>0x58d2</run_address>
         <size>0x2e</size>
         <input_file_ref idref="fl-d4"/>
      </object_component>
      <object_component id="oc-28f">
         <name>.text:GPIODirModeSet</name>
         <load_address>0x5900</load_address>
         <run_address>0x5900</run_address>
         <size>0x2a</size>
         <input_file_ref idref="fl-ec"/>
      </object_component>
      <object_component id="oc-216">
         <name>.text:I2CMStateReadFirst</name>
         <load_address>0x592a</load_address>
         <run_address>0x592a</run_address>
         <size>0x2a</size>
         <input_file_ref idref="fl-e9"/>
      </object_component>
      <object_component id="oc-266">
         <name>.text:sqrtf</name>
         <load_address>0x5954</load_address>
         <run_address>0x5954</run_address>
         <size>0x28</size>
         <input_file_ref idref="fl-f4"/>
      </object_component>
      <object_component id="oc-260">
         <name>.text:VectorDotProduct</name>
         <load_address>0x597c</load_address>
         <run_address>0x597c</run_address>
         <size>0x26</size>
         <input_file_ref idref="fl-eb"/>
      </object_component>
      <object_component id="oc-26c">
         <name>.text:VectorScale</name>
         <load_address>0x59a2</load_address>
         <run_address>0x59a2</run_address>
         <size>0x26</size>
         <input_file_ref idref="fl-eb"/>
      </object_component>
      <object_component id="oc-21c">
         <name>.text:I2CMStateReadOne</name>
         <load_address>0x59c8</load_address>
         <run_address>0x59c8</run_address>
         <size>0x20</size>
         <input_file_ref idref="fl-e9"/>
      </object_component>
      <object_component id="oc-354">
         <name>.text:memccpy</name>
         <load_address>0x59e8</load_address>
         <run_address>0x59e8</run_address>
         <size>0x1c</size>
         <input_file_ref idref="fl-e0"/>
      </object_component>
      <object_component id="oc-1fe">
         <name>.text:I2CMStateReadWait</name>
         <load_address>0x5a04</load_address>
         <run_address>0x5a04</run_address>
         <size>0x1a</size>
         <input_file_ref idref="fl-e9"/>
      </object_component>
      <object_component id="oc-4fa">
         <name>.text:copysign</name>
         <load_address>0x5a1e</load_address>
         <run_address>0x5a1e</run_address>
         <size>0x1a</size>
         <input_file_ref idref="fl-e7"/>
      </object_component>
      <object_component id="oc-1b2">
         <name>.text:_outs</name>
         <load_address>0x5a38</load_address>
         <run_address>0x5a38</run_address>
         <size>0x18</size>
         <input_file_ref idref="fl-c4"/>
      </object_component>
      <object_component id="oc-46a">
         <name>.text:strchr</name>
         <load_address>0x5a50</load_address>
         <run_address>0x5a50</run_address>
         <size>0x16</size>
         <input_file_ref idref="fl-e1"/>
      </object_component>
      <object_component id="oc-131">
         <name>.text:strcpy</name>
         <load_address>0x5a66</load_address>
         <run_address>0x5a66</run_address>
         <size>0x14</size>
         <input_file_ref idref="fl-cb"/>
      </object_component>
      <object_component id="oc-325">
         <name>.text:strlen</name>
         <load_address>0x5a7a</load_address>
         <run_address>0x5a7a</run_address>
         <size>0x14</size>
         <input_file_ref idref="fl-e2"/>
      </object_component>
      <object_component id="oc-10d">
         <name>.text:GPIOPinTypeI2CSCL</name>
         <load_address>0x5a8e</load_address>
         <run_address>0x5a8e</run_address>
         <size>0x12</size>
         <input_file_ref idref="fl-ec"/>
      </object_component>
      <object_component id="oc-35a">
         <name>.text:wcslen</name>
         <load_address>0x5aa0</load_address>
         <run_address>0x5aa0</run_address>
         <size>0x12</size>
         <input_file_ref idref="fl-e4"/>
      </object_component>
      <object_component id="oc-cd">
         <name>.text:CompDCMAccelUpdate</name>
         <load_address>0x5ab2</load_address>
         <run_address>0x5ab2</run_address>
         <size>0xe</size>
         <input_file_ref idref="fl-e8"/>
      </object_component>
      <object_component id="oc-d3">
         <name>.text:CompDCMGyroUpdate</name>
         <load_address>0x5ac0</load_address>
         <run_address>0x5ac0</run_address>
         <size>0xe</size>
         <input_file_ref idref="fl-e8"/>
      </object_component>
      <object_component id="oc-c7">
         <name>.text:CompDCMMagnetoUpdate</name>
         <load_address>0x5ace</load_address>
         <run_address>0x5ace</run_address>
         <size>0xe</size>
         <input_file_ref idref="fl-e8"/>
      </object_component>
      <object_component id="oc-95">
         <name>.text:GPIOIntStatus</name>
         <load_address>0x5adc</load_address>
         <run_address>0x5adc</run_address>
         <size>0xe</size>
         <input_file_ref idref="fl-ec"/>
      </object_component>
      <object_component id="oc-1b">
         <name>.text:decompress:none:__TI_decompress_none</name>
         <load_address>0x5aea</load_address>
         <run_address>0x5aea</run_address>
         <size>0xe</size>
         <input_file_ref idref="fl-c9"/>
      </object_component>
      <object_component id="oc-113">
         <name>.text:GPIOIntEnable</name>
         <load_address>0x5af8</load_address>
         <run_address>0x5af8</run_address>
         <size>0xc</size>
         <input_file_ref idref="fl-ec"/>
      </object_component>
      <object_component id="oc-389">
         <name>.text:IntTrigger</name>
         <load_address>0x5b04</load_address>
         <run_address>0x5b04</run_address>
         <size>0xc</size>
         <input_file_ref idref="fl-ee"/>
      </object_component>
      <object_component id="oc-59">
         <name>.text:decompress:ZI:__TI_zero_init</name>
         <load_address>0x5b10</load_address>
         <run_address>0x5b10</run_address>
         <size>0xc</size>
         <input_file_ref idref="fl-c8"/>
      </object_component>
      <object_component id="oc-27">
         <name>.text</name>
         <load_address>0x5b1c</load_address>
         <run_address>0x5b1c</run_address>
         <size>0xc</size>
         <input_file_ref idref="fl-3"/>
      </object_component>
      <object_component id="oc-3e2">
         <name>.text:I2CMasterEnable</name>
         <load_address>0x5b28</load_address>
         <run_address>0x5b28</run_address>
         <size>0xa</size>
         <input_file_ref idref="fl-ed"/>
      </object_component>
      <object_component id="oc-1b8">
         <name>.text:_outc</name>
         <load_address>0x5b32</load_address>
         <run_address>0x5b32</run_address>
         <size>0xa</size>
         <input_file_ref idref="fl-c4"/>
      </object_component>
      <object_component id="oc-1ec">
         <name>.text:I2CMasterIntClear</name>
         <load_address>0x5b3c</load_address>
         <run_address>0x5b3c</run_address>
         <size>0x8</size>
         <input_file_ref idref="fl-ed"/>
      </object_component>
      <object_component id="oc-2a9">
         <name>.text:I2CMasterIntEnableEx</name>
         <load_address>0x5b44</load_address>
         <run_address>0x5b44</run_address>
         <size>0x8</size>
         <input_file_ref idref="fl-ed"/>
      </object_component>
      <object_component id="oc-3a1">
         <name>.text:I2CMasterSlaveAddrSet</name>
         <load_address>0x5b4c</load_address>
         <run_address>0x5b4c</run_address>
         <size>0x8</size>
         <input_file_ref idref="fl-ed"/>
      </object_component>
      <object_component id="oc-360">
         <name>.text:__aeabi_errno_addr</name>
         <load_address>0x5b54</load_address>
         <run_address>0x5b54</run_address>
         <size>0x8</size>
         <input_file_ref idref="fl-e3"/>
      </object_component>
      <object_component id="oc-9b">
         <name>.text:GPIOIntClear</name>
         <load_address>0x5b5c</load_address>
         <run_address>0x5b5c</run_address>
         <size>0x6</size>
         <input_file_ref idref="fl-ec"/>
      </object_component>
      <object_component id="oc-ad">
         <name>.text:UARTClockSourceSet</name>
         <load_address>0x5b62</load_address>
         <run_address>0x5b62</run_address>
         <size>0x6</size>
         <input_file_ref idref="fl-f0"/>
      </object_component>
      <object_component id="oc-1f2">
         <name>.text:I2CMasterControl</name>
         <load_address>0x5b68</load_address>
         <run_address>0x5b68</run_address>
         <size>0x4</size>
         <input_file_ref idref="fl-ed"/>
      </object_component>
      <object_component id="oc-397">
         <name>.text:I2CMasterDataGet</name>
         <load_address>0x5b6c</load_address>
         <run_address>0x5b6c</run_address>
         <size>0x4</size>
         <input_file_ref idref="fl-ed"/>
      </object_component>
      <object_component id="oc-3a9">
         <name>.text:I2CMasterDataPut</name>
         <load_address>0x5b70</load_address>
         <run_address>0x5b70</run_address>
         <size>0x4</size>
         <input_file_ref idref="fl-ed"/>
      </object_component>
      <object_component id="oc-181">
         <name>.text:_system_pre_init</name>
         <load_address>0x5b74</load_address>
         <run_address>0x5b74</run_address>
         <size>0x4</size>
         <input_file_ref idref="fl-d8"/>
      </object_component>
      <object_component id="oc-2db">
         <name>.text:abort:abort</name>
         <load_address>0x5b78</load_address>
         <run_address>0x5b78</run_address>
         <size>0x4</size>
         <input_file_ref idref="fl-da"/>
      </object_component>
      <object_component id="oc-41d">
         <name>.const:.string:_ctypes_</name>
         <load_address>0x5b80</load_address>
         <run_address>0x5b80</run_address>
         <size>0x101</size>
         <input_file_ref idref="fl-df"/>
      </object_component>
      <object_component id="oc-3e9">
         <name>.const</name>
         <load_address>0x5c84</load_address>
         <run_address>0x5c84</run_address>
         <size>0x70</size>
         <input_file_ref idref="fl-ee"/>
      </object_component>
      <object_component id="oc-2c0">
         <name>.const:g_pui32Xtals</name>
         <load_address>0x5cf4</load_address>
         <run_address>0x5cf4</run_address>
         <size>0x6c</size>
         <input_file_ref idref="fl-ef"/>
      </object_component>
      <object_component id="oc-49c">
         <name>.const:$O1$$</name>
         <load_address>0x5d60</load_address>
         <run_address>0x5d60</run_address>
         <size>0x34</size>
         <input_file_ref idref="fl-f5"/>
      </object_component>
      <object_component id="oc-19c">
         <name>.const</name>
         <load_address>0x5d94</load_address>
         <run_address>0x5d94</run_address>
         <size>0x4</size>
         <input_file_ref idref="fl-6"/>
      </object_component>
      <object_component id="oc-3db">
         <name>.const</name>
         <load_address>0x5d98</load_address>
         <run_address>0x5d98</run_address>
         <size>0x20</size>
         <input_file_ref idref="fl-f2"/>
      </object_component>
      <object_component id="oc-31f">
         <name>.const:.string</name>
         <load_address>0x5db8</load_address>
         <run_address>0x5db8</run_address>
         <size>0x12</size>
         <input_file_ref idref="fl-6"/>
      </object_component>
      <object_component id="oc-23e">
         <name>.const:g_fMPU9150AccelFactors</name>
         <load_address>0x5dcc</load_address>
         <run_address>0x5dcc</run_address>
         <size>0x10</size>
         <input_file_ref idref="fl-ea"/>
      </object_component>
      <object_component id="oc-242">
         <name>.const:g_fMPU9150GyroFactors</name>
         <load_address>0x5ddc</load_address>
         <run_address>0x5ddc</run_address>
         <size>0x10</size>
         <input_file_ref idref="fl-ea"/>
      </object_component>
      <object_component id="oc-199">
         <name>.const:g_ui32UARTBase</name>
         <load_address>0x5dec</load_address>
         <run_address>0x5dec</run_address>
         <size>0xc</size>
         <input_file_ref idref="fl-6"/>
      </object_component>
      <object_component id="oc-193">
         <name>.const:g_ui32UARTPeriph</name>
         <load_address>0x5df8</load_address>
         <run_address>0x5df8</run_address>
         <size>0xc</size>
         <input_file_ref idref="fl-6"/>
      </object_component>
      <object_component id="oc-569">
         <name>.cinit..data.load</name>
         <load_address>0x5e08</load_address>
         <run_address>0x5e08</run_address>
         <size>0xe</size>
      </object_component>
      <object_component id="oc-567">
         <name>__TI_handler_table</name>
         <load_address>0x5e18</load_address>
         <run_address>0x5e18</run_address>
         <size>0xc</size>
      </object_component>
      <object_component id="oc-56a">
         <name>.cinit..bss.load</name>
         <load_address>0x5e28</load_address>
         <run_address>0x5e28</run_address>
         <size>0x8</size>
      </object_component>
      <object_component id="oc-568">
         <name>__TI_cinit_table</name>
         <load_address>0x5e30</load_address>
         <run_address>0x5e30</run_address>
         <size>0x10</size>
      </object_component>
      <object_component id="oc-101">
         <name>.data</name>
         <load_address>0x20000850</load_address>
         <run_address>0x20000850</run_address>
         <size>0x30</size>
         <input_file_ref idref="fl-2"/>
      </object_component>
      <object_component id="oc-15a">
         <name>.data</name>
         <load_address>0x20000888</load_address>
         <run_address>0x20000888</run_address>
         <size>0x4</size>
         <input_file_ref idref="fl-5"/>
      </object_component>
      <object_component id="oc-196">
         <name>.data</name>
         <load_address>0x20000880</load_address>
         <run_address>0x20000880</run_address>
         <size>0x5</size>
         <input_file_ref idref="fl-6"/>
      </object_component>
      <object_component id="oc-47a">
         <name>.data</name>
         <load_address>0x2000088c</load_address>
         <run_address>0x2000088c</run_address>
         <size>0x4</size>
         <input_file_ref idref="fl-e3"/>
      </object_component>
      <object_component id="oc-157">
         <name>.bss:g_ui32Colors</name>
         <uninitialized>true</uninitialized>
         <run_address>0x200003b8</run_address>
         <size>0xc</size>
         <input_file_ref idref="fl-5"/>
      </object_component>
      <object_component id="oc-156">
         <name>.bss</name>
         <uninitialized>true</uninitialized>
         <run_address>0x200003d0</run_address>
         <size>0x4</size>
         <input_file_ref idref="fl-5"/>
      </object_component>
      <object_component id="oc-8b">
         <name>.common:g_pui32Colors</name>
         <uninitialized>true</uninitialized>
         <run_address>0x200003c4</run_address>
         <size>0xc</size>
      </object_component>
      <object_component id="oc-fc">
         <name>.common:i32IPart</name>
         <uninitialized>true</uninitialized>
         <run_address>0x20000318</run_address>
         <size>0x40</size>
      </object_component>
      <object_component id="oc-fe">
         <name>.common:i32FPart</name>
         <uninitialized>true</uninitialized>
         <run_address>0x200002d8</run_address>
         <size>0x40</size>
      </object_component>
      <object_component id="oc-107">
         <name>.common:X_I</name>
         <uninitialized>true</uninitialized>
         <run_address>0x200003e8</run_address>
         <size>0x4</size>
      </object_component>
      <object_component id="oc-108">
         <name>.common:X_F</name>
         <uninitialized>true</uninitialized>
         <run_address>0x200003e4</run_address>
         <size>0x4</size>
      </object_component>
      <object_component id="oc-105">
         <name>.common:Y_I</name>
         <uninitialized>true</uninitialized>
         <run_address>0x200003f0</run_address>
         <size>0x4</size>
      </object_component>
      <object_component id="oc-106">
         <name>.common:Y_F</name>
         <uninitialized>true</uninitialized>
         <run_address>0x200003ec</run_address>
         <size>0x4</size>
      </object_component>
      <object_component id="oc-109">
         <name>.common:Z_I</name>
         <uninitialized>true</uninitialized>
         <run_address>0x200003f8</run_address>
         <size>0x4</size>
      </object_component>
      <object_component id="oc-10a">
         <name>.common:Z_F</name>
         <uninitialized>true</uninitialized>
         <run_address>0x200003f4</run_address>
         <size>0x4</size>
      </object_component>
      <object_component id="oc-fb">
         <name>.common:ui32Idx</name>
         <uninitialized>true</uninitialized>
         <run_address>0x20000444</run_address>
         <size>0x4</size>
      </object_component>
      <object_component id="oc-f6">
         <name>.common:ui32CompDCMStarted</name>
         <uninitialized>true</uninitialized>
         <run_address>0x20000440</run_address>
         <size>0x4</size>
      </object_component>
      <object_component id="oc-fd">
         <name>.common:pfData</name>
         <uninitialized>true</uninitialized>
         <run_address>0x20000358</run_address>
         <size>0x40</size>
      </object_component>
      <object_component id="oc-f3">
         <name>.common:pfAccel</name>
         <uninitialized>true</uninitialized>
         <run_address>0x20000410</run_address>
         <size>0x4</size>
      </object_component>
      <object_component id="oc-f4">
         <name>.common:pfGyro</name>
         <uninitialized>true</uninitialized>
         <run_address>0x20000418</run_address>
         <size>0x4</size>
      </object_component>
      <object_component id="oc-f5">
         <name>.common:pfMag</name>
         <uninitialized>true</uninitialized>
         <run_address>0x2000041c</run_address>
         <size>0x4</size>
      </object_component>
      <object_component id="oc-f9">
         <name>.common:pfEulers</name>
         <uninitialized>true</uninitialized>
         <run_address>0x20000414</run_address>
         <size>0x4</size>
      </object_component>
      <object_component id="oc-fa">
         <name>.common:pfQuaternion</name>
         <uninitialized>true</uninitialized>
         <run_address>0x20000420</run_address>
         <size>0x4</size>
      </object_component>
      <object_component id="oc-8f">
         <name>.common:time</name>
         <uninitialized>true</uninitialized>
         <run_address>0x2000043c</run_address>
         <size>0x4</size>
      </object_component>
      <object_component id="oc-90">
         <name>.common:distance</name>
         <uninitialized>true</uninitialized>
         <run_address>0x200003fc</run_address>
         <size>0x4</size>
      </object_component>
      <object_component id="oc-93">
         <name>.common:mesg</name>
         <uninitialized>true</uninitialized>
         <run_address>0x20000124</run_address>
         <size>0xf0</size>
      </object_component>
      <object_component id="oc-91">
         <name>.common:frac</name>
         <uninitialized>true</uninitialized>
         <run_address>0x20000400</run_address>
         <size>0x4</size>
      </object_component>
      <object_component id="oc-92">
         <name>.common:real</name>
         <uninitialized>true</uninitialized>
         <run_address>0x20000428</run_address>
         <size>0x4</size>
      </object_component>
      <object_component id="oc-8e">
         <name>.common:status</name>
         <uninitialized>true</uninitialized>
         <run_address>0x20000430</run_address>
         <size>0x4</size>
      </object_component>
      <object_component id="oc-10c">
         <name>.common:speed</name>
         <uninitialized>true</uninitialized>
         <run_address>0x2000042c</run_address>
         <size>0x4</size>
      </object_component>
      <object_component id="oc-138">
         <name>.common:temp1</name>
         <uninitialized>true</uninitialized>
         <run_address>0x20000438</run_address>
         <size>0x4</size>
      </object_component>
      <object_component id="oc-139">
         <name>.common:PWMout</name>
         <uninitialized>true</uninitialized>
         <run_address>0x200003e0</run_address>
         <size>0x4</size>
      </object_component>
      <object_component id="oc-13a">
         <name>.common:version</name>
         <uninitialized>true</uninitialized>
         <run_address>0x20000398</run_address>
         <size>0x20</size>
      </object_component>
      <object_component id="oc-ff">
         <name>.common:pitch</name>
         <uninitialized>true</uninitialized>
         <run_address>0x20000424</run_address>
         <size>0x4</size>
      </object_component>
      <object_component id="oc-100">
         <name>.common:yaw</name>
         <uninitialized>true</uninitialized>
         <run_address>0x20000448</run_address>
         <size>0x4</size>
      </object_component>
      <object_component id="oc-104">
         <name>.common:Filteredyaw</name>
         <uninitialized>true</uninitialized>
         <run_address>0x200003d8</run_address>
         <size>0x4</size>
      </object_component>
      <object_component id="oc-94">
         <name>.common:Distance</name>
         <uninitialized>true</uninitialized>
         <run_address>0x200003d4</run_address>
         <size>0x4</size>
      </object_component>
      <object_component id="oc-137">
         <name>.common:temp</name>
         <uninitialized>true</uninitialized>
         <run_address>0x20000434</run_address>
         <size>0x4</size>
      </object_component>
      <object_component id="oc-10b">
         <name>.common:Mag_z</name>
         <uninitialized>true</uninitialized>
         <run_address>0x200003dc</run_address>
         <size>0x4</size>
      </object_component>
      <object_component id="oc-b4">
         <name>.common:g_sI2CInst</name>
         <uninitialized>true</uninitialized>
         <run_address>0x20000000</run_address>
         <size>0x124</size>
      </object_component>
      <object_component id="oc-e0">
         <name>.common:g_sMPU9150Inst</name>
         <uninitialized>true</uninitialized>
         <run_address>0x20000214</run_address>
         <size>0x6c</size>
      </object_component>
      <object_component id="oc-f7">
         <name>.common:g_sCompDCMInst</name>
         <uninitialized>true</uninitialized>
         <run_address>0x20000280</run_address>
         <size>0x58</size>
      </object_component>
      <object_component id="oc-df">
         <name>.common:g_vui8I2CDoneFlag</name>
         <uninitialized>true</uninitialized>
         <run_address>0x2000040c</run_address>
         <size>0x4</size>
      </object_component>
      <object_component id="oc-b3">
         <name>.common:g_vui8ErrorFlag</name>
         <uninitialized>true</uninitialized>
         <run_address>0x20000408</run_address>
         <size>0x4</size>
      </object_component>
      <object_component id="oc-f8">
         <name>.common:g_ui32PrintSkipCounter</name>
         <uninitialized>true</uninitialized>
         <run_address>0x20000404</run_address>
         <size>0x4</size>
      </object_component>
      <object_component id="oc-24">
         <name>.stack</name>
         <uninitialized>true</uninitialized>
         <run_address>0x20000450</run_address>
         <size>0x4</size>
         <input_file_ref idref="fl-cc"/>
      </object_component>
      <object_component id="oc-56c">
         <name>.stack</name>
         <uninitialized>true</uninitialized>
         <run_address>0x20000450</run_address>
         <size>0x0</size>
      </object_component>
      <object_component id="oc-8c">
         <name>.debug_info</name>
         <load_address>0x0</load_address>
         <run_address>0x0</run_address>
         <size>0xfe7</size>
         <input_file_ref idref="fl-2"/>
      </object_component>
      <object_component id="oc-102">
         <name>.debug_info</name>
         <load_address>0xfe7</load_address>
         <run_address>0xfe7</run_address>
         <size>0x2ef</size>
         <input_file_ref idref="fl-2"/>
      </object_component>
      <object_component id="oc-2e">
         <name>.debug_info</name>
         <load_address>0x12d6</load_address>
         <run_address>0x12d6</run_address>
         <size>0x13c1</size>
         <input_file_ref idref="fl-2"/>
      </object_component>
      <object_component id="oc-1c2">
         <name>.debug_info</name>
         <load_address>0x2697</load_address>
         <run_address>0x2697</run_address>
         <size>0x4e6</size>
         <input_file_ref idref="fl-2"/>
      </object_component>
      <object_component id="oc-376">
         <name>.debug_info</name>
         <load_address>0x2b7d</load_address>
         <run_address>0x2b7d</run_address>
         <size>0x108</size>
         <input_file_ref idref="fl-2"/>
      </object_component>
      <object_component id="oc-1c7">
         <name>.debug_info</name>
         <load_address>0x2c85</load_address>
         <run_address>0x2c85</run_address>
         <size>0x16c</size>
         <input_file_ref idref="fl-2"/>
      </object_component>
      <object_component id="oc-1cc">
         <name>.debug_info</name>
         <load_address>0x2df1</load_address>
         <run_address>0x2df1</run_address>
         <size>0xd6</size>
         <input_file_ref idref="fl-2"/>
      </object_component>
      <object_component id="oc-161">
         <name>.debug_info</name>
         <load_address>0x2ec7</load_address>
         <run_address>0x2ec7</run_address>
         <size>0x26b</size>
         <input_file_ref idref="fl-2"/>
      </object_component>
      <object_component id="oc-13c">
         <name>.debug_info</name>
         <load_address>0x3132</load_address>
         <run_address>0x3132</run_address>
         <size>0x8b</size>
         <input_file_ref idref="fl-2"/>
      </object_component>
      <object_component id="oc-2bb">
         <name>.debug_info</name>
         <load_address>0x31bd</load_address>
         <run_address>0x31bd</run_address>
         <size>0x2a4</size>
         <input_file_ref idref="fl-2"/>
      </object_component>
      <object_component id="oc-146">
         <name>.debug_info</name>
         <load_address>0x3461</load_address>
         <run_address>0x3461</run_address>
         <size>0xef</size>
         <input_file_ref idref="fl-2"/>
      </object_component>
      <object_component id="oc-141">
         <name>.debug_info</name>
         <load_address>0x3550</load_address>
         <run_address>0x3550</run_address>
         <size>0xbb</size>
         <input_file_ref idref="fl-2"/>
      </object_component>
      <object_component id="oc-1a1">
         <name>.debug_info</name>
         <load_address>0x360b</load_address>
         <run_address>0x360b</run_address>
         <size>0x2c</size>
         <input_file_ref idref="fl-2"/>
      </object_component>
      <object_component id="oc-1d1">
         <name>.debug_info</name>
         <load_address>0x3637</load_address>
         <run_address>0x3637</run_address>
         <size>0x35</size>
         <input_file_ref idref="fl-2"/>
      </object_component>
      <object_component id="oc-3b">
         <name>.debug_info</name>
         <load_address>0x366c</load_address>
         <run_address>0x366c</run_address>
         <size>0x34a</size>
         <input_file_ref idref="fl-3"/>
      </object_component>
      <object_component id="oc-13">
         <name>.debug_info</name>
         <load_address>0x39b6</load_address>
         <run_address>0x39b6</run_address>
         <size>0xef</size>
         <input_file_ref idref="fl-3"/>
      </object_component>
      <object_component id="oc-2b">
         <name>.debug_info</name>
         <load_address>0x3aa5</load_address>
         <run_address>0x3aa5</run_address>
         <size>0x203</size>
         <input_file_ref idref="fl-3"/>
      </object_component>
      <object_component id="oc-42">
         <name>.debug_info</name>
         <load_address>0x3ca8</load_address>
         <run_address>0x3ca8</run_address>
         <size>0x84</size>
         <input_file_ref idref="fl-3"/>
      </object_component>
      <object_component id="oc-15e">
         <name>.debug_info</name>
         <load_address>0x3d2c</load_address>
         <run_address>0x3d2c</run_address>
         <size>0x2ba</size>
         <input_file_ref idref="fl-5"/>
      </object_component>
      <object_component id="oc-158">
         <name>.debug_info</name>
         <load_address>0x3fe6</load_address>
         <run_address>0x3fe6</run_address>
         <size>0xee</size>
         <input_file_ref idref="fl-5"/>
      </object_component>
      <object_component id="oc-15b">
         <name>.debug_info</name>
         <load_address>0x40d4</load_address>
         <run_address>0x40d4</run_address>
         <size>0xee</size>
         <input_file_ref idref="fl-5"/>
      </object_component>
      <object_component id="oc-36">
         <name>.debug_info</name>
         <load_address>0x41c2</load_address>
         <run_address>0x41c2</run_address>
         <size>0x7cd</size>
         <input_file_ref idref="fl-5"/>
      </object_component>
      <object_component id="oc-1a0">
         <name>.debug_info</name>
         <load_address>0x498f</load_address>
         <run_address>0x498f</run_address>
         <size>0x2ad</size>
         <input_file_ref idref="fl-6"/>
      </object_component>
      <object_component id="oc-197">
         <name>.debug_info</name>
         <load_address>0x4c3c</load_address>
         <run_address>0x4c3c</run_address>
         <size>0xee</size>
         <input_file_ref idref="fl-6"/>
      </object_component>
      <object_component id="oc-19d">
         <name>.debug_info</name>
         <load_address>0x4d2a</load_address>
         <run_address>0x4d2a</run_address>
         <size>0xe8</size>
         <input_file_ref idref="fl-6"/>
      </object_component>
      <object_component id="oc-19a">
         <name>.debug_info</name>
         <load_address>0x4e12</load_address>
         <run_address>0x4e12</run_address>
         <size>0xf6</size>
         <input_file_ref idref="fl-6"/>
      </object_component>
      <object_component id="oc-194">
         <name>.debug_info</name>
         <load_address>0x4f08</load_address>
         <run_address>0x4f08</run_address>
         <size>0xfa</size>
         <input_file_ref idref="fl-6"/>
      </object_component>
      <object_component id="oc-7b">
         <name>.debug_info</name>
         <load_address>0x5002</load_address>
         <run_address>0x5002</run_address>
         <size>0x75e</size>
         <input_file_ref idref="fl-6"/>
      </object_component>
      <object_component id="oc-1bf">
         <name>.debug_info</name>
         <load_address>0x5760</load_address>
         <run_address>0x5760</run_address>
         <size>0x333</size>
         <input_file_ref idref="fl-c4"/>
      </object_component>
      <object_component id="oc-89">
         <name>.debug_info</name>
         <load_address>0x5a93</load_address>
         <run_address>0x5a93</run_address>
         <size>0x1d1</size>
         <input_file_ref idref="fl-c4"/>
      </object_component>
      <object_component id="oc-1b4">
         <name>.debug_info</name>
         <load_address>0x5c64</load_address>
         <run_address>0x5c64</run_address>
         <size>0x18d</size>
         <input_file_ref idref="fl-c4"/>
      </object_component>
      <object_component id="oc-1b9">
         <name>.debug_info</name>
         <load_address>0x5df1</load_address>
         <run_address>0x5df1</run_address>
         <size>0x16d</size>
         <input_file_ref idref="fl-c4"/>
      </object_component>
      <object_component id="oc-481">
         <name>.debug_info</name>
         <load_address>0x5f5e</load_address>
         <run_address>0x5f5e</run_address>
         <size>0x2c</size>
         <input_file_ref idref="fl-c4"/>
      </object_component>
      <object_component id="oc-152">
         <name>.debug_info</name>
         <load_address>0x5f8a</load_address>
         <run_address>0x5f8a</run_address>
         <size>0x13b</size>
         <input_file_ref idref="fl-c5"/>
      </object_component>
      <object_component id="oc-49">
         <name>.debug_info</name>
         <load_address>0x60c5</load_address>
         <run_address>0x60c5</run_address>
         <size>0x119</size>
         <input_file_ref idref="fl-c6"/>
      </object_component>
      <object_component id="oc-81">
         <name>.debug_info</name>
         <load_address>0x61de</load_address>
         <run_address>0x61de</run_address>
         <size>0x142</size>
         <input_file_ref idref="fl-c7"/>
      </object_component>
      <object_component id="oc-17a">
         <name>.debug_info</name>
         <load_address>0x6320</load_address>
         <run_address>0x6320</run_address>
         <size>0x2d4</size>
         <input_file_ref idref="fl-c8"/>
      </object_component>
      <object_component id="oc-5c">
         <name>.debug_info</name>
         <load_address>0x65f4</load_address>
         <run_address>0x65f4</run_address>
         <size>0x1b5</size>
         <input_file_ref idref="fl-c8"/>
      </object_component>
      <object_component id="oc-175">
         <name>.debug_info</name>
         <load_address>0x67a9</load_address>
         <run_address>0x67a9</run_address>
         <size>0x46</size>
         <input_file_ref idref="fl-c8"/>
      </object_component>
      <object_component id="oc-2d2">
         <name>.debug_info</name>
         <load_address>0x67ef</load_address>
         <run_address>0x67ef</run_address>
         <size>0x2c</size>
         <input_file_ref idref="fl-c8"/>
      </object_component>
      <object_component id="oc-52">
         <name>.debug_info</name>
         <load_address>0x681b</load_address>
         <run_address>0x681b</run_address>
         <size>0x2a8</size>
         <input_file_ref idref="fl-c9"/>
      </object_component>
      <object_component id="oc-1c">
         <name>.debug_info</name>
         <load_address>0x6ac3</load_address>
         <run_address>0x6ac3</run_address>
         <size>0x1ea</size>
         <input_file_ref idref="fl-c9"/>
      </object_component>
      <object_component id="oc-4d">
         <name>.debug_info</name>
         <load_address>0x6cad</load_address>
         <run_address>0x6cad</run_address>
         <size>0x46</size>
         <input_file_ref idref="fl-c9"/>
      </object_component>
      <object_component id="oc-16d">
         <name>.debug_info</name>
         <load_address>0x6cf3</load_address>
         <run_address>0x6cf3</run_address>
         <size>0x2c</size>
         <input_file_ref idref="fl-c9"/>
      </object_component>
      <object_component id="oc-16b">
         <name>.debug_info</name>
         <load_address>0x6d1f</load_address>
         <run_address>0x6d1f</run_address>
         <size>0x29e</size>
         <input_file_ref idref="fl-ca"/>
      </object_component>
      <object_component id="oc-17">
         <name>.debug_info</name>
         <load_address>0x6fbd</load_address>
         <run_address>0x6fbd</run_address>
         <size>0x250</size>
         <input_file_ref idref="fl-ca"/>
      </object_component>
      <object_component id="oc-3d">
         <name>.debug_info</name>
         <load_address>0x720d</load_address>
         <run_address>0x720d</run_address>
         <size>0x60</size>
         <input_file_ref idref="fl-ca"/>
      </object_component>
      <object_component id="oc-2cb">
         <name>.debug_info</name>
         <load_address>0x726d</load_address>
         <run_address>0x726d</run_address>
         <size>0x46</size>
         <input_file_ref idref="fl-ca"/>
      </object_component>
      <object_component id="oc-166">
         <name>.debug_info</name>
         <load_address>0x72b3</load_address>
         <run_address>0x72b3</run_address>
         <size>0x39</size>
         <input_file_ref idref="fl-ca"/>
      </object_component>
      <object_component id="oc-2ba">
         <name>.debug_info</name>
         <load_address>0x72ec</load_address>
         <run_address>0x72ec</run_address>
         <size>0x2a4</size>
         <input_file_ref idref="fl-cb"/>
      </object_component>
      <object_component id="oc-134">
         <name>.debug_info</name>
         <load_address>0x7590</load_address>
         <run_address>0x7590</run_address>
         <size>0x24d</size>
         <input_file_ref idref="fl-cb"/>
      </object_component>
      <object_component id="oc-25">
         <name>.debug_info</name>
         <load_address>0x77dd</load_address>
         <run_address>0x77dd</run_address>
         <size>0x10b</size>
         <input_file_ref idref="fl-cc"/>
      </object_component>
      <object_component id="oc-68">
         <name>.debug_info</name>
         <load_address>0x78e8</load_address>
         <run_address>0x78e8</run_address>
         <size>0x1a9</size>
         <input_file_ref idref="fl-cc"/>
      </object_component>
      <object_component id="oc-367">
         <name>.debug_info</name>
         <load_address>0x7a91</load_address>
         <run_address>0x7a91</run_address>
         <size>0x590</size>
         <input_file_ref idref="fl-cd"/>
      </object_component>
      <object_component id="oc-332">
         <name>.debug_info</name>
         <load_address>0x8021</load_address>
         <run_address>0x8021</run_address>
         <size>0x21e</size>
         <input_file_ref idref="fl-cd"/>
      </object_component>
      <object_component id="oc-444">
         <name>.debug_info</name>
         <load_address>0x823f</load_address>
         <run_address>0x823f</run_address>
         <size>0x1b3</size>
         <input_file_ref idref="fl-cd"/>
      </object_component>
      <object_component id="oc-44a">
         <name>.debug_info</name>
         <load_address>0x83f2</load_address>
         <run_address>0x83f2</run_address>
         <size>0x21b</size>
         <input_file_ref idref="fl-cd"/>
      </object_component>
      <object_component id="oc-33d">
         <name>.debug_info</name>
         <load_address>0x860d</load_address>
         <run_address>0x860d</run_address>
         <size>0x3c0</size>
         <input_file_ref idref="fl-cd"/>
      </object_component>
      <object_component id="oc-451">
         <name>.debug_info</name>
         <load_address>0x89cd</load_address>
         <run_address>0x89cd</run_address>
         <size>0x30a</size>
         <input_file_ref idref="fl-cd"/>
      </object_component>
      <object_component id="oc-457">
         <name>.debug_info</name>
         <load_address>0x8cd7</load_address>
         <run_address>0x8cd7</run_address>
         <size>0x215</size>
         <input_file_ref idref="fl-cd"/>
      </object_component>
      <object_component id="oc-343">
         <name>.debug_info</name>
         <load_address>0x8eec</load_address>
         <run_address>0x8eec</run_address>
         <size>0x215</size>
         <input_file_ref idref="fl-cd"/>
      </object_component>
      <object_component id="oc-349">
         <name>.debug_info</name>
         <load_address>0x9101</load_address>
         <run_address>0x9101</run_address>
         <size>0x304</size>
         <input_file_ref idref="fl-cd"/>
      </object_component>
      <object_component id="oc-34f">
         <name>.debug_info</name>
         <load_address>0x9405</load_address>
         <run_address>0x9405</run_address>
         <size>0x4b5</size>
         <input_file_ref idref="fl-cd"/>
      </object_component>
      <object_component id="oc-1ad">
         <name>.debug_info</name>
         <load_address>0x98ba</load_address>
         <run_address>0x98ba</run_address>
         <size>0x5f4</size>
         <input_file_ref idref="fl-cd"/>
      </object_component>
      <object_component id="oc-368">
         <name>.debug_info</name>
         <load_address>0x9eae</load_address>
         <run_address>0x9eae</run_address>
         <size>0x86</size>
         <input_file_ref idref="fl-cd"/>
      </object_component>
      <object_component id="oc-486">
         <name>.debug_info</name>
         <load_address>0x9f34</load_address>
         <run_address>0x9f34</run_address>
         <size>0x39</size>
         <input_file_ref idref="fl-cd"/>
      </object_component>
      <object_component id="oc-511">
         <name>.debug_info</name>
         <load_address>0x9f6d</load_address>
         <run_address>0x9f6d</run_address>
         <size>0xb6</size>
         <input_file_ref idref="fl-cd"/>
      </object_component>
      <object_component id="oc-48b">
         <name>.debug_info</name>
         <load_address>0xa023</load_address>
         <run_address>0xa023</run_address>
         <size>0x46</size>
         <input_file_ref idref="fl-cd"/>
      </object_component>
      <object_component id="oc-36d">
         <name>.debug_info</name>
         <load_address>0xa069</load_address>
         <run_address>0xa069</run_address>
         <size>0x46</size>
         <input_file_ref idref="fl-cd"/>
      </object_component>
      <object_component id="oc-1a7">
         <name>.debug_info</name>
         <load_address>0xa0af</load_address>
         <run_address>0xa0af</run_address>
         <size>0x115</size>
         <input_file_ref idref="fl-ce"/>
      </object_component>
      <object_component id="oc-27b">
         <name>.debug_info</name>
         <load_address>0xa1c4</load_address>
         <run_address>0xa1c4</run_address>
         <size>0x14c</size>
         <input_file_ref idref="fl-cf"/>
      </object_component>
      <object_component id="oc-339">
         <name>.debug_info</name>
         <load_address>0xa310</load_address>
         <run_address>0xa310</run_address>
         <size>0x128</size>
         <input_file_ref idref="fl-d0"/>
      </object_component>
      <object_component id="oc-42f">
         <name>.debug_info</name>
         <load_address>0xa438</load_address>
         <run_address>0xa438</run_address>
         <size>0x12a</size>
         <input_file_ref idref="fl-d0"/>
      </object_component>
      <object_component id="oc-42a">
         <name>.debug_info</name>
         <load_address>0xa562</load_address>
         <run_address>0xa562</run_address>
         <size>0x13a</size>
         <input_file_ref idref="fl-d1"/>
      </object_component>
      <object_component id="oc-24c">
         <name>.debug_info</name>
         <load_address>0xa69c</load_address>
         <run_address>0xa69c</run_address>
         <size>0x13a</size>
         <input_file_ref idref="fl-d2"/>
      </object_component>
      <object_component id="oc-435">
         <name>.debug_info</name>
         <load_address>0xa7d6</load_address>
         <run_address>0xa7d6</run_address>
         <size>0x12e</size>
         <input_file_ref idref="fl-d3"/>
      </object_component>
      <object_component id="oc-441">
         <name>.debug_info</name>
         <load_address>0xa904</load_address>
         <run_address>0xa904</run_address>
         <size>0x12c</size>
         <input_file_ref idref="fl-d4"/>
      </object_component>
      <object_component id="oc-17e">
         <name>.debug_info</name>
         <load_address>0xaa30</load_address>
         <run_address>0xaa30</run_address>
         <size>0x147</size>
         <input_file_ref idref="fl-d5"/>
      </object_component>
      <object_component id="oc-423">
         <name>.debug_info</name>
         <load_address>0xab77</load_address>
         <run_address>0xab77</run_address>
         <size>0x134</size>
         <input_file_ref idref="fl-d6"/>
      </object_component>
      <object_component id="oc-406">
         <name>.debug_info</name>
         <load_address>0xacab</load_address>
         <run_address>0xacab</run_address>
         <size>0x4b3</size>
         <input_file_ref idref="fl-d7"/>
      </object_component>
      <object_component id="oc-2e9">
         <name>.debug_info</name>
         <load_address>0xb15e</load_address>
         <run_address>0xb15e</run_address>
         <size>0x1a6</size>
         <input_file_ref idref="fl-d7"/>
      </object_component>
      <object_component id="oc-4d5">
         <name>.debug_info</name>
         <load_address>0xb304</load_address>
         <run_address>0xb304</run_address>
         <size>0x39</size>
         <input_file_ref idref="fl-d7"/>
      </object_component>
      <object_component id="oc-525">
         <name>.debug_info</name>
         <load_address>0xb33d</load_address>
         <run_address>0xb33d</run_address>
         <size>0x39</size>
         <input_file_ref idref="fl-d7"/>
      </object_component>
      <object_component id="oc-4da">
         <name>.debug_info</name>
         <load_address>0xb376</load_address>
         <run_address>0xb376</run_address>
         <size>0x39</size>
         <input_file_ref idref="fl-d7"/>
      </object_component>
      <object_component id="oc-4df">
         <name>.debug_info</name>
         <load_address>0xb3af</load_address>
         <run_address>0xb3af</run_address>
         <size>0xcd</size>
         <input_file_ref idref="fl-d7"/>
      </object_component>
      <object_component id="oc-184">
         <name>.debug_info</name>
         <load_address>0xb47c</load_address>
[...]
         <name>tailmotor</name>
         <value>0x1399</value>
         <object_component_ref idref="oc-2d"/>
      </symbol>
      <symbol id="sm-227">
         <name>ADC_PWM_init</name>
         <value>0x1655</value>
         <object_component_ref idref="oc-2d"/>
      </symbol>
      <symbol id="sm-248">
         <name>ResetISR</name>
         <value>0x5b1d</value>
         <object_component_ref idref="oc-27"/>
      </symbol>
      <symbol id="sm-249">
         <name>g_pfnVectors</name>
         <value>0x0</value>
         <object_component_ref idref="oc-12"/>
      </symbol>
      <symbol id="sm-297">
         <name>RGBDisable</name>
         <value>0x291d</value>
         <object_component_ref idref="oc-33"/>
      </symbol>
      <symbol id="sm-298">
         <name>RGBBlinkRateSet</name>
         <value>0x2a51</value>
         <object_component_ref idref="oc-33"/>
      </symbol>
      <symbol id="sm-299">
         <name>RGBIntensitySet</name>
         <value>0x2a3d</value>
         <object_component_ref idref="oc-33"/>
      </symbol>
      <symbol id="sm-29a">
         <name>RGBBlinkIntHandler</name>
         <value>0x273d</value>
         <object_component_ref idref="oc-33"/>
      </symbol>
      <symbol id="sm-29b">
         <name>RGBEnable</name>
         <value>0x2865</value>
         <object_component_ref idref="oc-33"/>
      </symbol>
      <symbol id="sm-29c">
         <name>RGBColorGet</name>
         <value>0x2add</value>
         <object_component_ref idref="oc-33"/>
      </symbol>
      <symbol id="sm-29d">
         <name>RGBInit</name>
         <value>0x276b</value>
         <object_component_ref idref="oc-33"/>
      </symbol>
      <symbol id="sm-29e">
         <name>RGBColorSet</name>
         <value>0x2993</value>
         <object_component_ref idref="oc-33"/>
      </symbol>
      <symbol id="sm-29f">
         <name>RGBSet</name>
         <value>0x297b</value>
         <object_component_ref idref="oc-33"/>
      </symbol>
      <symbol id="sm-310">
         <name>UARTgetc</name>
         <value>0x23d9</value>
         <object_component_ref idref="oc-7a"/>
      </symbol>
      <symbol id="sm-311">
         <name>UARTgets</name>
         <value>0x2313</value>
         <object_component_ref idref="oc-7a"/>
      </symbol>
      <symbol id="sm-312">
         <name>UARTStdioConfig</name>
         <value>0x2261</value>
         <object_component_ref idref="oc-7a"/>
      </symbol>
      <symbol id="sm-313">
         <name>UARTwrite</name>
         <value>0x22c1</value>
         <object_component_ref idref="oc-7a"/>
      </symbol>
      <symbol id="sm-314">
         <name>UARTprintf</name>
         <value>0x2707</value>
         <object_component_ref idref="oc-7a"/>
      </symbol>
      <symbol id="sm-315">
         <name>UARTvprintf</name>
         <value>0x240d</value>
         <object_component_ref idref="oc-7a"/>
      </symbol>
      <symbol id="sm-33d">
         <name>sprintf</name>
         <value>0x5715</value>
         <object_component_ref idref="oc-85"/>
      </symbol>
      <symbol id="sm-347">
         <name>__aeabi_f2ulz</name>
         <value>0x537f</value>
         <object_component_ref idref="oc-151"/>
      </symbol>
      <symbol id="sm-362">
         <name>memcpy</name>
         <value>0x48ad</value>
         <object_component_ref idref="oc-47"/>
      </symbol>
      <symbol id="sm-363">
         <name>__aeabi_memcpy</name>
         <value>0x48ad</value>
         <object_component_ref idref="oc-47"/>
      </symbol>
      <symbol id="sm-364">
         <name>__aeabi_memcpy8</name>
         <value>0x48ad</value>
         <object_component_ref idref="oc-47"/>
      </symbol>
      <symbol id="sm-365">
         <name>__aeabi_memcpy4</name>
         <value>0x48ad</value>
         <object_component_ref idref="oc-47"/>
      </symbol>
      <symbol id="sm-374">
         <name>__aeabi_uidivmod</name>
         <value>0x56d5</value>
         <object_component_ref idref="oc-80"/>
      </symbol>
      <symbol id="sm-375">
         <name>__aeabi_uidiv</name>
         <value>0x56d5</value>
         <object_component_ref idref="oc-80"/>
      </symbol>
      <symbol id="sm-38c">
         <name>__TI_zero_init</name>
         <value>0x5b11</value>
         <object_component_ref idref="oc-59"/>
      </symbol>
      <symbol id="sm-3a3">
         <name>__TI_decompress_none</name>
         <value>0x5aeb</value>
         <object_component_ref idref="oc-1b"/>
      </symbol>
      <symbol id="sm-3c6">
         <name>__TI_decompress_lzss</name>
         <value>0x4f99</value>
         <object_component_ref idref="oc-15"/>
      </symbol>
      <symbol id="sm-3d4">
         <name>strcpy</name>
         <value>0x5a67</value>
         <object_component_ref idref="oc-131"/>
      </symbol>
      <symbol id="sm-3e7">
         <name>__stack</name>
         <value>0x20000450</value>
         <object_component_ref idref="oc-24"/>
      </symbol>
      <symbol id="sm-3e8">
         <name>_c_int00_noargs</name>
         <value>0x583d</value>
         <object_component_ref idref="oc-65"/>
      </symbol>
      <symbol id="sm-54d">
         <name>__TI_printfi</name>
         <value>0x1811</value>
         <object_component_ref idref="oc-1ac"/>
      </symbol>
      <symbol id="sm-557">
         <name>__aeabi_idiv0</name>
         <value>0x225f</value>
         <object_component_ref idref="oc-1a6"/>
      </symbol>
      <symbol id="sm-558">
         <name>__aeabi_ldiv0</name>
         <value>0x225f</value>
         <object_component_ref idref="oc-1a6"/>
      </symbol>
      <symbol id="sm-56f">
         <name>__aeabi_dsub</name>
         <value>0x3471</value>
         <object_component_ref idref="oc-279"/>
      </symbol>
      <symbol id="sm-570">
         <name>__aeabi_dadd</name>
         <value>0x347b</value>
         <object_component_ref idref="oc-279"/>
      </symbol>
      <symbol id="sm-592">
         <name>__aeabi_cdcmpeq</name>
         <value>0x4b01</value>
         <object_component_ref idref="oc-337"/>
      </symbol>
      <symbol id="sm-593">
         <name>__aeabi_cdcmple</name>
         <value>0x4b01</value>
         <object_component_ref idref="oc-337"/>
      </symbol>
      <symbol id="sm-594">
         <name>__aeabi_cdrcmple</name>
         <value>0x4b87</value>
         <object_component_ref idref="oc-42e"/>
      </symbol>
      <symbol id="sm-5a8">
         <name>__aeabi_ddiv</name>
         <value>0x3e69</value>
         <object_component_ref idref="oc-429"/>
      </symbol>
      <symbol id="sm-5b3">
         <name>__aeabi_dmul</name>
         <value>0x4415</value>
         <object_component_ref idref="oc-24b"/>
      </symbol>
      <symbol id="sm-5bd">
         <name>__aeabi_d2iz</name>
         <value>0x54fb</value>
         <object_component_ref idref="oc-433"/>
      </symbol>
      <symbol id="sm-5c7">
         <name>__aeabi_i2d</name>
         <value>0x58d3</value>
         <object_component_ref idref="oc-43e"/>
      </symbol>
      <symbol id="sm-5d6">
         <name>__aeabi_memset</name>
         <value>0x4d07</value>
         <object_component_ref idref="oc-17b"/>
      </symbol>
      <symbol id="sm-5d7">
         <name>memset</name>
         <value>0x4d0d</value>
         <object_component_ref idref="oc-17b"/>
      </symbol>
      <symbol id="sm-5d8">
         <name>__aeabi_memset8</name>
         <value>0x4d07</value>
         <object_component_ref idref="oc-17b"/>
      </symbol>
      <symbol id="sm-5d9">
         <name>__aeabi_memset4</name>
         <value>0x4d07</value>
         <object_component_ref idref="oc-17b"/>
      </symbol>
      <symbol id="sm-5da">
         <name>__aeabi_memclr8</name>
         <value>0x4d05</value>
         <object_component_ref idref="oc-17b"/>
      </symbol>
      <symbol id="sm-5db">
         <name>__aeabi_memclr4</name>
         <value>0x4d05</value>
         <object_component_ref idref="oc-17b"/>
      </symbol>
      <symbol id="sm-5dc">
         <name>__aeabi_memclr</name>
         <value>0x4d05</value>
         <object_component_ref idref="oc-17b"/>
      </symbol>
      <symbol id="sm-5e9">
         <name>__aeabi_uldivmod</name>
         <value>0x49e3</value>
         <object_component_ref idref="oc-422"/>
      </symbol>
      <symbol id="sm-611">
         <name>__TI_auto_init_nobinit_nopinit</name>
         <value>0x55cd</value>
         <object_component_ref idref="oc-2e7"/>
      </symbol>
      <symbol id="sm-61b">
         <name>_system_pre_init</name>
         <value>0x5b75</value>
         <object_component_ref idref="oc-181"/>
      </symbol>
      <symbol id="sm-627">
         <name>C$$EXIT</name>
         <value>0x5b79</value>
         <object_component_ref idref="oc-2db"/>
      </symbol>
      <symbol id="sm-628">
         <name>abort</name>
         <value>0x5b79</value>
         <object_component_ref idref="oc-2db"/>
      </symbol>
      <symbol id="sm-638">
         <name>__TI_ltoa</name>
         <value>0x5289</value>
         <object_component_ref idref="oc-438"/>
      </symbol>
      <symbol id="sm-64f">
         <name>atoi</name>
         <value>0x541d</value>
         <object_component_ref idref="oc-32b"/>
      </symbol>
      <symbol id="sm-65a">
         <name>_ctypes_</name>
         <value>0x5b80</value>
         <object_component_ref idref="oc-41d"/>
      </symbol>
      <symbol id="sm-66a">
         <name>memccpy</name>
         <value>0x59e9</value>
         <object_component_ref idref="oc-354"/>
      </symbol>
      <symbol id="sm-67a">
         <name>strchr</name>
         <value>0x5a51</value>
         <object_component_ref idref="oc-46a"/>
      </symbol>
      <symbol id="sm-688">
         <name>strlen</name>
         <value>0x5a7b</value>
         <object_component_ref idref="oc-325"/>
      </symbol>
      <symbol id="sm-69e">
         <name>__aeabi_errno_addr</name>
         <value>0x5b55</value>
         <object_component_ref idref="oc-360"/>
      </symbol>
      <symbol id="sm-69f">
         <name>errno</name>
         <value>0x2000088c</value>
         <object_component_ref idref="oc-47a"/>
      </symbol>
      <symbol id="sm-6b8">
         <name>wcslen</name>
         <value>0x5aa1</value>
         <object_component_ref idref="oc-35a"/>
      </symbol>
      <symbol id="sm-6d8">
         <name>frexpl</name>
         <value>0x5065</value>
         <object_component_ref idref="oc-45e"/>
      </symbol>
      <symbol id="sm-6d9">
         <name>frexp</name>
         <value>0x5065</value>
         <object_component_ref idref="oc-45e"/>
      </symbol>
      <symbol id="sm-6f6">
         <name>scalbn</name>
         <value>0x4305</value>
         <object_component_ref idref="oc-464"/>
      </symbol>
      <symbol id="sm-6f7">
         <name>scalbnl</name>
         <value>0x4305</value>
         <object_component_ref idref="oc-464"/>
      </symbol>
      <symbol id="sm-6f8">
         <name>ldexpl</name>
         <value>0x4305</value>
         <object_component_ref idref="oc-464"/>
      </symbol>
      <symbol id="sm-6f9">
         <name>ldexp</name>
         <value>0x4305</value>
         <object_component_ref idref="oc-464"/>
      </symbol>
      <symbol id="sm-703">
         <name>copysign</name>
         <value>0x5a1f</value>
         <object_component_ref idref="oc-4fa"/>
      </symbol>
      <symbol id="sm-704">
         <name>copysignl</name>
         <value>0x5a1f</value>
         <object_component_ref idref="oc-4fa"/>
      </symbol>
      <symbol id="sm-765">
         <name>CompDCMMagnetoUpdate</name>
         <value>0x5acf</value>
         <object_component_ref idref="oc-c7"/>
      </symbol>
      <symbol id="sm-766">
         <name>CompDCMComputeEulers</name>
         <value>0x5611</value>
         <object_component_ref idref="oc-e7"/>
      </symbol>
      <symbol id="sm-767">
         <name>CompDCMStart</name>
         <value>0x46b7</value>
         <object_component_ref idref="oc-d9"/>
      </symbol>
      <symbol id="sm-768">
         <name>CompDCMComputeQuaternion</name>
         <value>0x32a9</value>
         <object_component_ref idref="oc-ed"/>
      </symbol>
      <symbol id="sm-769">
         <name>CompDCMGyroUpdate</name>
         <value>0x5ac1</value>
         <object_component_ref idref="oc-d3"/>
      </symbol>
      <symbol id="sm-76a">
         <name>CompDCMUpdate</name>
         <value>0x2b69</value>
         <object_component_ref idref="oc-e1"/>
      </symbol>
      <symbol id="sm-76b">
         <name>CompDCMAccelUpdate</name>
         <value>0x5ab3</value>
         <object_component_ref idref="oc-cd"/>
      </symbol>
      <symbol id="sm-76c">
         <name>CompDCMInit</name>
         <value>0x5545</value>
         <object_component_ref idref="oc-12b"/>
      </symbol>
      <symbol id="sm-841">
         <name>I2CMWrite8</name>
         <value>0x5235</value>
         <object_component_ref idref="oc-2b1"/>
      </symbol>
      <symbol id="sm-842">
         <name>I2CMCommand</name>
         <value>0x4a79</value>
         <object_component_ref idref="oc-1de"/>
      </symbol>
      <symbol id="sm-843">
         <name>I2CMInit</name>
         <value>0x5809</value>
         <object_component_ref idref="oc-119"/>
      </symbol>
      <symbol id="sm-844">
         <name>I2CMTransferResume</name>
         <value>0x58a3</value>
         <object_component_ref idref="oc-4b7"/>
      </symbol>
      <symbol id="sm-845">
         <name>I2CMIntHandler</name>
         <value>0x4511</value>
         <object_component_ref idref="oc-a7"/>
      </symbol>
      <symbol id="sm-8c6">
         <name>MPU9150DataMagnetoGetFloat</name>
         <value>0x4769</value>
         <object_component_ref idref="oc-c1"/>
      </symbol>
      <symbol id="sm-8c7">
         <name>MPU9150Write</name>
         <value>0x4811</value>
         <object_component_ref idref="oc-125"/>
      </symbol>
      <symbol id="sm-8c8">
         <name>MPU9150Init</name>
         <value>0x4e5d</value>
         <object_component_ref idref="oc-11f"/>
      </symbol>
      <symbol id="sm-8c9">
         <name>MPU9150DataAccelGetFloat</name>
         <value>0x4c0d</value>
         <object_component_ref idref="oc-b5"/>
      </symbol>
      <symbol id="sm-8ca">
         <name>MPU9150DataRead</name>
         <value>0x50c9</value>
         <object_component_ref idref="oc-a1"/>
      </symbol>
      <symbol id="sm-8cb">
         <name>MPU9150DataGyroGetFloat</name>
         <value>0x4c89</value>
         <object_component_ref idref="oc-bb"/>
      </symbol>
      <symbol id="sm-8f0">
         <name>VectorDotProduct</name>
         <value>0x597d</value>
         <object_component_ref idref="oc-260"/>
      </symbol>
      <symbol id="sm-8f1">
         <name>VectorScale</name>
         <value>0x59a3</value>
         <object_component_ref idref="oc-26c"/>
      </symbol>
      <symbol id="sm-8f2">
         <name>VectorAdd</name>
         <value>0x5871</value>
         <object_component_ref idref="oc-273"/>
      </symbol>
      <symbol id="sm-8f3">
         <name>VectorCrossProduct</name>
         <value>0x5187</value>
         <object_component_ref idref="oc-25a"/>
      </symbol>
      <symbol id="sm-92f">
         <name>GPIOPinTypeI2CSCL</name>
         <value>0x5a8f</value>
         <object_component_ref idref="oc-10d"/>
      </symbol>
      <symbol id="sm-930">
         <name>GPIOIntEnable</name>
         <value>0x5af9</value>
         <object_component_ref idref="oc-113"/>
      </symbol>
      <symbol id="sm-931">
         <name>GPIOIntClear</name>
         <value>0x5b5d</value>
         <object_component_ref idref="oc-9b"/>
      </symbol>
      <symbol id="sm-932">
         <name>GPIOIntStatus</name>
         <value>0x5add</value>
         <object_component_ref idref="oc-95"/>
      </symbol>
      <symbol id="sm-933">
         <name>GPIODirModeSet</name>
         <value>0x5901</value>
         <object_component_ref idref="oc-28f"/>
      </symbol>
      <symbol id="sm-934">
         <name>GPIOPadConfigSet</name>
         <value>0x3f9f</value>
         <object_component_ref idref="oc-295"/>
      </symbol>
      <symbol id="sm-97d">
         <name>I2CMasterDataPut</name>
         <value>0x5b71</value>
         <object_component_ref idref="oc-3a9"/>
      </symbol>
      <symbol id="sm-97e">
         <name>I2CMasterInitExpClk</name>
         <value>0x53d1</value>
         <object_component_ref idref="oc-29d"/>
      </symbol>
      <symbol id="sm-97f">
         <name>I2CMasterSlaveAddrSet</name>
         <value>0x5b4d</value>
         <object_component_ref idref="oc-3a1"/>
      </symbol>
      <symbol id="sm-980">
         <name>I2CMasterDataGet</name>
         <value>0x5b6d</value>
         <object_component_ref idref="oc-397"/>
      </symbol>
      <symbol id="sm-981">
         <name>I2CMasterIntEnableEx</name>
         <value>0x5b45</value>
         <object_component_ref idref="oc-2a9"/>
      </symbol>
      <symbol id="sm-982">
         <name>I2CMasterControl</name>
         <value>0x5b69</value>
         <object_component_ref idref="oc-1f2"/>
      </symbol>
      <symbol id="sm-983">
         <name>I2CMasterEnable</name>
         <value>0x5b29</value>
         <object_component_ref idref="oc-3e2"/>
      </symbol>
      <symbol id="sm-984">
         <name>I2CMasterIntClear</name>
         <value>0x5b3d</value>
         <object_component_ref idref="oc-1ec"/>
      </symbol>
      <symbol id="sm-9d9">
         <name>IntIsEnabled</name>
         <value>0x5001</value>
         <object_component_ref idref="oc-37d"/>
      </symbol>
      <symbol id="sm-9da">
         <name>IntEnable</name>
         <value>0x4f31</value>
         <object_component_ref idref="oc-2a3"/>
      </symbol>
      <symbol id="sm-9db">
         <name>IntTrigger</name>
         <value>0x5b05</value>
         <object_component_ref idref="oc-389"/>
      </symbol>
      <symbol id="sm-9dc">
         <name>IntDisable</name>
         <value>0x4ec9</value>
         <object_component_ref idref="oc-383"/>
      </symbol>
      <symbol id="sm-a0c">
         <name>SysCtlClockGet</name>
         <value>0x41f5</value>
         <object_component_ref idref="oc-14b"/>
      </symbol>
      <symbol id="sm-a19">
         <name>UARTClockSourceSet</name>
         <value>0x5b63</value>
         <object_component_ref idref="oc-ad"/>
      </symbol>
      <symbol id="sm-a49">
         <name>asinf</name>
         <value>0x37bd</value>
         <object_component_ref idref="oc-285"/>
      </symbol>
      <symbol id="sm-a7b">
         <name>atan2f</name>
         <value>0x392d</value>
         <object_component_ref idref="oc-27f"/>
      </symbol>
      <symbol id="sm-a8b">
         <name>sqrtf</name>
         <value>0x5955</value>
         <object_component_ref idref="oc-266"/>
      </symbol>
      <symbol id="sm-ab8">
         <name>atanf</name>
         <value>0x3bdd</value>
         <object_component_ref idref="oc-3c8"/>
      </symbol>
      <symbol id="sm-ae4">
         <name>sqrtl</name>
         <value>0x3a85</value>
         <object_component_ref idref="oc-3d5"/>
      </symbol>
      <symbol id="sm-ae5">
         <name>sqrt</name>
         <value>0x3a85</value>
         <object_component_ref idref="oc-3d5"/>
      </symbol>
      <symbol id="sm-af1">
         <name>__aeabi_d2f</name>
         <value>0x4ded</value>
         <object_component_ref idref="oc-250"/>
      </symbol>
      <symbol id="sm-afc">
         <name>__aeabi_f2d</name>
         <value>0x57d1</value>
         <object_component_ref idref="oc-246"/>
      </symbol>
      <symbol id="sm-afd">
         <name>__TI_static_base__</name>
         <value>0x0</value>
      </symbol>
      <symbol id="sm-b00">
         <name>__mpu_init</name>
         <value>0x0</value>
      </symbol>
      <symbol id="sm-b01">
         <name>_system_post_cinit</name>
         <value>0x0</value>
      </symbol>
   </symbol_table>
   <title>Link successful</title>
</link_info>
