******************************************************************************
                  TI ARM Linker PC v20.2.7                     
******************************************************************************
>> Linked Thu May  2 17:09:31 2024

OUTPUT FILE NAME:   <HELICOPTER.out>
ENTRY POINT SYMBOL: "_c_int00_noargs"  address: 00005bb1


MEMORY CONFIGURATION

         name            origin    length      used     unused   attr    fill
----------------------  --------  ---------  --------  --------  ----  --------
  FLASH                 00000000   00040000  000062d4  00039d2c  R  X
  SRAM                  20000000   00008000  00000894  0000776c  RW X


SEGMENT ALLOCATION MAP

run origin  load origin   length   init length attrs members
----------  ----------- ---------- ----------- ----- -------
00000000    00000000    000062d8   000062d8    r-x
  00000000    00000000    0000026c   0000026c    r-- .intvecs
  0000026c    0000026c    00005d1c   00005d1c    r-x .text
  00005f88    00005f88    00000314   00000314    r-- .const
  000062a0    000062a0    00000038   00000038    r-- .cinit
20000000    20000000    00000894   00000000    rw-
  20000000    20000000    00000448   00000000    rw- .bss
  20000448    20000448    00000400   00000000    rw- .stack
  20000848    20000848    0000004c   00000000    rw- .data


SECTION ALLOCATION MAP

 output                                  attributes/
section   page    origin      length       input sections
--------  ----  ----------  ----------   ----------------
.intvecs   0    00000000    0000026c     
                  00000000    0000026c     startup_ccs.obj (.intvecs)

.text      0    0000026c    00005d1c     
                  0000026c    0000189c     main.obj (.text)
                  00001b08    00000a4e     rtsv7M4_T_le_v4SPD16_eabi.lib : _printfi.c.obj (.text:__TI_printfi)
                  00002556    00000002                                   : div0.asm.obj (.text)
                  00002558    000004dc     uartstdio.obj (.text)
                  00002a34    0000042c     rgb.obj (.text)
                  00002e60    00000300     sensorlib.lib : comp_dcm.obj (.text:CompDCMUpdate)
                  00003160    00000270     rtsv7M4_T_le_v4SPD16_eabi.lib : _printfi.c.obj (.text:_pconv_a)
                  000033d0    000001d0                                   : _printfi.c.obj (.text:_pconv_g)
                  000035a0    000001c8     sensorlib.lib : comp_dcm.obj (.text:CompDCMComputeQuaternion)
                  00003768    000001b6     rtsv7M4_T_le_v4SPD16_eabi.lib : fd_add_t2.asm.obj (.text)
                  0000391e    00000002     --HOLE-- [fill = 0]
                  00003920    00000194     sensorlib.lib : mpu9150.obj (.text:MPU9150Callback)
                  00003ab4    00000170     rtsv7M4_T_le_v4SPD16_eabi.lib : e_asinf.c.obj (.text:asinf)
                  00003c24    00000158                                   : e_atan2f.c.obj (.text:atan2f)
                  00003d7c    00000158                                   : e_sqrt.c.obj (.text:sqrt)
                  00003ed4    00000150                                   : s_atanf.c.obj (.text:atanf)
                  00004024    0000013c                                   : _printfi.c.obj (.text:_pconv_e)
                  00004160    00000136                                   : fd_div_t2.asm.obj (.text)
                  00004296    00000132     driverlib.lib : gpio.obj (.text:GPIOPadConfigSet)
                  000043c8    00000124     rtsv7M4_T_le_v4SPD16_eabi.lib : _printfi.c.obj (.text:fcvt)
                  000044ec    00000110     driverlib.lib : sysctl.obj (.text:SysCtlClockGet)
                  000045fc    00000110     rtsv7M4_T_le_v4SPD16_eabi.lib : s_scalbn.c.obj (.text:scalbn)
                  0000470c    000000fc                                   : fd_mul_t2.asm.obj (.text)
                  00004808    000000f2     sensorlib.lib : i2cm_drv.obj (.text:I2CMIntHandler)
                  000048fa    00000002     --HOLE-- [fill = 0]
                  000048fc    000000b1     rtsv7M4_T_le_v4SPD16_eabi.lib : _printfi.c.obj (.text:_ltostr)
                  000049ad    00000001     --HOLE-- [fill = 0]
                  000049ae    000000b0     sensorlib.lib : comp_dcm.obj (.text:CompDCMStart)
                  00004a5e    00000002     --HOLE-- [fill = 0]
                  00004a60    000000a8                   : mpu9150.obj (.text:MPU9150DataMagnetoGetFloat)
                  00004b08    0000009c                   : mpu9150.obj (.text:MPU9150Write)
                  00004ba4    0000009c     rtsv7M4_T_le_v4SPD16_eabi.lib : memcpy_t2.asm.obj (.text)
                  00004c40    0000009a     sensorlib.lib : i2cm_drv.obj (.text:I2CMStateIdle)
                  00004cda    00000096     rtsv7M4_T_le_v4SPD16_eabi.lib : ull_div_t2.asm.obj (.text)
                  00004d70    00000088     sensorlib.lib : i2cm_drv.obj (.text:I2CMCommand)
                  00004df8    00000086     rtsv7M4_T_le_v4SPD16_eabi.lib : fd_cmp_t2.asm.obj (.text:__aeabi_cdcmple)
                  00004e7e    00000086                                   : fd_cmp_t2.asm.obj (.text:__aeabi_cdrcmple)
                  00004f04    0000007c     sensorlib.lib : mpu9150.obj (.text:MPU9150DataAccelGetFloat)
                  00004f80    0000007c                   : mpu9150.obj (.text:MPU9150DataGyroGetFloat)
                  00004ffc    0000007a     rtsv7M4_T_le_v4SPD16_eabi.lib : memset_t2.asm.obj (.text)
                  00005076    0000006e                                   : _printfi.c.obj (.text:_mcpy)
                  000050e4    0000006e                                   : fd_tos_t2.asm.obj (.text)
                  00005152    00000002     --HOLE-- [fill = 0]
                  00005154    0000006c     sensorlib.lib : mpu9150.obj (.text:MPU9150Init)
                  000051c0    00000068     driverlib.lib : interrupt.obj (.text:IntDisable)
                  00005228    00000068                   : interrupt.obj (.text:IntEnable)
                  00005290    00000068     rtsv7M4_T_le_v4SPD16_eabi.lib : copy_decompress_lzss.c.obj (.text:decompress:lzss:__TI_decompress_lzss)
                  000052f8    00000064     driverlib.lib : interrupt.obj (.text:IntIsEnabled)
                  0000535c    00000064     rtsv7M4_T_le_v4SPD16_eabi.lib : s_frexp.c.obj (.text:frexp)
                  000053c0    00000060     sensorlib.lib : mpu9150.obj (.text:MPU9150DataRead)
                  00005420    0000005e                   : i2cm_drv.obj (.text:I2CMStateWritePause)
                  0000547e    00000056                   : vector.obj (.text:VectorCrossProduct)
                  000054d4    00000056     rtsv7M4_T_le_v4SPD16_eabi.lib : _printfi.c.obj (.text:_pconv_f)
                  0000552a    00000002     --HOLE-- [fill = 0]
                  0000552c    00000054     sensorlib.lib : i2cm_drv.obj (.text:I2CMWrite8)
                  00005580    00000054     rtsv7M4_T_le_v4SPD16_eabi.lib : _ltoa.c.obj (.text:__TI_ltoa)
                  000055d4    00000052                                   : _printfi.c.obj (.text:_ecpy)
                  00005626    00000050     sensorlib.lib : i2cm_drv.obj (.text:I2CMStateWriteFinal)
                  00005676    00000050     rtsv7M4_T_le_v4SPD16_eabi.lib : fs_toull_t2.asm.obj (.text)
                  000056c6    00000002     --HOLE-- [fill = 0]
                  000056c8    0000004c     driverlib.lib : i2c.obj (.text:I2CMasterInitExpClk)
                  00005714    0000004c     rtsv7M4_T_le_v4SPD16_eabi.lib : atoi.c.obj (.text:atoi)
                  00005760    0000004a     sensorlib.lib : i2cm_drv.obj (.text:I2CMStateReadNext)
                  000057aa    00000002     --HOLE-- [fill = 0]
                  000057ac    00000048     driverlib.lib : gpio.obj (.text:GPIOPinConfigure)
                  000057f4    00000048     sensorlib.lib : i2cm_drv.obj (.text:I2CMStateWriteNext)
                  0000583c    00000048     rtsv7M4_T_le_v4SPD16_eabi.lib : fd_toi_t2.asm.obj (.text)
                  00005884    00000044     sensorlib.lib : comp_dcm.obj (.text:CompDCMInit)
                  000058c8    00000044                   : i2cm_drv.obj (.text:I2CMStateCallback)
                  0000590c    00000044     rtsv7M4_T_le_v4SPD16_eabi.lib : autoinit.c.obj (.text:__TI_auto_init_nobinit_nopinit:__TI_auto_init_nobinit_nopinit)
                  00005950    00000042     sensorlib.lib : comp_dcm.obj (.text:CompDCMComputeEulers)
                  00005992    00000042                   : i2cm_drv.obj (.text:I2CMStateReadFinal)
                  000059d4    00000040                   : i2cm_drv.obj (.text:I2CMWrite8Callback)
                  00005a14    00000040     rtsv7M4_T_le_v4SPD16_eabi.lib : u_divt2.asm.obj (.text)
                  00005a54    00000040                                   : sprintf.c.obj (.text:sprintf)
                  00005a94    0000003e     sensorlib.lib : i2cm_drv.obj (.text:I2CMStateReadPause)
                  00005ad2    0000003e     rtsv7M4_T_le_v4SPD16_eabi.lib : _printfi.c.obj (.text:_fcpy)
                  00005b10    00000038                                   : fs_tod_t2.asm.obj (.text)
                  00005b48    00000034     sensorlib.lib : i2cm_drv.obj (.text:I2CMInit)
                  00005b7c    00000034     driverlib.lib : sysctl.obj (.text:SysCtlPeripheralEnable)
                  00005bb0    00000034     rtsv7M4_T_le_v4SPD16_eabi.lib : boot_cortex_m.c.obj (.text:_c_int00_noargs:_c_int00_noargs)
                  00005be4    00000032     sensorlib.lib : vector.obj (.text:VectorAdd)
                  00005c16    00000030                   : i2cm_drv.obj (.text:I2CMTransferResume)
                  00005c46    0000002e     rtsv7M4_T_le_v4SPD16_eabi.lib : i_tofd_t2.asm.obj (.text)
                  00005c74    0000002a     driverlib.lib : gpio.obj (.text:GPIODirModeSet)
                  00005c9e    0000002a     sensorlib.lib : i2cm_drv.obj (.text:I2CMStateReadFirst)
                  00005cc8    00000028     rtsv7M4_T_le_v4SPD16_eabi.lib : e_sqrtf.c.obj (.text:sqrtf)
                  00005cf0    00000026     sensorlib.lib : vector.obj (.text:VectorDotProduct)
                  00005d16    00000026                   : vector.obj (.text:VectorScale)
                  00005d3c    00000022     driverlib.lib : pwm.obj (.text:PWMGenConfigure)
                  00005d5e    00000020     sensorlib.lib : i2cm_drv.obj (.text:I2CMStateReadOne)
                  00005d7e    0000001e     driverlib.lib : pwm.obj (.text:PWMPulseWidthSet)
                  00005d9c    0000001c     rtsv7M4_T_le_v4SPD16_eabi.lib : memccpy.c.obj (.text:memccpy)
                  00005db8    0000001a     sensorlib.lib : i2cm_drv.obj (.text:I2CMStateReadWait)
                  00005dd2    0000001a     rtsv7M4_T_le_v4SPD16_eabi.lib : s_copysign.c.obj (.text:copysign)
                  00005dec    00000018                                   : sprintf.c.obj (.text:_outs)
                  00005e04    00000016                                   : strchr.c.obj (.text:strchr)
                  00005e1a    00000002     --HOLE-- [fill = 0]
                  00005e1c    00000014     driverlib.lib : sysctl.obj (.text:SysCtlPWMClockSet)
                  00005e30    00000014     rtsv7M4_T_le_v4SPD16_eabi.lib : strcpy.c.obj (.text:strcpy)
                  00005e44    00000014                                   : strlen.c.obj (.text:strlen)
                  00005e58    00000012     driverlib.lib : gpio.obj (.text:GPIOPinTypeI2CSCL)
                  00005e6a    00000012                   : gpio.obj (.text:GPIOPinTypePWM)
                  00005e7c    00000012                   : pwm.obj (.text:PWMOutputState)
                  00005e8e    00000012     rtsv7M4_T_le_v4SPD16_eabi.lib : wcslen.c.obj (.text:wcslen)
                  00005ea0    00000010     driverlib.lib : pwm.obj (.text:PWMGenPeriodSet)
                  00005eb0    0000000e     sensorlib.lib : comp_dcm.obj (.text:CompDCMAccelUpdate)
                  00005ebe    0000000e                   : comp_dcm.obj (.text:CompDCMGyroUpdate)
                  00005ecc    0000000e                   : comp_dcm.obj (.text:CompDCMMagnetoUpdate)
                  00005eda    0000000e     driverlib.lib : gpio.obj (.text:GPIOIntStatus)
                  00005ee8    0000000e     rtsv7M4_T_le_v4SPD16_eabi.lib : copy_decompress_none.c.obj (.text:decompress:none:__TI_decompress_none)
                  00005ef6    0000000c     driverlib.lib : gpio.obj (.text:GPIOIntEnable)
                  00005f02    00000002     --HOLE-- [fill = 0]
                  00005f04    0000000c                   : interrupt.obj (.text:IntTrigger)
                  00005f10    0000000c                   : pwm.obj (.text:PWMGenEnable)
                  00005f1c    0000000c     rtsv7M4_T_le_v4SPD16_eabi.lib : copy_zero_init.c.obj (.text:decompress:ZI:__TI_zero_init)
                  00005f28    0000000c     startup_ccs.obj (.text)
                  00005f34    0000000a     driverlib.lib : i2c.obj (.text:I2CMasterEnable)
                  00005f3e    0000000a     rtsv7M4_T_le_v4SPD16_eabi.lib : sprintf.c.obj (.text:_outc)
                  00005f48    00000008     driverlib.lib : i2c.obj (.text:I2CMasterIntClear)
                  00005f50    00000008                   : i2c.obj (.text:I2CMasterIntEnableEx)
                  00005f58    00000008                   : i2c.obj (.text:I2CMasterSlaveAddrSet)
                  00005f60    00000008     rtsv7M4_T_le_v4SPD16_eabi.lib : errno.c.obj (.text:__aeabi_errno_addr)
                  00005f68    00000006     driverlib.lib : gpio.obj (.text:GPIOIntClear)
                  00005f6e    00000006                   : uart.obj (.text:UARTClockSourceSet)
                  00005f74    00000004                   : i2c.obj (.text:I2CMasterControl)
                  00005f78    00000004                   : i2c.obj (.text:I2CMasterDataGet)
                  00005f7c    00000004                   : i2c.obj (.text:I2CMasterDataPut)
                  00005f80    00000004     rtsv7M4_T_le_v4SPD16_eabi.lib : pre_init.c.obj (.text:_system_pre_init)
                  00005f84    00000004                                   : exit.c.obj (.text:abort:abort)

.const     0    00005f88    00000314     
                  00005f88    00000101     rtsv7M4_T_le_v4SPD16_eabi.lib : ctype.c.obj (.const:.string:_ctypes_)
                  00006089    00000003     --HOLE-- [fill = 0]
                  0000608c    00000090     driverlib.lib : gpio.obj (.const:g_pui32GPIOBaseAddrs)
                  0000611c    00000070                   : interrupt.obj (.const)
                  0000618c    0000006c                   : sysctl.obj (.const:g_pui32Xtals)
                  000061f8    00000034     rtsv7M4_T_le_v4SPD16_eabi.lib : s_atanf.c.obj (.const:$O1$$)
                  0000622c    00000004     uartstdio.obj (.const)
                  00006230    00000020     rtsv7M4_T_le_v4SPD16_eabi.lib : e_asinf.c.obj (.const)
                  00006250    00000012     uartstdio.obj (.const:.string)
                  00006262    00000002     --HOLE-- [fill = 0]
                  00006264    00000010     sensorlib.lib : mpu9150.obj (.const:g_fMPU9150AccelFactors)
                  00006274    00000010                   : mpu9150.obj (.const:g_fMPU9150GyroFactors)
                  00006284    0000000c     uartstdio.obj (.const:g_ui32UARTBase)
                  00006290    0000000c     uartstdio.obj (.const:g_ui32UARTPeriph)

.cinit     0    000062a0    00000038     
                  000062a0    00000014     (.cinit..data.load) [load image, compression = lzss]
                  000062b4    0000000c     (__TI_handler_table)
                  000062c0    00000008     (.cinit..bss.load) [load image, compression = zero_init]
                  000062c8    00000010     (__TI_cinit_table)

.init_array 
*          0    00000000    00000000     UNINITIALIZED

.bss       0    20000000    00000448     UNINITIALIZED
                  20000000    00000124     (.common:g_sI2CInst)
                  20000124    000000f0     (.common:mesg)
                  20000214    0000006c     (.common:g_sMPU9150Inst)
                  20000280    00000058     (.common:g_sCompDCMInst)
                  200002d8    00000040     (.common:i32FPart)
                  20000318    00000040     (.common:i32IPart)
                  20000358    00000040     (.common:pfData)
                  20000398    00000020     (.common:version)
                  200003b8    0000000c     rgb.obj (.bss:g_ui32Colors)
                  200003c4    00000004     rgb.obj (.bss)
                  200003c8    00000004     (.common:Distance)
                  200003cc    00000004     (.common:Mag_z)
                  200003d0    00000004     (.common:PWMout_T)
                  200003d4    00000004     (.common:X_F)
                  200003d8    00000004     (.common:X_I)
                  200003dc    00000004     (.common:Y_F)
                  200003e0    00000004     (.common:Y_I)
                  200003e4    00000004     (.common:Z_F)
                  200003e8    00000004     (.common:Z_I)
                  200003ec    00000004     (.common:distance)
                  200003f0    00000004     (.common:frac)
                  200003f4    00000004     (.common:g_ui32PrintSkipCounter)
                  200003f8    00000004     (.common:g_vui8ErrorFlag)
                  200003fc    00000004     (.common:g_vui8I2CDoneFlag)
                  20000400    00000004     (.common:i)
                  20000404    00000004     (.common:pfAccel)
                  20000408    00000004     (.common:pfEulers)
                  2000040c    00000004     (.common:pfGyro)
                  20000410    00000004     (.common:pfMag)
                  20000414    00000004     (.common:pfQuaternion)
                  20000418    00000004     (.common:pitch)
                  2000041c    00000004     (.common:real)
                  20000420    00000004     (.common:speed)
                  20000424    00000004     (.common:status)
                  20000428    00000004     (.common:temp_T)
                  2000042c    00000004     (.common:time)
                  20000430    00000004     (.common:ui32CompDCMStarted)
                  20000434    00000004     (.common:ui32Idx)
                  20000438    00000004     (.common:ui32Load)
                  2000043c    00000004     (.common:ui32Load_motor)
                  20000440    00000004     (.common:ui32PWMClock)
                  20000444    00000004     (.common:yaw)

.data      0    20000848    0000004c     UNINITIALIZED
                  20000848    0000003c     main.obj (.data)
                  20000884    00000005     uartstdio.obj (.data)
                  20000889    00000003     --HOLE--
                  2000088c    00000004     rgb.obj (.data)
                  20000890    00000004     rtsv7M4_T_le_v4SPD16_eabi.lib : errno.c.obj (.data)

.stack     0    20000448    00000400     UNINITIALIZED
                  20000448    00000004     rtsv7M4_T_le_v4SPD16_eabi.lib : boot_cortex_m.c.obj (.stack)
                  2000044c    000003fc     --HOLE--

__llvm_prf_cnts 
*          0    20000000    00000000     UNINITIALIZED

MODULE SUMMARY

       Module                       code    ro data   rw data
       ------                       ----    -------   -------
    .\
       main.obj                     6300    0         1140   
       startup_ccs.obj              12      620       0      
    +--+----------------------------+-------+---------+---------+
       Total:                       6312    620       1140   
                                                             
    .\drivers\
       rgb.obj                      1068    0         20     
    +--+----------------------------+-------+---------+---------+
       Total:                       1068    0         20     
                                                             
    .\utils\
       uartstdio.obj                1244    46        5      
    +--+----------------------------+-------+---------+---------+
       Total:                       1244    46        5      
                                                             
    C:/Users/ARJUN KRISHNA/Downloads/TivaWare_C_Series-2.2.0.295/driverlib/ccs/Debug/driverlib.lib
       gpio.obj                     488     144       0      
       sysctl.obj                   344     108       0      
       interrupt.obj                320     112       0      
       i2c.obj                      122     0         0      
       pwm.obj                      110     0         0      
       uart.obj                     6       0         0      
    +--+----------------------------+-------+---------+---------+
       Total:                       1390    364       0      
                                                             
    C:/Users/ARJUN KRISHNA/Downloads/TivaWare_C_Series-2.2.0.295/sensorlib/ccs/Debug/sensorlib.lib
       comp_dcm.obj                 1576    0         0      
       i2cm_drv.obj                 1396    0         0      
       mpu9150.obj                  1180    32        0      
       vector.obj                   212     0         0      
    +--+----------------------------+-------+---------+---------+
       Total:                       4364    32        0      
                                                             
    C:\ti\ccs1220\ccs\tools\compiler\ti-cgt-arm_20.2.7.LTS\lib\rtsv7M4_T_le_v4SPD16_eabi.lib
       _printfi.c.obj               4851    0         0      
       fd_add_t2.asm.obj            438     0         0      
       e_asinf.c.obj                368     32        0      
       s_atanf.c.obj                336     52        0      
       e_atan2f.c.obj               344     0         0      
       e_sqrt.c.obj                 344     0         0      
       fd_div_t2.asm.obj            310     0         0      
       s_scalbn.c.obj               272     0         0      
       fd_cmp_t2.asm.obj            268     0         0      
       ctype.c.obj                  0       257       0      
       fd_mul_t2.asm.obj            252     0         0      
       memcpy_t2.asm.obj            156     0         0      
       ull_div_t2.asm.obj           150     0         0      
       memset_t2.asm.obj            122     0         0      
       fd_tos_t2.asm.obj            110     0         0      
       copy_decompress_lzss.c.obj   104     0         0      
       s_frexp.c.obj                100     0         0      
       sprintf.c.obj                98      0         0      
       _ltoa.c.obj                  84      0         0      
       fs_toull_t2.asm.obj          80      0         0      
       atoi.c.obj                   76      0         0      
       fd_toi_t2.asm.obj            72      0         0      
       autoinit.c.obj               68      0         0      
       u_divt2.asm.obj              64      0         0      
       fs_tod_t2.asm.obj            56      0         0      
       boot_cortex_m.c.obj          52      0         0      
       i_tofd_t2.asm.obj            46      0         0      
       e_sqrtf.c.obj                40      0         0      
       memccpy.c.obj                28      0         0      
       s_copysign.c.obj             26      0         0      
       strchr.c.obj                 22      0         0      
       strcpy.c.obj                 20      0         0      
       strlen.c.obj                 20      0         0      
       wcslen.c.obj                 18      0         0      
       copy_decompress_none.c.obj   14      0         0      
       copy_zero_init.c.obj         12      0         0      
       errno.c.obj                  8       0         4      
       exit.c.obj                   4       0         0      
       pre_init.c.obj               4       0         0      
       div0.asm.obj                 2       0         0      
    +--+----------------------------+-------+---------+---------+
       Total:                       9439    341       4      
                                                             
       Stack:                       0       0         1024   
       Linker Generated:            0       56        0      
    +--+----------------------------+-------+---------+---------+
       Grand Total:                 23817   1459      2193   


LINKER GENERATED COPY TABLES

__TI_cinit_table @ 000062c8 records: 2, size/record: 8, table size: 16
	.data: load addr=000062a0, load size=00000014 bytes, run addr=20000848, run size=0000004c bytes, compression=lzss
	.bss: load addr=000062c0, load size=00000008 bytes, run addr=20000000, run size=00000448 bytes, compression=zero_init


LINKER GENERATED HANDLER TABLE

__TI_handler_table @ 000062b4 records: 3, size/record: 4, table size: 12
	index: 0, handler: __TI_decompress_lzss
	index: 1, handler: __TI_decompress_none
	index: 2, handler: __TI_zero_init


GLOBAL SYMBOLS: SORTED ALPHABETICALLY BY Name 

address   name                          
-------   ----                          
000017e1  ADC_PWM_init                  
00005f85  C$$EXIT                       
00005eb1  CompDCMAccelUpdate            
00005951  CompDCMComputeEulers          
000035a1  CompDCMComputeQuaternion      
00005ebf  CompDCMGyroUpdate             
00005885  CompDCMInit                   
00005ecd  CompDCMMagnetoUpdate          
000049af  CompDCMStart                  
00002e61  CompDCMUpdate                 
00000339  ConfigureUART                 
00001a21  Delay_MicroSecond             
200003c8  Distance                      
20000850  Filteredpitch                 
20000858  Filteredyaw                   
00005c75  GPIODirModeSet                
00005f69  GPIOIntClear                  
00005ef7  GPIOIntEnable                 
00005edb  GPIOIntStatus                 
00004297  GPIOPadConfigSet              
000057ad  GPIOPinConfigure              
00005e59  GPIOPinTypeI2CSCL             
00005e6b  GPIOPinTypePWM                
00001539  HEADmotor                     
00004d71  I2CMCommand                   
00005b49  I2CMInit                      
00004809  I2CMIntHandler                
00005c17  I2CMTransferResume            
0000552d  I2CMWrite8                    
00005f75  I2CMasterControl              
00005f79  I2CMasterDataGet              
00005f7d  I2CMasterDataPut              
00005f35  I2CMasterEnable               
000056c9  I2CMasterInitExpClk           
00005f49  I2CMasterIntClear             
00005f51  I2CMasterIntEnableEx          
00005f59  I2CMasterSlaveAddrSet         
000051c1  IntDisable                    
00005229  IntEnable                     
000002bd  IntGPIOe                      
000052f9  IntIsEnabled                  
00005f05  IntTrigger                    
000011c9  LCD_PutData                   
0000116b  LCD_RecCommand                
00001199  LCD_RecData                   
0000113f  LCD_init                      
000007c9  MPU9150                       
000002a1  MPU9150AppCallback            
000002ed  MPU9150AppErrorHandler        
0000030f  MPU9150AppI2CWait             
00004f05  MPU9150DataAccelGetFloat      
00004f81  MPU9150DataGyroGetFloat       
00004a61  MPU9150DataMagnetoGetFloat    
000053c1  MPU9150DataRead               
000002e3  MPU9150I2CIntHandler          
00005155  MPU9150Init                   
00004b09  MPU9150Write                  
000003b1  MPU9150_IN_IT                 
200003cc  Mag_z                         
0000142d  Measure_distance              
000016f9  Motor_in_it                   
00005d3d  PWMGenConfigure               
00005f11  PWMGenEnable                  
00005ea1  PWMGenPeriodSet               
00005e7d  PWMOutputState                
00005d7f  PWMPulseWidthSet              
200003d0  PWMout_T                      
0000110b  PortAB_INIT                   
00002a35  RGBBlinkIntHandler            
00002d49  RGBBlinkRateSet               
00002dd5  RGBColorGet                   
00002c8b  RGBColorSet                   
00002c15  RGBDisable                    
00002b5d  RGBEnable                     
00002a63  RGBInit                       
00002d35  RGBIntensitySet               
00002c73  RGBSet                        
00005f29  ResetISR                      
000018ed  SERVO_PWM_init                
000015bb  SERVO_control                 
000044ed  SysCtlClockGet                
00005e1d  SysCtlPWMClockSet             
00005b7d  SysCtlPeripheralEnable        
00001a07  SysTick_Handler               
000014ad  Timer0ACapture_init           
00005f6f  UARTClockSourceSet            
00002559  UARTStdioConfig               
000026d1  UARTgetc                      
0000260b  UARTgets                      
000029ff  UARTprintf                    
00002705  UARTvprintf                   
000025b9  UARTwrite                     
00005be5  VectorAdd                     
0000547f  VectorCrossProduct            
00005cf1  VectorDotProduct              
00005d17  VectorScale                   
200003d4  X_F                           
200003d8  X_I                           
200003dc  Y_F                           
200003e0  Y_I                           
200003e4  Z_F                           
200003e8  Z_I                           
20000848  __STACK_END                   
00000400  __STACK_SIZE                  
20000648  __STACK_TOP                   
000062c8  __TI_CINIT_Base               
000062d8  __TI_CINIT_Limit              
000062b4  __TI_Handler_Table_Base       
000062c0  __TI_Handler_Table_Limit      
0000590d  __TI_auto_init_nobinit_nopinit
00005291  __TI_decompress_lzss          
00005ee9  __TI_decompress_none          
00005581  __TI_ltoa                     
ffffffff  __TI_pprof_out_hndl           
00001b09  __TI_printfi                  
ffffffff  __TI_prof_data_size           
ffffffff  __TI_prof_data_start          
00000000  __TI_static_base__            
00005f1d  __TI_zero_init                
00004df9  __aeabi_cdcmpeq               
00004df9  __aeabi_cdcmple               
00004e7f  __aeabi_cdrcmple              
000050e5  __aeabi_d2f                   
0000583d  __aeabi_d2iz                  
00003773  __aeabi_dadd                  
00004161  __aeabi_ddiv                  
0000470d  __aeabi_dmul                  
00003769  __aeabi_dsub                  
00005f61  __aeabi_errno_addr            
00005b11  __aeabi_f2d                   
00005677  __aeabi_f2ulz                 
00005c47  __aeabi_i2d                   
00002557  __aeabi_idiv0                 
00002557  __aeabi_ldiv0                 
00004ffd  __aeabi_memclr                
00004ffd  __aeabi_memclr4               
00004ffd  __aeabi_memclr8               
00004ba5  __aeabi_memcpy                
00004ba5  __aeabi_memcpy4               
00004ba5  __aeabi_memcpy8               
00004fff  __aeabi_memset                
00004fff  __aeabi_memset4               
00004fff  __aeabi_memset8               
00005a15  __aeabi_uidiv                 
00005a15  __aeabi_uidivmod              
00004cdb  __aeabi_uldivmod              
ffffffff  __binit__                     
ffffffff  __c_args__                    
UNDEFED   __mpu_init                    
20000448  __stack                       
20000000  __start___llvm_prf_cnts       
20000000  __stop___llvm_prf_cnts        
00005bb1  _c_int00_noargs               
00005f88  _ctypes_                      
UNDEFED   _system_post_cinit            
00005f81  _system_pre_init              
00005f85  abort                         
00003ab5  asinf                         
00003c25  atan2f                        
00003ed5  atanf                         
00005715  atoi                          
ffffffff  binit                         
00001061  configure_systick             
00005dd3  copysign                      
00005dd3  copysignl                     
000019c9  delayMs                       
200003ec  distance                      
20000890  errno                         
200003f0  frac                          
0000535d  frexp                         
0000535d  frexpl                        
00000000  g_pfnVectors                  
20000280  g_sCompDCMInst                
20000000  g_sI2CInst                    
20000214  g_sMPU9150Inst                
200003f4  g_ui32PrintSkipCounter        
200003f8  g_vui8ErrorFlag               
200003fc  g_vui8I2CDoneFlag             
20000400  i                             
200002d8  i32FPart                      
20000318  i32IPart                      
000045fd  ldexp                         
000045fd  ldexpl                        
00000275  lowPassFilter                 
00001625  main                          
00005d9d  memccpy                       
00004ba5  memcpy                        
00005005  memset                        
20000124  mesg                          
00000ff1  mode                          
20000404  pfAccel                       
20000358  pfData                        
20000408  pfEulers                      
2000040c  pfGyro                        
20000410  pfMag                         
20000414  pfQuaternion                  
20000418  pitch                         
20000860  prevFilteredAccelX            
20000864  prevFilteredAccelY            
20000868  prevFilteredAccelZ            
2000086c  prevFilteredGyroX             
20000870  prevFilteredGyroY             
20000874  prevFilteredGyroZ             
20000878  prevFilteredMagX              
2000087c  prevFilteredMagY              
20000880  prevFilteredMagZ              
2000085c  prevMag_z                     
20000854  prevyaw                       
2000041c  real                          
000045fd  scalbn                        
000045fd  scalbnl                       
20000420  speed                         
00005a55  sprintf                       
00003d7d  sqrt                          
00005cc9  sqrtf                         
00003d7d  sqrtl                         
20000424  status                        
00005e05  strchr                        
00005e31  strcpy                        
00005e45  strlen                        
0000109f  tailmotor                     
20000428  temp_T                        
2000042c  time                          
20000430  ui32CompDCMStarted            
20000434  ui32Idx                       
20000438  ui32Load                      
2000043c  ui32Load_motor                
20000440  ui32PWMClock                  
2000084c  ui8Adjust                     
20000848  ui8Adjust_motor               
00001345  ultrasonic                    
20000398  version                       
00005e8f  wcslen                        
20000444  yaw                           


GLOBAL SYMBOLS: SORTED BY Symbol Address 

address   name                          
-------   ----                          
00000000  __TI_static_base__            
00000000  g_pfnVectors                  
00000275  lowPassFilter                 
000002a1  MPU9150AppCallback            
000002bd  IntGPIOe                      
000002e3  MPU9150I2CIntHandler          
000002ed  MPU9150AppErrorHandler        
0000030f  MPU9150AppI2CWait             
00000339  ConfigureUART                 
000003b1  MPU9150_IN_IT                 
00000400  __STACK_SIZE                  
000007c9  MPU9150                       
00000ff1  mode                          
00001061  configure_systick             
0000109f  tailmotor                     
0000110b  PortAB_INIT                   
0000113f  LCD_init                      
0000116b  LCD_RecCommand                
00001199  LCD_RecData                   
000011c9  LCD_PutData                   
00001345  ultrasonic                    
0000142d  Measure_distance              
000014ad  Timer0ACapture_init           
00001539  HEADmotor                     
000015bb  SERVO_control                 
00001625  main                          
000016f9  Motor_in_it                   
000017e1  ADC_PWM_init                  
000018ed  SERVO_PWM_init                
000019c9  delayMs                       
00001a07  SysTick_Handler               
00001a21  Delay_MicroSecond             
00001b09  __TI_printfi                  
00002557  __aeabi_idiv0                 
00002557  __aeabi_ldiv0                 
00002559  UARTStdioConfig               
000025b9  UARTwrite                     
0000260b  UARTgets                      
000026d1  UARTgetc                      
00002705  UARTvprintf                   
000029ff  UARTprintf                    
00002a35  RGBBlinkIntHandler            
00002a63  RGBInit                       
00002b5d  RGBEnable                     
00002c15  RGBDisable                    
00002c73  RGBSet                        
00002c8b  RGBColorSet                   
00002d35  RGBIntensitySet               
00002d49  RGBBlinkRateSet               
00002dd5  RGBColorGet                   
00002e61  CompDCMUpdate                 
000035a1  CompDCMComputeQuaternion      
00003769  __aeabi_dsub                  
00003773  __aeabi_dadd                  
00003ab5  asinf                         
00003c25  atan2f                        
00003d7d  sqrt                          
00003d7d  sqrtl                         
00003ed5  atanf                         
00004161  __aeabi_ddiv                  
00004297  GPIOPadConfigSet              
000044ed  SysCtlClockGet                
000045fd  ldexp                         
000045fd  ldexpl                        
000045fd  scalbn                        
000045fd  scalbnl                       
0000470d  __aeabi_dmul                  
00004809  I2CMIntHandler                
000049af  CompDCMStart                  
00004a61  MPU9150DataMagnetoGetFloat    
00004b09  MPU9150Write                  
00004ba5  __aeabi_memcpy                
00004ba5  __aeabi_memcpy4               
00004ba5  __aeabi_memcpy8               
00004ba5  memcpy                        
00004cdb  __aeabi_uldivmod              
00004d71  I2CMCommand                   
00004df9  __aeabi_cdcmpeq               
00004df9  __aeabi_cdcmple               
00004e7f  __aeabi_cdrcmple              
00004f05  MPU9150DataAccelGetFloat      
00004f81  MPU9150DataGyroGetFloat       
00004ffd  __aeabi_memclr                
00004ffd  __aeabi_memclr4               
00004ffd  __aeabi_memclr8               
00004fff  __aeabi_memset                
00004fff  __aeabi_memset4               
00004fff  __aeabi_memset8               
00005005  memset                        
000050e5  __aeabi_d2f                   
00005155  MPU9150Init                   
000051c1  IntDisable                    
00005229  IntEnable                     
00005291  __TI_decompress_lzss          
000052f9  IntIsEnabled                  
0000535d  frexp                         
0000535d  frexpl                        
000053c1  MPU9150DataRead               
0000547f  VectorCrossProduct            
0000552d  I2CMWrite8                    
00005581  __TI_ltoa                     
00005677  __aeabi_f2ulz                 
000056c9  I2CMasterInitExpClk           
00005715  atoi                          
000057ad  GPIOPinConfigure              
0000583d  __aeabi_d2iz                  
00005885  CompDCMInit                   
0000590d  __TI_auto_init_nobinit_nopinit
00005951  CompDCMComputeEulers          
00005a15  __aeabi_uidiv                 
00005a15  __aeabi_uidivmod              
00005a55  sprintf                       
00005b11  __aeabi_f2d                   
00005b49  I2CMInit                      
00005b7d  SysCtlPeripheralEnable        
00005bb1  _c_int00_noargs               
00005be5  VectorAdd                     
00005c17  I2CMTransferResume            
00005c47  __aeabi_i2d                   
00005c75  GPIODirModeSet                
00005cc9  sqrtf                         
00005cf1  VectorDotProduct              
00005d17  VectorScale                   
00005d3d  PWMGenConfigure               
00005d7f  PWMPulseWidthSet              
00005d9d  memccpy                       
00005dd3  copysign                      
00005dd3  copysignl                     
00005e05  strchr                        
00005e1d  SysCtlPWMClockSet             
00005e31  strcpy                        
00005e45  strlen                        
00005e59  GPIOPinTypeI2CSCL             
00005e6b  GPIOPinTypePWM                
00005e7d  PWMOutputState                
00005e8f  wcslen                        
00005ea1  PWMGenPeriodSet               
00005eb1  CompDCMAccelUpdate            
00005ebf  CompDCMGyroUpdate             
00005ecd  CompDCMMagnetoUpdate          
00005edb  GPIOIntStatus                 
00005ee9  __TI_decompress_none          
00005ef7  GPIOIntEnable                 
00005f05  IntTrigger                    
00005f11  PWMGenEnable                  
00005f1d  __TI_zero_init                
00005f29  ResetISR                      
00005f35  I2CMasterEnable               
00005f49  I2CMasterIntClear             
00005f51  I2CMasterIntEnableEx          
00005f59  I2CMasterSlaveAddrSet         
00005f61  __aeabi_errno_addr            
00005f69  GPIOIntClear                  
00005f6f  UARTClockSourceSet            
00005f75  I2CMasterControl              
00005f79  I2CMasterDataGet              
00005f7d  I2CMasterDataPut              
00005f81  _system_pre_init              
00005f85  C$$EXIT                       
00005f85  abort                         
00005f88  _ctypes_                      
000062b4  __TI_Handler_Table_Base       
000062c0  __TI_Handler_Table_Limit      
000062c8  __TI_CINIT_Base               
000062d8  __TI_CINIT_Limit              
20000000  __start___llvm_prf_cnts       
20000000  __stop___llvm_prf_cnts        
20000000  g_sI2CInst                    
20000124  mesg                          
20000214  g_sMPU9150Inst                
20000280  g_sCompDCMInst                
200002d8  i32FPart                      
20000318  i32IPart                      
20000358  pfData                        
20000398  version                       
200003c8  Distance                      
200003cc  Mag_z                         
200003d0  PWMout_T                      
200003d4  X_F                           
200003d8  X_I                           
200003dc  Y_F                           
200003e0  Y_I                           
200003e4  Z_F                           
200003e8  Z_I                           
200003ec  distance                      
200003f0  frac                          
200003f4  g_ui32PrintSkipCounter        
200003f8  g_vui8ErrorFlag               
200003fc  g_vui8I2CDoneFlag             
20000400  i                             
20000404  pfAccel                       
20000408  pfEulers                      
2000040c  pfGyro                        
20000410  pfMag                         
20000414  pfQuaternion                  
20000418  pitch                         
2000041c  real                          
20000420  speed                         
20000424  status                        
20000428  temp_T                        
2000042c  time                          
20000430  ui32CompDCMStarted            
20000434  ui32Idx                       
20000438  ui32Load                      
2000043c  ui32Load_motor                
20000440  ui32PWMClock                  
20000444  yaw                           
20000448  __stack                       
20000648  __STACK_TOP                   
20000848  __STACK_END                   
20000848  ui8Adjust_motor               
2000084c  ui8Adjust                     
20000850  Filteredpitch                 
20000854  prevyaw                       
20000858  Filteredyaw                   
2000085c  prevMag_z                     
20000860  prevFilteredAccelX            
20000864  prevFilteredAccelY            
20000868  prevFilteredAccelZ            
2000086c  prevFilteredGyroX             
20000870  prevFilteredGyroY             
20000874  prevFilteredGyroZ             
20000878  prevFilteredMagX              
2000087c  prevFilteredMagY              
20000880  prevFilteredMagZ              
20000890  errno                         
ffffffff  __TI_pprof_out_hndl           
ffffffff  __TI_prof_data_size           
ffffffff  __TI_prof_data_start          
ffffffff  __binit__                     
ffffffff  __c_args__                    
ffffffff  binit                         
UNDEFED   __mpu_init                    
UNDEFED   _system_post_cinit            

[234 symbols]
