Archive member included to satisfy reference by file (symbol)

C:/Users/elsak/OneDrive/Documents/Elsa/IISc_ESE/Sem2/Embedded Systems/Labs/Lab2/uart/uart/libdriver.a(gpio.o)
                              ./main.o (GPIOPinTypeUART)
C:/Users/elsak/OneDrive/Documents/Elsa/IISc_ESE/Sem2/Embedded Systems/Labs/Lab2/uart/uart/libdriver.a(interrupt.o)
                              C:/Users/elsak/OneDrive/Documents/Elsa/IISc_ESE/Sem2/Embedded Systems/Labs/Lab2/uart/uart/libdriver.a(gpio.o) (IntRegister)
C:/Users/elsak/OneDrive/Documents/Elsa/IISc_ESE/Sem2/Embedded Systems/Labs/Lab2/uart/uart/libdriver.a(sysctl.o)
                              ./main.o (SysCtlPeripheralEnable)
C:/Users/elsak/OneDrive/Documents/Elsa/IISc_ESE/Sem2/Embedded Systems/Labs/Lab2/uart/uart/libdriver.a(uart.o)
                              ./main.o (UARTConfigSetExpClk)
C:/Users/elsak/OneDrive/Documents/Elsa/IISc_ESE/Sem2/Embedded Systems/Labs/Lab2/uart/uart/libdriver.a(cpu.o)
                              C:/Users/elsak/OneDrive/Documents/Elsa/IISc_ESE/Sem2/Embedded Systems/Labs/Lab2/uart/uart/libdriver.a(interrupt.o) (CPUcpsid)
c:/ti/ccs1220/ccs/tools/compiler/gcc-arm-none-eabi-9-2019-q4-major/bin/../lib/gcc/arm-none-eabi/9.2.1/../../../../arm-none-eabi/lib/thumb/v7e-m/nofp\libc.a(lib_a-ctype_.o)
                              ./main.o (_ctype_)
c:/ti/ccs1220/ccs/tools/compiler/gcc-arm-none-eabi-9-2019-q4-major/bin/../lib/gcc/arm-none-eabi/9.2.1/../../../../arm-none-eabi/lib/thumb/v7e-m/nofp\libc.a(lib_a-exit.o)
                              c:/ti/ccs1220/ccs/tools/compiler/gcc-arm-none-eabi-9-2019-q4-major/bin/../lib/gcc/arm-none-eabi/9.2.1/../../../../arm-none-eabi/lib/thumb/v7e-m/nofp/crt0.o (exit)
c:/ti/ccs1220/ccs/tools/compiler/gcc-arm-none-eabi-9-2019-q4-major/bin/../lib/gcc/arm-none-eabi/9.2.1/../../../../arm-none-eabi/lib/thumb/v7e-m/nofp\libc.a(lib_a-impure.o)
                              c:/ti/ccs1220/ccs/tools/compiler/gcc-arm-none-eabi-9-2019-q4-major/bin/../lib/gcc/arm-none-eabi/9.2.1/../../../../arm-none-eabi/lib/thumb/v7e-m/nofp\libc.a(lib_a-exit.o) (_global_impure_ptr)
c:/ti/ccs1220/ccs/tools/compiler/gcc-arm-none-eabi-9-2019-q4-major/bin/../lib/gcc/arm-none-eabi/9.2.1/../../../../arm-none-eabi/lib/thumb/v7e-m/nofp\libc.a(lib_a-init.o)
                              c:/ti/ccs1220/ccs/tools/compiler/gcc-arm-none-eabi-9-2019-q4-major/bin/../lib/gcc/arm-none-eabi/9.2.1/../../../../arm-none-eabi/lib/thumb/v7e-m/nofp/crt0.o (__libc_init_array)
c:/ti/ccs1220/ccs/tools/compiler/gcc-arm-none-eabi-9-2019-q4-major/bin/../lib/gcc/arm-none-eabi/9.2.1/../../../../arm-none-eabi/lib/thumb/v7e-m/nofp\libc.a(lib_a-memcpy.o)
                              ./main.o (memcpy)
c:/ti/ccs1220/ccs/tools/compiler/gcc-arm-none-eabi-9-2019-q4-major/bin/../lib/gcc/arm-none-eabi/9.2.1/../../../../arm-none-eabi/lib/thumb/v7e-m/nofp\libc.a(lib_a-memset.o)
                              c:/ti/ccs1220/ccs/tools/compiler/gcc-arm-none-eabi-9-2019-q4-major/bin/../lib/gcc/arm-none-eabi/9.2.1/../../../../arm-none-eabi/lib/thumb/v7e-m/nofp/crt0.o (memset)
c:/ti/ccs1220/ccs/tools/compiler/gcc-arm-none-eabi-9-2019-q4-major/bin/../lib/gcc/arm-none-eabi/9.2.1/../../../../arm-none-eabi/lib/thumb/v7e-m/nofp\libc.a(lib_a-strcmp.o)
                              ./main.o (strcmp)
c:/ti/ccs1220/ccs/tools/compiler/gcc-arm-none-eabi-9-2019-q4-major/bin/../lib/gcc/arm-none-eabi/9.2.1/../../../../arm-none-eabi/lib/thumb/v7e-m/nofp\libc.a(lib_a-strlen.o)
                              ./main.o (strlen)
c:/ti/ccs1220/ccs/tools/compiler/gcc-arm-none-eabi-9-2019-q4-major/bin/../lib/gcc/arm-none-eabi/9.2.1/../../../../arm-none-eabi/lib/thumb/v7e-m/nofp\libc.a(lib_a-__call_atexit.o)
                              c:/ti/ccs1220/ccs/tools/compiler/gcc-arm-none-eabi-9-2019-q4-major/bin/../lib/gcc/arm-none-eabi/9.2.1/../../../../arm-none-eabi/lib/thumb/v7e-m/nofp\libc.a(lib_a-exit.o) (__call_exitprocs)
c:/ti/ccs1220/ccs/tools/compiler/gcc-arm-none-eabi-9-2019-q4-major/bin/../lib/gcc/arm-none-eabi/9.2.1/../../../../arm-none-eabi/lib/thumb/v7e-m/nofp\libc.a(lib_a-atexit.o)
                              c:/ti/ccs1220/ccs/tools/compiler/gcc-arm-none-eabi-9-2019-q4-major/bin/../lib/gcc/arm-none-eabi/9.2.1/../../../../arm-none-eabi/lib/thumb/v7e-m/nofp\libc.a(lib_a-__call_atexit.o) (atexit)
c:/ti/ccs1220/ccs/tools/compiler/gcc-arm-none-eabi-9-2019-q4-major/bin/../lib/gcc/arm-none-eabi/9.2.1/../../../../arm-none-eabi/lib/thumb/v7e-m/nofp\libc.a(lib_a-fini.o)
                              c:/ti/ccs1220/ccs/tools/compiler/gcc-arm-none-eabi-9-2019-q4-major/bin/../lib/gcc/arm-none-eabi/9.2.1/../../../../arm-none-eabi/lib/thumb/v7e-m/nofp\libc.a(lib_a-__call_atexit.o) (__libc_fini_array)
c:/ti/ccs1220/ccs/tools/compiler/gcc-arm-none-eabi-9-2019-q4-major/bin/../lib/gcc/arm-none-eabi/9.2.1/../../../../arm-none-eabi/lib/thumb/v7e-m/nofp\libc.a(lib_a-lock.o)
[...]
Memory Configuration

Name             Origin             Length             Attributes
FLASH            0x00000000         0x00040000         xr
SRAM             0x20000000         0x00008000         xw
*default*        0x00000000         0xffffffff

Linker script and memory map

LOAD c:/ti/ccs1220/ccs/tools/compiler/gcc-arm-none-eabi-9-2019-q4-major/bin/../lib/gcc/arm-none-eabi/9.2.1/thumb/v7e-m/nofp/crti.o
LOAD c:/ti/ccs1220/ccs/tools/compiler/gcc-arm-none-eabi-9-2019-q4-major/bin/../lib/gcc/arm-none-eabi/9.2.1/thumb/v7e-m/nofp/crtbegin.o
LOAD c:/ti/ccs1220/ccs/tools/compiler/gcc-arm-none-eabi-9-2019-q4-major/bin/../lib/gcc/arm-none-eabi/9.2.1/../../../../arm-none-eabi/lib/thumb/v7e-m/nofp/crt0.o
LOAD ./main.o
LOAD ./tm4c123gh6pm_startup_ccs_gcc.o
LOAD ./Initialization_Code/GPIO.o
LOAD ./Initialization_Code/SSD.o
LOAD ./Initialization_Code/keypad.o
                0x00000000                PROVIDE (_intvecs_base_address = 0x0)

.intvecs        0x00000000      0x26c
 *(.intvecs)
 .intvecs       0x00000000      0x26c ./tm4c123gh6pm_startup_ccs_gcc.o
                0x00000000                g_pfnVectors
                0x20000000                PROVIDE (_vtable_base_address = 0x20000000)

.vtable
 *(.vtable)

.text           0x00000280     0x2fdc
 CREATE_OBJECT_SYMBOLS
 *(.text)
 .text          0x00000280        0x0 c:/ti/ccs1220/ccs/tools/compiler/gcc-arm-none-eabi-9-2019-q4-major/bin/../lib/gcc/arm-none-eabi/9.2.1/thumb/v7e-m/nofp/crti.o
 .text          0x00000280       0x40 c:/ti/ccs1220/ccs/tools/compiler/gcc-arm-none-eabi-9-2019-q4-major/bin/../lib/gcc/arm-none-eabi/9.2.1/thumb/v7e-m/nofp/crtbegin.o
 .text          0x000002c0       0x74 c:/ti/ccs1220/ccs/tools/compiler/gcc-arm-none-eabi-9-2019-q4-major/bin/../lib/gcc/arm-none-eabi/9.2.1/../../../../arm-none-eabi/lib/thumb/v7e-m/nofp/crt0.o
                0x000002c0                _start
                0x000002c0                _mainCRTStartup
 .text          0x00000334        0x0 ./main.o
 .text          0x00000334        0x0 ./tm4c123gh6pm_startup_ccs_gcc.o
 .text          0x00000334        0x0 ./Initialization_Code/GPIO.o
 .text          0x00000334        0x0 ./Initialization_Code/SSD.o
 .text          0x00000334        0x0 ./Initialization_Code/keypad.o
 .text          0x00000334        0x0 C:/Users/elsak/OneDrive/Documents/Elsa/IISc_ESE/Sem2/Embedded Systems/Labs/Lab2/uart/uart/libdriver.a(gpio.o)
 .text          0x00000334        0x0 C:/Users/elsak/OneDrive/Documents/Elsa/IISc_ESE/Sem2/Embedded Systems/Labs/Lab2/uart/uart/libdriver.a(interrupt.o)
 .text          0x00000334        0x0 C:/Users/elsak/OneDrive/Documents/Elsa/IISc_ESE/Sem2/Embedded Systems/Labs/Lab2/uart/uart/libdriver.a(sysctl.o)
 .text          0x00000334        0x0 C:/Users/elsak/OneDrive/Documents/Elsa/IISc_ESE/Sem2/Embedded Systems/Labs/Lab2/uart/uart/libdriver.a(uart.o)
 .text          0x00000334        0x0 C:/Users/elsak/OneDrive/Documents/Elsa/IISc_ESE/Sem2/Embedded Systems/Labs/Lab2/uart/uart/libdriver.a(cpu.o)
 .text          0x00000334        0x0 c:/ti/ccs1220/ccs/tools/compiler/gcc-arm-none-eabi-9-2019-q4-major/bin/../lib/gcc/arm-none-eabi/9.2.1/../../../../arm-none-eabi/lib/thumb/v7e-m/nofp\libc.a(lib_a-ctype_.o)
 .text          0x00000334        0x0 c:/ti/ccs1220/ccs/tools/compiler/gcc-arm-none-eabi-9-2019-q4-major/bin/../lib/gcc/arm-none-eabi/9.2.1/../../../../arm-none-eabi/lib/thumb/v7e-m/nofp\libc.a(lib_a-exit.o)
 .text          0x00000334        0x0 c:/ti/ccs1220/ccs/tools/compiler/gcc-arm-none-eabi-9-2019-q4-major/bin/../lib/gcc/arm-none-eabi/9.2.1/../../../../arm-none-eabi/lib/thumb/v7e-m/nofp\libc.a(lib_a-impure.o)
 .text          0x00000334        0x0 c:/ti/ccs1220/ccs/tools/compiler/gcc-arm-none-eabi-9-2019-q4-major/bin/../lib/gcc/arm-none-eabi/9.2.1/../../../../arm-none-eabi/lib/thumb/v7e-m/nofp\libc.a(lib_a-init.o)
 .text          0x00000334      0x134 c:/ti/ccs1220/ccs/tools/compiler/gcc-arm-none-eabi-9-2019-q4-major/bin/../lib/gcc/arm-none-eabi/9.2.1/../../../../arm-none-eabi/lib/thumb/v7e-m/nofp\libc.a(lib_a-memcpy.o)
                0x00000334                memcpy
 .text          0x00000468        0x0 c:/ti/ccs1220/ccs/tools/compiler/gcc-arm-none-eabi-9-2019-q4-major/bin/../lib/gcc/arm-none-eabi/9.2.1/../../../../arm-none-eabi/lib/thumb/v7e-m/nofp\libc.a(lib_a-memset.o)
 *fill*         0x00000468       0x18 
 .text          0x00000480      0x2dc c:/ti/ccs1220/ccs/tools/compiler/gcc-arm-none-eabi-9-2019-q4-major/bin/../lib/gcc/arm-none-eabi/9.2.1/../../../../arm-none-eabi/lib/thumb/v7e-m/nofp\libc.a(lib_a-strcmp.o)
                0x00000488                strcmp
 *fill*         0x0000075c       0x24 
 .text          0x00000780       0xdc c:/ti/ccs1220/ccs/tools/compiler/gcc-arm-none-eabi-9-2019-q4-major/bin/../lib/gcc/arm-none-eabi/9.2.1/../../../../arm-none-eabi/lib/thumb/v7e-m/nofp\libc.a(lib_a-strlen.o)
                0x00000780                strlen
 .text          0x0000085c        0x0 c:/ti/ccs1220/ccs/tools/compiler/gcc-arm-none-eabi-9-2019-q4-major/bin/../lib/gcc/arm-none-eabi/9.2.1/../../../../arm-none-eabi/lib/thumb/v7e-m/nofp\libc.a(lib_a-__call_atexit.o)
 .text          0x0000085c        0x0 c:/ti/ccs1220/ccs/tools/compiler/gcc-arm-none-eabi-9-2019-q4-major/bin/../lib/gcc/arm-none-eabi/9.2.1/../../../../arm-none-eabi/lib/thumb/v7e-m/nofp\libc.a(lib_a-atexit.o)
 .text          0x0000085c        0x0 c:/ti/ccs1220/ccs/tools/compiler/gcc-arm-none-eabi-9-2019-q4-major/bin/../lib/gcc/arm-none-eabi/9.2.1/../../../../arm-none-eabi/lib/thumb/v7e-m/nofp\libc.a(lib_a-fini.o)
 .text          0x0000085c        0x0 c:/ti/ccs1220/ccs/tools/compiler/gcc-arm-none-eabi-9-2019-q4-major/bin/../lib/gcc/arm-none-eabi/9.2.1/../../../../arm-none-eabi/lib/thumb/v7e-m/nofp\libc.a(lib_a-lock.o)
 .text          0x0000085c        0x0 c:/ti/ccs1220/ccs/tools/compiler/gcc-arm-none-eabi-9-2019-q4-major/bin/../lib/gcc/arm-none-eabi/9.2.1/../../../../arm-none-eabi/lib/thumb/v7e-m/nofp\libc.a(lib_a-__atexit.o)
 .text          0x0000085c        0x0 c:/ti/ccs1220/ccs/tools/compiler/gcc-arm-none-eabi-9-2019-q4-major/bin/../lib/gcc/arm-none-eabi/9.2.1/../../../../arm-none-eabi/lib/thumb/v7e-m/nofp\libnosys.a(_exit.o)
 .text          0x0000085c        0x0 c:/ti/ccs1220/ccs/tools/compiler/gcc-arm-none-eabi-9-2019-q4-major/bin/../lib/gcc/arm-none-eabi/9.2.1/thumb/v7e-m/nofp/crtend.o
 .text          0x0000085c        0x0 c:/ti/ccs1220/ccs/tools/compiler/gcc-arm-none-eabi-9-2019-q4-major/bin/../lib/gcc/arm-none-eabi/9.2.1/thumb/v7e-m/nofp/crtn.o
 *(.text.*)
 .text.main     0x0000085c       0xd0 ./main.o
                0x0000085c                main
 .text.switch_console_read
                0x0000092c      0x110 ./main.o
                0x0000092c                switch_console_read
 .text.display_all_SSD
                0x00000a3c       0x64 ./main.o
                0x00000a3c                display_all_SSD
 .text.UART_Print_str
                0x00000aa0       0x40 ./main.o
                0x00000aa0                UART_Print_str
 .text.read_string_from_console
                0x00000ae0       0x98 ./main.o
                0x00000ae0                read_string_from_console
 .text.preprocess
                0x00000b78      0x17c ./main.o
                0x00000b78                preprocess
 .text.str_compare
                0x00000cf4      0x498 ./main.o
                0x00000cf4                str_compare
 .text.switch_debounce
                0x0000118c       0x4c ./main.o
                0x0000118c                switch_debounce
 .text.keypad_press
                0x000011d8       0x5c ./main.o
                0x000011d8                keypad_press
 .text.check_resume
                0x00001234      0x108 ./main.o
                0x00001234                check_resume
 .text.check_start
                0x0000133c      0x134 ./main.o
                0x0000133c                check_start
 .text.delayMs  0x00001470       0x3e ./main.o
                0x00001470                delayMs
 *fill*         0x000014ae        0x2 
 .text.ResetISR
                0x000014b0       0x6c ./tm4c123gh6pm_startup_ccs_gcc.o
                0x000014b0                ResetISR
 .text.NmiSR    0x0000151c        0x6 ./tm4c123gh6pm_startup_ccs_gcc.o
 .text.FaultISR
                0x00001522        0x6 ./tm4c123gh6pm_startup_ccs_gcc.o
 .text.IntDefaultHandler
                0x00001528        0x6 ./tm4c123gh6pm_startup_ccs_gcc.o
 *fill*         0x0000152e        0x2 
 .text.GPIOA_INIT
                0x00001530       0x90 ./Initialization_Code/GPIO.o
                0x00001530                GPIOA_INIT
 .text.GPIOB_INIT
                0x000015c0       0x98 ./Initialization_Code/GPIO.o
                0x000015c0                GPIOB_INIT
 .text.GPIOC_INIT
                0x00001658       0x6c ./Initialization_Code/GPIO.o
                0x00001658                GPIOC_INIT
 .text.GPIOD_INIT
                0x000016c4       0x84 ./Initialization_Code/GPIO.o
                0x000016c4                GPIOD_INIT
 .text.GPIOE_INIT
                0x00001748       0x58 ./Initialization_Code/GPIO.o
                0x00001748                GPIOE_INIT
 .text.GPIOF_INIT
                0x000017a0       0xc0 ./Initialization_Code/GPIO.o
                0x000017a0                GPIOF_INIT
 .text.GPIOPortA_Handler
                0x00001860        0xc ./Initialization_Code/GPIO.o
                0x00001860                GPIOPortA_Handler
 .text.GPIOPortB_Handler
                0x0000186c        0xc ./Initialization_Code/GPIO.o
                0x0000186c                GPIOPortB_Handler
 .text.GPIOPortC_Handler
                0x00001878        0xc ./Initialization_Code/GPIO.o
                0x00001878                GPIOPortC_Handler
 .text.GPIOPortF_Handler
                0x00001884        0xc ./Initialization_Code/GPIO.o
                0x00001884                GPIOPortF_Handler
 .text.SSD_init
                0x00001890       0x5c ./Initialization_Code/SSD.o
                0x00001890                SSD_init
 .text.SSD_Display
                0x000018ec       0x40 ./Initialization_Code/SSD.o
                0x000018ec                SSD_Display
 .text.keypad_init
                0x0000192c       0x1c ./Initialization_Code/keypad.o
                0x0000192c                keypad_init
 .text.isKeyPressed
                0x00001948       0x2c ./Initialization_Code/keypad.o
                0x00001948                isKeyPressed
 .text.readkey  0x00001974       0xb8 ./Initialization_Code/keypad.o
                0x00001974                readkey
 .text.delay_1_Ms
                0x00001a2c       0x3a ./Initialization_Code/keypad.o
                0x00001a2c                delay_1_Ms
 *fill*         0x00001a66        0x2 
 .text._GPIOIntNumberGet
                0x00001a68       0x44 C:/Users/elsak/OneDrive/Documents/Elsa/IISc_ESE/Sem2/Embedded Systems/Labs/Lab2/uart/uart/libdriver.a(gpio.o)
 .text.GPIODirModeSet
                0x00001aac       0x26 C:/Users/elsak/OneDrive/Documents/Elsa/IISc_ESE/Sem2/Embedded Systems/Labs/Lab2/uart/uart/libdriver.a(gpio.o)
                0x00001aac                GPIODirModeSet
 .text.GPIODirModeGet
                0x00001ad2       0x26 C:/Users/elsak/OneDrive/Documents/Elsa/IISc_ESE/Sem2/Embedded Systems/Labs/Lab2/uart/uart/libdriver.a(gpio.o)
                0x00001ad2                GPIODirModeGet
 .text.GPIOIntTypeSet
                0x00001af8       0x4e C:/Users/elsak/OneDrive/Documents/Elsa/IISc_ESE/Sem2/Embedded Systems/Labs/Lab2/uart/uart/libdriver.a(gpio.o)
                0x00001af8                GPIOIntTypeSet
 .text.GPIOIntTypeGet
                0x00001b46       0x40 C:/Users/elsak/OneDrive/Documents/Elsa/IISc_ESE/Sem2/Embedded Systems/Labs/Lab2/uart/uart/libdriver.a(gpio.o)
                0x00001b46                GPIOIntTypeGet
 .text.GPIOPadConfigSet
                0x00001b86      0x106 C:/Users/elsak/OneDrive/Documents/Elsa/IISc_ESE/Sem2/Embedded Systems/Labs/Lab2/uart/uart/libdriver.a(gpio.o)
                0x00001b86                GPIOPadConfigSet
 .text.GPIOPadConfigGet
                0x00001c8c       0xd0 C:/Users/elsak/OneDrive/Documents/Elsa/IISc_ESE/Sem2/Embedded Systems/Labs/Lab2/uart/uart/libdriver.a(gpio.o)
                0x00001c8c                GPIOPadConfigGet
 .text.GPIOIntEnable
                0x00001d5c        0xc C:/Users/elsak/OneDrive/Documents/Elsa/IISc_ESE/Sem2/Embedded Systems/Labs/Lab2/uart/uart/libdriver.a(gpio.o)
                0x00001d5c                GPIOIntEnable
 .text.GPIOIntDisable
                0x00001d68        0xe C:/Users/elsak/OneDrive/Documents/Elsa/IISc_ESE/Sem2/Embedded Systems/Labs/Lab2/uart/uart/libdriver.a(gpio.o)
                0x00001d68                GPIOIntDisable
 .text.GPIOIntStatus
                0x00001d76        0xe C:/Users/elsak/OneDrive/Documents/Elsa/IISc_ESE/Sem2/Embedded Systems/Labs/Lab2/uart/uart/libdriver.a(gpio.o)
                0x00001d76                GPIOIntStatus
 .text.GPIOIntClear
                0x00001d84        0x6 C:/Users/elsak/OneDrive/Documents/Elsa/IISc_ESE/Sem2/Embedded Systems/Labs/Lab2/uart/uart/libdriver.a(gpio.o)
                0x00001d84                GPIOIntClear
 .text.GPIOIntRegister
                0x00001d8a       0x1c C:/Users/elsak/OneDrive/Documents/Elsa/IISc_ESE/Sem2/Embedded Systems/Labs/Lab2/uart/uart/libdriver.a(gpio.o)
                0x00001d8a                GPIOIntRegister
 .text.GPIOIntUnregister
                0x00001da6       0x16 C:/Users/elsak/OneDrive/Documents/Elsa/IISc_ESE/Sem2/Embedded Systems/Labs/Lab2/uart/uart/libdriver.a(gpio.o)
                0x00001da6                GPIOIntUnregister
 .text.GPIOPinRead
                0x00001dbc        0x6 C:/Users/elsak/OneDrive/Documents/Elsa/IISc_ESE/Sem2/Embedded Systems/Labs/Lab2/uart/uart/libdriver.a(gpio.o)
                0x00001dbc                GPIOPinRead
 .text.GPIOPinWrite
                0x00001dc2        0x6 C:/Users/elsak/OneDrive/Documents/Elsa/IISc_ESE/Sem2/Embedded Systems/Labs/Lab2/uart/uart/libdriver.a(gpio.o)
                0x00001dc2                GPIOPinWrite
 .text.GPIOPinTypeADC
                0x00001dc8       0x18 C:/Users/elsak/OneDrive/Documents/Elsa/IISc_ESE/Sem2/Embedded Systems/Labs/Lab2/uart/uart/libdriver.a(gpio.o)
                0x00001dc8                GPIOPinTypeADC
 .text.GPIOPinTypeCAN
                0x00001de0       0x18 C:/Users/elsak/OneDrive/Documents/Elsa/IISc_ESE/Sem2/Embedded Systems/Labs/Lab2/uart/uart/libdriver.a(gpio.o)
                0x00001de0                GPIOPinTypeCAN
 .text.GPIOPinTypeComparator
                0x00001df8        0x4 C:/Users/elsak/OneDrive/Documents/Elsa/IISc_ESE/Sem2/Embedded Systems/Labs/Lab2/uart/uart/libdriver.a(gpio.o)
                0x00001df8                GPIOPinTypeComparator
 .text.GPIOPinTypeEPI
                0x00001dfc        0x4 C:/Users/elsak/OneDrive/Documents/Elsa/IISc_ESE/Sem2/Embedded Systems/Labs/Lab2/uart/uart/libdriver.a(gpio.o)
                0x00001dfc                GPIOPinTypeEPI
 .text.GPIOPinTypeEthernetLED
                0x00001e00        0x4 C:/Users/elsak/OneDrive/Documents/Elsa/IISc_ESE/Sem2/Embedded Systems/Labs/Lab2/uart/uart/libdriver.a(gpio.o)
                0x00001e00                GPIOPinTypeEthernetLED
 .text.GPIOPinTypeEthernetMII
                0x00001e04        0x4 C:/Users/elsak/OneDrive/Documents/Elsa/IISc_ESE/Sem2/Embedded Systems/Labs/Lab2/uart/uart/libdriver.a(gpio.o)
                0x00001e04                GPIOPinTypeEthernetMII
 .text.GPIOPinTypeGPIOInput
                0x00001e08       0x18 C:/Users/elsak/OneDrive/Documents/Elsa/IISc_ESE/Sem2/Embedded Systems/Labs/Lab2/uart/uart/libdriver.a(gpio.o)
                0x00001e08                GPIOPinTypeGPIOInput
 .text.GPIOPinTypeGPIOOutput
                0x00001e20       0x18 C:/Users/elsak/OneDrive/Documents/Elsa/IISc_ESE/Sem2/Embedded Systems/Labs/Lab2/uart/uart/libdriver.a(gpio.o)
                0x00001e20                GPIOPinTypeGPIOOutput
 .text.GPIOPinTypeGPIOOutputOD
                0x00001e38       0x18 C:/Users/elsak/OneDrive/Documents/Elsa/IISc_ESE/Sem2/Embedded Systems/Labs/Lab2/uart/uart/libdriver.a(gpio.o)
                0x00001e38                GPIOPinTypeGPIOOutputOD
 .text.GPIOPinTypeI2C
                0x00001e50       0x18 C:/Users/elsak/OneDrive/Documents/Elsa/IISc_ESE/Sem2/Embedded Systems/Labs/Lab2/uart/uart/libdriver.a(gpio.o)
                0x00001e50                GPIOPinTypeI2C
 .text.GPIOPinTypeI2CSCL
                0x00001e68       0x18 C:/Users/elsak/OneDrive/Documents/Elsa/IISc_ESE/Sem2/Embedded Systems/Labs/Lab2/uart/uart/libdriver.a(gpio.o)
                0x00001e68                GPIOPinTypeI2CSCL
 .text.GPIOPinTypeLCD
                0x00001e80        0x4 C:/Users/elsak/OneDrive/Documents/Elsa/IISc_ESE/Sem2/Embedded Systems/Labs/Lab2/uart/uart/libdriver.a(gpio.o)
                0x00001e80                GPIOPinTypeLCD
 .text.GPIOPinTypeLPC
                0x00001e84        0x4 C:/Users/elsak/OneDrive/Documents/Elsa/IISc_ESE/Sem2/Embedded Systems/Labs/Lab2/uart/uart/libdriver.a(gpio.o)
                0x00001e84                GPIOPinTypeLPC
 .text.GPIOPinTypePECIRx
                0x00001e88        0x4 C:/Users/elsak/OneDrive/Documents/Elsa/IISc_ESE/Sem2/Embedded Systems/Labs/Lab2/uart/uart/libdriver.a(gpio.o)
                0x00001e88                GPIOPinTypePECIRx
 .text.GPIOPinTypePECITx
                0x00001e8c        0x4 C:/Users/elsak/OneDrive/Documents/Elsa/IISc_ESE/Sem2/Embedded Systems/Labs/Lab2/uart/uart/libdriver.a(gpio.o)
                0x00001e8c                GPIOPinTypePECITx
 .text.GPIOPinTypePWM
                0x00001e90        0x4 C:/Users/elsak/OneDrive/Documents/Elsa/IISc_ESE/Sem2/Embedded Systems/Labs/Lab2/uart/uart/libdriver.a(gpio.o)
                0x00001e90                GPIOPinTypePWM
 .text.GPIOPinTypeQEI
                0x00001e94       0x18 C:/Users/elsak/OneDrive/Documents/Elsa/IISc_ESE/Sem2/Embedded Systems/Labs/Lab2/uart/uart/libdriver.a(gpio.o)
                0x00001e94                GPIOPinTypeQEI
 .text.GPIOPinTypeSSI
                0x00001eac        0x4 C:/Users/elsak/OneDrive/Documents/Elsa/IISc_ESE/Sem2/Embedded Systems/Labs/Lab2/uart/uart/libdriver.a(gpio.o)
                0x00001eac                GPIOPinTypeSSI
 .text.GPIOPinTypeTimer
                0x00001eb0        0x4 C:/Users/elsak/OneDrive/Documents/Elsa/IISc_ESE/Sem2/Embedded Systems/Labs/Lab2/uart/uart/libdriver.a(gpio.o)
                0x00001eb0                GPIOPinTypeTimer
 .text.GPIOPinTypeUART
                0x00001eb4        0x4 C:/Users/elsak/OneDrive/Documents/Elsa/IISc_ESE/Sem2/Embedded Systems/Labs/Lab2/uart/uart/libdriver.a(gpio.o)
                0x00001eb4                GPIOPinTypeUART
 .text.GPIOPinTypeUSBAnalog
                0x00001eb8        0x4 C:/Users/elsak/OneDrive/Documents/Elsa/IISc_ESE/Sem2/Embedded Systems/Labs/Lab2/uart/uart/libdriver.a(gpio.o)
                0x00001eb8                GPIOPinTypeUSBAnalog
 .text.GPIOPinTypeUSBDigital
                0x00001ebc        0x4 C:/Users/elsak/OneDrive/Documents/Elsa/IISc_ESE/Sem2/Embedded Systems/Labs/Lab2/uart/uart/libdriver.a(gpio.o)
                0x00001ebc                GPIOPinTypeUSBDigital
 .text.GPIOPinTypeWakeHigh
                0x00001ec0       0x1a C:/Users/elsak/OneDrive/Documents/Elsa/IISc_ESE/Sem2/Embedded Systems/Labs/Lab2/uart/uart/libdriver.a(gpio.o)
                0x00001ec0                GPIOPinTypeWakeHigh
 .text.GPIOPinTypeWakeLow
                0x00001eda       0x1a C:/Users/elsak/OneDrive/Documents/Elsa/IISc_ESE/Sem2/Embedded Systems/Labs/Lab2/uart/uart/libdriver.a(gpio.o)
                0x00001eda                GPIOPinTypeWakeLow
 .text.GPIOPinTypeKBRow
                0x00001ef4        0x4 C:/Users/elsak/OneDrive/Documents/Elsa/IISc_ESE/Sem2/Embedded Systems/Labs/Lab2/uart/uart/libdriver.a(gpio.o)
                0x00001ef4                GPIOPinTypeKBRow
 .text.GPIOPinTypeKBColumn
                0x00001ef8        0x4 C:/Users/elsak/OneDrive/Documents/Elsa/IISc_ESE/Sem2/Embedded Systems/Labs/Lab2/uart/uart/libdriver.a(gpio.o)
                0x00001ef8                GPIOPinTypeKBColumn
 .text.GPIOPinTypeLEDSeq
                0x00001efc        0x4 C:/Users/elsak/OneDrive/Documents/Elsa/IISc_ESE/Sem2/Embedded Systems/Labs/Lab2/uart/uart/libdriver.a(gpio.o)
                0x00001efc                GPIOPinTypeLEDSeq
 .text.GPIOPinTypeCIR
                0x00001f00        0x4 C:/Users/elsak/OneDrive/Documents/Elsa/IISc_ESE/Sem2/Embedded Systems/Labs/Lab2/uart/uart/libdriver.a(gpio.o)
                0x00001f00                GPIOPinTypeCIR
 .text.GPIOPinWakeStatus
                0x00001f04        0x6 C:/Users/elsak/OneDrive/Documents/Elsa/IISc_ESE/Sem2/Embedded Systems/Labs/Lab2/uart/uart/libdriver.a(gpio.o)
                0x00001f04                GPIOPinWakeStatus
 *fill*         0x00001f0a        0x2 
 .text.GPIOPinConfigure
                0x00001f0c       0x44 C:/Users/elsak/OneDrive/Documents/Elsa/IISc_ESE/Sem2/Embedded Systems/Labs/Lab2/uart/uart/libdriver.a(gpio.o)
                0x00001f0c                GPIOPinConfigure
 .text.GPIODMATriggerEnable
                0x00001f50        0xc C:/Users/elsak/OneDrive/Documents/Elsa/IISc_ESE/Sem2/Embedded Systems/Labs/Lab2/uart/uart/libdriver.a(gpio.o)
                0x00001f50                GPIODMATriggerEnable
 .text.GPIODMATriggerDisable
                0x00001f5c        0xe C:/Users/elsak/OneDrive/Documents/Elsa/IISc_ESE/Sem2/Embedded Systems/Labs/Lab2/uart/uart/libdriver.a(gpio.o)
                0x00001f5c                GPIODMATriggerDisable
 .text.GPIOADCTriggerEnable
                0x00001f6a        0xc C:/Users/elsak/OneDrive/Documents/Elsa/IISc_ESE/Sem2/Embedded Systems/Labs/Lab2/uart/uart/libdriver.a(gpio.o)
                0x00001f6a                GPIOADCTriggerEnable
 .text.GPIOADCTriggerDisable
                0x00001f76        0xe C:/Users/elsak/OneDrive/Documents/Elsa/IISc_ESE/Sem2/Embedded Systems/Labs/Lab2/uart/uart/libdriver.a(gpio.o)
                0x00001f76                GPIOADCTriggerDisable
 .text._IntDefaultHandler
                0x00001f84        0x2 C:/Users/elsak/OneDrive/Documents/Elsa/IISc_ESE/Sem2/Embedded Systems/Labs/Lab2/uart/uart/libdriver.a(interrupt.o)
 .text.IntMasterEnable
                0x00001f86        0xe C:/Users/elsak/OneDrive/Documents/Elsa/IISc_ESE/Sem2/Embedded Systems/Labs/Lab2/uart/uart/libdriver.a(interrupt.o)
                0x00001f86                IntMasterEnable
 .text.IntMasterDisable
                0x00001f94        0xe C:/Users/elsak/OneDrive/Documents/Elsa/IISc_ESE/Sem2/Embedded Systems/Labs/Lab2/uart/uart/libdriver.a(interrupt.o)
                0x00001f94                IntMasterDisable
 *fill*         0x00001fa2        0x2 
 .text.IntRegister
                0x00001fa4       0x38 C:/Users/elsak/OneDrive/Documents/Elsa/IISc_ESE/Sem2/Embedded Systems/Labs/Lab2/uart/uart/libdriver.a(interrupt.o)
                0x00001fa4                IntRegister
 .text.IntUnregister
                0x00001fdc       0x14 C:/Users/elsak/OneDrive/Documents/Elsa/IISc_ESE/Sem2/Embedded Systems/Labs/Lab2/uart/uart/libdriver.a(interrupt.o)
                0x00001fdc                IntUnregister
 .text.IntPriorityGroupingSet
                0x00001ff0       0x1c C:/Users/elsak/OneDrive/Documents/Elsa/IISc_ESE/Sem2/Embedded Systems/Labs/Lab2/uart/uart/libdriver.a(interrupt.o)
                0x00001ff0                IntPriorityGroupingSet
 .text.IntPriorityGroupingGet
                0x0000200c       0x24 C:/Users/elsak/OneDrive/Documents/Elsa/IISc_ESE/Sem2/Embedded Systems/Labs/Lab2/uart/uart/libdriver.a(interrupt.o)
                0x0000200c                IntPriorityGroupingGet
 .text.IntPrioritySet
                0x00002030       0x28 C:/Users/elsak/OneDrive/Documents/Elsa/IISc_ESE/Sem2/Embedded Systems/Labs/Lab2/uart/uart/libdriver.a(interrupt.o)
                0x00002030                IntPrioritySet
 .text.IntPriorityGet
                0x00002058       0x1c C:/Users/elsak/OneDrive/Documents/Elsa/IISc_ESE/Sem2/Embedded Systems/Labs/Lab2/uart/uart/libdriver.a(interrupt.o)
                0x00002058                IntPriorityGet
 .text.IntEnable
                0x00002074       0x60 C:/Users/elsak/OneDrive/Documents/Elsa/IISc_ESE/Sem2/Embedded Systems/Labs/Lab2/uart/uart/libdriver.a(interrupt.o)
                0x00002074                IntEnable
 .text.IntDisable
                0x000020d4       0x60 C:/Users/elsak/OneDrive/Documents/Elsa/IISc_ESE/Sem2/Embedded Systems/Labs/Lab2/uart/uart/libdriver.a(interrupt.o)
                0x000020d4                IntDisable
 .text.IntIsEnabled
                0x00002134       0x64 C:/Users/elsak/OneDrive/Documents/Elsa/IISc_ESE/Sem2/Embedded Systems/Labs/Lab2/uart/uart/libdriver.a(interrupt.o)
                0x00002134                IntIsEnabled
 .text.IntPendSet
                0x00002198       0x50 C:/Users/elsak/OneDrive/Documents/Elsa/IISc_ESE/Sem2/Embedded Systems/Labs/Lab2/uart/uart/libdriver.a(interrupt.o)
                0x00002198                IntPendSet
 .text.IntPendClear
                0x000021e8       0x40 C:/Users/elsak/OneDrive/Documents/Elsa/IISc_ESE/Sem2/Embedded Systems/Labs/Lab2/uart/uart/libdriver.a(interrupt.o)
                0x000021e8                IntPendClear
 .text.IntPriorityMaskSet
                0x00002228        0x4 C:/Users/elsak/OneDrive/Documents/Elsa/IISc_ESE/Sem2/Embedded Systems/Labs/Lab2/uart/uart/libdriver.a(interrupt.o)
                0x00002228                IntPriorityMaskSet
 .text.IntPriorityMaskGet
                0x0000222c        0x4 C:/Users/elsak/OneDrive/Documents/Elsa/IISc_ESE/Sem2/Embedded Systems/Labs/Lab2/uart/uart/libdriver.a(interrupt.o)
                0x0000222c                IntPriorityMaskGet
 .text.IntTrigger
                0x00002230        0xc C:/Users/elsak/OneDrive/Documents/Elsa/IISc_ESE/Sem2/Embedded Systems/Labs/Lab2/uart/uart/libdriver.a(interrupt.o)
                0x00002230                IntTrigger
 .text._SysCtlMemTimingGet
                0x0000223c       0x64 C:/Users/elsak/OneDrive/Documents/Elsa/IISc_ESE/Sem2/Embedded Systems/Labs/Lab2/uart/uart/libdriver.a(sysctl.o)
 .text.SysCtlSRAMSizeGet
                0x000022a0       0x10 C:/Users/elsak/OneDrive/Documents/Elsa/IISc_ESE/Sem2/Embedded Systems/Labs/Lab2/uart/uart/libdriver.a(sysctl.o)
                0x000022a0                SysCtlSRAMSizeGet
 .text.SysCtlFlashSizeGet
                0x000022b0       0x44 C:/Users/elsak/OneDrive/Documents/Elsa/IISc_ESE/Sem2/Embedded Systems/Labs/Lab2/uart/uart/libdriver.a(sysctl.o)
                0x000022b0                SysCtlFlashSizeGet
 .text.SysCtlFlashSectorSizeGet
                0x000022f4       0x38 C:/Users/elsak/OneDrive/Documents/Elsa/IISc_ESE/Sem2/Embedded Systems/Labs/Lab2/uart/uart/libdriver.a(sysctl.o)
                0x000022f4                SysCtlFlashSectorSizeGet
 .text.SysCtlPeripheralPresent
                0x0000232c       0x24 C:/Users/elsak/OneDrive/Documents/Elsa/IISc_ESE/Sem2/Embedded Systems/Labs/Lab2/uart/uart/libdriver.a(sysctl.o)
                0x0000232c                SysCtlPeripheralPresent
 .text.SysCtlPeripheralReady
                0x00002350       0x24 C:/Users/elsak/OneDrive/Documents/Elsa/IISc_ESE/Sem2/Embedded Systems/Labs/Lab2/uart/uart/libdriver.a(sysctl.o)
                0x00002350                SysCtlPeripheralReady
 .text.SysCtlPeripheralPowerOn
                0x00002374       0x20 C:/Users/elsak/OneDrive/Documents/Elsa/IISc_ESE/Sem2/Embedded Systems/Labs/Lab2/uart/uart/libdriver.a(sysctl.o)
                0x00002374                SysCtlPeripheralPowerOn
 .text.SysCtlPeripheralPowerOff
                0x00002394       0x20 C:/Users/elsak/OneDrive/Documents/Elsa/IISc_ESE/Sem2/Embedded Systems/Labs/Lab2/uart/uart/libdriver.a(sysctl.o)
                0x00002394                SysCtlPeripheralPowerOff
 .text.SysCtlPeripheralReset
                0x000023b4       0x38 C:/Users/elsak/OneDrive/Documents/Elsa/IISc_ESE/Sem2/Embedded Systems/Labs/Lab2/uart/uart/libdriver.a(sysctl.o)
                0x000023b4                SysCtlPeripheralReset
 .text.SysCtlPeripheralEnable
                0x000023ec       0x20 C:/Users/elsak/OneDrive/Documents/Elsa/IISc_ESE/Sem2/Embedded Systems/Labs/Lab2/uart/uart/libdriver.a(sysctl.o)
                0x000023ec                SysCtlPeripheralEnable
 .text.SysCtlPeripheralDisable
                0x0000240c       0x20 C:/Users/elsak/OneDrive/Documents/Elsa/IISc_ESE/Sem2/Embedded Systems/Labs/Lab2/uart/uart/libdriver.a(sysctl.o)
                0x0000240c                SysCtlPeripheralDisable
 .text.SysCtlPeripheralSleepEnable
                0x0000242c       0x20 C:/Users/elsak/OneDrive/Documents/Elsa/IISc_ESE/Sem2/Embedded Systems/Labs/Lab2/uart/uart/libdriver.a(sysctl.o)
                0x0000242c                SysCtlPeripheralSleepEnable
 .text.SysCtlPeripheralSleepDisable
                0x0000244c       0x20 C:/Users/elsak/OneDrive/Documents/Elsa/IISc_ESE/Sem2/Embedded Systems/Labs/Lab2/uart/uart/libdriver.a(sysctl.o)
                0x0000244c                SysCtlPeripheralSleepDisable
 .text.SysCtlPeripheralDeepSleepEnable
                0x0000246c       0x20 C:/Users/elsak/OneDrive/Documents/Elsa/IISc_ESE/Sem2/Embedded Systems/Labs/Lab2/uart/uart/libdriver.a(sysctl.o)
                0x0000246c                SysCtlPeripheralDeepSleepEnable
 .text.SysCtlPeripheralDeepSleepDisable
                0x0000248c       0x20 C:/Users/elsak/OneDrive/Documents/Elsa/IISc_ESE/Sem2/Embedded Systems/Labs/Lab2/uart/uart/libdriver.a(sysctl.o)
                0x0000248c                SysCtlPeripheralDeepSleepDisable
 .text.SysCtlPeripheralClockGating
                0x000024ac       0x48 C:/Users/elsak/OneDrive/Documents/Elsa/IISc_ESE/Sem2/Embedded Systems/Labs/Lab2/uart/uart/libdriver.a(sysctl.o)
                0x000024ac                SysCtlPeripheralClockGating
 .text.SysCtlIntRegister
                0x000024f4       0x14 C:/Users/elsak/OneDrive/Documents/Elsa/IISc_ESE/Sem2/Embedded Systems/Labs/Lab2/uart/uart/libdriver.a(sysctl.o)
                0x000024f4                SysCtlIntRegister
 .text.SysCtlIntUnregister
                0x00002508       0x12 C:/Users/elsak/OneDrive/Documents/Elsa/IISc_ESE/Sem2/Embedded Systems/Labs/Lab2/uart/uart/libdriver.a(sysctl.o)
                0x00002508                SysCtlIntUnregister
 *fill*         0x0000251a        0x2 
 .text.SysCtlIntEnable
                0x0000251c       0x10 C:/Users/elsak/OneDrive/Documents/Elsa/IISc_ESE/Sem2/Embedded Systems/Labs/Lab2/uart/uart/libdriver.a(sysctl.o)
                0x0000251c                SysCtlIntEnable
 .text.SysCtlIntDisable
                0x0000252c       0x10 C:/Users/elsak/OneDrive/Documents/Elsa/IISc_ESE/Sem2/Embedded Systems/Labs/Lab2/uart/uart/libdriver.a(sysctl.o)
                0x0000252c                SysCtlIntDisable
 .text.SysCtlIntClear
                0x0000253c        0xc C:/Users/elsak/OneDrive/Documents/Elsa/IISc_ESE/Sem2/Embedded Systems/Labs/Lab2/uart/uart/libdriver.a(sysctl.o)
                0x0000253c                SysCtlIntClear
 .text.SysCtlIntStatus
                0x00002548       0x14 C:/Users/elsak/OneDrive/Documents/Elsa/IISc_ESE/Sem2/Embedded Systems/Labs/Lab2/uart/uart/libdriver.a(sysctl.o)
                0x00002548                SysCtlIntStatus
 .text.SysCtlLDOSleepSet
                0x0000255c        0xc C:/Users/elsak/OneDrive/Documents/Elsa/IISc_ESE/Sem2/Embedded Systems/Labs/Lab2/uart/uart/libdriver.a(sysctl.o)
                0x0000255c                SysCtlLDOSleepSet
 .text.SysCtlLDOSleepGet
                0x00002568        0xc C:/Users/elsak/OneDrive/Documents/Elsa/IISc_ESE/Sem2/Embedded Systems/Labs/Lab2/uart/uart/libdriver.a(sysctl.o)
                0x00002568                SysCtlLDOSleepGet
 .text.SysCtlLDODeepSleepSet
                0x00002574        0xc C:/Users/elsak/OneDrive/Documents/Elsa/IISc_ESE/Sem2/Embedded Systems/Labs/Lab2/uart/uart/libdriver.a(sysctl.o)
                0x00002574                SysCtlLDODeepSleepSet
 .text.SysCtlLDODeepSleepGet
                0x00002580        0xc C:/Users/elsak/OneDrive/Documents/Elsa/IISc_ESE/Sem2/Embedded Systems/Labs/Lab2/uart/uart/libdriver.a(sysctl.o)
                0x00002580                SysCtlLDODeepSleepGet
 .text.SysCtlSleepPowerSet
                0x0000258c        0xc C:/Users/elsak/OneDrive/Documents/Elsa/IISc_ESE/Sem2/Embedded Systems/Labs/Lab2/uart/uart/libdriver.a(sysctl.o)
                0x0000258c                SysCtlSleepPowerSet
 .text.SysCtlDeepSleepPowerSet
                0x00002598        0xc C:/Users/elsak/OneDrive/Documents/Elsa/IISc_ESE/Sem2/Embedded Systems/Labs/Lab2/uart/uart/libdriver.a(sysctl.o)
                0x00002598                SysCtlDeepSleepPowerSet
 .text.SysCtlReset
                0x000025a4       0x10 C:/Users/elsak/OneDrive/Documents/Elsa/IISc_ESE/Sem2/Embedded Systems/Labs/Lab2/uart/uart/libdriver.a(sysctl.o)
                0x000025a4                SysCtlReset
 .text.SysCtlSleep
                0x000025b4        0x4 C:/Users/elsak/OneDrive/Documents/Elsa/IISc_ESE/Sem2/Embedded Systems/Labs/Lab2/uart/uart/libdriver.a(sysctl.o)
                0x000025b4                SysCtlSleep
 .text.SysCtlDeepSleep
                0x000025b8       0x20 C:/Users/elsak/OneDrive/Documents/Elsa/IISc_ESE/Sem2/Embedded Systems/Labs/Lab2/uart/uart/libdriver.a(sysctl.o)
                0x000025b8                SysCtlDeepSleep
 .text.SysCtlResetCauseGet
                0x000025d8        0xc C:/Users/elsak/OneDrive/Documents/Elsa/IISc_ESE/Sem2/Embedded Systems/Labs/Lab2/uart/uart/libdriver.a(sysctl.o)
                0x000025d8                SysCtlResetCauseGet
 .text.SysCtlResetCauseClear
                0x000025e4       0x10 C:/Users/elsak/OneDrive/Documents/Elsa/IISc_ESE/Sem2/Embedded Systems/Labs/Lab2/uart/uart/libdriver.a(sysctl.o)
                0x000025e4                SysCtlResetCauseClear
 .text.SysCtlDelay
                0x000025f4        0x8 C:/Users/elsak/OneDrive/Documents/Elsa/IISc_ESE/Sem2/Embedded Systems/Labs/Lab2/uart/uart/libdriver.a(sysctl.o)
                0x000025f4                SysCtlDelay
 .text.SysCtlMOSCConfigSet
                0x000025fc        0xc C:/Users/elsak/OneDrive/Documents/Elsa/IISc_ESE/Sem2/Embedded Systems/Labs/Lab2/uart/uart/libdriver.a(sysctl.o)
                0x000025fc                SysCtlMOSCConfigSet
 .text.SysCtlPIOSCCalibrate
                0x00002608       0x48 C:/Users/elsak/OneDrive/Documents/Elsa/IISc_ESE/Sem2/Embedded Systems/Labs/Lab2/uart/uart/libdriver.a(sysctl.o)
                0x00002608                SysCtlPIOSCCalibrate
 .text.SysCtlResetBehaviorSet
                0x00002650        0xc C:/Users/elsak/OneDrive/Documents/Elsa/IISc_ESE/Sem2/Embedded Systems/Labs/Lab2/uart/uart/libdriver.a(sysctl.o)
                0x00002650                SysCtlResetBehaviorSet
 .text.SysCtlResetBehaviorGet
                0x0000265c        0xc C:/Users/elsak/OneDrive/Documents/Elsa/IISc_ESE/Sem2/Embedded Systems/Labs/Lab2/uart/uart/libdriver.a(sysctl.o)
                0x0000265c                SysCtlResetBehaviorGet
 .text.SysCtlClockFreqSet
                0x00002668      0x234 C:/Users/elsak/OneDrive/Documents/Elsa/IISc_ESE/Sem2/Embedded Systems/Labs/Lab2/uart/uart/libdriver.a(sysctl.o)
                0x00002668                SysCtlClockFreqSet
 .text.SysCtlClockSet
                0x0000289c      0x114 C:/Users/elsak/OneDrive/Documents/Elsa/IISc_ESE/Sem2/Embedded Systems/Labs/Lab2/uart/uart/libdriver.a(sysctl.o)
                0x0000289c                SysCtlClockSet
 .text.SysCtlClockGet
                0x000029b0      0x160 C:/Users/elsak/OneDrive/Documents/Elsa/IISc_ESE/Sem2/Embedded Systems/Labs/Lab2/uart/uart/libdriver.a(sysctl.o)
                0x000029b0                SysCtlClockGet
 .text.SysCtlDeepSleepClockSet
                0x00002b10        0xc C:/Users/elsak/OneDrive/Documents/Elsa/IISc_ESE/Sem2/Embedded Systems/Labs/Lab2/uart/uart/libdriver.a(sysctl.o)
                0x00002b10                SysCtlDeepSleepClockSet
 .text.SysCtlDeepSleepClockConfigSet
                0x00002b1c       0x60 C:/Users/elsak/OneDrive/Documents/Elsa/IISc_ESE/Sem2/Embedded Systems/Labs/Lab2/uart/uart/libdriver.a(sysctl.o)
                0x00002b1c                SysCtlDeepSleepClockConfigSet
 .text.SysCtlPWMClockSet
                0x00002b7c       0x14 C:/Users/elsak/OneDrive/Documents/Elsa/IISc_ESE/Sem2/Embedded Systems/Labs/Lab2/uart/uart/libdriver.a(sysctl.o)
                0x00002b7c                SysCtlPWMClockSet
 .text.SysCtlPWMClockGet
                0x00002b90       0x18 C:/Users/elsak/OneDrive/Documents/Elsa/IISc_ESE/Sem2/Embedded Systems/Labs/Lab2/uart/uart/libdriver.a(sysctl.o)
                0x00002b90                SysCtlPWMClockGet
 .text.SysCtlGPIOAHBEnable
                0x00002ba8       0x18 C:/Users/elsak/OneDrive/Documents/Elsa/IISc_ESE/Sem2/Embedded Systems/Labs/Lab2/uart/uart/libdriver.a(sysctl.o)
                0x00002ba8                SysCtlGPIOAHBEnable
 .text.SysCtlGPIOAHBDisable
                0x00002bc0       0x1c C:/Users/elsak/OneDrive/Documents/Elsa/IISc_ESE/Sem2/Embedded Systems/Labs/Lab2/uart/uart/libdriver.a(sysctl.o)
                0x00002bc0                SysCtlGPIOAHBDisable
 .text.SysCtlUSBPLLEnable
                0x00002bdc       0x10 C:/Users/elsak/OneDrive/Documents/Elsa/IISc_ESE/Sem2/Embedded Systems/Labs/Lab2/uart/uart/libdriver.a(sysctl.o)
                0x00002bdc                SysCtlUSBPLLEnable
 .text.SysCtlUSBPLLDisable
                0x00002bec       0x10 C:/Users/elsak/OneDrive/Documents/Elsa/IISc_ESE/Sem2/Embedded Systems/Labs/Lab2/uart/uart/libdriver.a(sysctl.o)
                0x00002bec                SysCtlUSBPLLDisable
 .text.SysCtlVoltageEventConfig
                0x00002bfc        0xc C:/Users/elsak/OneDrive/Documents/Elsa/IISc_ESE/Sem2/Embedded Systems/Labs/Lab2/uart/uart/libdriver.a(sysctl.o)
                0x00002bfc                SysCtlVoltageEventConfig
 .text.SysCtlVoltageEventStatus
                0x00002c08        0xc C:/Users/elsak/OneDrive/Documents/Elsa/IISc_ESE/Sem2/Embedded Systems/Labs/Lab2/uart/uart/libdriver.a(sysctl.o)
                0x00002c08                SysCtlVoltageEventStatus
 .text.SysCtlVoltageEventClear
                0x00002c14       0x10 C:/Users/elsak/OneDrive/Documents/Elsa/IISc_ESE/Sem2/Embedded Systems/Labs/Lab2/uart/uart/libdriver.a(sysctl.o)
                0x00002c14                SysCtlVoltageEventClear
 .text.SysCtlNMIStatus
                0x00002c24        0xc C:/Users/elsak/OneDrive/Documents/Elsa/IISc_ESE/Sem2/Embedded Systems/Labs/Lab2/uart/uart/libdriver.a(sysctl.o)
                0x00002c24                SysCtlNMIStatus
 .text.SysCtlNMIClear
                0x00002c30       0x10 C:/Users/elsak/OneDrive/Documents/Elsa/IISc_ESE/Sem2/Embedded Systems/Labs/Lab2/uart/uart/libdriver.a(sysctl.o)
                0x00002c30                SysCtlNMIClear
 .text.SysCtlClockOutConfig
                0x00002c40       0x10 C:/Users/elsak/OneDrive/Documents/Elsa/IISc_ESE/Sem2/Embedded Systems/Labs/Lab2/uart/uart/libdriver.a(sysctl.o)
                0x00002c40                SysCtlClockOutConfig
 .text.SysCtlAltClkConfig
                0x00002c50        0xc C:/Users/elsak/OneDrive/Documents/Elsa/IISc_ESE/Sem2/Embedded Systems/Labs/Lab2/uart/uart/libdriver.a(sysctl.o)
                0x00002c50                SysCtlAltClkConfig
 .text._UARTIntNumberGet
                0x00002c5c       0x44 C:/Users/elsak/OneDrive/Documents/Elsa/IISc_ESE/Sem2/Embedded Systems/Labs/Lab2/uart/uart/libdriver.a(uart.o)
 .text.UARTParityModeSet
                0x00002ca0        0xc C:/Users/elsak/OneDrive/Documents/Elsa/IISc_ESE/Sem2/Embedded Systems/Labs/Lab2/uart/uart/libdriver.a(uart.o)
                0x00002ca0                UARTParityModeSet
 .text.UARTParityModeGet
                0x00002cac        0x8 C:/Users/elsak/OneDrive/Documents/Elsa/IISc_ESE/Sem2/Embedded Systems/Labs/Lab2/uart/uart/libdriver.a(uart.o)
                0x00002cac                UARTParityModeGet
 .text.UARTFIFOLevelSet
                0x00002cb4        0x6 C:/Users/elsak/OneDrive/Documents/Elsa/IISc_ESE/Sem2/Embedded Systems/Labs/Lab2/uart/uart/libdriver.a(uart.o)
                0x00002cb4                UARTFIFOLevelSet
 .text.UARTFIFOLevelGet
                0x00002cba       0x10 C:/Users/elsak/OneDrive/Documents/Elsa/IISc_ESE/Sem2/Embedded Systems/Labs/Lab2/uart/uart/libdriver.a(uart.o)
                0x00002cba                UARTFIFOLevelGet
 .text.UARTConfigGetExpClk
                0x00002cca       0x26 C:/Users/elsak/OneDrive/Documents/Elsa/IISc_ESE/Sem2/Embedded Systems/Labs/Lab2/uart/uart/libdriver.a(uart.o)
                0x00002cca                UARTConfigGetExpClk
 .text.UARTEnable
                0x00002cf0       0x16 C:/Users/elsak/OneDrive/Documents/Elsa/IISc_ESE/Sem2/Embedded Systems/Labs/Lab2/uart/uart/libdriver.a(uart.o)
                0x00002cf0                UARTEnable
 .text.UARTDisable
                0x00002d06       0x1c C:/Users/elsak/OneDrive/Documents/Elsa/IISc_ESE/Sem2/Embedded Systems/Labs/Lab2/uart/uart/libdriver.a(uart.o)
                0x00002d06                UARTDisable
 .text.UARTConfigSetExpClk
                0x00002d22       0x46 C:/Users/elsak/OneDrive/Documents/Elsa/IISc_ESE/Sem2/Embedded Systems/Labs/Lab2/uart/uart/libdriver.a(uart.o)
                0x00002d22                UARTConfigSetExpClk
 .text.UARTFIFOEnable
                0x00002d68        0xa C:/Users/elsak/OneDrive/Documents/Elsa/IISc_ESE/Sem2/Embedded Systems/Labs/Lab2/uart/uart/libdriver.a(uart.o)
                0x00002d68                UARTFIFOEnable
 .text.UARTFIFODisable
                0x00002d72        0xa C:/Users/elsak/OneDrive/Documents/Elsa/IISc_ESE/Sem2/Embedded Systems/Labs/Lab2/uart/uart/libdriver.a(uart.o)
                0x00002d72                UARTFIFODisable
 .text.UARTEnableSIR
                0x00002d7c       0x12 C:/Users/elsak/OneDrive/Documents/Elsa/IISc_ESE/Sem2/Embedded Systems/Labs/Lab2/uart/uart/libdriver.a(uart.o)
                0x00002d7c                UARTEnableSIR
 .text.UARTDisableSIR
                0x00002d8e        0xa C:/Users/elsak/OneDrive/Documents/Elsa/IISc_ESE/Sem2/Embedded Systems/Labs/Lab2/uart/uart/libdriver.a(uart.o)
                0x00002d8e                UARTDisableSIR
 .text.UARTSmartCardEnable
                0x00002d98       0x16 C:/Users/elsak/OneDrive/Documents/Elsa/IISc_ESE/Sem2/Embedded Systems/Labs/Lab2/uart/uart/libdriver.a(uart.o)
                0x00002d98                UARTSmartCardEnable
 .text.UARTSmartCardDisable
                0x00002dae        0xa C:/Users/elsak/OneDrive/Documents/Elsa/IISc_ESE/Sem2/Embedded Systems/Labs/Lab2/uart/uart/libdriver.a(uart.o)
                0x00002dae                UARTSmartCardDisable
 .text.UARTModemControlSet
                0x00002db8        0xc C:/Users/elsak/OneDrive/Documents/Elsa/IISc_ESE/Sem2/Embedded Systems/Labs/Lab2/uart/uart/libdriver.a(uart.o)
                0x00002db8                UARTModemControlSet
 .text.UARTModemControlClear
                0x00002dc4        0xe C:/Users/elsak/OneDrive/Documents/Elsa/IISc_ESE/Sem2/Embedded Systems/Labs/Lab2/uart/uart/libdriver.a(uart.o)
                0x00002dc4                UARTModemControlClear
 .text.UARTModemControlGet
                0x00002dd2        0x8 C:/Users/elsak/OneDrive/Documents/Elsa/IISc_ESE/Sem2/Embedded Systems/Labs/Lab2/uart/uart/libdriver.a(uart.o)
                0x00002dd2                UARTModemControlGet
 .text.UARTModemStatusGet
                0x00002dda        0xc C:/Users/elsak/OneDrive/Documents/Elsa/IISc_ESE/Sem2/Embedded Systems/Labs/Lab2/uart/uart/libdriver.a(uart.o)
                0x00002dda                UARTModemStatusGet
 .text.UARTFlowControlSet
                0x00002de6        0xc C:/Users/elsak/OneDrive/Documents/Elsa/IISc_ESE/Sem2/Embedded Systems/Labs/Lab2/uart/uart/libdriver.a(uart.o)
                0x00002de6                UARTFlowControlSet
 .text.UARTFlowControlGet
                0x00002df2        0x8 C:/Users/elsak/OneDrive/Documents/Elsa/IISc_ESE/Sem2/Embedded Systems/Labs/Lab2/uart/uart/libdriver.a(uart.o)
                0x00002df2                UARTFlowControlGet
 .text.UARTTxIntModeSet
                0x00002dfa        0xc C:/Users/elsak/OneDrive/Documents/Elsa/IISc_ESE/Sem2/Embedded Systems/Labs/Lab2/uart/uart/libdriver.a(uart.o)
                0x00002dfa                UARTTxIntModeSet
 .text.UARTTxIntModeGet
                0x00002e06        0x8 C:/Users/elsak/OneDrive/Documents/Elsa/IISc_ESE/Sem2/Embedded Systems/Labs/Lab2/uart/uart/libdriver.a(uart.o)
                0x00002e06                UARTTxIntModeGet
 .text.UARTCharsAvail
                0x00002e0e        0xc C:/Users/elsak/OneDrive/Documents/Elsa/IISc_ESE/Sem2/Embedded Systems/Labs/Lab2/uart/uart/libdriver.a(uart.o)
                0x00002e0e                UARTCharsAvail
 .text.UARTSpaceAvail
                0x00002e1a        0xc C:/Users/elsak/OneDrive/Documents/Elsa/IISc_ESE/Sem2/Embedded Systems/Labs/Lab2/uart/uart/libdriver.a(uart.o)
                0x00002e1a                UARTSpaceAvail
 .text.UARTCharGetNonBlocking
                0x00002e26        0xe C:/Users/elsak/OneDrive/Documents/Elsa/IISc_ESE/Sem2/Embedded Systems/Labs/Lab2/uart/uart/libdriver.a(uart.o)
                0x00002e26                UARTCharGetNonBlocking
 .text.UARTCharGet
                0x00002e34        0xa C:/Users/elsak/OneDrive/Documents/Elsa/IISc_ESE/Sem2/Embedded Systems/Labs/Lab2/uart/uart/libdriver.a(uart.o)
                0x00002e34                UARTCharGet
 .text.UARTCharPutNonBlocking
                0x00002e3e        0xe C:/Users/elsak/OneDrive/Documents/Elsa/IISc_ESE/Sem2/Embedded Systems/Labs/Lab2/uart/uart/libdriver.a(uart.o)
                0x00002e3e                UARTCharPutNonBlocking
 .text.UARTCharPut
                0x00002e4c        0xa C:/Users/elsak/OneDrive/Documents/Elsa/IISc_ESE/Sem2/Embedded Systems/Labs/Lab2/uart/uart/libdriver.a(uart.o)
                0x00002e4c                UARTCharPut
 .text.UARTBreakCtl
                0x00002e56       0x12 C:/Users/elsak/OneDrive/Documents/Elsa/IISc_ESE/Sem2/Embedded Systems/Labs/Lab2/uart/uart/libdriver.a(uart.o)
                0x00002e56                UARTBreakCtl
 .text.UARTBusy
                0x00002e68        0x8 C:/Users/elsak/OneDrive/Documents/Elsa/IISc_ESE/Sem2/Embedded Systems/Labs/Lab2/uart/uart/libdriver.a(uart.o)
                0x00002e68                UARTBusy
 .text.UARTIntRegister
                0x00002e70       0x1c C:/Users/elsak/OneDrive/Documents/Elsa/IISc_ESE/Sem2/Embedded Systems/Labs/Lab2/uart/uart/libdriver.a(uart.o)
                0x00002e70                UARTIntRegister
 .text.UARTIntUnregister
                0x00002e8c       0x16 C:/Users/elsak/OneDrive/Documents/Elsa/IISc_ESE/Sem2/Embedded Systems/Labs/Lab2/uart/uart/libdriver.a(uart.o)
                0x00002e8c                UARTIntUnregister
 .text.UARTIntEnable
                0x00002ea2        0x8 C:/Users/elsak/OneDrive/Documents/Elsa/IISc_ESE/Sem2/Embedded Systems/Labs/Lab2/uart/uart/libdriver.a(uart.o)
                0x00002ea2                UARTIntEnable
 .text.UARTIntDisable
                0x00002eaa        0xa C:/Users/elsak/OneDrive/Documents/Elsa/IISc_ESE/Sem2/Embedded Systems/Labs/Lab2/uart/uart/libdriver.a(uart.o)
                0x00002eaa                UARTIntDisable
 .text.UARTIntStatus
                0x00002eb4        0xa C:/Users/elsak/OneDrive/Documents/Elsa/IISc_ESE/Sem2/Embedded Systems/Labs/Lab2/uart/uart/libdriver.a(uart.o)
                0x00002eb4                UARTIntStatus
 .text.UARTIntClear
                0x00002ebe        0x4 C:/Users/elsak/OneDrive/Documents/Elsa/IISc_ESE/Sem2/Embedded Systems/Labs/Lab2/uart/uart/libdriver.a(uart.o)
                0x00002ebe                UARTIntClear
 .text.UARTDMAEnable
                0x00002ec2        0x8 C:/Users/elsak/OneDrive/Documents/Elsa/IISc_ESE/Sem2/Embedded Systems/Labs/Lab2/uart/uart/libdriver.a(uart.o)
                0x00002ec2                UARTDMAEnable
 .text.UARTDMADisable
                0x00002eca        0xa C:/Users/elsak/OneDrive/Documents/Elsa/IISc_ESE/Sem2/Embedded Systems/Labs/Lab2/uart/uart/libdriver.a(uart.o)
                0x00002eca                UARTDMADisable
 .text.UARTRxErrorGet
                0x00002ed4        0x8 C:/Users/elsak/OneDrive/Documents/Elsa/IISc_ESE/Sem2/Embedded Systems/Labs/Lab2/uart/uart/libdriver.a(uart.o)
                0x00002ed4                UARTRxErrorGet
 .text.UARTRxErrorClear
                0x00002edc        0x6 C:/Users/elsak/OneDrive/Documents/Elsa/IISc_ESE/Sem2/Embedded Systems/Labs/Lab2/uart/uart/libdriver.a(uart.o)
                0x00002edc                UARTRxErrorClear
 .text.UARTClockSourceSet
                0x00002ee2        0x6 C:/Users/elsak/OneDrive/Documents/Elsa/IISc_ESE/Sem2/Embedded Systems/Labs/Lab2/uart/uart/libdriver.a(uart.o)
                0x00002ee2                UARTClockSourceSet
 .text.UARTClockSourceGet
                0x00002ee8        0x6 C:/Users/elsak/OneDrive/Documents/Elsa/IISc_ESE/Sem2/Embedded Systems/Labs/Lab2/uart/uart/libdriver.a(uart.o)
                0x00002ee8                UARTClockSourceGet
 .text.UART9BitEnable
                0x00002eee        0xe C:/Users/elsak/OneDrive/Documents/Elsa/IISc_ESE/Sem2/Embedded Systems/Labs/Lab2/uart/uart/libdriver.a(uart.o)
                0x00002eee                UART9BitEnable
 .text.UART9BitDisable
                0x00002efc        0xe C:/Users/elsak/OneDrive/Documents/Elsa/IISc_ESE/Sem2/Embedded Systems/Labs/Lab2/uart/uart/libdriver.a(uart.o)
                0x00002efc                UART9BitDisable
 .text.UART9BitAddrSet
                0x00002f0a        0xa C:/Users/elsak/OneDrive/Documents/Elsa/IISc_ESE/Sem2/Embedded Systems/Labs/Lab2/uart/uart/libdriver.a(uart.o)
                0x00002f0a                UART9BitAddrSet
 .text.UART9BitAddrSend
                0x00002f14       0x2c C:/Users/elsak/OneDrive/Documents/Elsa/IISc_ESE/Sem2/Embedded Systems/Labs/Lab2/uart/uart/libdriver.a(uart.o)
                0x00002f14                UART9BitAddrSend
 .text.CPUcpsid
                0x00002f40        0x8 C:/Users/elsak/OneDrive/Documents/Elsa/IISc_ESE/Sem2/Embedded Systems/Labs/Lab2/uart/uart/libdriver.a(cpu.o)
                0x00002f40                CPUcpsid
 .text.CPUprimask
                0x00002f48        0x6 C:/Users/elsak/OneDrive/Documents/Elsa/IISc_ESE/Sem2/Embedded Systems/Labs/Lab2/uart/uart/libdriver.a(cpu.o)
                0x00002f48                CPUprimask
 .text.CPUcpsie
                0x00002f4e        0x8 C:/Users/elsak/OneDrive/Documents/Elsa/IISc_ESE/Sem2/Embedded Systems/Labs/Lab2/uart/uart/libdriver.a(cpu.o)
                0x00002f4e                CPUcpsie
 .text.CPUwfi   0x00002f56        0x4 C:/Users/elsak/OneDrive/Documents/Elsa/IISc_ESE/Sem2/Embedded Systems/Labs/Lab2/uart/uart/libdriver.a(cpu.o)
                0x00002f56                CPUwfi
 .text.CPUbasepriSet
                0x00002f5a        0x6 C:/Users/elsak/OneDrive/Documents/Elsa/IISc_ESE/Sem2/Embedded Systems/Labs/Lab2/uart/uart/libdriver.a(cpu.o)
                0x00002f5a                CPUbasepriSet
 .text.CPUbasepriGet
                0x00002f60        0x6 C:/Users/elsak/OneDrive/Documents/Elsa/IISc_ESE/Sem2/Embedded Systems/Labs/Lab2/uart/uart/libdriver.a(cpu.o)
                0x00002f60                CPUbasepriGet
 *fill*         0x00002f66        0x2 
 .text.exit     0x00002f68       0x20 c:/ti/ccs1220/ccs/tools/compiler/gcc-arm-none-eabi-9-2019-q4-major/bin/../lib/gcc/arm-none-eabi/9.2.1/../../../../arm-none-eabi/lib/thumb/v7e-m/nofp\libc.a(lib_a-exit.o)
                0x00002f68                exit
 .text.__libc_init_array
                0x00002f88       0x48 c:/ti/ccs1220/ccs/tools/compiler/gcc-arm-none-eabi-9-2019-q4-major/bin/../lib/gcc/arm-none-eabi/9.2.1/../../../../arm-none-eabi/lib/thumb/v7e-m/nofp\libc.a(lib_a-init.o)
                0x00002f88                __libc_init_array
 .text.memset   0x00002fd0       0xa0 c:/ti/ccs1220/ccs/tools/compiler/gcc-arm-none-eabi-9-2019-q4-major/bin/../lib/gcc/arm-none-eabi/9.2.1/../../../../arm-none-eabi/lib/thumb/v7e-m/nofp\libc.a(lib_a-memset.o)
                0x00002fd0                memset
 .text.startup.register_fini
                0x00003070       0x14 c:/ti/ccs1220/ccs/tools/compiler/gcc-arm-none-eabi-9-2019-q4-major/bin/../lib/gcc/arm-none-eabi/9.2.1/../../../../arm-none-eabi/lib/thumb/v7e-m/nofp\libc.a(lib_a-__call_atexit.o)
 .text.__call_exitprocs
                0x00003084       0xc4 c:/ti/ccs1220/ccs/tools/compiler/gcc-arm-none-eabi-9-2019-q4-major/bin/../lib/gcc/arm-none-eabi/9.2.1/../../../../arm-none-eabi/lib/thumb/v7e-m/nofp\libc.a(lib_a-__call_atexit.o)
                0x00003084                __call_exitprocs
 .text.atexit   0x00003148        0xc c:/ti/ccs1220/ccs/tools/compiler/gcc-arm-none-eabi-9-2019-q4-major/bin/../lib/gcc/arm-none-eabi/9.2.1/../../../../arm-none-eabi/lib/thumb/v7e-m/nofp\libc.a(lib_a-atexit.o)
                0x00003148                atexit
 .text.__libc_fini_array
                0x00003154       0x2c c:/ti/ccs1220/ccs/tools/compiler/gcc-arm-none-eabi-9-2019-q4-major/bin/../lib/gcc/arm-none-eabi/9.2.1/../../../../arm-none-eabi/lib/thumb/v7e-m/nofp\libc.a(lib_a-fini.o)
                0x00003154                __libc_fini_array
 .text.__retarget_lock_init
                0x00003180        0x4 c:/ti/ccs1220/ccs/tools/compiler/gcc-arm-none-eabi-9-2019-q4-major/bin/../lib/gcc/arm-none-eabi/9.2.1/../../../../arm-none-eabi/lib/thumb/v7e-m/nofp\libc.a(lib_a-lock.o)
                0x00003180                __retarget_lock_init
 .text.__retarget_lock_init_recursive
                0x00003184        0x4 c:/ti/ccs1220/ccs/tools/compiler/gcc-arm-none-eabi-9-2019-q4-major/bin/../lib/gcc/arm-none-eabi/9.2.1/../../../../arm-none-eabi/lib/thumb/v7e-m/nofp\libc.a(lib_a-lock.o)
                0x00003184                __retarget_lock_init_recursive
 .text.__retarget_lock_close
                0x00003188        0x4 c:/ti/ccs1220/ccs/tools/compiler/gcc-arm-none-eabi-9-2019-q4-major/bin/../lib/gcc/arm-none-eabi/9.2.1/../../../../arm-none-eabi/lib/thumb/v7e-m/nofp\libc.a(lib_a-lock.o)
                0x00003188                __retarget_lock_close
 .text.__retarget_lock_close_recursive
                0x0000318c        0x4 c:/ti/ccs1220/ccs/tools/compiler/gcc-arm-none-eabi-9-2019-q4-major/bin/../lib/gcc/arm-none-eabi/9.2.1/../../../../arm-none-eabi/lib/thumb/v7e-m/nofp\libc.a(lib_a-lock.o)
                0x0000318c                __retarget_lock_close_recursive
 .text.__retarget_lock_acquire
                0x00003190        0x4 c:/ti/ccs1220/ccs/tools/compiler/gcc-arm-none-eabi-9-2019-q4-major/bin/../lib/gcc/arm-none-eabi/9.2.1/../../../../arm-none-eabi/lib/thumb/v7e-m/nofp\libc.a(lib_a-lock.o)
                0x00003190                __retarget_lock_acquire
 .text.__retarget_lock_acquire_recursive
                0x00003194        0x4 c:/ti/ccs1220/ccs/tools/compiler/gcc-arm-none-eabi-9-2019-q4-major/bin/../lib/gcc/arm-none-eabi/9.2.1/../../../../arm-none-eabi/lib/thumb/v7e-m/nofp\libc.a(lib_a-lock.o)
                0x00003194                __retarget_lock_acquire_recursive
 .text.__retarget_lock_try_acquire
                0x00003198        0x4 c:/ti/ccs1220/ccs/tools/compiler/gcc-arm-none-eabi-9-2019-q4-major/bin/../lib/gcc/arm-none-eabi/9.2.1/../../../../arm-none-eabi/lib/thumb/v7e-m/nofp\libc.a(lib_a-lock.o)
                0x00003198                __retarget_lock_try_acquire
 .text.__retarget_lock_try_acquire_recursive
                0x0000319c        0x4 c:/ti/ccs1220/ccs/tools/compiler/gcc-arm-none-eabi-9-2019-q4-major/bin/../lib/gcc/arm-none-eabi/9.2.1/../../../../arm-none-eabi/lib/thumb/v7e-m/nofp\libc.a(lib_a-lock.o)
                0x0000319c                __retarget_lock_try_acquire_recursive
 .text.__retarget_lock_release
                0x000031a0        0x4 c:/ti/ccs1220/ccs/tools/compiler/gcc-arm-none-eabi-9-2019-q4-major/bin/../lib/gcc/arm-none-eabi/9.2.1/../../../../arm-none-eabi/lib/thumb/v7e-m/nofp\libc.a(lib_a-lock.o)
                0x000031a0                __retarget_lock_release
 .text.__retarget_lock_release_recursive
                0x000031a4        0x4 c:/ti/ccs1220/ccs/tools/compiler/gcc-arm-none-eabi-9-2019-q4-major/bin/../lib/gcc/arm-none-eabi/9.2.1/../../../../arm-none-eabi/lib/thumb/v7e-m/nofp\libc.a(lib_a-lock.o)
                0x000031a4                __retarget_lock_release_recursive
 .text.__register_exitproc
                0x000031a8       0x8c c:/ti/ccs1220/ccs/tools/compiler/gcc-arm-none-eabi-9-2019-q4-major/bin/../lib/gcc/arm-none-eabi/9.2.1/../../../../arm-none-eabi/lib/thumb/v7e-m/nofp\libc.a(lib_a-__atexit.o)
                0x000031a8                __register_exitproc
 .text._exit    0x00003234        0x4 c:/ti/ccs1220/ccs/tools/compiler/gcc-arm-none-eabi-9-2019-q4-major/bin/../lib/gcc/arm-none-eabi/9.2.1/../../../../arm-none-eabi/lib/thumb/v7e-m/nofp\libnosys.a(_exit.o)
                0x00003234                _exit
                0x00003238                . = ALIGN (0x4)
 *(.ctors)
                0x00003238                . = ALIGN (0x4)
 *(.dtors)
                0x00003238                . = ALIGN (0x4)
                0x00003238                __init_array_start = .
 *(.init_array*)
 .init_array    0x00003238        0x4 c:/ti/ccs1220/ccs/tools/compiler/gcc-arm-none-eabi-9-2019-q4-major/bin/../lib/gcc/arm-none-eabi/9.2.1/thumb/v7e-m/nofp/crtbegin.o
 .init_array.00000
                0x0000323c        0x4 c:/ti/ccs1220/ccs/tools/compiler/gcc-arm-none-eabi-9-2019-q4-major/bin/../lib/gcc/arm-none-eabi/9.2.1/../../../../arm-none-eabi/lib/thumb/v7e-m/nofp\libc.a(lib_a-__call_atexit.o)
                0x00003240                __init_array_end = .
 *(.init)
 .init          0x00003240        0x4 c:/ti/ccs1220/ccs/tools/compiler/gcc-arm-none-eabi-9-2019-q4-major/bin/../lib/gcc/arm-none-eabi/9.2.1/thumb/v7e-m/nofp/crti.o
                0x00003240                _init
 .init          0x00003244        0x8 c:/ti/ccs1220/ccs/tools/compiler/gcc-arm-none-eabi-9-2019-q4-major/bin/../lib/gcc/arm-none-eabi/9.2.1/thumb/v7e-m/nofp/crtn.o
 *(.fini*)
 .fini          0x0000324c        0x4 c:/ti/ccs1220/ccs/tools/compiler/gcc-arm-none-eabi-9-2019-q4-major/bin/../lib/gcc/arm-none-eabi/9.2.1/thumb/v7e-m/nofp/crti.o
                0x0000324c                _fini
 .fini_array    0x00003250        0x4 c:/ti/ccs1220/ccs/tools/compiler/gcc-arm-none-eabi-9-2019-q4-major/bin/../lib/gcc/arm-none-eabi/9.2.1/thumb/v7e-m/nofp/crtbegin.o
 .fini          0x00003254        0x8 c:/ti/ccs1220/ccs/tools/compiler/gcc-arm-none-eabi-9-2019-q4-major/bin/../lib/gcc/arm-none-eabi/9.2.1/thumb/v7e-m/nofp/crtn.o
                [!provide]                PROVIDE (__etext = .)
                [!provide]                PROVIDE (_etext = .)
                [!provide]                PROVIDE (etext = .)

.glue_7         0x0000325c        0x0
 .glue_7        0x0000325c        0x0 linker stubs

.glue_7t        0x0000325c        0x0
 .glue_7t       0x0000325c        0x0 linker stubs

.vfp11_veneer   0x0000325c        0x0
 .vfp11_veneer  0x0000325c        0x0 linker stubs

.v4_bx          0x0000325c        0x0
 .v4_bx         0x0000325c        0x0 linker stubs

.iplt           0x0000325c        0x0
 .iplt          0x0000325c        0x0 c:/ti/ccs1220/ccs/tools/compiler/gcc-arm-none-eabi-9-2019-q4-major/bin/../lib/gcc/arm-none-eabi/9.2.1/thumb/v7e-m/nofp/crtbegin.o

.rodata         0x0000325c      0x7e8
 *(.rodata)
 .rodata        0x0000325c      0x17d ./main.o
 *(.rodata*)
 *fill*         0x000033d9        0x3 
 .rodata.g_ppui32GPIOIntMapBlizzard
                0x000033dc       0xc0 C:/Users/elsak/OneDrive/Documents/Elsa/IISc_ESE/Sem2/Embedded Systems/Labs/Lab2/uart/uart/libdriver.a(gpio.o)
 .rodata.g_ppui32GPIOIntMapSnowflake
                0x0000349c       0xc0 C:/Users/elsak/OneDrive/Documents/Elsa/IISc_ESE/Sem2/Embedded Systems/Labs/Lab2/uart/uart/libdriver.a(gpio.o)
 .rodata.g_pui32GPIOBaseAddrs
                0x0000355c       0x90 C:/Users/elsak/OneDrive/Documents/Elsa/IISc_ESE/Sem2/Embedded Systems/Labs/Lab2/uart/uart/libdriver.a(gpio.o)
 .rodata.g_pui32Dii16Regs
                0x000035ec       0x14 C:/Users/elsak/OneDrive/Documents/Elsa/IISc_ESE/Sem2/Embedded Systems/Labs/Lab2/uart/uart/libdriver.a(interrupt.o)
 .rodata.g_pui32EnRegs
                0x00003600       0x14 C:/Users/elsak/OneDrive/Documents/Elsa/IISc_ESE/Sem2/Embedded Systems/Labs/Lab2/uart/uart/libdriver.a(interrupt.o)
 .rodata.g_pui32PendRegs
                0x00003614       0x14 C:/Users/elsak/OneDrive/Documents/Elsa/IISc_ESE/Sem2/Embedded Systems/Labs/Lab2/uart/uart/libdriver.a(interrupt.o)
 .rodata.g_pui32Priority
                0x00003628       0x20 C:/Users/elsak/OneDrive/Documents/Elsa/IISc_ESE/Sem2/Embedded Systems/Labs/Lab2/uart/uart/libdriver.a(interrupt.o)
 .rodata.g_pui32Regs
                0x00003648       0x9c C:/Users/elsak/OneDrive/Documents/Elsa/IISc_ESE/Sem2/Embedded Systems/Labs/Lab2/uart/uart/libdriver.a(interrupt.o)
 .rodata.g_pui32UnpendRegs
                0x000036e4       0x14 C:/Users/elsak/OneDrive/Documents/Elsa/IISc_ESE/Sem2/Embedded Systems/Labs/Lab2/uart/uart/libdriver.a(interrupt.o)
 .rodata.g_pppui32XTALtoVCO
                0x000036f8      0x120 C:/Users/elsak/OneDrive/Documents/Elsa/IISc_ESE/Sem2/Embedded Systems/Labs/Lab2/uart/uart/libdriver.a(sysctl.o)
 .rodata.g_pui32VCOFrequencies
                0x00003818        0x8 C:/Users/elsak/OneDrive/Documents/Elsa/IISc_ESE/Sem2/Embedded Systems/Labs/Lab2/uart/uart/libdriver.a(sysctl.o)
 .rodata.g_pui32Xtals
                0x00003820       0x6c C:/Users/elsak/OneDrive/Documents/Elsa/IISc_ESE/Sem2/Embedded Systems/Labs/Lab2/uart/uart/libdriver.a(sysctl.o)
 .rodata.g_sXTALtoMEMTIM
                0x0000388c       0x30 C:/Users/elsak/OneDrive/Documents/Elsa/IISc_ESE/Sem2/Embedded Systems/Labs/Lab2/uart/uart/libdriver.a(sysctl.o)
 .rodata.g_ppui32UARTIntMap
                0x000038bc       0x40 C:/Users/elsak/OneDrive/Documents/Elsa/IISc_ESE/Sem2/Embedded Systems/Labs/Lab2/uart/uart/libdriver.a(uart.o)
 .rodata.g_ppui32UARTIntMapSnowflake
                0x000038fc       0x40 C:/Users/elsak/OneDrive/Documents/Elsa/IISc_ESE/Sem2/Embedded Systems/Labs/Lab2/uart/uart/libdriver.a(uart.o)
 .rodata._ctype_
                0x0000393c      0x101 c:/ti/ccs1220/ccs/tools/compiler/gcc-arm-none-eabi-9-2019-q4-major/bin/../lib/gcc/arm-none-eabi/9.2.1/../../../../arm-none-eabi/lib/thumb/v7e-m/nofp\libc.a(lib_a-ctype_.o)
                0x0000393c                _ctype_
 *fill*         0x00003a3d        0x3 
 .rodata._global_impure_ptr
                0x00003a40        0x4 c:/ti/ccs1220/ccs/tools/compiler/gcc-arm-none-eabi-9-2019-q4-major/bin/../lib/gcc/arm-none-eabi/9.2.1/../../../../arm-none-eabi/lib/thumb/v7e-m/nofp\libc.a(lib_a-impure.o)
                0x00003a40                _global_impure_ptr

.eh_frame       0x00003a44        0x4
 .eh_frame      0x00003a44        0x0 c:/ti/ccs1220/ccs/tools/compiler/gcc-arm-none-eabi-9-2019-q4-major/bin/../lib/gcc/arm-none-eabi/9.2.1/thumb/v7e-m/nofp/crtbegin.o
 .eh_frame      0x00003a44        0x4 c:/ti/ccs1220/ccs/tools/compiler/gcc-arm-none-eabi-9-2019-q4-major/bin/../lib/gcc/arm-none-eabi/9.2.1/thumb/v7e-m/nofp/crtend.o

.data           0x20000000      0x494 load address 0x00003a48
                0x00003a48                __data_load__ = LOADADDR (.data)
                0x20000000                __data_start__ = .
 *(.data)
 .data          0x20000000        0x0 c:/ti/ccs1220/ccs/tools/compiler/gcc-arm-none-eabi-9-2019-q4-major/bin/../lib/gcc/arm-none-eabi/9.2.1/thumb/v7e-m/nofp/crti.o
 .data          0x20000000        0x4 c:/ti/ccs1220/ccs/tools/compiler/gcc-arm-none-eabi-9-2019-q4-major/bin/../lib/gcc/arm-none-eabi/9.2.1/thumb/v7e-m/nofp/crtbegin.o
                0x20000000                __dso_handle
 .data          0x20000004        0x0 c:/ti/ccs1220/ccs/tools/compiler/gcc-arm-none-eabi-9-2019-q4-major/bin/../lib/gcc/arm-none-eabi/9.2.1/../../../../arm-none-eabi/lib/thumb/v7e-m/nofp/crt0.o
 .data          0x20000004        0x0 ./main.o
 .data          0x20000004        0x0 ./tm4c123gh6pm_startup_ccs_gcc.o
 .data          0x20000004        0x0 ./Initialization_Code/GPIO.o
 .data          0x20000004        0x0 ./Initialization_Code/SSD.o
 .data          0x20000004        0x0 ./Initialization_Code/keypad.o
 .data          0x20000004        0x0 C:/Users/elsak/OneDrive/Documents/Elsa/IISc_ESE/Sem2/Embedded Systems/Labs/Lab2/uart/uart/libdriver.a(gpio.o)
 .data          0x20000004        0x0 C:/Users/elsak/OneDrive/Documents/Elsa/IISc_ESE/Sem2/Embedded Systems/Labs/Lab2/uart/uart/libdriver.a(interrupt.o)
 .data          0x20000004        0x0 C:/Users/elsak/OneDrive/Documents/Elsa/IISc_ESE/Sem2/Embedded Systems/Labs/Lab2/uart/uart/libdriver.a(sysctl.o)
 .data          0x20000004        0x0 C:/Users/elsak/OneDrive/Documents/Elsa/IISc_ESE/Sem2/Embedded Systems/Labs/Lab2/uart/uart/libdriver.a(uart.o)
 .data          0x20000004        0x0 C:/Users/elsak/OneDrive/Documents/Elsa/IISc_ESE/Sem2/Embedded Systems/Labs/Lab2/uart/uart/libdriver.a(cpu.o)
 .data          0x20000004        0x0 c:/ti/ccs1220/ccs/tools/compiler/gcc-arm-none-eabi-9-2019-q4-major/bin/../lib/gcc/arm-none-eabi/9.2.1/../../../../arm-none-eabi/lib/thumb/v7e-m/nofp\libc.a(lib_a-ctype_.o)
 .data          0x20000004        0x0 c:/ti/ccs1220/ccs/tools/compiler/gcc-arm-none-eabi-9-2019-q4-major/bin/../lib/gcc/arm-none-eabi/9.2.1/../../../../arm-none-eabi/lib/thumb/v7e-m/nofp\libc.a(lib_a-exit.o)
 .data          0x20000004        0x0 c:/ti/ccs1220/ccs/tools/compiler/gcc-arm-none-eabi-9-2019-q4-major/bin/../lib/gcc/arm-none-eabi/9.2.1/../../../../arm-none-eabi/lib/thumb/v7e-m/nofp\libc.a(lib_a-impure.o)
 .data          0x20000004        0x0 c:/ti/ccs1220/ccs/tools/compiler/gcc-arm-none-eabi-9-2019-q4-major/bin/../lib/gcc/arm-none-eabi/9.2.1/../../../../arm-none-eabi/lib/thumb/v7e-m/nofp\libc.a(lib_a-init.o)
 .data          0x20000004        0x0 c:/ti/ccs1220/ccs/tools/compiler/gcc-arm-none-eabi-9-2019-q4-major/bin/../lib/gcc/arm-none-eabi/9.2.1/../../../../arm-none-eabi/lib/thumb/v7e-m/nofp\libc.a(lib_a-memcpy.o)
 .data          0x20000004        0x0 c:/ti/ccs1220/ccs/tools/compiler/gcc-arm-none-eabi-9-2019-q4-major/bin/../lib/gcc/arm-none-eabi/9.2.1/../../../../arm-none-eabi/lib/thumb/v7e-m/nofp\libc.a(lib_a-memset.o)
 .data          0x20000004        0x0 c:/ti/ccs1220/ccs/tools/compiler/gcc-arm-none-eabi-9-2019-q4-major/bin/../lib/gcc/arm-none-eabi/9.2.1/../../../../arm-none-eabi/lib/thumb/v7e-m/nofp\libc.a(lib_a-strcmp.o)
 .data          0x20000004        0x0 c:/ti/ccs1220/ccs/tools/compiler/gcc-arm-none-eabi-9-2019-q4-major/bin/../lib/gcc/arm-none-eabi/9.2.1/../../../../arm-none-eabi/lib/thumb/v7e-m/nofp\libc.a(lib_a-strlen.o)
 .data          0x20000004        0x0 c:/ti/ccs1220/ccs/tools/compiler/gcc-arm-none-eabi-9-2019-q4-major/bin/../lib/gcc/arm-none-eabi/9.2.1/../../../../arm-none-eabi/lib/thumb/v7e-m/nofp\libc.a(lib_a-__call_atexit.o)
 .data          0x20000004        0x0 c:/ti/ccs1220/ccs/tools/compiler/gcc-arm-none-eabi-9-2019-q4-major/bin/../lib/gcc/arm-none-eabi/9.2.1/../../../../arm-none-eabi/lib/thumb/v7e-m/nofp\libc.a(lib_a-atexit.o)
 .data          0x20000004        0x0 c:/ti/ccs1220/ccs/tools/compiler/gcc-arm-none-eabi-9-2019-q4-major/bin/../lib/gcc/arm-none-eabi/9.2.1/../../../../arm-none-eabi/lib/thumb/v7e-m/nofp\libc.a(lib_a-fini.o)
 .data          0x20000004        0x0 c:/ti/ccs1220/ccs/tools/compiler/gcc-arm-none-eabi-9-2019-q4-major/bin/../lib/gcc/arm-none-eabi/9.2.1/../../../../arm-none-eabi/lib/thumb/v7e-m/nofp\libc.a(lib_a-lock.o)
 .data          0x20000004        0x0 c:/ti/ccs1220/ccs/tools/compiler/gcc-arm-none-eabi-9-2019-q4-major/bin/../lib/gcc/arm-none-eabi/9.2.1/../../../../arm-none-eabi/lib/thumb/v7e-m/nofp\libc.a(lib_a-__atexit.o)
 .data          0x20000004        0x0 c:/ti/ccs1220/ccs/tools/compiler/gcc-arm-none-eabi-9-2019-q4-major/bin/../lib/gcc/arm-none-eabi/9.2.1/../../../../arm-none-eabi/lib/thumb/v7e-m/nofp\libnosys.a(_exit.o)
 .data          0x20000004        0x0 c:/ti/ccs1220/ccs/tools/compiler/gcc-arm-none-eabi-9-2019-q4-major/bin/../lib/gcc/arm-none-eabi/9.2.1/thumb/v7e-m/nofp/crtend.o
 .data          0x20000004        0x0 c:/ti/ccs1220/ccs/tools/compiler/gcc-arm-none-eabi-9-2019-q4-major/bin/../lib/gcc/arm-none-eabi/9.2.1/thumb/v7e-m/nofp/crtn.o
 *(.data*)
 .data.color    0x20000004       0x1c ./main.o
                0x20000004                color
 .data.delay_arr
                0x20000020       0x18 ./main.o
                0x20000020                delay_arr
 .data.delay    0x20000038        0x4 ./main.o
                0x20000038                delay
 .data.SSD_disp_val
                0x2000003c       0x28 ./Initialization_Code/SSD.o
                0x2000003c                SSD_disp_val
 .data._impure_ptr
                0x20000064        0x4 c:/ti/ccs1220/ccs/tools/compiler/gcc-arm-none-eabi-9-2019-q4-major/bin/../lib/gcc/arm-none-eabi/9.2.1/../../../../arm-none-eabi/lib/thumb/v7e-m/nofp\libc.a(lib_a-impure.o)
                0x20000064                _impure_ptr
 .data.impure_data
                0x20000068      0x428 c:/ti/ccs1220/ccs/tools/compiler/gcc-arm-none-eabi-9-2019-q4-major/bin/../lib/gcc/arm-none-eabi/9.2.1/../../../../arm-none-eabi/lib/thumb/v7e-m/nofp\libc.a(lib_a-impure.o)
 .data.__atexit_recursive_mutex
                0x20000490        0x4 c:/ti/ccs1220/ccs/tools/compiler/gcc-arm-none-eabi-9-2019-q4-major/bin/../lib/gcc/arm-none-eabi/9.2.1/../../../../arm-none-eabi/lib/thumb/v7e-m/nofp\libc.a(lib_a-__call_atexit.o)
                0x20000490                __atexit_recursive_mutex
                0x20000494                . = ALIGN (0x4)
                0x20000494                __data_end__ = .

.igot.plt       0x20000494        0x0 load address 0x00003edc
 .igot.plt      0x20000494        0x0 c:/ti/ccs1220/ccs/tools/compiler/gcc-arm-none-eabi-9-2019-q4-major/bin/../lib/gcc/arm-none-eabi/9.2.1/thumb/v7e-m/nofp/crtbegin.o

vtable          0x20000800      0x26c load address 0x00003edc
 vtable         0x20000800      0x26c C:/Users/elsak/OneDrive/Documents/Elsa/IISc_ESE/Sem2/Embedded Systems/Labs/Lab2/uart/uart/libdriver.a(interrupt.o)

.ARM.exidx      0x00004148        0x8
                0x00004148                __exidx_start = .
 *(.ARM.exidx* .gnu.linkonce.armexidx.*)
 .ARM.exidx     0x00004148        0x8 c:/ti/ccs1220/ccs/tools/compiler/gcc-arm-none-eabi-9-2019-q4-major/bin/../lib/gcc/arm-none-eabi/9.2.1/../../../../arm-none-eabi/lib/thumb/v7e-m/nofp/crt0.o
                0x00004150                __exidx_end = .

.ARM.extab      0x00004150        0x0
 *(.ARM.extab* .gnu.linkonce.armextab.*)
 .ARM.extab     0x00004150        0x0 c:/ti/ccs1220/ccs/tools/compiler/gcc-arm-none-eabi-9-2019-q4-major/bin/../lib/gcc/arm-none-eabi/9.2.1/../../../../arm-none-eabi/lib/thumb/v7e-m/nofp/crt0.o

.rel.dyn        0x00004150        0x0
 .rel.iplt      0x00004150        0x0 c:/ti/ccs1220/ccs/tools/compiler/gcc-arm-none-eabi-9-2019-q4-major/bin/../lib/gcc/arm-none-eabi/9.2.1/thumb/v7e-m/nofp/crtbegin.o

.bss            0x20000a6c      0x2d4
                0x20000a6c                __bss_start__ = .
 *(.shbss)
 *(.bss)
 .bss           0x20000a6c        0x0 c:/ti/ccs1220/ccs/tools/compiler/gcc-arm-none-eabi-9-2019-q4-major/bin/../lib/gcc/arm-none-eabi/9.2.1/thumb/v7e-m/nofp/crti.o
 .bss           0x20000a6c       0x1c c:/ti/ccs1220/ccs/tools/compiler/gcc-arm-none-eabi-9-2019-q4-major/bin/../lib/gcc/arm-none-eabi/9.2.1/thumb/v7e-m/nofp/crtbegin.o
 .bss           0x20000a88        0x0 c:/ti/ccs1220/ccs/tools/compiler/gcc-arm-none-eabi-9-2019-q4-major/bin/../lib/gcc/arm-none-eabi/9.2.1/../../../../arm-none-eabi/lib/thumb/v7e-m/nofp/crt0.o
 .bss           0x20000a88        0x0 ./main.o
 .bss           0x20000a88        0x0 ./tm4c123gh6pm_startup_ccs_gcc.o
 .bss           0x20000a88        0x0 ./Initialization_Code/GPIO.o
 .bss           0x20000a88        0x0 ./Initialization_Code/SSD.o
 .bss           0x20000a88        0x0 ./Initialization_Code/keypad.o
 .bss           0x20000a88        0x0 C:/Users/elsak/OneDrive/Documents/Elsa/IISc_ESE/Sem2/Embedded Systems/Labs/Lab2/uart/uart/libdriver.a(gpio.o)
 .bss           0x20000a88        0x0 C:/Users/elsak/OneDrive/Documents/Elsa/IISc_ESE/Sem2/Embedded Systems/Labs/Lab2/uart/uart/libdriver.a(interrupt.o)
 .bss           0x20000a88        0x0 C:/Users/elsak/OneDrive/Documents/Elsa/IISc_ESE/Sem2/Embedded Systems/Labs/Lab2/uart/uart/libdriver.a(sysctl.o)
 .bss           0x20000a88        0x0 C:/Users/elsak/OneDrive/Documents/Elsa/IISc_ESE/Sem2/Embedded Systems/Labs/Lab2/uart/uart/libdriver.a(uart.o)
 .bss           0x20000a88        0x0 C:/Users/elsak/OneDrive/Documents/Elsa/IISc_ESE/Sem2/Embedded Systems/Labs/Lab2/uart/uart/libdriver.a(cpu.o)
 .bss           0x20000a88        0x0 c:/ti/ccs1220/ccs/tools/compiler/gcc-arm-none-eabi-9-2019-q4-major/bin/../lib/gcc/arm-none-eabi/9.2.1/../../../../arm-none-eabi/lib/thumb/v7e-m/nofp\libc.a(lib_a-ctype_.o)
 .bss           0x20000a88        0x0 c:/ti/ccs1220/ccs/tools/compiler/gcc-arm-none-eabi-9-2019-q4-major/bin/../lib/gcc/arm-none-eabi/9.2.1/../../../../arm-none-eabi/lib/thumb/v7e-m/nofp\libc.a(lib_a-exit.o)
 .bss           0x20000a88        0x0 c:/ti/ccs1220/ccs/tools/compiler/gcc-arm-none-eabi-9-2019-q4-major/bin/../lib/gcc/arm-none-eabi/9.2.1/../../../../arm-none-eabi/lib/thumb/v7e-m/nofp\libc.a(lib_a-impure.o)
 .bss           0x20000a88        0x0 c:/ti/ccs1220/ccs/tools/compiler/gcc-arm-none-eabi-9-2019-q4-major/bin/../lib/gcc/arm-none-eabi/9.2.1/../../../../arm-none-eabi/lib/thumb/v7e-m/nofp\libc.a(lib_a-init.o)
 .bss           0x20000a88        0x0 c:/ti/ccs1220/ccs/tools/compiler/gcc-arm-none-eabi-9-2019-q4-major/bin/../lib/gcc/arm-none-eabi/9.2.1/../../../../arm-none-eabi/lib/thumb/v7e-m/nofp\libc.a(lib_a-memcpy.o)
 .bss           0x20000a88        0x0 c:/ti/ccs1220/ccs/tools/compiler/gcc-arm-none-eabi-9-2019-q4-major/bin/../lib/gcc/arm-none-eabi/9.2.1/../../../../arm-none-eabi/lib/thumb/v7e-m/nofp\libc.a(lib_a-memset.o)
 .bss           0x20000a88        0x0 c:/ti/ccs1220/ccs/tools/compiler/gcc-arm-none-eabi-9-2019-q4-major/bin/../lib/gcc/arm-none-eabi/9.2.1/../../../../arm-none-eabi/lib/thumb/v7e-m/nofp\libc.a(lib_a-strcmp.o)
 .bss           0x20000a88        0x0 c:/ti/ccs1220/ccs/tools/compiler/gcc-arm-none-eabi-9-2019-q4-major/bin/../lib/gcc/arm-none-eabi/9.2.1/../../../../arm-none-eabi/lib/thumb/v7e-m/nofp\libc.a(lib_a-strlen.o)
 .bss           0x20000a88        0x0 c:/ti/ccs1220/ccs/tools/compiler/gcc-arm-none-eabi-9-2019-q4-major/bin/../lib/gcc/arm-none-eabi/9.2.1/../../../../arm-none-eabi/lib/thumb/v7e-m/nofp\libc.a(lib_a-__call_atexit.o)
 .bss           0x20000a88        0x0 c:/ti/ccs1220/ccs/tools/compiler/gcc-arm-none-eabi-9-2019-q4-major/bin/../lib/gcc/arm-none-eabi/9.2.1/../../../../arm-none-eabi/lib/thumb/v7e-m/nofp\libc.a(lib_a-atexit.o)
 .bss           0x20000a88        0x0 c:/ti/ccs1220/ccs/tools/compiler/gcc-arm-none-eabi-9-2019-q4-major/bin/../lib/gcc/arm-none-eabi/9.2.1/../../../../arm-none-eabi/lib/thumb/v7e-m/nofp\libc.a(lib_a-fini.o)
 .bss           0x20000a88        0x0 c:/ti/ccs1220/ccs/tools/compiler/gcc-arm-none-eabi-9-2019-q4-major/bin/../lib/gcc/arm-none-eabi/9.2.1/../../../../arm-none-eabi/lib/thumb/v7e-m/nofp\libc.a(lib_a-lock.o)
 .bss           0x20000a88        0x0 c:/ti/ccs1220/ccs/tools/compiler/gcc-arm-none-eabi-9-2019-q4-major/bin/../lib/gcc/arm-none-eabi/9.2.1/../../../../arm-none-eabi/lib/thumb/v7e-m/nofp\libc.a(lib_a-__atexit.o)
 .bss           0x20000a88        0x0 c:/ti/ccs1220/ccs/tools/compiler/gcc-arm-none-eabi-9-2019-q4-major/bin/../lib/gcc/arm-none-eabi/9.2.1/../../../../arm-none-eabi/lib/thumb/v7e-m/nofp\libnosys.a(_exit.o)
 .bss           0x20000a88        0x0 c:/ti/ccs1220/ccs/tools/compiler/gcc-arm-none-eabi-9-2019-q4-major/bin/../lib/gcc/arm-none-eabi/9.2.1/thumb/v7e-m/nofp/crtend.o
 .bss           0x20000a88        0x0 c:/ti/ccs1220/ccs/tools/compiler/gcc-arm-none-eabi-9-2019-q4-major/bin/../lib/gcc/arm-none-eabi/9.2.1/thumb/v7e-m/nofp/crtn.o
 *(.bss.*)
 .bss.cnt_color
                0x20000a88        0x4 ./main.o
                0x20000a88                cnt_color
 .bss.cnt_delay
                0x20000a8c        0x4 ./main.o
                0x20000a8c                cnt_delay
 .bss.const_flag
                0x20000a90        0x4 ./main.o
                0x20000a90                const_flag
 .bss.total_cnt
                0x20000a94        0x4 ./main.o
                0x20000a94                total_cnt
 .bss.m         0x20000a98        0x4 ./main.o
                0x20000a98                m
 .bss.pui32Stack
                0x20000a9c      0x200 ./tm4c123gh6pm_startup_ccs_gcc.o
 .bss.num       0x20000c9c        0x4 ./Initialization_Code/keypad.o
                0x20000c9c                num
 *(COMMON)
 COMMON         0x20000ca0       0x68 ./main.o
                0x20000ca0                switch_addr
                0x20000ca4                console_cmd_buffer
 COMMON         0x20000d08       0x14 ./Initialization_Code/keypad.o
                0x20000d08                str
 COMMON         0x20000d1c       0x21 c:/ti/ccs1220/ccs/tools/compiler/gcc-arm-none-eabi-9-2019-q4-major/bin/../lib/gcc/arm-none-eabi/9.2.1/../../../../arm-none-eabi/lib/thumb/v7e-m/nofp\libc.a(lib_a-lock.o)
                0x20000d1c                __lock___atexit_recursive_mutex
                0x20000d20                __lock___arc4random_mutex
                0x20000d24                __lock___env_recursive_mutex
                0x20000d28                __lock___sinit_recursive_mutex
                0x20000d2c                __lock___malloc_recursive_mutex
                0x20000d30                __lock___at_quick_exit_mutex
                0x20000d34                __lock___dd_hash_mutex
                0x20000d38                __lock___tz_mutex
                0x20000d3c                __lock___sfp_recursive_mutex
                0x20000d40                . = ALIGN (0x4)
 *fill*         0x20000d3d        0x3 
                0x20000d40                __bss_end__ = .

.heap           0x20000d40        0x0
                0x20000d40                __heap_start__ = .
                0x20000d40                end = __heap_start__
                0x20000d40                _end = end
                0x20000d40                __end = end
 *(.heap)
                0x20000d40                __heap_end__ = .
                0x20000d40                __HeapLimit = __heap_end__

.stack          0x20000d40        0x0
                0x20000d40                _stack = .
                0x20000d40                __stack = .
 *(.stack)
START GROUP
LOAD C:/Users/elsak/OneDrive/Documents/Elsa/IISc_ESE/Sem2/Embedded Systems/Labs/Lab2/uart/uart/libdriver.a
LOAD c:/ti/ccs1220/ccs/tools/compiler/gcc-arm-none-eabi-9-2019-q4-major/bin/../lib/gcc/arm-none-eabi/9.2.1/../../../../arm-none-eabi/lib/thumb/v7e-m/nofp\libc.a
END GROUP
START GROUP
LOAD c:/ti/ccs1220/ccs/tools/compiler/gcc-arm-none-eabi-9-2019-q4-major/bin/../lib/gcc/arm-none-eabi/9.2.1/thumb/v7e-m/nofp\libgcc.a
LOAD c:/ti/ccs1220/ccs/tools/compiler/gcc-arm-none-eabi-9-2019-q4-major/bin/../lib/gcc/arm-none-eabi/9.2.1/../../../../arm-none-eabi/lib/thumb/v7e-m/nofp\libg.a
LOAD c:/ti/ccs1220/ccs/tools/compiler/gcc-arm-none-eabi-9-2019-q4-major/bin/../lib/gcc/arm-none-eabi/9.2.1/../../../../arm-none-eabi/lib/thumb/v7e-m/nofp\libc.a
END GROUP
START GROUP
LOAD c:/ti/ccs1220/ccs/tools/compiler/gcc-arm-none-eabi-9-2019-q4-major/bin/../lib/gcc/arm-none-eabi/9.2.1/thumb/v7e-m/nofp\libgcc.a
LOAD c:/ti/ccs1220/ccs/tools/compiler/gcc-arm-none-eabi-9-2019-q4-major/bin/../lib/gcc/arm-none-eabi/9.2.1/../../../../arm-none-eabi/lib/thumb/v7e-m/nofp\libc.a
LOAD c:/ti/ccs1220/ccs/tools/compiler/gcc-arm-none-eabi-9-2019-q4-major/bin/../lib/gcc/arm-none-eabi/9.2.1/../../../../arm-none-eabi/lib/thumb/v7e-m/nofp\libnosys.a
END GROUP
LOAD c:/ti/ccs1220/ccs/tools/compiler/gcc-arm-none-eabi-9-2019-q4-major/bin/../lib/gcc/arm-none-eabi/9.2.1/thumb/v7e-m/nofp/crtend.o
LOAD c:/ti/ccs1220/ccs/tools/compiler/gcc-arm-none-eabi-9-2019-q4-major/bin/../lib/gcc/arm-none-eabi/9.2.1/thumb/v7e-m/nofp/crtn.o
OUTPUT(Keypad_SSD.out elf32-littlearm)

.ARM.attributes
                0x00000000       0x2e
 .ARM.attributes
                0x00000000       0x1e c:/ti/ccs1220/ccs/tools/compiler/gcc-arm-none-eabi-9-2019-q4-major/bin/../lib/gcc/arm-none-eabi/9.2.1/thumb/v7e-m/nofp/crti.o
 .ARM.attributes
                0x0000001e       0x2e c:/ti/ccs1220/ccs/tools/compiler/gcc-arm-none-eabi-9-2019-q4-major/bin/../lib/gcc/arm-none-eabi/9.2.1/thumb/v7e-m/nofp/crtbegin.o
 .ARM.attributes
                0x0000004c       0x1c c:/ti/ccs1220/ccs/tools/compiler/gcc-arm-none-eabi-9-2019-q4-major/bin/../lib/gcc/arm-none-eabi/9.2.1/../../../../arm-none-eabi/lib/thumb/v7e-m/nofp/crt0.o
 .ARM.attributes
                0x00000068       0x2e ./main.o
 .ARM.attributes
                0x00000096       0x2e ./tm4c123gh6pm_startup_ccs_gcc.o
 .ARM.attributes
                0x000000c4       0x2e ./Initialization_Code/GPIO.o
 .ARM.attributes
                0x000000f2       0x2e ./Initialization_Code/SSD.o
 .ARM.attributes
                0x00000120       0x2e ./Initialization_Code/keypad.o
 .ARM.attributes
                0x0000014e       0x32 C:/Users/elsak/OneDrive/Documents/Elsa/IISc_ESE/Sem2/Embedded Systems/Labs/Lab2/uart/uart/libdriver.a(gpio.o)
 .ARM.attributes
                0x00000180       0x32 C:/Users/elsak/OneDrive/Documents/Elsa/IISc_ESE/Sem2/Embedded Systems/Labs/Lab2/uart/uart/libdriver.a(interrupt.o)
 .ARM.attributes
                0x000001b2       0x32 C:/Users/elsak/OneDrive/Documents/Elsa/IISc_ESE/Sem2/Embedded Systems/Labs/Lab2/uart/uart/libdriver.a(sysctl.o)
 .ARM.attributes
                0x000001e4       0x32 C:/Users/elsak/OneDrive/Documents/Elsa/IISc_ESE/Sem2/Embedded Systems/Labs/Lab2/uart/uart/libdriver.a(uart.o)
 .ARM.attributes
                0x00000216       0x32 C:/Users/elsak/OneDrive/Documents/Elsa/IISc_ESE/Sem2/Embedded Systems/Labs/Lab2/uart/uart/libdriver.a(cpu.o)
 .ARM.attributes
                0x00000248       0x2e c:/ti/ccs1220/ccs/tools/compiler/gcc-arm-none-eabi-9-2019-q4-major/bin/../lib/gcc/arm-none-eabi/9.2.1/../../../../arm-none-eabi/lib/thumb/v7e-m/nofp\libc.a(lib_a-ctype_.o)
 .ARM.attributes
                0x00000276       0x2e c:/ti/ccs1220/ccs/tools/compiler/gcc-arm-none-eabi-9-2019-q4-major/bin/../lib/gcc/arm-none-eabi/9.2.1/../../../../arm-none-eabi/lib/thumb/v7e-m/nofp\libc.a(lib_a-exit.o)
 .ARM.attributes
                0x000002a4       0x2e c:/ti/ccs1220/ccs/tools/compiler/gcc-arm-none-eabi-9-2019-q4-major/bin/../lib/gcc/arm-none-eabi/9.2.1/../../../../arm-none-eabi/lib/thumb/v7e-m/nofp\libc.a(lib_a-impure.o)
 .ARM.attributes
                0x000002d2       0x2e c:/ti/ccs1220/ccs/tools/compiler/gcc-arm-none-eabi-9-2019-q4-major/bin/../lib/gcc/arm-none-eabi/9.2.1/../../../../arm-none-eabi/lib/thumb/v7e-m/nofp\libc.a(lib_a-init.o)
 .ARM.attributes
                0x00000300       0x1c c:/ti/ccs1220/ccs/tools/compiler/gcc-arm-none-eabi-9-2019-q4-major/bin/../lib/gcc/arm-none-eabi/9.2.1/../../../../arm-none-eabi/lib/thumb/v7e-m/nofp\libc.a(lib_a-memcpy.o)
 .ARM.attributes
                0x0000031c       0x2e c:/ti/ccs1220/ccs/tools/compiler/gcc-arm-none-eabi-9-2019-q4-major/bin/../lib/gcc/arm-none-eabi/9.2.1/../../../../arm-none-eabi/lib/thumb/v7e-m/nofp\libc.a(lib_a-memset.o)
 .ARM.attributes
                0x0000034a       0x1c c:/ti/ccs1220/ccs/tools/compiler/gcc-arm-none-eabi-9-2019-q4-major/bin/../lib/gcc/arm-none-eabi/9.2.1/../../../../arm-none-eabi/lib/thumb/v7e-m/nofp\libc.a(lib_a-strcmp.o)
 .ARM.attributes
                0x00000366       0x1c c:/ti/ccs1220/ccs/tools/compiler/gcc-arm-none-eabi-9-2019-q4-major/bin/../lib/gcc/arm-none-eabi/9.2.1/../../../../arm-none-eabi/lib/thumb/v7e-m/nofp\libc.a(lib_a-strlen.o)
 .ARM.attributes
                0x00000382       0x2e c:/ti/ccs1220/ccs/tools/compiler/gcc-arm-none-eabi-9-2019-q4-major/bin/../lib/gcc/arm-none-eabi/9.2.1/../../../../arm-none-eabi/lib/thumb/v7e-m/nofp\libc.a(lib_a-__call_atexit.o)
 .ARM.attributes
                0x000003b0       0x2e c:/ti/ccs1220/ccs/tools/compiler/gcc-arm-none-eabi-9-2019-q4-major/bin/../lib/gcc/arm-none-eabi/9.2.1/../../../../arm-none-eabi/lib/thumb/v7e-m/nofp\libc.a(lib_a-atexit.o)
 .ARM.attributes
                0x000003de       0x2e c:/ti/ccs1220/ccs/tools/compiler/gcc-arm-none-eabi-9-2019-q4-major/bin/../lib/gcc/arm-none-eabi/9.2.1/../../../../arm-none-eabi/lib/thumb/v7e-m/nofp\libc.a(lib_a-fini.o)
 .ARM.attributes
                0x0000040c       0x2e c:/ti/ccs1220/ccs/tools/compiler/gcc-arm-none-eabi-9-2019-q4-major/bin/../lib/gcc/arm-none-eabi/9.2.1/../../../../arm-none-eabi/lib/thumb/v7e-m/nofp\libc.a(lib_a-lock.o)
 .ARM.attributes
                0x0000043a       0x2e c:/ti/ccs1220/ccs/tools/compiler/gcc-arm-none-eabi-9-2019-q4-major/bin/../lib/gcc/arm-none-eabi/9.2.1/../../../../arm-none-eabi/lib/thumb/v7e-m/nofp\libc.a(lib_a-__atexit.o)
 .ARM.attributes
                0x00000468       0x2e c:/ti/ccs1220/ccs/tools/compiler/gcc-arm-none-eabi-9-2019-q4-major/bin/../lib/gcc/arm-none-eabi/9.2.1/../../../../arm-none-eabi/lib/thumb/v7e-m/nofp\libnosys.a(_exit.o)
 .ARM.attributes
                0x00000496       0x2e c:/ti/ccs1220/ccs/tools/compiler/gcc-arm-none-eabi-9-2019-q4-major/bin/../lib/gcc/arm-none-eabi/9.2.1/thumb/v7e-m/nofp/crtend.o
 .ARM.attributes
                0x000004c4       0x1e c:/ti/ccs1220/ccs/tools/compiler/gcc-arm-none-eabi-9-2019-q4-major/bin/../lib/gcc/arm-none-eabi/9.2.1/thumb/v7e-m/nofp/crtn.o

.comment        0x00000000       0x79
 .comment       0x00000000       0x79 ./main.o
                                 0x7a (size before relaxing)
 .comment       0x00000079       0x7a ./tm4c123gh6pm_startup_ccs_gcc.o
 .comment       0x00000079       0x7a ./Initialization_Code/GPIO.o
 .comment       0x00000079       0x7a ./Initialization_Code/SSD.o
 .comment       0x00000079       0x7a ./Initialization_Code/keypad.o
 .comment       0x00000079       0x7a C:/Users/elsak/OneDrive/Documents/Elsa/IISc_ESE/Sem2/Embedded Systems/Labs/Lab2/uart/uart/libdriver.a(gpio.o)
 .comment       0x00000079       0x7a C:/Users/elsak/OneDrive/Documents/Elsa/IISc_ESE/Sem2/Embedded Systems/Labs/Lab2/uart/uart/libdriver.a(interrupt.o)
 .comment       0x00000079       0x7a C:/Users/elsak/OneDrive/Documents/Elsa/IISc_ESE/Sem2/Embedded Systems/Labs/Lab2/uart/uart/libdriver.a(sysctl.o)
 .comment       0x00000079       0x7a C:/Users/elsak/OneDrive/Documents/Elsa/IISc_ESE/Sem2/Embedded Systems/Labs/Lab2/uart/uart/libdriver.a(uart.o)
 .comment       0x00000079       0x7a C:/Users/elsak/OneDrive/Documents/Elsa/IISc_ESE/Sem2/Embedded Systems/Labs/Lab2/uart/uart/libdriver.a(cpu.o)

.debug_info     0x00000000     0x2d93
 .debug_info    0x00000000      0xe14 ./main.o
 .debug_info    0x00000e14      0x19c ./tm4c123gh6pm_startup_ccs_gcc.o
 .debug_info    0x00000fb0      0xa08 ./Initialization_Code/GPIO.o
 .debug_info    0x000019b8      0x9c3 ./Initialization_Code/SSD.o
 .debug_info    0x0000237b      0xa18 ./Initialization_Code/keypad.o

.debug_abbrev   0x00000000      0xa20
 .debug_abbrev  0x00000000      0x310 ./main.o
 .debug_abbrev  0x00000310       0xd8 ./tm4c123gh6pm_startup_ccs_gcc.o
 .debug_abbrev  0x000003e8      0x1d0 ./Initialization_Code/GPIO.o
 .debug_abbrev  0x000005b8      0x22b ./Initialization_Code/SSD.o
 .debug_abbrev  0x000007e3      0x23d ./Initialization_Code/keypad.o

.debug_aranges  0x00000000      0x178
 .debug_aranges
                0x00000000       0x78 ./main.o
 .debug_aranges
                0x00000078       0x38 ./tm4c123gh6pm_startup_ccs_gcc.o
 .debug_aranges
                0x000000b0       0x68 ./Initialization_Code/GPIO.o
 .debug_aranges
                0x00000118       0x28 ./Initialization_Code/SSD.o
 .debug_aranges
                0x00000140       0x38 ./Initialization_Code/keypad.o

.debug_ranges   0x00000000      0x128
 .debug_ranges  0x00000000       0x68 ./main.o
 .debug_ranges  0x00000068       0x28 ./tm4c123gh6pm_startup_ccs_gcc.o
 .debug_ranges  0x00000090       0x58 ./Initialization_Code/GPIO.o
 .debug_ranges  0x000000e8       0x18 ./Initialization_Code/SSD.o
 .debug_ranges  0x00000100       0x28 ./Initialization_Code/keypad.o

.debug_line     0x00000000     0x1213
 .debug_line    0x00000000      0x7d6 ./main.o
 .debug_line    0x000007d6      0x19e ./tm4c123gh6pm_startup_ccs_gcc.o
 .debug_line    0x00000974      0x331 ./Initialization_Code/GPIO.o
 .debug_line    0x00000ca5      0x25c ./Initialization_Code/SSD.o
 .debug_line    0x00000f01      0x312 ./Initialization_Code/keypad.o

.debug_str      0x00000000      0x8d6
 .debug_str     0x00000000      0x6e0 ./main.o
                                0x758 (size before relaxing)
 .debug_str     0x000006e0       0xbb ./tm4c123gh6pm_startup_ccs_gcc.o
                                0x254 (size before relaxing)
 .debug_str     0x0000079b       0xa8 ./Initialization_Code/GPIO.o
                                0x62e (size before relaxing)
 .debug_str     0x00000843       0x47 ./Initialization_Code/SSD.o
                                0x5dc (size before relaxing)
 .debug_str     0x0000088a       0x4c ./Initialization_Code/keypad.o
                                0x5dc (size before relaxing)

.debug_frame    0x00000000      0x72c
 .debug_frame   0x00000000      0x1c8 ./main.o
 .debug_frame   0x000001c8       0x7c ./tm4c123gh6pm_startup_ccs_gcc.o
 .debug_frame   0x00000244      0x150 ./Initialization_Code/GPIO.o
 .debug_frame   0x00000394       0x58 ./Initialization_Code/SSD.o
 .debug_frame   0x000003ec       0x98 ./Initialization_Code/keypad.o
 .debug_frame   0x00000484       0x28 c:/ti/ccs1220/ccs/tools/compiler/gcc-arm-none-eabi-9-2019-q4-major/bin/../lib/gcc/arm-none-eabi/9.2.1/../../../../arm-none-eabi/lib/thumb/v7e-m/nofp\libc.a(lib_a-exit.o)
 .debug_frame   0x000004ac       0x2c c:/ti/ccs1220/ccs/tools/compiler/gcc-arm-none-eabi-9-2019-q4-major/bin/../lib/gcc/arm-none-eabi/9.2.1/../../../../arm-none-eabi/lib/thumb/v7e-m/nofp\libc.a(lib_a-init.o)
 .debug_frame   0x000004d8       0x38 c:/ti/ccs1220/ccs/tools/compiler/gcc-arm-none-eabi-9-2019-q4-major/bin/../lib/gcc/arm-none-eabi/9.2.1/../../../../arm-none-eabi/lib/thumb/v7e-m/nofp\libc.a(lib_a-memset.o)
 .debug_frame   0x00000510       0x68 c:/ti/ccs1220/ccs/tools/compiler/gcc-arm-none-eabi-9-2019-q4-major/bin/../lib/gcc/arm-none-eabi/9.2.1/../../../../arm-none-eabi/lib/thumb/v7e-m/nofp\libc.a(lib_a-strcmp.o)
 .debug_frame   0x00000578       0x5c c:/ti/ccs1220/ccs/tools/compiler/gcc-arm-none-eabi-9-2019-q4-major/bin/../lib/gcc/arm-none-eabi/9.2.1/../../../../arm-none-eabi/lib/thumb/v7e-m/nofp\libc.a(lib_a-__call_atexit.o)
 .debug_frame   0x000005d4       0x20 c:/ti/ccs1220/ccs/tools/compiler/gcc-arm-none-eabi-9-2019-q4-major/bin/../lib/gcc/arm-none-eabi/9.2.1/../../../../arm-none-eabi/lib/thumb/v7e-m/nofp\libc.a(lib_a-atexit.o)
 .debug_frame   0x000005f4       0x34 c:/ti/ccs1220/ccs/tools/compiler/gcc-arm-none-eabi-9-2019-q4-major/bin/../lib/gcc/arm-none-eabi/9.2.1/../../../../arm-none-eabi/lib/thumb/v7e-m/nofp\libc.a(lib_a-fini.o)
 .debug_frame   0x00000628       0xb0 c:/ti/ccs1220/ccs/tools/compiler/gcc-arm-none-eabi-9-2019-q4-major/bin/../lib/gcc/arm-none-eabi/9.2.1/../../../../arm-none-eabi/lib/thumb/v7e-m/nofp\libc.a(lib_a-lock.o)
 .debug_frame   0x000006d8       0x34 c:/ti/ccs1220/ccs/tools/compiler/gcc-arm-none-eabi-9-2019-q4-major/bin/../lib/gcc/arm-none-eabi/9.2.1/../../../../arm-none-eabi/lib/thumb/v7e-m/nofp\libc.a(lib_a-__atexit.o)
 .debug_frame   0x0000070c       0x20 c:/ti/ccs1220/ccs/tools/compiler/gcc-arm-none-eabi-9-2019-q4-major/bin/../lib/gcc/arm-none-eabi/9.2.1/../../../../arm-none-eabi/lib/thumb/v7e-m/nofp\libnosys.a(_exit.o)
