Archive member included to satisfy reference by file (symbol)

c:/users/rajas/downloads/ccs/tools/compiler/gcc-arm-none-eabi-9-2019-q4-major/bin/../lib/gcc/arm-none-eabi/9.2.1/../../../../arm-none-eabi/lib/thumb/v7e-m/nofp\libc.a(lib_a-ctype_.o)
                              ./main.o (_ctype_)
c:/users/rajas/downloads/ccs/tools/compiler/gcc-arm-none-eabi-9-2019-q4-major/bin/../lib/gcc/arm-none-eabi/9.2.1/../../../../arm-none-eabi/lib/thumb/v7e-m/nofp\libc.a(lib_a-exit.o)
                              c:/users/rajas/downloads/ccs/tools/compiler/gcc-arm-none-eabi-9-2019-q4-major/bin/../lib/gcc/arm-none-eabi/9.2.1/../../../../arm-none-eabi/lib/thumb/v7e-m/nofp/crt0.o (exit)
c:/users/rajas/downloads/ccs/tools/compiler/gcc-arm-none-eabi-9-2019-q4-major/bin/../lib/gcc/arm-none-eabi/9.2.1/../../../../arm-none-eabi/lib/thumb/v7e-m/nofp\libc.a(lib_a-impure.o)
                              c:/users/rajas/downloads/ccs/tools/compiler/gcc-arm-none-eabi-9-2019-q4-major/bin/../lib/gcc/arm-none-eabi/9.2.1/../../../../arm-none-eabi/lib/thumb/v7e-m/nofp\libc.a(lib_a-exit.o) (_global_impure_ptr)
c:/users/rajas/downloads/ccs/tools/compiler/gcc-arm-none-eabi-9-2019-q4-major/bin/../lib/gcc/arm-none-eabi/9.2.1/../../../../arm-none-eabi/lib/thumb/v7e-m/nofp\libc.a(lib_a-init.o)
                              c:/users/rajas/downloads/ccs/tools/compiler/gcc-arm-none-eabi-9-2019-q4-major/bin/../lib/gcc/arm-none-eabi/9.2.1/../../../../arm-none-eabi/lib/thumb/v7e-m/nofp/crt0.o (__libc_init_array)
c:/users/rajas/downloads/ccs/tools/compiler/gcc-arm-none-eabi-9-2019-q4-major/bin/../lib/gcc/arm-none-eabi/9.2.1/../../../../arm-none-eabi/lib/thumb/v7e-m/nofp\libc.a(lib_a-memset.o)
                              c:/users/rajas/downloads/ccs/tools/compiler/gcc-arm-none-eabi-9-2019-q4-major/bin/../lib/gcc/arm-none-eabi/9.2.1/../../../../arm-none-eabi/lib/thumb/v7e-m/nofp/crt0.o (memset)
c:/users/rajas/downloads/ccs/tools/compiler/gcc-arm-none-eabi-9-2019-q4-major/bin/../lib/gcc/arm-none-eabi/9.2.1/../../../../arm-none-eabi/lib/thumb/v7e-m/nofp\libc.a(lib_a-strcmp.o)
                              ./main.o (strcmp)
c:/users/rajas/downloads/ccs/tools/compiler/gcc-arm-none-eabi-9-2019-q4-major/bin/../lib/gcc/arm-none-eabi/9.2.1/../../../../arm-none-eabi/lib/thumb/v7e-m/nofp\libc.a(lib_a-strstr.o)
                              ./main.o (strstr)
c:/users/rajas/downloads/ccs/tools/compiler/gcc-arm-none-eabi-9-2019-q4-major/bin/../lib/gcc/arm-none-eabi/9.2.1/../../../../arm-none-eabi/lib/thumb/v7e-m/nofp\libc.a(lib_a-__call_atexit.o)
                              c:/users/rajas/downloads/ccs/tools/compiler/gcc-arm-none-eabi-9-2019-q4-major/bin/../lib/gcc/arm-none-eabi/9.2.1/../../../../arm-none-eabi/lib/thumb/v7e-m/nofp\libc.a(lib_a-exit.o) (__call_exitprocs)
c:/users/rajas/downloads/ccs/tools/compiler/gcc-arm-none-eabi-9-2019-q4-major/bin/../lib/gcc/arm-none-eabi/9.2.1/../../../../arm-none-eabi/lib/thumb/v7e-m/nofp\libc.a(lib_a-atexit.o)
                              c:/users/rajas/downloads/ccs/tools/compiler/gcc-arm-none-eabi-9-2019-q4-major/bin/../lib/gcc/arm-none-eabi/9.2.1/../../../../arm-none-eabi/lib/thumb/v7e-m/nofp\libc.a(lib_a-__call_atexit.o) (atexit)
c:/users/rajas/downloads/ccs/tools/compiler/gcc-arm-none-eabi-9-2019-q4-major/bin/../lib/gcc/arm-none-eabi/9.2.1/../../../../arm-none-eabi/lib/thumb/v7e-m/nofp\libc.a(lib_a-fini.o)
                              c:/users/rajas/downloads/ccs/tools/compiler/gcc-arm-none-eabi-9-2019-q4-major/bin/../lib/gcc/arm-none-eabi/9.2.1/../../../../arm-none-eabi/lib/thumb/v7e-m/nofp\libc.a(lib_a-__call_atexit.o) (__libc_fini_array)
c:/users/rajas/downloads/ccs/tools/compiler/gcc-arm-none-eabi-9-2019-q4-major/bin/../lib/gcc/arm-none-eabi/9.2.1/../../../../arm-none-eabi/lib/thumb/v7e-m/nofp\libc.a(lib_a-lock.o)
                              c:/users/rajas/downloads/ccs/tools/compiler/gcc-arm-none-eabi-9-2019-q4-major/bin/../lib/gcc/arm-none-eabi/9.2.1/../../../../arm-none-eabi/lib/thumb/v7e-m/nofp\libc.a(lib_a-__call_atexit.o) (__retarget_lock_acquire_recursive)
c:/users/rajas/downloads/ccs/tools/compiler/gcc-arm-none-eabi-9-2019-q4-major/bin/../lib/gcc/arm-none-eabi/9.2.1/../../../../arm-none-eabi/lib/thumb/v7e-m/nofp\libc.a(lib_a-memcmp.o)
                              c:/users/rajas/downloads/ccs/tools/compiler/gcc-arm-none-eabi-9-2019-q4-major/bin/../lib/gcc/arm-none-eabi/9.2.1/../../../../arm-none-eabi/lib/thumb/v7e-m/nofp\libc.a(lib_a-strstr.o) (memcmp)
c:/users/rajas/downloads/ccs/tools/compiler/gcc-arm-none-eabi-9-2019-q4-major/bin/../lib/gcc/arm-none-eabi/9.2.1/../../../../arm-none-eabi/lib/thumb/v7e-m/nofp\libc.a(lib_a-strchr.o)
                              c:/users/rajas/downloads/ccs/tools/compiler/gcc-arm-none-eabi-9-2019-q4-major/bin/../lib/gcc/arm-none-eabi/9.2.1/../../../../arm-none-eabi/lib/thumb/v7e-m/nofp\libc.a(lib_a-strstr.o) (strchr)
c:/users/rajas/downloads/ccs/tools/compiler/gcc-arm-none-eabi-9-2019-q4-major/bin/../lib/gcc/arm-none-eabi/9.2.1/../../../../arm-none-eabi/lib/thumb/v7e-m/nofp\libc.a(lib_a-strlen.o)
                              c:/users/rajas/downloads/ccs/tools/compiler/gcc-arm-none-eabi-9-2019-q4-major/bin/../lib/gcc/arm-none-eabi/9.2.1/../../../../arm-none-eabi/lib/thumb/v7e-m/nofp\libc.a(lib_a-strstr.o) (strlen)
c:/users/rajas/downloads/ccs/tools/compiler/gcc-arm-none-eabi-9-2019-q4-major/bin/../lib/gcc/arm-none-eabi/9.2.1/../../../../arm-none-eabi/lib/thumb/v7e-m/nofp\libc.a(lib_a-strnlen.o)
                              c:/users/rajas/downloads/ccs/tools/compiler/gcc-arm-none-eabi-9-2019-q4-major/bin/../lib/gcc/arm-none-eabi/9.2.1/../../../../arm-none-eabi/lib/thumb/v7e-m/nofp\libc.a(lib_a-strstr.o) (strnlen)
c:/users/rajas/downloads/ccs/tools/compiler/gcc-arm-none-eabi-9-2019-q4-major/bin/../lib/gcc/arm-none-eabi/9.2.1/../../../../arm-none-eabi/lib/thumb/v7e-m/nofp\libc.a(lib_a-__atexit.o)
                              c:/users/rajas/downloads/ccs/tools/compiler/gcc-arm-none-eabi-9-2019-q4-major/bin/../lib/gcc/arm-none-eabi/9.2.1/../../../../arm-none-eabi/lib/thumb/v7e-m/nofp\libc.a(lib_a-atexit.o) (__register_exitproc)
../libdriver.a(gpio.o)        ./main.o (GPIOPinTypeUART)
../libdriver.a(interrupt.o)   ../libdriver.a(gpio.o) (IntRegister)
../libdriver.a(sysctl.o)      ./main.o (SysCtlPeripheralEnable)
../libdriver.a(uart.o)        ./main.o (UARTConfigSetExpClk)
../libdriver.a(cpu.o)         ../libdriver.a(interrupt.o) (CPUcpsid)
c:/users/rajas/downloads/ccs/tools/compiler/gcc-arm-none-eabi-9-2019-q4-major/bin/../lib/gcc/arm-none-eabi/9.2.1/../../../../arm-none-eabi/lib/thumb/v7e-m/nofp\libnosys.a(_exit.o)
                              c:/users/rajas/downloads/ccs/tools/compiler/gcc-arm-none-eabi-9-2019-q4-major/bin/../lib/gcc/arm-none-eabi/9.2.1/../../../../arm-none-eabi/lib/thumb/v7e-m/nofp\libc.a(lib_a-exit.o) (_exit)

Allocating common symbols
Common symbol       size              file

__lock___atexit_recursive_mutex
                    0x1               c:/users/rajas/downloads/ccs/tools/compiler/gcc-arm-none-eabi-9-2019-q4-major/bin/../lib/gcc/arm-none-eabi/9.2.1/../../../../arm-none-eabi/lib/thumb/v7e-m/nofp\libc.a(lib_a-lock.o)
__lock___arc4random_mutex
                    0x1               c:/users/rajas/downloads/ccs/tools/compiler/gcc-arm-none-eabi-9-2019-q4-major/bin/../lib/gcc/arm-none-eabi/9.2.1/../../../../arm-none-eabi/lib/thumb/v7e-m/nofp\libc.a(lib_a-lock.o)
__lock___env_recursive_mutex
                    0x1               c:/users/rajas/downloads/ccs/tools/compiler/gcc-arm-none-eabi-9-2019-q4-major/bin/../lib/gcc/arm-none-eabi/9.2.1/../../../../arm-none-eabi/lib/thumb/v7e-m/nofp\libc.a(lib_a-lock.o)
__lock___sinit_recursive_mutex
                    0x1               c:/users/rajas/downloads/ccs/tools/compiler/gcc-arm-none-eabi-9-2019-q4-major/bin/../lib/gcc/arm-none-eabi/9.2.1/../../../../arm-none-eabi/lib/thumb/v7e-m/nofp\libc.a(lib_a-lock.o)
__lock___malloc_recursive_mutex
                    0x1               c:/users/rajas/downloads/ccs/tools/compiler/gcc-arm-none-eabi-9-2019-q4-major/bin/../lib/gcc/arm-none-eabi/9.2.1/../../../../arm-none-eabi/lib/thumb/v7e-m/nofp\libc.a(lib_a-lock.o)
val                 0x1               ./main.o
console_cmd_buffer2
                    0x1e              ./main.o
__lock___at_quick_exit_mutex
                    0x1               c:/users/rajas/downloads/ccs/tools/compiler/gcc-arm-none-eabi-9-2019-q4-major/bin/../lib/gcc/arm-none-eabi/9.2.1/../../../../arm-none-eabi/lib/thumb/v7e-m/nofp\libc.a(lib_a-lock.o)
__lock___dd_hash_mutex
                    0x1               c:/users/rajas/downloads/ccs/tools/compiler/gcc-arm-none-eabi-9-2019-q4-major/bin/../lib/gcc/arm-none-eabi/9.2.1/../../../../arm-none-eabi/lib/thumb/v7e-m/nofp\libc.a(lib_a-lock.o)
__lock___tz_mutex   0x1               c:/users/rajas/downloads/ccs/tools/compiler/gcc-arm-none-eabi-9-2019-q4-major/bin/../lib/gcc/arm-none-eabi/9.2.1/../../../../arm-none-eabi/lib/thumb/v7e-m/nofp\libc.a(lib_a-lock.o)
console_cmd_buffer  0x1e              ./main.o
__lock___sfp_recursive_mutex
                    0x1               c:/users/rajas/downloads/ccs/tools/compiler/gcc-arm-none-eabi-9-2019-q4-major/bin/../lib/gcc/arm-none-eabi/9.2.1/../../../../arm-none-eabi/lib/thumb/v7e-m/nofp\libc.a(lib_a-lock.o)

Memory Configuration

Name             Origin             Length             Attributes
FLASH            0x00000000         0x00040000         xr
SRAM             0x20000000         0x00008000         xw
*default*        0x00000000         0xffffffff

Linker script and memory map

LOAD c:/users/rajas/downloads/ccs/tools/compiler/gcc-arm-none-eabi-9-2019-q4-major/bin/../lib/gcc/arm-none-eabi/9.2.1/thumb/v7e-m/nofp/crti.o
LOAD c:/users/rajas/downloads/ccs/tools/compiler/gcc-arm-none-eabi-9-2019-q4-major/bin/../lib/gcc/arm-none-eabi/9.2.1/thumb/v7e-m/nofp/crtbegin.o
LOAD c:/users/rajas/downloads/ccs/tools/compiler/gcc-arm-none-eabi-9-2019-q4-major/bin/../lib/gcc/arm-none-eabi/9.2.1/../../../../arm-none-eabi/lib/thumb/v7e-m/nofp/crt0.o
LOAD ./main.o
LOAD ./tm4c123gh6pm_startup_ccs_gcc.o
                0x00000000                PROVIDE (_intvecs_base_address = 0x0)

.intvecs        0x00000000      0x26c
 *(.intvecs)
 .intvecs       0x00000000      0x26c ./tm4c123gh6pm_startup_ccs_gcc.o
                0x00000000                g_pfnVectors
                0x20000000                PROVIDE (_vtable_base_address = 0x20000000)

.vtable
 *(.vtable)

.text           0x00000280     0x2a44
 CREATE_OBJECT_SYMBOLS
 *(.text)
 .text          0x00000280        0x0 c:/users/rajas/downloads/ccs/tools/compiler/gcc-arm-none-eabi-9-2019-q4-major/bin/../lib/gcc/arm-none-eabi/9.2.1/thumb/v7e-m/nofp/crti.o
 .text          0x00000280       0x40 c:/users/rajas/downloads/ccs/tools/compiler/gcc-arm-none-eabi-9-2019-q4-major/bin/../lib/gcc/arm-none-eabi/9.2.1/thumb/v7e-m/nofp/crtbegin.o
 .text          0x000002c0       0x74 c:/users/rajas/downloads/ccs/tools/compiler/gcc-arm-none-eabi-9-2019-q4-major/bin/../lib/gcc/arm-none-eabi/9.2.1/../../../../arm-none-eabi/lib/thumb/v7e-m/nofp/crt0.o
                0x000002c0                _start
                0x000002c0                _mainCRTStartup
 .text          0x00000334        0x0 ./main.o
 .text          0x00000334        0x0 ./tm4c123gh6pm_startup_ccs_gcc.o
 .text          0x00000334        0x0 c:/users/rajas/downloads/ccs/tools/compiler/gcc-arm-none-eabi-9-2019-q4-major/bin/../lib/gcc/arm-none-eabi/9.2.1/../../../../arm-none-eabi/lib/thumb/v7e-m/nofp\libc.a(lib_a-ctype_.o)
 .text          0x00000334        0x0 c:/users/rajas/downloads/ccs/tools/compiler/gcc-arm-none-eabi-9-2019-q4-major/bin/../lib/gcc/arm-none-eabi/9.2.1/../../../../arm-none-eabi/lib/thumb/v7e-m/nofp\libc.a(lib_a-exit.o)
 .text          0x00000334        0x0 c:/users/rajas/downloads/ccs/tools/compiler/gcc-arm-none-eabi-9-2019-q4-major/bin/../lib/gcc/arm-none-eabi/9.2.1/../../../../arm-none-eabi/lib/thumb/v7e-m/nofp\libc.a(lib_a-impure.o)
 .text          0x00000334        0x0 c:/users/rajas/downloads/ccs/tools/compiler/gcc-arm-none-eabi-9-2019-q4-major/bin/../lib/gcc/arm-none-eabi/9.2.1/../../../../arm-none-eabi/lib/thumb/v7e-m/nofp\libc.a(lib_a-init.o)
 .text          0x00000334        0x0 c:/users/rajas/downloads/ccs/tools/compiler/gcc-arm-none-eabi-9-2019-q4-major/bin/../lib/gcc/arm-none-eabi/9.2.1/../../../../arm-none-eabi/lib/thumb/v7e-m/nofp\libc.a(lib_a-memset.o)
 *fill*         0x00000334        0xc 
 .text          0x00000340      0x2dc c:/users/rajas/downloads/ccs/tools/compiler/gcc-arm-none-eabi-9-2019-q4-major/bin/../lib/gcc/arm-none-eabi/9.2.1/../../../../arm-none-eabi/lib/thumb/v7e-m/nofp\libc.a(lib_a-strcmp.o)
                0x00000348                strcmp
 .text          0x0000061c        0x0 c:/users/rajas/downloads/ccs/tools/compiler/gcc-arm-none-eabi-9-2019-q4-major/bin/../lib/gcc/arm-none-eabi/9.2.1/../../../../arm-none-eabi/lib/thumb/v7e-m/nofp\libc.a(lib_a-strstr.o)
 .text          0x0000061c        0x0 c:/users/rajas/downloads/ccs/tools/compiler/gcc-arm-none-eabi-9-2019-q4-major/bin/../lib/gcc/arm-none-eabi/9.2.1/../../../../arm-none-eabi/lib/thumb/v7e-m/nofp\libc.a(lib_a-__call_atexit.o)
 .text          0x0000061c        0x0 c:/users/rajas/downloads/ccs/tools/compiler/gcc-arm-none-eabi-9-2019-q4-major/bin/../lib/gcc/arm-none-eabi/9.2.1/../../../../arm-none-eabi/lib/thumb/v7e-m/nofp\libc.a(lib_a-atexit.o)
 .text          0x0000061c        0x0 c:/users/rajas/downloads/ccs/tools/compiler/gcc-arm-none-eabi-9-2019-q4-major/bin/../lib/gcc/arm-none-eabi/9.2.1/../../../../arm-none-eabi/lib/thumb/v7e-m/nofp\libc.a(lib_a-fini.o)
 .text          0x0000061c        0x0 c:/users/rajas/downloads/ccs/tools/compiler/gcc-arm-none-eabi-9-2019-q4-major/bin/../lib/gcc/arm-none-eabi/9.2.1/../../../../arm-none-eabi/lib/thumb/v7e-m/nofp\libc.a(lib_a-lock.o)
 .text          0x0000061c        0x0 c:/users/rajas/downloads/ccs/tools/compiler/gcc-arm-none-eabi-9-2019-q4-major/bin/../lib/gcc/arm-none-eabi/9.2.1/../../../../arm-none-eabi/lib/thumb/v7e-m/nofp\libc.a(lib_a-memcmp.o)
 .text          0x0000061c        0x0 c:/users/rajas/downloads/ccs/tools/compiler/gcc-arm-none-eabi-9-2019-q4-major/bin/../lib/gcc/arm-none-eabi/9.2.1/../../../../arm-none-eabi/lib/thumb/v7e-m/nofp\libc.a(lib_a-strchr.o)
 *fill*         0x0000061c       0x24 
 .text          0x00000640       0xdc c:/users/rajas/downloads/ccs/tools/compiler/gcc-arm-none-eabi-9-2019-q4-major/bin/../lib/gcc/arm-none-eabi/9.2.1/../../../../arm-none-eabi/lib/thumb/v7e-m/nofp\libc.a(lib_a-strlen.o)
                0x00000640                strlen
 .text          0x0000071c        0x0 c:/users/rajas/downloads/ccs/tools/compiler/gcc-arm-none-eabi-9-2019-q4-major/bin/../lib/gcc/arm-none-eabi/9.2.1/../../../../arm-none-eabi/lib/thumb/v7e-m/nofp\libc.a(lib_a-strnlen.o)
 .text          0x0000071c        0x0 c:/users/rajas/downloads/ccs/tools/compiler/gcc-arm-none-eabi-9-2019-q4-major/bin/../lib/gcc/arm-none-eabi/9.2.1/../../../../arm-none-eabi/lib/thumb/v7e-m/nofp\libc.a(lib_a-__atexit.o)
 .text          0x0000071c        0x0 ../libdriver.a(gpio.o)
 .text          0x0000071c        0x0 ../libdriver.a(interrupt.o)
 .text          0x0000071c        0x0 ../libdriver.a(sysctl.o)
 .text          0x0000071c        0x0 ../libdriver.a(uart.o)
 .text          0x0000071c        0x0 ../libdriver.a(cpu.o)
 .text          0x0000071c        0x0 c:/users/rajas/downloads/ccs/tools/compiler/gcc-arm-none-eabi-9-2019-q4-major/bin/../lib/gcc/arm-none-eabi/9.2.1/../../../../arm-none-eabi/lib/thumb/v7e-m/nofp\libnosys.a(_exit.o)
 .text          0x0000071c        0x0 c:/users/rajas/downloads/ccs/tools/compiler/gcc-arm-none-eabi-9-2019-q4-major/bin/../lib/gcc/arm-none-eabi/9.2.1/thumb/v7e-m/nofp/crtend.o
 .text          0x0000071c        0x0 c:/users/rajas/downloads/ccs/tools/compiler/gcc-arm-none-eabi-9-2019-q4-major/bin/../lib/gcc/arm-none-eabi/9.2.1/thumb/v7e-m/nofp/crtn.o
 *(.text.*)
 .text.removeWhiteSpaces
                0x0000071c       0x74 ./main.o
                0x0000071c                removeWhiteSpaces
 .text.findColor
                0x00000790       0xb4 ./main.o
                0x00000790                findColor
 .text.findBlinkRate
                0x00000844       0xc8 ./main.o
                0x00000844                findBlinkRate
 .text.read_sw1
                0x0000090c       0x70 ./main.o
                0x0000090c                read_sw1
 .text.read_sw2
                0x0000097c       0xcc ./main.o
                0x0000097c                read_sw2
 .text.processColors
                0x00000a48      0x13c ./main.o
                0x00000a48                processColors
 .text.emptyBuffer
                0x00000b84       0x2c ./main.o
                0x00000b84                emptyBuffer
 .text.processEnterKey
                0x00000bb0       0x90 ./main.o
                0x00000bb0                processEnterKey
 .text.processBackSpaceKey
                0x00000c40       0x40 ./main.o
                0x00000c40                processBackSpaceKey
 .text.processNormalKey
                0x00000c80       0x94 ./main.o
                0x00000c80                processNormalKey
 .text.processInvalidCommand
                0x00000d14       0x44 ./main.o
                0x00000d14                processInvalidCommand
 .text.main     0x00000d58       0xf8 ./main.o
                0x00000d58                main
 .text.delayMs  0x00000e50       0x90 ./main.o
                0x00000e50                delayMs
 .text.ResetISR
                0x00000ee0       0x6c ./tm4c123gh6pm_startup_ccs_gcc.o
                0x00000ee0                ResetISR
 .text.NmiSR    0x00000f4c        0x6 ./tm4c123gh6pm_startup_ccs_gcc.o
 .text.FaultISR
                0x00000f52        0x6 ./tm4c123gh6pm_startup_ccs_gcc.o
 .text.IntDefaultHandler
                0x00000f58        0x6 ./tm4c123gh6pm_startup_ccs_gcc.o
 *fill*         0x00000f5e        0x2 
 .text.exit     0x00000f60       0x20 c:/users/rajas/downloads/ccs/tools/compiler/gcc-arm-none-eabi-9-2019-q4-major/bin/../lib/gcc/arm-none-eabi/9.2.1/../../../../arm-none-eabi/lib/thumb/v7e-m/nofp\libc.a(lib_a-exit.o)
                0x00000f60                exit
 .text.__libc_init_array
                0x00000f80       0x48 c:/users/rajas/downloads/ccs/tools/compiler/gcc-arm-none-eabi-9-2019-q4-major/bin/../lib/gcc/arm-none-eabi/9.2.1/../../../../arm-none-eabi/lib/thumb/v7e-m/nofp\libc.a(lib_a-init.o)
                0x00000f80                __libc_init_array
 .text.memset   0x00000fc8       0xa0 c:/users/rajas/downloads/ccs/tools/compiler/gcc-arm-none-eabi-9-2019-q4-major/bin/../lib/gcc/arm-none-eabi/9.2.1/../../../../arm-none-eabi/lib/thumb/v7e-m/nofp\libc.a(lib_a-memset.o)
                0x00000fc8                memset
 .text.two_way_long_needle
                0x00001068      0x2b4 c:/users/rajas/downloads/ccs/tools/compiler/gcc-arm-none-eabi-9-2019-q4-major/bin/../lib/gcc/arm-none-eabi/9.2.1/../../../../arm-none-eabi/lib/thumb/v7e-m/nofp\libc.a(lib_a-strstr.o)
 .text.strstr   0x0000131c      0x164 c:/users/rajas/downloads/ccs/tools/compiler/gcc-arm-none-eabi-9-2019-q4-major/bin/../lib/gcc/arm-none-eabi/9.2.1/../../../../arm-none-eabi/lib/thumb/v7e-m/nofp\libc.a(lib_a-strstr.o)
                0x0000131c                strstr
 .text.startup.register_fini
                0x00001480       0x14 c:/users/rajas/downloads/ccs/tools/compiler/gcc-arm-none-eabi-9-2019-q4-major/bin/../lib/gcc/arm-none-eabi/9.2.1/../../../../arm-none-eabi/lib/thumb/v7e-m/nofp\libc.a(lib_a-__call_atexit.o)
 .text.__call_exitprocs
                0x00001494       0xc4 c:/users/rajas/downloads/ccs/tools/compiler/gcc-arm-none-eabi-9-2019-q4-major/bin/../lib/gcc/arm-none-eabi/9.2.1/../../../../arm-none-eabi/lib/thumb/v7e-m/nofp\libc.a(lib_a-__call_atexit.o)
                0x00001494                __call_exitprocs
 .text.atexit   0x00001558        0xc c:/users/rajas/downloads/ccs/tools/compiler/gcc-arm-none-eabi-9-2019-q4-major/bin/../lib/gcc/arm-none-eabi/9.2.1/../../../../arm-none-eabi/lib/thumb/v7e-m/nofp\libc.a(lib_a-atexit.o)
                0x00001558                atexit
 .text.__libc_fini_array
                0x00001564       0x2c c:/users/rajas/downloads/ccs/tools/compiler/gcc-arm-none-eabi-9-2019-q4-major/bin/../lib/gcc/arm-none-eabi/9.2.1/../../../../arm-none-eabi/lib/thumb/v7e-m/nofp\libc.a(lib_a-fini.o)
                0x00001564                __libc_fini_array
 .text.__retarget_lock_init
                0x00001590        0x4 c:/users/rajas/downloads/ccs/tools/compiler/gcc-arm-none-eabi-9-2019-q4-major/bin/../lib/gcc/arm-none-eabi/9.2.1/../../../../arm-none-eabi/lib/thumb/v7e-m/nofp\libc.a(lib_a-lock.o)
                0x00001590                __retarget_lock_init
 .text.__retarget_lock_init_recursive
                0x00001594        0x4 c:/users/rajas/downloads/ccs/tools/compiler/gcc-arm-none-eabi-9-2019-q4-major/bin/../lib/gcc/arm-none-eabi/9.2.1/../../../../arm-none-eabi/lib/thumb/v7e-m/nofp\libc.a(lib_a-lock.o)
                0x00001594                __retarget_lock_init_recursive
 .text.__retarget_lock_close
                0x00001598        0x4 c:/users/rajas/downloads/ccs/tools/compiler/gcc-arm-none-eabi-9-2019-q4-major/bin/../lib/gcc/arm-none-eabi/9.2.1/../../../../arm-none-eabi/lib/thumb/v7e-m/nofp\libc.a(lib_a-lock.o)
                0x00001598                __retarget_lock_close
 .text.__retarget_lock_close_recursive
                0x0000159c        0x4 c:/users/rajas/downloads/ccs/tools/compiler/gcc-arm-none-eabi-9-2019-q4-major/bin/../lib/gcc/arm-none-eabi/9.2.1/../../../../arm-none-eabi/lib/thumb/v7e-m/nofp\libc.a(lib_a-lock.o)
                0x0000159c                __retarget_lock_close_recursive
 .text.__retarget_lock_acquire
                0x000015a0        0x4 c:/users/rajas/downloads/ccs/tools/compiler/gcc-arm-none-eabi-9-2019-q4-major/bin/../lib/gcc/arm-none-eabi/9.2.1/../../../../arm-none-eabi/lib/thumb/v7e-m/nofp\libc.a(lib_a-lock.o)
                0x000015a0                __retarget_lock_acquire
 .text.__retarget_lock_acquire_recursive
                0x000015a4        0x4 c:/users/rajas/downloads/ccs/tools/compiler/gcc-arm-none-eabi-9-2019-q4-major/bin/../lib/gcc/arm-none-eabi/9.2.1/../../../../arm-none-eabi/lib/thumb/v7e-m/nofp\libc.a(lib_a-lock.o)
                0x000015a4                __retarget_lock_acquire_recursive
 .text.__retarget_lock_try_acquire
                0x000015a8        0x4 c:/users/rajas/downloads/ccs/tools/compiler/gcc-arm-none-eabi-9-2019-q4-major/bin/../lib/gcc/arm-none-eabi/9.2.1/../../../../arm-none-eabi/lib/thumb/v7e-m/nofp\libc.a(lib_a-lock.o)
                0x000015a8                __retarget_lock_try_acquire
 .text.__retarget_lock_try_acquire_recursive
                0x000015ac        0x4 c:/users/rajas/downloads/ccs/tools/compiler/gcc-arm-none-eabi-9-2019-q4-major/bin/../lib/gcc/arm-none-eabi/9.2.1/../../../../arm-none-eabi/lib/thumb/v7e-m/nofp\libc.a(lib_a-lock.o)
                0x000015ac                __retarget_lock_try_acquire_recursive
 .text.__retarget_lock_release
                0x000015b0        0x4 c:/users/rajas/downloads/ccs/tools/compiler/gcc-arm-none-eabi-9-2019-q4-major/bin/../lib/gcc/arm-none-eabi/9.2.1/../../../../arm-none-eabi/lib/thumb/v7e-m/nofp\libc.a(lib_a-lock.o)
                0x000015b0                __retarget_lock_release
 .text.__retarget_lock_release_recursive
                0x000015b4        0x4 c:/users/rajas/downloads/ccs/tools/compiler/gcc-arm-none-eabi-9-2019-q4-major/bin/../lib/gcc/arm-none-eabi/9.2.1/../../../../arm-none-eabi/lib/thumb/v7e-m/nofp\libc.a(lib_a-lock.o)
                0x000015b4                __retarget_lock_release_recursive
 .text.memcmp   0x000015b8       0x60 c:/users/rajas/downloads/ccs/tools/compiler/gcc-arm-none-eabi-9-2019-q4-major/bin/../lib/gcc/arm-none-eabi/9.2.1/../../../../arm-none-eabi/lib/thumb/v7e-m/nofp\libc.a(lib_a-memcmp.o)
                0x000015b8                memcmp
 .text.strchr   0x00001618       0xd0 c:/users/rajas/downloads/ccs/tools/compiler/gcc-arm-none-eabi-9-2019-q4-major/bin/../lib/gcc/arm-none-eabi/9.2.1/../../../../arm-none-eabi/lib/thumb/v7e-m/nofp\libc.a(lib_a-strchr.o)
                0x00001618                strchr
 .text.strnlen  0x000016e8       0x28 c:/users/rajas/downloads/ccs/tools/compiler/gcc-arm-none-eabi-9-2019-q4-major/bin/../lib/gcc/arm-none-eabi/9.2.1/../../../../arm-none-eabi/lib/thumb/v7e-m/nofp\libc.a(lib_a-strnlen.o)
                0x000016e8                strnlen
 .text.__register_exitproc
                0x00001710       0x8c c:/users/rajas/downloads/ccs/tools/compiler/gcc-arm-none-eabi-9-2019-q4-major/bin/../lib/gcc/arm-none-eabi/9.2.1/../../../../arm-none-eabi/lib/thumb/v7e-m/nofp\libc.a(lib_a-__atexit.o)
                0x00001710                __register_exitproc
 .text._GPIOIntNumberGet
                0x0000179c       0x44 ../libdriver.a(gpio.o)
 .text.GPIODirModeSet
                0x000017e0       0x26 ../libdriver.a(gpio.o)
                0x000017e0                GPIODirModeSet
 .text.GPIODirModeGet
                0x00001806       0x26 ../libdriver.a(gpio.o)
                0x00001806                GPIODirModeGet
 .text.GPIOIntTypeSet
                0x0000182c       0x4e ../libdriver.a(gpio.o)
                0x0000182c                GPIOIntTypeSet
 .text.GPIOIntTypeGet
                0x0000187a       0x40 ../libdriver.a(gpio.o)
                0x0000187a                GPIOIntTypeGet
 .text.GPIOPadConfigSet
                0x000018ba      0x106 ../libdriver.a(gpio.o)
                0x000018ba                GPIOPadConfigSet
 .text.GPIOPadConfigGet
                0x000019c0       0xd0 ../libdriver.a(gpio.o)
                0x000019c0                GPIOPadConfigGet
 .text.GPIOIntEnable
                0x00001a90        0xc ../libdriver.a(gpio.o)
                0x00001a90                GPIOIntEnable
 .text.GPIOIntDisable
                0x00001a9c        0xe ../libdriver.a(gpio.o)
                0x00001a9c                GPIOIntDisable
 .text.GPIOIntStatus
                0x00001aaa        0xe ../libdriver.a(gpio.o)
                0x00001aaa                GPIOIntStatus
 .text.GPIOIntClear
                0x00001ab8        0x6 ../libdriver.a(gpio.o)
                0x00001ab8                GPIOIntClear
 .text.GPIOIntRegister
                0x00001abe       0x1c ../libdriver.a(gpio.o)
                0x00001abe                GPIOIntRegister
 .text.GPIOIntUnregister
                0x00001ada       0x16 ../libdriver.a(gpio.o)
                0x00001ada                GPIOIntUnregister
 .text.GPIOPinRead
                0x00001af0        0x6 ../libdriver.a(gpio.o)
                0x00001af0                GPIOPinRead
 .text.GPIOPinWrite
                0x00001af6        0x6 ../libdriver.a(gpio.o)
                0x00001af6                GPIOPinWrite
 .text.GPIOPinTypeADC
                0x00001afc       0x18 ../libdriver.a(gpio.o)
                0x00001afc                GPIOPinTypeADC
 .text.GPIOPinTypeCAN
                0x00001b14       0x18 ../libdriver.a(gpio.o)
                0x00001b14                GPIOPinTypeCAN
 .text.GPIOPinTypeComparator
                0x00001b2c        0x4 ../libdriver.a(gpio.o)
                0x00001b2c                GPIOPinTypeComparator
 .text.GPIOPinTypeEPI
                0x00001b30        0x4 ../libdriver.a(gpio.o)
                0x00001b30                GPIOPinTypeEPI
 .text.GPIOPinTypeEthernetLED
                0x00001b34        0x4 ../libdriver.a(gpio.o)
                0x00001b34                GPIOPinTypeEthernetLED
 .text.GPIOPinTypeEthernetMII
                0x00001b38        0x4 ../libdriver.a(gpio.o)
                0x00001b38                GPIOPinTypeEthernetMII
 .text.GPIOPinTypeGPIOInput
                0x00001b3c       0x18 ../libdriver.a(gpio.o)
                0x00001b3c                GPIOPinTypeGPIOInput
 .text.GPIOPinTypeGPIOOutput
                0x00001b54       0x18 ../libdriver.a(gpio.o)
                0x00001b54                GPIOPinTypeGPIOOutput
 .text.GPIOPinTypeGPIOOutputOD
                0x00001b6c       0x18 ../libdriver.a(gpio.o)
                0x00001b6c                GPIOPinTypeGPIOOutputOD
 .text.GPIOPinTypeI2C
                0x00001b84       0x18 ../libdriver.a(gpio.o)
                0x00001b84                GPIOPinTypeI2C
 .text.GPIOPinTypeI2CSCL
                0x00001b9c       0x18 ../libdriver.a(gpio.o)
                0x00001b9c                GPIOPinTypeI2CSCL
 .text.GPIOPinTypeLCD
                0x00001bb4        0x4 ../libdriver.a(gpio.o)
                0x00001bb4                GPIOPinTypeLCD
 .text.GPIOPinTypeLPC
                0x00001bb8        0x4 ../libdriver.a(gpio.o)
                0x00001bb8                GPIOPinTypeLPC
 .text.GPIOPinTypePECIRx
                0x00001bbc        0x4 ../libdriver.a(gpio.o)
                0x00001bbc                GPIOPinTypePECIRx
 .text.GPIOPinTypePECITx
                0x00001bc0        0x4 ../libdriver.a(gpio.o)
                0x00001bc0                GPIOPinTypePECITx
 .text.GPIOPinTypePWM
                0x00001bc4        0x4 ../libdriver.a(gpio.o)
                0x00001bc4                GPIOPinTypePWM
 .text.GPIOPinTypeQEI
                0x00001bc8       0x18 ../libdriver.a(gpio.o)
                0x00001bc8                GPIOPinTypeQEI
 .text.GPIOPinTypeSSI
                0x00001be0        0x4 ../libdriver.a(gpio.o)
                0x00001be0                GPIOPinTypeSSI
 .text.GPIOPinTypeTimer
                0x00001be4        0x4 ../libdriver.a(gpio.o)
                0x00001be4                GPIOPinTypeTimer
 .text.GPIOPinTypeUART
                0x00001be8        0x4 ../libdriver.a(gpio.o)
                0x00001be8                GPIOPinTypeUART
 .text.GPIOPinTypeUSBAnalog
                0x00001bec        0x4 ../libdriver.a(gpio.o)
                0x00001bec                GPIOPinTypeUSBAnalog
 .text.GPIOPinTypeUSBDigital
                0x00001bf0        0x4 ../libdriver.a(gpio.o)
                0x00001bf0                GPIOPinTypeUSBDigital
 .text.GPIOPinTypeWakeHigh
                0x00001bf4       0x1a ../libdriver.a(gpio.o)
                0x00001bf4                GPIOPinTypeWakeHigh
 .text.GPIOPinTypeWakeLow
                0x00001c0e       0x1a ../libdriver.a(gpio.o)
                0x00001c0e                GPIOPinTypeWakeLow
 .text.GPIOPinTypeKBRow
                0x00001c28        0x4 ../libdriver.a(gpio.o)
                0x00001c28                GPIOPinTypeKBRow
 .text.GPIOPinTypeKBColumn
                0x00001c2c        0x4 ../libdriver.a(gpio.o)
                0x00001c2c                GPIOPinTypeKBColumn
 .text.GPIOPinTypeLEDSeq
                0x00001c30        0x4 ../libdriver.a(gpio.o)
                0x00001c30                GPIOPinTypeLEDSeq
 .text.GPIOPinTypeCIR
                0x00001c34        0x4 ../libdriver.a(gpio.o)
                0x00001c34                GPIOPinTypeCIR
 .text.GPIOPinWakeStatus
                0x00001c38        0x6 ../libdriver.a(gpio.o)
                0x00001c38                GPIOPinWakeStatus
 *fill*         0x00001c3e        0x2 
 .text.GPIOPinConfigure
                0x00001c40       0x44 ../libdriver.a(gpio.o)
                0x00001c40                GPIOPinConfigure
 .text.GPIODMATriggerEnable
                0x00001c84        0xc ../libdriver.a(gpio.o)
                0x00001c84                GPIODMATriggerEnable
 .text.GPIODMATriggerDisable
                0x00001c90        0xe ../libdriver.a(gpio.o)
                0x00001c90                GPIODMATriggerDisable
 .text.GPIOADCTriggerEnable
                0x00001c9e        0xc ../libdriver.a(gpio.o)
                0x00001c9e                GPIOADCTriggerEnable
 .text.GPIOADCTriggerDisable
                0x00001caa        0xe ../libdriver.a(gpio.o)
                0x00001caa                GPIOADCTriggerDisable
 .text._IntDefaultHandler
                0x00001cb8        0x2 ../libdriver.a(interrupt.o)
 .text.IntMasterEnable
                0x00001cba        0xe ../libdriver.a(interrupt.o)
                0x00001cba                IntMasterEnable
 .text.IntMasterDisable
                0x00001cc8        0xe ../libdriver.a(interrupt.o)
                0x00001cc8                IntMasterDisable
 *fill*         0x00001cd6        0x2 
 .text.IntRegister
                0x00001cd8       0x38 ../libdriver.a(interrupt.o)
                0x00001cd8                IntRegister
 .text.IntUnregister
                0x00001d10       0x14 ../libdriver.a(interrupt.o)
                0x00001d10                IntUnregister
 .text.IntPriorityGroupingSet
                0x00001d24       0x1c ../libdriver.a(interrupt.o)
                0x00001d24                IntPriorityGroupingSet
 .text.IntPriorityGroupingGet
                0x00001d40       0x24 ../libdriver.a(interrupt.o)
                0x00001d40                IntPriorityGroupingGet
 .text.IntPrioritySet
                0x00001d64       0x28 ../libdriver.a(interrupt.o)
                0x00001d64                IntPrioritySet
 .text.IntPriorityGet
                0x00001d8c       0x1c ../libdriver.a(interrupt.o)
                0x00001d8c                IntPriorityGet
 .text.IntEnable
                0x00001da8       0x60 ../libdriver.a(interrupt.o)
                0x00001da8                IntEnable
 .text.IntDisable
                0x00001e08       0x60 ../libdriver.a(interrupt.o)
                0x00001e08                IntDisable
 .text.IntIsEnabled
                0x00001e68       0x64 ../libdriver.a(interrupt.o)
                0x00001e68                IntIsEnabled
 .text.IntPendSet
                0x00001ecc       0x50 ../libdriver.a(interrupt.o)
                0x00001ecc                IntPendSet
 .text.IntPendClear
                0x00001f1c       0x40 ../libdriver.a(interrupt.o)
                0x00001f1c                IntPendClear
 .text.IntPriorityMaskSet
                0x00001f5c        0x4 ../libdriver.a(interrupt.o)
                0x00001f5c                IntPriorityMaskSet
 .text.IntPriorityMaskGet
                0x00001f60        0x4 ../libdriver.a(interrupt.o)
                0x00001f60                IntPriorityMaskGet
 .text.IntTrigger
                0x00001f64        0xc ../libdriver.a(interrupt.o)
                0x00001f64                IntTrigger
 .text._SysCtlMemTimingGet
                0x00001f70       0x64 ../libdriver.a(sysctl.o)
 .text.SysCtlSRAMSizeGet
                0x00001fd4       0x10 ../libdriver.a(sysctl.o)
                0x00001fd4                SysCtlSRAMSizeGet
 .text.SysCtlFlashSizeGet
                0x00001fe4       0x44 ../libdriver.a(sysctl.o)
                0x00001fe4                SysCtlFlashSizeGet
 .text.SysCtlFlashSectorSizeGet
                0x00002028       0x38 ../libdriver.a(sysctl.o)
                0x00002028                SysCtlFlashSectorSizeGet
 .text.SysCtlPeripheralPresent
                0x00002060       0x24 ../libdriver.a(sysctl.o)
                0x00002060                SysCtlPeripheralPresent
 .text.SysCtlPeripheralReady
                0x00002084       0x24 ../libdriver.a(sysctl.o)
                0x00002084                SysCtlPeripheralReady
 .text.SysCtlPeripheralPowerOn
                0x000020a8       0x20 ../libdriver.a(sysctl.o)
                0x000020a8                SysCtlPeripheralPowerOn
 .text.SysCtlPeripheralPowerOff
                0x000020c8       0x20 ../libdriver.a(sysctl.o)
                0x000020c8                SysCtlPeripheralPowerOff
 .text.SysCtlPeripheralReset
                0x000020e8       0x38 ../libdriver.a(sysctl.o)
                0x000020e8                SysCtlPeripheralReset
 .text.SysCtlPeripheralEnable
                0x00002120       0x20 ../libdriver.a(sysctl.o)
                0x00002120                SysCtlPeripheralEnable
 .text.SysCtlPeripheralDisable
                0x00002140       0x20 ../libdriver.a(sysctl.o)
                0x00002140                SysCtlPeripheralDisable
 .text.SysCtlPeripheralSleepEnable
                0x00002160       0x20 ../libdriver.a(sysctl.o)
                0x00002160                SysCtlPeripheralSleepEnable
 .text.SysCtlPeripheralSleepDisable
                0x00002180       0x20 ../libdriver.a(sysctl.o)
                0x00002180                SysCtlPeripheralSleepDisable
 .text.SysCtlPeripheralDeepSleepEnable
                0x000021a0       0x20 ../libdriver.a(sysctl.o)
                0x000021a0                SysCtlPeripheralDeepSleepEnable
 .text.SysCtlPeripheralDeepSleepDisable
                0x000021c0       0x20 ../libdriver.a(sysctl.o)
                0x000021c0                SysCtlPeripheralDeepSleepDisable
 .text.SysCtlPeripheralClockGating
                0x000021e0       0x48 ../libdriver.a(sysctl.o)
                0x000021e0                SysCtlPeripheralClockGating
 .text.SysCtlIntRegister
                0x00002228       0x14 ../libdriver.a(sysctl.o)
                0x00002228                SysCtlIntRegister
 .text.SysCtlIntUnregister
                0x0000223c       0x12 ../libdriver.a(sysctl.o)
                0x0000223c                SysCtlIntUnregister
 *fill*         0x0000224e        0x2 
 .text.SysCtlIntEnable
                0x00002250       0x10 ../libdriver.a(sysctl.o)
                0x00002250                SysCtlIntEnable
 .text.SysCtlIntDisable
                0x00002260       0x10 ../libdriver.a(sysctl.o)
                0x00002260                SysCtlIntDisable
 .text.SysCtlIntClear
                0x00002270        0xc ../libdriver.a(sysctl.o)
                0x00002270                SysCtlIntClear
 .text.SysCtlIntStatus
                0x0000227c       0x14 ../libdriver.a(sysctl.o)
                0x0000227c                SysCtlIntStatus
 .text.SysCtlLDOSleepSet
                0x00002290        0xc ../libdriver.a(sysctl.o)
                0x00002290                SysCtlLDOSleepSet
 .text.SysCtlLDOSleepGet
                0x0000229c        0xc ../libdriver.a(sysctl.o)
                0x0000229c                SysCtlLDOSleepGet
 .text.SysCtlLDODeepSleepSet
                0x000022a8        0xc ../libdriver.a(sysctl.o)
                0x000022a8                SysCtlLDODeepSleepSet
 .text.SysCtlLDODeepSleepGet
                0x000022b4        0xc ../libdriver.a(sysctl.o)
                0x000022b4                SysCtlLDODeepSleepGet
 .text.SysCtlSleepPowerSet
                0x000022c0        0xc ../libdriver.a(sysctl.o)
                0x000022c0                SysCtlSleepPowerSet
 .text.SysCtlDeepSleepPowerSet
                0x000022cc        0xc ../libdriver.a(sysctl.o)
                0x000022cc                SysCtlDeepSleepPowerSet
 .text.SysCtlReset
                0x000022d8       0x10 ../libdriver.a(sysctl.o)
                0x000022d8                SysCtlReset
 .text.SysCtlSleep
                0x000022e8        0x4 ../libdriver.a(sysctl.o)
                0x000022e8                SysCtlSleep
 .text.SysCtlDeepSleep
                0x000022ec       0x20 ../libdriver.a(sysctl.o)
                0x000022ec                SysCtlDeepSleep
 .text.SysCtlResetCauseGet
                0x0000230c        0xc ../libdriver.a(sysctl.o)
                0x0000230c                SysCtlResetCauseGet
 .text.SysCtlResetCauseClear
                0x00002318       0x10 ../libdriver.a(sysctl.o)
                0x00002318                SysCtlResetCauseClear
 .text.SysCtlDelay
                0x00002328        0x8 ../libdriver.a(sysctl.o)
                0x00002328                SysCtlDelay
 .text.SysCtlMOSCConfigSet
                0x00002330        0xc ../libdriver.a(sysctl.o)
                0x00002330                SysCtlMOSCConfigSet
 .text.SysCtlPIOSCCalibrate
                0x0000233c       0x48 ../libdriver.a(sysctl.o)
                0x0000233c                SysCtlPIOSCCalibrate
 .text.SysCtlResetBehaviorSet
                0x00002384        0xc ../libdriver.a(sysctl.o)
                0x00002384                SysCtlResetBehaviorSet
 .text.SysCtlResetBehaviorGet
                0x00002390        0xc ../libdriver.a(sysctl.o)
                0x00002390                SysCtlResetBehaviorGet
 .text.SysCtlClockFreqSet
                0x0000239c      0x234 ../libdriver.a(sysctl.o)
                0x0000239c                SysCtlClockFreqSet
 .text.SysCtlClockSet
                0x000025d0      0x114 ../libdriver.a(sysctl.o)
                0x000025d0                SysCtlClockSet
 .text.SysCtlClockGet
                0x000026e4      0x160 ../libdriver.a(sysctl.o)
                0x000026e4                SysCtlClockGet
 .text.SysCtlDeepSleepClockSet
                0x00002844        0xc ../libdriver.a(sysctl.o)
                0x00002844                SysCtlDeepSleepClockSet
 .text.SysCtlDeepSleepClockConfigSet
                0x00002850       0x60 ../libdriver.a(sysctl.o)
                0x00002850                SysCtlDeepSleepClockConfigSet
 .text.SysCtlPWMClockSet
                0x000028b0       0x14 ../libdriver.a(sysctl.o)
                0x000028b0                SysCtlPWMClockSet
 .text.SysCtlPWMClockGet
                0x000028c4       0x18 ../libdriver.a(sysctl.o)
                0x000028c4                SysCtlPWMClockGet
 .text.SysCtlGPIOAHBEnable
                0x000028dc       0x18 ../libdriver.a(sysctl.o)
                0x000028dc                SysCtlGPIOAHBEnable
 .text.SysCtlGPIOAHBDisable
                0x000028f4       0x1c ../libdriver.a(sysctl.o)
                0x000028f4                SysCtlGPIOAHBDisable
 .text.SysCtlUSBPLLEnable
                0x00002910       0x10 ../libdriver.a(sysctl.o)
                0x00002910                SysCtlUSBPLLEnable
 .text.SysCtlUSBPLLDisable
                0x00002920       0x10 ../libdriver.a(sysctl.o)
                0x00002920                SysCtlUSBPLLDisable
 .text.SysCtlVoltageEventConfig
                0x00002930        0xc ../libdriver.a(sysctl.o)
                0x00002930                SysCtlVoltageEventConfig
 .text.SysCtlVoltageEventStatus
                0x0000293c        0xc ../libdriver.a(sysctl.o)
                0x0000293c                SysCtlVoltageEventStatus
 .text.SysCtlVoltageEventClear
                0x00002948       0x10 ../libdriver.a(sysctl.o)
                0x00002948                SysCtlVoltageEventClear
 .text.SysCtlNMIStatus
                0x00002958        0xc ../libdriver.a(sysctl.o)
                0x00002958                SysCtlNMIStatus
 .text.SysCtlNMIClear
                0x00002964       0x10 ../libdriver.a(sysctl.o)
                0x00002964                SysCtlNMIClear
 .text.SysCtlClockOutConfig
                0x00002974       0x10 ../libdriver.a(sysctl.o)
                0x00002974                SysCtlClockOutConfig
 .text.SysCtlAltClkConfig
                0x00002984        0xc ../libdriver.a(sysctl.o)
                0x00002984                SysCtlAltClkConfig
 .text._UARTIntNumberGet
                0x00002990       0x44 ../libdriver.a(uart.o)
 .text.UARTParityModeSet
                0x000029d4        0xc ../libdriver.a(uart.o)
                0x000029d4                UARTParityModeSet
 .text.UARTParityModeGet
                0x000029e0        0x8 ../libdriver.a(uart.o)
                0x000029e0                UARTParityModeGet
 .text.UARTFIFOLevelSet
                0x000029e8        0x6 ../libdriver.a(uart.o)
                0x000029e8                UARTFIFOLevelSet
 .text.UARTFIFOLevelGet
                0x000029ee       0x10 ../libdriver.a(uart.o)
                0x000029ee                UARTFIFOLevelGet
 .text.UARTConfigGetExpClk
                0x000029fe       0x26 ../libdriver.a(uart.o)
                0x000029fe                UARTConfigGetExpClk
 .text.UARTEnable
                0x00002a24       0x16 ../libdriver.a(uart.o)
                0x00002a24                UARTEnable
 .text.UARTDisable
                0x00002a3a       0x1c ../libdriver.a(uart.o)
                0x00002a3a                UARTDisable
 .text.UARTConfigSetExpClk
                0x00002a56       0x46 ../libdriver.a(uart.o)
                0x00002a56                UARTConfigSetExpClk
 .text.UARTFIFOEnable
                0x00002a9c        0xa ../libdriver.a(uart.o)
                0x00002a9c                UARTFIFOEnable
 .text.UARTFIFODisable
                0x00002aa6        0xa ../libdriver.a(uart.o)
                0x00002aa6                UARTFIFODisable
 .text.UARTEnableSIR
                0x00002ab0       0x12 ../libdriver.a(uart.o)
                0x00002ab0                UARTEnableSIR
 .text.UARTDisableSIR
                0x00002ac2        0xa ../libdriver.a(uart.o)
                0x00002ac2                UARTDisableSIR
 .text.UARTSmartCardEnable
                0x00002acc       0x16 ../libdriver.a(uart.o)
                0x00002acc                UARTSmartCardEnable
 .text.UARTSmartCardDisable
                0x00002ae2        0xa ../libdriver.a(uart.o)
                0x00002ae2                UARTSmartCardDisable
 .text.UARTModemControlSet
                0x00002aec        0xc ../libdriver.a(uart.o)
                0x00002aec                UARTModemControlSet
 .text.UARTModemControlClear
                0x00002af8        0xe ../libdriver.a(uart.o)
                0x00002af8                UARTModemControlClear
 .text.UARTModemControlGet
                0x00002b06        0x8 ../libdriver.a(uart.o)
                0x00002b06                UARTModemControlGet
 .text.UARTModemStatusGet
                0x00002b0e        0xc ../libdriver.a(uart.o)
                0x00002b0e                UARTModemStatusGet
 .text.UARTFlowControlSet
                0x00002b1a        0xc ../libdriver.a(uart.o)
                0x00002b1a                UARTFlowControlSet
 .text.UARTFlowControlGet
                0x00002b26        0x8 ../libdriver.a(uart.o)
                0x00002b26                UARTFlowControlGet
 .text.UARTTxIntModeSet
                0x00002b2e        0xc ../libdriver.a(uart.o)
                0x00002b2e                UARTTxIntModeSet
 .text.UARTTxIntModeGet
                0x00002b3a        0x8 ../libdriver.a(uart.o)
                0x00002b3a                UARTTxIntModeGet
 .text.UARTCharsAvail
                0x00002b42        0xc ../libdriver.a(uart.o)
                0x00002b42                UARTCharsAvail
 .text.UARTSpaceAvail
                0x00002b4e        0xc ../libdriver.a(uart.o)
                0x00002b4e                UARTSpaceAvail
 .text.UARTCharGetNonBlocking
                0x00002b5a        0xe ../libdriver.a(uart.o)
                0x00002b5a                UARTCharGetNonBlocking
 .text.UARTCharGet
                0x00002b68        0xa ../libdriver.a(uart.o)
                0x00002b68                UARTCharGet
 .text.UARTCharPutNonBlocking
                0x00002b72        0xe ../libdriver.a(uart.o)
                0x00002b72                UARTCharPutNonBlocking
 .text.UARTCharPut
                0x00002b80        0xa ../libdriver.a(uart.o)
                0x00002b80                UARTCharPut
 .text.UARTBreakCtl
                0x00002b8a       0x12 ../libdriver.a(uart.o)
                0x00002b8a                UARTBreakCtl
 .text.UARTBusy
                0x00002b9c        0x8 ../libdriver.a(uart.o)
                0x00002b9c                UARTBusy
 .text.UARTIntRegister
                0x00002ba4       0x1c ../libdriver.a(uart.o)
                0x00002ba4                UARTIntRegister
 .text.UARTIntUnregister
                0x00002bc0       0x16 ../libdriver.a(uart.o)
                0x00002bc0                UARTIntUnregister
 .text.UARTIntEnable
                0x00002bd6        0x8 ../libdriver.a(uart.o)
                0x00002bd6                UARTIntEnable
 .text.UARTIntDisable
                0x00002bde        0xa ../libdriver.a(uart.o)
                0x00002bde                UARTIntDisable
 .text.UARTIntStatus
                0x00002be8        0xa ../libdriver.a(uart.o)
                0x00002be8                UARTIntStatus
 .text.UARTIntClear
                0x00002bf2        0x4 ../libdriver.a(uart.o)
                0x00002bf2                UARTIntClear
 .text.UARTDMAEnable
                0x00002bf6        0x8 ../libdriver.a(uart.o)
                0x00002bf6                UARTDMAEnable
 .text.UARTDMADisable
                0x00002bfe        0xa ../libdriver.a(uart.o)
                0x00002bfe                UARTDMADisable
 .text.UARTRxErrorGet
                0x00002c08        0x8 ../libdriver.a(uart.o)
                0x00002c08                UARTRxErrorGet
 .text.UARTRxErrorClear
                0x00002c10        0x6 ../libdriver.a(uart.o)
                0x00002c10                UARTRxErrorClear
 .text.UARTClockSourceSet
                0x00002c16        0x6 ../libdriver.a(uart.o)
                0x00002c16                UARTClockSourceSet
 .text.UARTClockSourceGet
                0x00002c1c        0x6 ../libdriver.a(uart.o)
                0x00002c1c                UARTClockSourceGet
 .text.UART9BitEnable
                0x00002c22        0xe ../libdriver.a(uart.o)
                0x00002c22                UART9BitEnable
 .text.UART9BitDisable
                0x00002c30        0xe ../libdriver.a(uart.o)
                0x00002c30                UART9BitDisable
 .text.UART9BitAddrSet
                0x00002c3e        0xa ../libdriver.a(uart.o)
                0x00002c3e                UART9BitAddrSet
 .text.UART9BitAddrSend
                0x00002c48       0x2c ../libdriver.a(uart.o)
                0x00002c48                UART9BitAddrSend
 .text.CPUcpsid
                0x00002c74        0x8 ../libdriver.a(cpu.o)
                0x00002c74                CPUcpsid
 .text.CPUprimask
                0x00002c7c        0x6 ../libdriver.a(cpu.o)
                0x00002c7c                CPUprimask
 .text.CPUcpsie
                0x00002c82        0x8 ../libdriver.a(cpu.o)
                0x00002c82                CPUcpsie
 .text.CPUwfi   0x00002c8a        0x4 ../libdriver.a(cpu.o)
                0x00002c8a                CPUwfi
 .text.CPUbasepriSet
                0x00002c8e        0x6 ../libdriver.a(cpu.o)
                0x00002c8e                CPUbasepriSet
 .text.CPUbasepriGet
                0x00002c94        0x6 ../libdriver.a(cpu.o)
                0x00002c94                CPUbasepriGet
 *fill*         0x00002c9a        0x2 
 .text._exit    0x00002c9c        0x4 c:/users/rajas/downloads/ccs/tools/compiler/gcc-arm-none-eabi-9-2019-q4-major/bin/../lib/gcc/arm-none-eabi/9.2.1/../../../../arm-none-eabi/lib/thumb/v7e-m/nofp\libnosys.a(_exit.o)
                0x00002c9c                _exit
                0x00002ca0                . = ALIGN (0x4)
 *(.ctors)
                0x00002ca0                . = ALIGN (0x4)
 *(.dtors)
                0x00002ca0                . = ALIGN (0x4)
                0x00002ca0                __init_array_start = .
 *(.init_array*)
 .init_array    0x00002ca0        0x4 c:/users/rajas/downloads/ccs/tools/compiler/gcc-arm-none-eabi-9-2019-q4-major/bin/../lib/gcc/arm-none-eabi/9.2.1/thumb/v7e-m/nofp/crtbegin.o
 .init_array.00000
                0x00002ca4        0x4 c:/users/rajas/downloads/ccs/tools/compiler/gcc-arm-none-eabi-9-2019-q4-major/bin/../lib/gcc/arm-none-eabi/9.2.1/../../../../arm-none-eabi/lib/thumb/v7e-m/nofp\libc.a(lib_a-__call_atexit.o)
                0x00002ca8                __init_array_end = .
 *(.init)
 .init          0x00002ca8        0x4 c:/users/rajas/downloads/ccs/tools/compiler/gcc-arm-none-eabi-9-2019-q4-major/bin/../lib/gcc/arm-none-eabi/9.2.1/thumb/v7e-m/nofp/crti.o
                0x00002ca8                _init
 .init          0x00002cac        0x8 c:/users/rajas/downloads/ccs/tools/compiler/gcc-arm-none-eabi-9-2019-q4-major/bin/../lib/gcc/arm-none-eabi/9.2.1/thumb/v7e-m/nofp/crtn.o
 *(.fini*)
 .fini          0x00002cb4        0x4 c:/users/rajas/downloads/ccs/tools/compiler/gcc-arm-none-eabi-9-2019-q4-major/bin/../lib/gcc/arm-none-eabi/9.2.1/thumb/v7e-m/nofp/crti.o
                0x00002cb4                _fini
 .fini_array    0x00002cb8        0x4 c:/users/rajas/downloads/ccs/tools/compiler/gcc-arm-none-eabi-9-2019-q4-major/bin/../lib/gcc/arm-none-eabi/9.2.1/thumb/v7e-m/nofp/crtbegin.o
 .fini          0x00002cbc        0x8 c:/users/rajas/downloads/ccs/tools/compiler/gcc-arm-none-eabi-9-2019-q4-major/bin/../lib/gcc/arm-none-eabi/9.2.1/thumb/v7e-m/nofp/crtn.o
                [!provide]                PROVIDE (__etext = .)
                [!provide]                PROVIDE (_etext = .)
                [!provide]                PROVIDE (etext = .)

.glue_7         0x00002cc4        0x0
 .glue_7        0x00002cc4        0x0 linker stubs

.glue_7t        0x00002cc4        0x0
 .glue_7t       0x00002cc4        0x0 linker stubs

.vfp11_veneer   0x00002cc4        0x0
 .vfp11_veneer  0x00002cc4        0x0 linker stubs

.v4_bx          0x00002cc4        0x0
 .v4_bx         0x00002cc4        0x0 linker stubs

.iplt           0x00002cc4        0x0
 .iplt          0x00002cc4        0x0 c:/users/rajas/downloads/ccs/tools/compiler/gcc-arm-none-eabi-9-2019-q4-major/bin/../lib/gcc/arm-none-eabi/9.2.1/thumb/v7e-m/nofp/crtbegin.o

.rodata         0x00002cc4      0x7a0
 *(.rodata)
 .rodata        0x00002cc4      0x135 ./main.o
 *(.rodata*)
 *fill*         0x00002df9        0x3 
 .rodata._ctype_
                0x00002dfc      0x101 c:/users/rajas/downloads/ccs/tools/compiler/gcc-arm-none-eabi-9-2019-q4-major/bin/../lib/gcc/arm-none-eabi/9.2.1/../../../../arm-none-eabi/lib/thumb/v7e-m/nofp\libc.a(lib_a-ctype_.o)
                0x00002dfc                _ctype_
 *fill*         0x00002efd        0x3 
 .rodata._global_impure_ptr
                0x00002f00        0x4 c:/users/rajas/downloads/ccs/tools/compiler/gcc-arm-none-eabi-9-2019-q4-major/bin/../lib/gcc/arm-none-eabi/9.2.1/../../../../arm-none-eabi/lib/thumb/v7e-m/nofp\libc.a(lib_a-impure.o)
                0x00002f00                _global_impure_ptr
 .rodata.g_ppui32GPIOIntMapBlizzard
                0x00002f04       0xc0 ../libdriver.a(gpio.o)
 .rodata.g_ppui32GPIOIntMapSnowflake
                0x00002fc4       0xc0 ../libdriver.a(gpio.o)
 .rodata.g_pui32GPIOBaseAddrs
                0x00003084       0x90 ../libdriver.a(gpio.o)
 .rodata.g_pui32Dii16Regs
                0x00003114       0x14 ../libdriver.a(interrupt.o)
 .rodata.g_pui32EnRegs
                0x00003128       0x14 ../libdriver.a(interrupt.o)
 .rodata.g_pui32PendRegs
                0x0000313c       0x14 ../libdriver.a(interrupt.o)
 .rodata.g_pui32Priority
                0x00003150       0x20 ../libdriver.a(interrupt.o)
 .rodata.g_pui32Regs
                0x00003170       0x9c ../libdriver.a(interrupt.o)
 .rodata.g_pui32UnpendRegs
                0x0000320c       0x14 ../libdriver.a(interrupt.o)
 .rodata.g_pppui32XTALtoVCO
                0x00003220      0x120 ../libdriver.a(sysctl.o)
 .rodata.g_pui32VCOFrequencies
                0x00003340        0x8 ../libdriver.a(sysctl.o)
 .rodata.g_pui32Xtals
                0x00003348       0x6c ../libdriver.a(sysctl.o)
 .rodata.g_sXTALtoMEMTIM
                0x000033b4       0x30 ../libdriver.a(sysctl.o)
 .rodata.g_ppui32UARTIntMap
                0x000033e4       0x40 ../libdriver.a(uart.o)
 .rodata.g_ppui32UARTIntMapSnowflake
                0x00003424       0x40 ../libdriver.a(uart.o)

.eh_frame       0x00003464        0x4
 .eh_frame      0x00003464        0x0 c:/users/rajas/downloads/ccs/tools/compiler/gcc-arm-none-eabi-9-2019-q4-major/bin/../lib/gcc/arm-none-eabi/9.2.1/thumb/v7e-m/nofp/crtbegin.o
 .eh_frame      0x00003464        0x4 c:/users/rajas/downloads/ccs/tools/compiler/gcc-arm-none-eabi-9-2019-q4-major/bin/../lib/gcc/arm-none-eabi/9.2.1/thumb/v7e-m/nofp/crtend.o

.data           0x20000000      0x43c load address 0x00003468
                0x00003468                __data_load__ = LOADADDR (.data)
                0x20000000                __data_start__ = .
 *(.data)
 .data          0x20000000        0x0 c:/users/rajas/downloads/ccs/tools/compiler/gcc-arm-none-eabi-9-2019-q4-major/bin/../lib/gcc/arm-none-eabi/9.2.1/thumb/v7e-m/nofp/crti.o
 .data          0x20000000        0x4 c:/users/rajas/downloads/ccs/tools/compiler/gcc-arm-none-eabi-9-2019-q4-major/bin/../lib/gcc/arm-none-eabi/9.2.1/thumb/v7e-m/nofp/crtbegin.o
                0x20000000                __dso_handle
 .data          0x20000004        0x0 c:/users/rajas/downloads/ccs/tools/compiler/gcc-arm-none-eabi-9-2019-q4-major/bin/../lib/gcc/arm-none-eabi/9.2.1/../../../../arm-none-eabi/lib/thumb/v7e-m/nofp/crt0.o
 .data          0x20000004        0x0 ./main.o
 .data          0x20000004        0x0 ./tm4c123gh6pm_startup_ccs_gcc.o
 .data          0x20000004        0x0 c:/users/rajas/downloads/ccs/tools/compiler/gcc-arm-none-eabi-9-2019-q4-major/bin/../lib/gcc/arm-none-eabi/9.2.1/../../../../arm-none-eabi/lib/thumb/v7e-m/nofp\libc.a(lib_a-ctype_.o)
 .data          0x20000004        0x0 c:/users/rajas/downloads/ccs/tools/compiler/gcc-arm-none-eabi-9-2019-q4-major/bin/../lib/gcc/arm-none-eabi/9.2.1/../../../../arm-none-eabi/lib/thumb/v7e-m/nofp\libc.a(lib_a-exit.o)
 .data          0x20000004        0x0 c:/users/rajas/downloads/ccs/tools/compiler/gcc-arm-none-eabi-9-2019-q4-major/bin/../lib/gcc/arm-none-eabi/9.2.1/../../../../arm-none-eabi/lib/thumb/v7e-m/nofp\libc.a(lib_a-impure.o)
 .data          0x20000004        0x0 c:/users/rajas/downloads/ccs/tools/compiler/gcc-arm-none-eabi-9-2019-q4-major/bin/../lib/gcc/arm-none-eabi/9.2.1/../../../../arm-none-eabi/lib/thumb/v7e-m/nofp\libc.a(lib_a-init.o)
 .data          0x20000004        0x0 c:/users/rajas/downloads/ccs/tools/compiler/gcc-arm-none-eabi-9-2019-q4-major/bin/../lib/gcc/arm-none-eabi/9.2.1/../../../../arm-none-eabi/lib/thumb/v7e-m/nofp\libc.a(lib_a-memset.o)
 .data          0x20000004        0x0 c:/users/rajas/downloads/ccs/tools/compiler/gcc-arm-none-eabi-9-2019-q4-major/bin/../lib/gcc/arm-none-eabi/9.2.1/../../../../arm-none-eabi/lib/thumb/v7e-m/nofp\libc.a(lib_a-strcmp.o)
 .data          0x20000004        0x0 c:/users/rajas/downloads/ccs/tools/compiler/gcc-arm-none-eabi-9-2019-q4-major/bin/../lib/gcc/arm-none-eabi/9.2.1/../../../../arm-none-eabi/lib/thumb/v7e-m/nofp\libc.a(lib_a-strstr.o)
 .data          0x20000004        0x0 c:/users/rajas/downloads/ccs/tools/compiler/gcc-arm-none-eabi-9-2019-q4-major/bin/../lib/gcc/arm-none-eabi/9.2.1/../../../../arm-none-eabi/lib/thumb/v7e-m/nofp\libc.a(lib_a-__call_atexit.o)
 .data          0x20000004        0x0 c:/users/rajas/downloads/ccs/tools/compiler/gcc-arm-none-eabi-9-2019-q4-major/bin/../lib/gcc/arm-none-eabi/9.2.1/../../../../arm-none-eabi/lib/thumb/v7e-m/nofp\libc.a(lib_a-atexit.o)
 .data          0x20000004        0x0 c:/users/rajas/downloads/ccs/tools/compiler/gcc-arm-none-eabi-9-2019-q4-major/bin/../lib/gcc/arm-none-eabi/9.2.1/../../../../arm-none-eabi/lib/thumb/v7e-m/nofp\libc.a(lib_a-fini.o)
 .data          0x20000004        0x0 c:/users/rajas/downloads/ccs/tools/compiler/gcc-arm-none-eabi-9-2019-q4-major/bin/../lib/gcc/arm-none-eabi/9.2.1/../../../../arm-none-eabi/lib/thumb/v7e-m/nofp\libc.a(lib_a-lock.o)
 .data          0x20000004        0x0 c:/users/rajas/downloads/ccs/tools/compiler/gcc-arm-none-eabi-9-2019-q4-major/bin/../lib/gcc/arm-none-eabi/9.2.1/../../../../arm-none-eabi/lib/thumb/v7e-m/nofp\libc.a(lib_a-memcmp.o)
 .data          0x20000004        0x0 c:/users/rajas/downloads/ccs/tools/compiler/gcc-arm-none-eabi-9-2019-q4-major/bin/../lib/gcc/arm-none-eabi/9.2.1/../../../../arm-none-eabi/lib/thumb/v7e-m/nofp\libc.a(lib_a-strchr.o)
 .data          0x20000004        0x0 c:/users/rajas/downloads/ccs/tools/compiler/gcc-arm-none-eabi-9-2019-q4-major/bin/../lib/gcc/arm-none-eabi/9.2.1/../../../../arm-none-eabi/lib/thumb/v7e-m/nofp\libc.a(lib_a-strlen.o)
 .data          0x20000004        0x0 c:/users/rajas/downloads/ccs/tools/compiler/gcc-arm-none-eabi-9-2019-q4-major/bin/../lib/gcc/arm-none-eabi/9.2.1/../../../../arm-none-eabi/lib/thumb/v7e-m/nofp\libc.a(lib_a-strnlen.o)
 .data          0x20000004        0x0 c:/users/rajas/downloads/ccs/tools/compiler/gcc-arm-none-eabi-9-2019-q4-major/bin/../lib/gcc/arm-none-eabi/9.2.1/../../../../arm-none-eabi/lib/thumb/v7e-m/nofp\libc.a(lib_a-__atexit.o)
 .data          0x20000004        0x0 ../libdriver.a(gpio.o)
 .data          0x20000004        0x0 ../libdriver.a(interrupt.o)
 .data          0x20000004        0x0 ../libdriver.a(sysctl.o)
 .data          0x20000004        0x0 ../libdriver.a(uart.o)
 .data          0x20000004        0x0 ../libdriver.a(cpu.o)
 .data          0x20000004        0x0 c:/users/rajas/downloads/ccs/tools/compiler/gcc-arm-none-eabi-9-2019-q4-major/bin/../lib/gcc/arm-none-eabi/9.2.1/../../../../arm-none-eabi/lib/thumb/v7e-m/nofp\libnosys.a(_exit.o)
 .data          0x20000004        0x0 c:/users/rajas/downloads/ccs/tools/compiler/gcc-arm-none-eabi-9-2019-q4-major/bin/../lib/gcc/arm-none-eabi/9.2.1/thumb/v7e-m/nofp/crtend.o
 .data          0x20000004        0x0 c:/users/rajas/downloads/ccs/tools/compiler/gcc-arm-none-eabi-9-2019-q4-major/bin/../lib/gcc/arm-none-eabi/9.2.1/thumb/v7e-m/nofp/crtn.o
 *(.data*)
 .data.Blink_Delay
                0x20000004        0x4 ./main.o
                0x20000004                Blink_Delay
 .data._impure_ptr
                0x20000008        0x4 c:/users/rajas/downloads/ccs/tools/compiler/gcc-arm-none-eabi-9-2019-q4-major/bin/../lib/gcc/arm-none-eabi/9.2.1/../../../../arm-none-eabi/lib/thumb/v7e-m/nofp\libc.a(lib_a-impure.o)
                0x20000008                _impure_ptr
 *fill*         0x2000000c        0x4 
 .data.impure_data
                0x20000010      0x428 c:/users/rajas/downloads/ccs/tools/compiler/gcc-arm-none-eabi-9-2019-q4-major/bin/../lib/gcc/arm-none-eabi/9.2.1/../../../../arm-none-eabi/lib/thumb/v7e-m/nofp\libc.a(lib_a-impure.o)
 .data.__atexit_recursive_mutex
                0x20000438        0x4 c:/users/rajas/downloads/ccs/tools/compiler/gcc-arm-none-eabi-9-2019-q4-major/bin/../lib/gcc/arm-none-eabi/9.2.1/../../../../arm-none-eabi/lib/thumb/v7e-m/nofp\libc.a(lib_a-__call_atexit.o)
                0x20000438                __atexit_recursive_mutex
                0x2000043c                . = ALIGN (0x4)
                0x2000043c                __data_end__ = .

.igot.plt       0x2000043c        0x0 load address 0x000038a4
 .igot.plt      0x2000043c        0x0 c:/users/rajas/downloads/ccs/tools/compiler/gcc-arm-none-eabi-9-2019-q4-major/bin/../lib/gcc/arm-none-eabi/9.2.1/thumb/v7e-m/nofp/crtbegin.o

vtable          0x20000800      0x26c load address 0x000038a4
 vtable         0x20000800      0x26c ../libdriver.a(interrupt.o)

.ARM.exidx      0x00003b10        0x8
                0x00003b10                __exidx_start = .
 *(.ARM.exidx* .gnu.linkonce.armexidx.*)
 .ARM.exidx     0x00003b10        0x8 c:/users/rajas/downloads/ccs/tools/compiler/gcc-arm-none-eabi-9-2019-q4-major/bin/../lib/gcc/arm-none-eabi/9.2.1/../../../../arm-none-eabi/lib/thumb/v7e-m/nofp/crt0.o
                0x00003b18                __exidx_end = .

.ARM.extab      0x00003b18        0x0
 *(.ARM.extab* .gnu.linkonce.armextab.*)
 .ARM.extab     0x00003b18        0x0 c:/users/rajas/downloads/ccs/tools/compiler/gcc-arm-none-eabi-9-2019-q4-major/bin/../lib/gcc/arm-none-eabi/9.2.1/../../../../arm-none-eabi/lib/thumb/v7e-m/nofp/crt0.o

.rel.dyn        0x00003b18        0x0
 .rel.iplt      0x00003b18        0x0 c:/users/rajas/downloads/ccs/tools/compiler/gcc-arm-none-eabi-9-2019-q4-major/bin/../lib/gcc/arm-none-eabi/9.2.1/thumb/v7e-m/nofp/crtbegin.o

.bss            0x20000a6c      0x298
                0x20000a6c                __bss_start__ = .
 *(.shbss)
 *(.bss)
 .bss           0x20000a6c        0x0 c:/users/rajas/downloads/ccs/tools/compiler/gcc-arm-none-eabi-9-2019-q4-major/bin/../lib/gcc/arm-none-eabi/9.2.1/thumb/v7e-m/nofp/crti.o
 .bss           0x20000a6c       0x1c c:/users/rajas/downloads/ccs/tools/compiler/gcc-arm-none-eabi-9-2019-q4-major/bin/../lib/gcc/arm-none-eabi/9.2.1/thumb/v7e-m/nofp/crtbegin.o
 .bss           0x20000a88        0x0 c:/users/rajas/downloads/ccs/tools/compiler/gcc-arm-none-eabi-9-2019-q4-major/bin/../lib/gcc/arm-none-eabi/9.2.1/../../../../arm-none-eabi/lib/thumb/v7e-m/nofp/crt0.o
 .bss           0x20000a88        0x0 ./main.o
 .bss           0x20000a88        0x0 ./tm4c123gh6pm_startup_ccs_gcc.o
 .bss           0x20000a88        0x0 c:/users/rajas/downloads/ccs/tools/compiler/gcc-arm-none-eabi-9-2019-q4-major/bin/../lib/gcc/arm-none-eabi/9.2.1/../../../../arm-none-eabi/lib/thumb/v7e-m/nofp\libc.a(lib_a-ctype_.o)
 .bss           0x20000a88        0x0 c:/users/rajas/downloads/ccs/tools/compiler/gcc-arm-none-eabi-9-2019-q4-major/bin/../lib/gcc/arm-none-eabi/9.2.1/../../../../arm-none-eabi/lib/thumb/v7e-m/nofp\libc.a(lib_a-exit.o)
 .bss           0x20000a88        0x0 c:/users/rajas/downloads/ccs/tools/compiler/gcc-arm-none-eabi-9-2019-q4-major/bin/../lib/gcc/arm-none-eabi/9.2.1/../../../../arm-none-eabi/lib/thumb/v7e-m/nofp\libc.a(lib_a-impure.o)
 .bss           0x20000a88        0x0 c:/users/rajas/downloads/ccs/tools/compiler/gcc-arm-none-eabi-9-2019-q4-major/bin/../lib/gcc/arm-none-eabi/9.2.1/../../../../arm-none-eabi/lib/thumb/v7e-m/nofp\libc.a(lib_a-init.o)
 .bss           0x20000a88        0x0 c:/users/rajas/downloads/ccs/tools/compiler/gcc-arm-none-eabi-9-2019-q4-major/bin/../lib/gcc/arm-none-eabi/9.2.1/../../../../arm-none-eabi/lib/thumb/v7e-m/nofp\libc.a(lib_a-memset.o)
 .bss           0x20000a88        0x0 c:/users/rajas/downloads/ccs/tools/compiler/gcc-arm-none-eabi-9-2019-q4-major/bin/../lib/gcc/arm-none-eabi/9.2.1/../../../../arm-none-eabi/lib/thumb/v7e-m/nofp\libc.a(lib_a-strcmp.o)
 .bss           0x20000a88        0x0 c:/users/rajas/downloads/ccs/tools/compiler/gcc-arm-none-eabi-9-2019-q4-major/bin/../lib/gcc/arm-none-eabi/9.2.1/../../../../arm-none-eabi/lib/thumb/v7e-m/nofp\libc.a(lib_a-strstr.o)
 .bss           0x20000a88        0x0 c:/users/rajas/downloads/ccs/tools/compiler/gcc-arm-none-eabi-9-2019-q4-major/bin/../lib/gcc/arm-none-eabi/9.2.1/../../../../arm-none-eabi/lib/thumb/v7e-m/nofp\libc.a(lib_a-__call_atexit.o)
 .bss           0x20000a88        0x0 c:/users/rajas/downloads/ccs/tools/compiler/gcc-arm-none-eabi-9-2019-q4-major/bin/../lib/gcc/arm-none-eabi/9.2.1/../../../../arm-none-eabi/lib/thumb/v7e-m/nofp\libc.a(lib_a-atexit.o)
 .bss           0x20000a88        0x0 c:/users/rajas/downloads/ccs/tools/compiler/gcc-arm-none-eabi-9-2019-q4-major/bin/../lib/gcc/arm-none-eabi/9.2.1/../../../../arm-none-eabi/lib/thumb/v7e-m/nofp\libc.a(lib_a-fini.o)
 .bss           0x20000a88        0x0 c:/users/rajas/downloads/ccs/tools/compiler/gcc-arm-none-eabi-9-2019-q4-major/bin/../lib/gcc/arm-none-eabi/9.2.1/../../../../arm-none-eabi/lib/thumb/v7e-m/nofp\libc.a(lib_a-lock.o)
 .bss           0x20000a88        0x0 c:/users/rajas/downloads/ccs/tools/compiler/gcc-arm-none-eabi-9-2019-q4-major/bin/../lib/gcc/arm-none-eabi/9.2.1/../../../../arm-none-eabi/lib/thumb/v7e-m/nofp\libc.a(lib_a-memcmp.o)
 .bss           0x20000a88        0x0 c:/users/rajas/downloads/ccs/tools/compiler/gcc-arm-none-eabi-9-2019-q4-major/bin/../lib/gcc/arm-none-eabi/9.2.1/../../../../arm-none-eabi/lib/thumb/v7e-m/nofp\libc.a(lib_a-strchr.o)
 .bss           0x20000a88        0x0 c:/users/rajas/downloads/ccs/tools/compiler/gcc-arm-none-eabi-9-2019-q4-major/bin/../lib/gcc/arm-none-eabi/9.2.1/../../../../arm-none-eabi/lib/thumb/v7e-m/nofp\libc.a(lib_a-strlen.o)
 .bss           0x20000a88        0x0 c:/users/rajas/downloads/ccs/tools/compiler/gcc-arm-none-eabi-9-2019-q4-major/bin/../lib/gcc/arm-none-eabi/9.2.1/../../../../arm-none-eabi/lib/thumb/v7e-m/nofp\libc.a(lib_a-strnlen.o)
 .bss           0x20000a88        0x0 c:/users/rajas/downloads/ccs/tools/compiler/gcc-arm-none-eabi-9-2019-q4-major/bin/../lib/gcc/arm-none-eabi/9.2.1/../../../../arm-none-eabi/lib/thumb/v7e-m/nofp\libc.a(lib_a-__atexit.o)
 .bss           0x20000a88        0x0 ../libdriver.a(gpio.o)
 .bss           0x20000a88        0x0 ../libdriver.a(interrupt.o)
 .bss           0x20000a88        0x0 ../libdriver.a(sysctl.o)
 .bss           0x20000a88        0x0 ../libdriver.a(uart.o)
 .bss           0x20000a88        0x0 ../libdriver.a(cpu.o)
 .bss           0x20000a88        0x0 c:/users/rajas/downloads/ccs/tools/compiler/gcc-arm-none-eabi-9-2019-q4-major/bin/../lib/gcc/arm-none-eabi/9.2.1/../../../../arm-none-eabi/lib/thumb/v7e-m/nofp\libnosys.a(_exit.o)
 .bss           0x20000a88        0x0 c:/users/rajas/downloads/ccs/tools/compiler/gcc-arm-none-eabi-9-2019-q4-major/bin/../lib/gcc/arm-none-eabi/9.2.1/thumb/v7e-m/nofp/crtend.o
 .bss           0x20000a88        0x0 c:/users/rajas/downloads/ccs/tools/compiler/gcc-arm-none-eabi-9-2019-q4-major/bin/../lib/gcc/arm-none-eabi/9.2.1/thumb/v7e-m/nofp/crtn.o
 *(.bss.*)
 .bss.id        0x20000a88        0x4 ./main.o
                0x20000a88                id
 .bss.Color     0x20000a8c        0x4 ./main.o
                0x20000a8c                Color
 .bss.sw1_pressed
                0x20000a90        0x4 ./main.o
                0x20000a90                sw1_pressed
 .bss.sw2_pressed
                0x20000a94        0x4 ./main.o
                0x20000a94                sw2_pressed
 .bss.count_sw2
                0x20000a98        0x4 ./main.o
                0x20000a98                count_sw2
 .bss.pui32Stack
                0x20000a9c      0x200 ./tm4c123gh6pm_startup_ccs_gcc.o
 *(COMMON)
 COMMON         0x20000c9c       0x42 ./main.o
                0x20000c9c                val
                0x20000ca0                console_cmd_buffer2
                0x20000cc0                console_cmd_buffer
 *fill*         0x20000cde        0x2 
 COMMON         0x20000ce0       0x21 c:/users/rajas/downloads/ccs/tools/compiler/gcc-arm-none-eabi-9-2019-q4-major/bin/../lib/gcc/arm-none-eabi/9.2.1/../../../../arm-none-eabi/lib/thumb/v7e-m/nofp\libc.a(lib_a-lock.o)
                0x20000ce0                __lock___atexit_recursive_mutex
                0x20000ce4                __lock___arc4random_mutex
                0x20000ce8                __lock___env_recursive_mutex
                0x20000cec                __lock___sinit_recursive_mutex
                0x20000cf0                __lock___malloc_recursive_mutex
                0x20000cf4                __lock___at_quick_exit_mutex
                0x20000cf8                __lock___dd_hash_mutex
                0x20000cfc                __lock___tz_mutex
                0x20000d00                __lock___sfp_recursive_mutex
                0x20000d04                . = ALIGN (0x4)
 *fill*         0x20000d01        0x3 
                0x20000d04                __bss_end__ = .

.heap           0x20000d04        0x0
                0x20000d04                __heap_start__ = .
                0x20000d04                end = __heap_start__
                0x20000d04                _end = end
                0x20000d04                __end = end
 *(.heap)
                0x20000d04                __heap_end__ = .
                0x20000d04                __HeapLimit = __heap_end__

.stack          0x20000d08        0x0
                0x20000d08                _stack = .
                0x20000d08                __stack = .
 *(.stack)
START GROUP
LOAD c:/users/rajas/downloads/ccs/tools/compiler/gcc-arm-none-eabi-9-2019-q4-major/bin/../lib/gcc/arm-none-eabi/9.2.1/../../../../arm-none-eabi/lib/thumb/v7e-m/nofp\libc.a
END GROUP
LOAD ../libdriver.a
START GROUP
LOAD c:/users/rajas/downloads/ccs/tools/compiler/gcc-arm-none-eabi-9-2019-q4-major/bin/../lib/gcc/arm-none-eabi/9.2.1/thumb/v7e-m/nofp\libgcc.a
LOAD c:/users/rajas/downloads/ccs/tools/compiler/gcc-arm-none-eabi-9-2019-q4-major/bin/../lib/gcc/arm-none-eabi/9.2.1/../../../../arm-none-eabi/lib/thumb/v7e-m/nofp\libg.a
LOAD c:/users/rajas/downloads/ccs/tools/compiler/gcc-arm-none-eabi-9-2019-q4-major/bin/../lib/gcc/arm-none-eabi/9.2.1/../../../../arm-none-eabi/lib/thumb/v7e-m/nofp\libc.a
END GROUP
START GROUP
LOAD c:/users/rajas/downloads/ccs/tools/compiler/gcc-arm-none-eabi-9-2019-q4-major/bin/../lib/gcc/arm-none-eabi/9.2.1/thumb/v7e-m/nofp\libgcc.a
LOAD c:/users/rajas/downloads/ccs/tools/compiler/gcc-arm-none-eabi-9-2019-q4-major/bin/../lib/gcc/arm-none-eabi/9.2.1/../../../../arm-none-eabi/lib/thumb/v7e-m/nofp\libc.a
LOAD c:/users/rajas/downloads/ccs/tools/compiler/gcc-arm-none-eabi-9-2019-q4-major/bin/../lib/gcc/arm-none-eabi/9.2.1/../../../../arm-none-eabi/lib/thumb/v7e-m/nofp\libnosys.a
END GROUP
LOAD c:/users/rajas/downloads/ccs/tools/compiler/gcc-arm-none-eabi-9-2019-q4-major/bin/../lib/gcc/arm-none-eabi/9.2.1/thumb/v7e-m/nofp/crtend.o
LOAD c:/users/rajas/downloads/ccs/tools/compiler/gcc-arm-none-eabi-9-2019-q4-major/bin/../lib/gcc/arm-none-eabi/9.2.1/thumb/v7e-m/nofp/crtn.o
OUTPUT(lab3_blinky_console.out elf32-littlearm)

.ARM.attributes
                0x00000000       0x2e
 .ARM.attributes
                0x00000000       0x1e c:/users/rajas/downloads/ccs/tools/compiler/gcc-arm-none-eabi-9-2019-q4-major/bin/../lib/gcc/arm-none-eabi/9.2.1/thumb/v7e-m/nofp/crti.o
 .ARM.attributes
                0x0000001e       0x2e c:/users/rajas/downloads/ccs/tools/compiler/gcc-arm-none-eabi-9-2019-q4-major/bin/../lib/gcc/arm-none-eabi/9.2.1/thumb/v7e-m/nofp/crtbegin.o
 .ARM.attributes
                0x0000004c       0x1c c:/users/rajas/downloads/ccs/tools/compiler/gcc-arm-none-eabi-9-2019-q4-major/bin/../lib/gcc/arm-none-eabi/9.2.1/../../../../arm-none-eabi/lib/thumb/v7e-m/nofp/crt0.o
 .ARM.attributes
                0x00000068       0x2e ./main.o
 .ARM.attributes
                0x00000096       0x2e ./tm4c123gh6pm_startup_ccs_gcc.o
 .ARM.attributes
                0x000000c4       0x2e c:/users/rajas/downloads/ccs/tools/compiler/gcc-arm-none-eabi-9-2019-q4-major/bin/../lib/gcc/arm-none-eabi/9.2.1/../../../../arm-none-eabi/lib/thumb/v7e-m/nofp\libc.a(lib_a-ctype_.o)
 .ARM.attributes
                0x000000f2       0x2e c:/users/rajas/downloads/ccs/tools/compiler/gcc-arm-none-eabi-9-2019-q4-major/bin/../lib/gcc/arm-none-eabi/9.2.1/../../../../arm-none-eabi/lib/thumb/v7e-m/nofp\libc.a(lib_a-exit.o)
 .ARM.attributes
                0x00000120       0x2e c:/users/rajas/downloads/ccs/tools/compiler/gcc-arm-none-eabi-9-2019-q4-major/bin/../lib/gcc/arm-none-eabi/9.2.1/../../../../arm-none-eabi/lib/thumb/v7e-m/nofp\libc.a(lib_a-impure.o)
 .ARM.attributes
                0x0000014e       0x2e c:/users/rajas/downloads/ccs/tools/compiler/gcc-arm-none-eabi-9-2019-q4-major/bin/../lib/gcc/arm-none-eabi/9.2.1/../../../../arm-none-eabi/lib/thumb/v7e-m/nofp\libc.a(lib_a-init.o)
 .ARM.attributes
                0x0000017c       0x2e c:/users/rajas/downloads/ccs/tools/compiler/gcc-arm-none-eabi-9-2019-q4-major/bin/../lib/gcc/arm-none-eabi/9.2.1/../../../../arm-none-eabi/lib/thumb/v7e-m/nofp\libc.a(lib_a-memset.o)
 .ARM.attributes
                0x000001aa       0x1c c:/users/rajas/downloads/ccs/tools/compiler/gcc-arm-none-eabi-9-2019-q4-major/bin/../lib/gcc/arm-none-eabi/9.2.1/../../../../arm-none-eabi/lib/thumb/v7e-m/nofp\libc.a(lib_a-strcmp.o)
 .ARM.attributes
                0x000001c6       0x2e c:/users/rajas/downloads/ccs/tools/compiler/gcc-arm-none-eabi-9-2019-q4-major/bin/../lib/gcc/arm-none-eabi/9.2.1/../../../../arm-none-eabi/lib/thumb/v7e-m/nofp\libc.a(lib_a-strstr.o)
 .ARM.attributes
                0x000001f4       0x2e c:/users/rajas/downloads/ccs/tools/compiler/gcc-arm-none-eabi-9-2019-q4-major/bin/../lib/gcc/arm-none-eabi/9.2.1/../../../../arm-none-eabi/lib/thumb/v7e-m/nofp\libc.a(lib_a-__call_atexit.o)
 .ARM.attributes
                0x00000222       0x2e c:/users/rajas/downloads/ccs/tools/compiler/gcc-arm-none-eabi-9-2019-q4-major/bin/../lib/gcc/arm-none-eabi/9.2.1/../../../../arm-none-eabi/lib/thumb/v7e-m/nofp\libc.a(lib_a-atexit.o)
 .ARM.attributes
                0x00000250       0x2e c:/users/rajas/downloads/ccs/tools/compiler/gcc-arm-none-eabi-9-2019-q4-major/bin/../lib/gcc/arm-none-eabi/9.2.1/../../../../arm-none-eabi/lib/thumb/v7e-m/nofp\libc.a(lib_a-fini.o)
 .ARM.attributes
                0x0000027e       0x2e c:/users/rajas/downloads/ccs/tools/compiler/gcc-arm-none-eabi-9-2019-q4-major/bin/../lib/gcc/arm-none-eabi/9.2.1/../../../../arm-none-eabi/lib/thumb/v7e-m/nofp\libc.a(lib_a-lock.o)
 .ARM.attributes
                0x000002ac       0x2e c:/users/rajas/downloads/ccs/tools/compiler/gcc-arm-none-eabi-9-2019-q4-major/bin/../lib/gcc/arm-none-eabi/9.2.1/../../../../arm-none-eabi/lib/thumb/v7e-m/nofp\libc.a(lib_a-memcmp.o)
 .ARM.attributes
                0x000002da       0x2e c:/users/rajas/downloads/ccs/tools/compiler/gcc-arm-none-eabi-9-2019-q4-major/bin/../lib/gcc/arm-none-eabi/9.2.1/../../../../arm-none-eabi/lib/thumb/v7e-m/nofp\libc.a(lib_a-strchr.o)
 .ARM.attributes
                0x00000308       0x1c c:/users/rajas/downloads/ccs/tools/compiler/gcc-arm-none-eabi-9-2019-q4-major/bin/../lib/gcc/arm-none-eabi/9.2.1/../../../../arm-none-eabi/lib/thumb/v7e-m/nofp\libc.a(lib_a-strlen.o)
 .ARM.attributes
                0x00000324       0x2e c:/users/rajas/downloads/ccs/tools/compiler/gcc-arm-none-eabi-9-2019-q4-major/bin/../lib/gcc/arm-none-eabi/9.2.1/../../../../arm-none-eabi/lib/thumb/v7e-m/nofp\libc.a(lib_a-strnlen.o)
 .ARM.attributes
                0x00000352       0x2e c:/users/rajas/downloads/ccs/tools/compiler/gcc-arm-none-eabi-9-2019-q4-major/bin/../lib/gcc/arm-none-eabi/9.2.1/../../../../arm-none-eabi/lib/thumb/v7e-m/nofp\libc.a(lib_a-__atexit.o)
 .ARM.attributes
                0x00000380       0x32 ../libdriver.a(gpio.o)
 .ARM.attributes
                0x000003b2       0x32 ../libdriver.a(interrupt.o)
 .ARM.attributes
                0x000003e4       0x32 ../libdriver.a(sysctl.o)
 .ARM.attributes
                0x00000416       0x32 ../libdriver.a(uart.o)
 .ARM.attributes
                0x00000448       0x32 ../libdriver.a(cpu.o)
 .ARM.attributes
                0x0000047a       0x2e c:/users/rajas/downloads/ccs/tools/compiler/gcc-arm-none-eabi-9-2019-q4-major/bin/../lib/gcc/arm-none-eabi/9.2.1/../../../../arm-none-eabi/lib/thumb/v7e-m/nofp\libnosys.a(_exit.o)
 .ARM.attributes
                0x000004a8       0x2e c:/users/rajas/downloads/ccs/tools/compiler/gcc-arm-none-eabi-9-2019-q4-major/bin/../lib/gcc/arm-none-eabi/9.2.1/thumb/v7e-m/nofp/crtend.o
 .ARM.attributes
                0x000004d6       0x1e c:/users/rajas/downloads/ccs/tools/compiler/gcc-arm-none-eabi-9-2019-q4-major/bin/../lib/gcc/arm-none-eabi/9.2.1/thumb/v7e-m/nofp/crtn.o

.comment        0x00000000       0x79
 .comment       0x00000000       0x79 ./main.o
                                 0x7a (size before relaxing)
 .comment       0x00000079       0x7a ./tm4c123gh6pm_startup_ccs_gcc.o
 .comment       0x00000079       0x7a ../libdriver.a(gpio.o)
 .comment       0x00000079       0x7a ../libdriver.a(interrupt.o)
 .comment       0x00000079       0x7a ../libdriver.a(sysctl.o)
 .comment       0x00000079       0x7a ../libdriver.a(uart.o)
 .comment       0x00000079       0x7a ../libdriver.a(cpu.o)

.debug_info     0x00000000      0xd66
 .debug_info    0x00000000      0xbca ./main.o
 .debug_info    0x00000bca      0x19c ./tm4c123gh6pm_startup_ccs_gcc.o

.debug_abbrev   0x00000000      0x3a4
 .debug_abbrev  0x00000000      0x2cc ./main.o
 .debug_abbrev  0x000002cc       0xd8 ./tm4c123gh6pm_startup_ccs_gcc.o

.debug_aranges  0x00000000       0xb8
 .debug_aranges
                0x00000000       0x80 ./main.o
 .debug_aranges
                0x00000080       0x38 ./tm4c123gh6pm_startup_ccs_gcc.o

.debug_ranges   0x00000000       0x98
 .debug_ranges  0x00000000       0x70 ./main.o
 .debug_ranges  0x00000070       0x28 ./tm4c123gh6pm_startup_ccs_gcc.o

.debug_line     0x00000000      0x80e
 .debug_line    0x00000000      0x65a ./main.o
 .debug_line    0x0000065a      0x1b4 ./tm4c123gh6pm_startup_ccs_gcc.o

.debug_str      0x00000000      0x722
 .debug_str     0x00000000      0x667 ./main.o
                                0x6ce (size before relaxing)
 .debug_str     0x00000667       0xbb ./tm4c123gh6pm_startup_ccs_gcc.o
                                0x25d (size before relaxing)

.debug_frame    0x00000000      0x614
 .debug_frame   0x00000000      0x1bc ./main.o
 .debug_frame   0x000001bc       0x7c ./tm4c123gh6pm_startup_ccs_gcc.o
 .debug_frame   0x00000238       0x28 c:/users/rajas/downloads/ccs/tools/compiler/gcc-arm-none-eabi-9-2019-q4-major/bin/../lib/gcc/arm-none-eabi/9.2.1/../../../../arm-none-eabi/lib/thumb/v7e-m/nofp\libc.a(lib_a-exit.o)
 .debug_frame   0x00000260       0x2c c:/users/rajas/downloads/ccs/tools/compiler/gcc-arm-none-eabi-9-2019-q4-major/bin/../lib/gcc/arm-none-eabi/9.2.1/../../../../arm-none-eabi/lib/thumb/v7e-m/nofp\libc.a(lib_a-init.o)
 .debug_frame   0x0000028c       0x38 c:/users/rajas/downloads/ccs/tools/compiler/gcc-arm-none-eabi-9-2019-q4-major/bin/../lib/gcc/arm-none-eabi/9.2.1/../../../../arm-none-eabi/lib/thumb/v7e-m/nofp\libc.a(lib_a-memset.o)
 .debug_frame   0x000002c4       0x68 c:/users/rajas/downloads/ccs/tools/compiler/gcc-arm-none-eabi-9-2019-q4-major/bin/../lib/gcc/arm-none-eabi/9.2.1/../../../../arm-none-eabi/lib/thumb/v7e-m/nofp\libc.a(lib_a-strcmp.o)
 .debug_frame   0x0000032c       0x88 c:/users/rajas/downloads/ccs/tools/compiler/gcc-arm-none-eabi-9-2019-q4-major/bin/../lib/gcc/arm-none-eabi/9.2.1/../../../../arm-none-eabi/lib/thumb/v7e-m/nofp\libc.a(lib_a-strstr.o)
 .debug_frame   0x000003b4       0x5c c:/users/rajas/downloads/ccs/tools/compiler/gcc-arm-none-eabi-9-2019-q4-major/bin/../lib/gcc/arm-none-eabi/9.2.1/../../../../arm-none-eabi/lib/thumb/v7e-m/nofp\libc.a(lib_a-__call_atexit.o)
 .debug_frame   0x00000410       0x20 c:/users/rajas/downloads/ccs/tools/compiler/gcc-arm-none-eabi-9-2019-q4-major/bin/../lib/gcc/arm-none-eabi/9.2.1/../../../../arm-none-eabi/lib/thumb/v7e-m/nofp\libc.a(lib_a-atexit.o)
 .debug_frame   0x00000430       0x34 c:/users/rajas/downloads/ccs/tools/compiler/gcc-arm-none-eabi-9-2019-q4-major/bin/../lib/gcc/arm-none-eabi/9.2.1/../../../../arm-none-eabi/lib/thumb/v7e-m/nofp\libc.a(lib_a-fini.o)
 .debug_frame   0x00000464       0xb0 c:/users/rajas/downloads/ccs/tools/compiler/gcc-arm-none-eabi-9-2019-q4-major/bin/../lib/gcc/arm-none-eabi/9.2.1/../../../../arm-none-eabi/lib/thumb/v7e-m/nofp\libc.a(lib_a-lock.o)
 .debug_frame   0x00000514       0x3c c:/users/rajas/downloads/ccs/tools/compiler/gcc-arm-none-eabi-9-2019-q4-major/bin/../lib/gcc/arm-none-eabi/9.2.1/../../../../arm-none-eabi/lib/thumb/v7e-m/nofp\libc.a(lib_a-memcmp.o)
 .debug_frame   0x00000550       0x40 c:/users/rajas/downloads/ccs/tools/compiler/gcc-arm-none-eabi-9-2019-q4-major/bin/../lib/gcc/arm-none-eabi/9.2.1/../../../../arm-none-eabi/lib/thumb/v7e-m/nofp\libc.a(lib_a-strchr.o)
 .debug_frame   0x00000590       0x30 c:/users/rajas/downloads/ccs/tools/compiler/gcc-arm-none-eabi-9-2019-q4-major/bin/../lib/gcc/arm-none-eabi/9.2.1/../../../../arm-none-eabi/lib/thumb/v7e-m/nofp\libc.a(lib_a-strnlen.o)
 .debug_frame   0x000005c0       0x34 c:/users/rajas/downloads/ccs/tools/compiler/gcc-arm-none-eabi-9-2019-q4-major/bin/../lib/gcc/arm-none-eabi/9.2.1/../../../../arm-none-eabi/lib/thumb/v7e-m/nofp\libc.a(lib_a-__atexit.o)
 .debug_frame   0x000005f4       0x20 c:/users/rajas/downloads/ccs/tools/compiler/gcc-arm-none-eabi-9-2019-q4-major/bin/../lib/gcc/arm-none-eabi/9.2.1/../../../../arm-none-eabi/lib/thumb/v7e-m/nofp\libnosys.a(_exit.o)
