Archive member included to satisfy reference by file (symbol)

c:/users/rajas/downloads/ccs/tools/compiler/gcc-arm-none-eabi-9-2019-q4-major/bin/../lib/gcc/arm-none-eabi/9.2.1/../../../../arm-none-eabi/lib/thumb/v7e-m/nofp\libc.a(lib_a-ctype_.o)
                              ./main.o (_ctype_)
c:/users/rajas/downloads/ccs/tools/compiler/gcc-arm-none-eabi-9-2019-q4-major/bin/../lib/gcc/arm-none-eabi/9.2.1/../../../../arm-none-eabi/lib/thumb/v7e-m/nofp\libc.a(lib_a-exit.o)
                              c:/users/rajas/downloads/ccs/tools/compiler/gcc-arm-none-eabi-9-2019-q4-major/bin/../lib/gcc/arm-none-eabi/9.2.1/../../../../arm-none-eabi/lib/thumb/v7e-m/nofp/crt0.o (exit)
c:/users/rajas/downloads/ccs/tools/compiler/gcc-arm-none-eabi-9-2019-q4-major/bin/../lib/gcc/arm-none-eabi/9.2.1/../../../../arm-none-eabi/lib/thumb/v7e-m/nofp\libc.a(lib_a-impure.o)
                              c:/users/rajas/downloads/ccs/tools/compiler/gcc-arm-none-eabi-9-2019-q4-major/bin/../lib/gcc/arm-none-eabi/9.2.1/../../../../arm-none-eabi/lib/thumb/v7e-m/nofp\libc.a(lib_a-exit.o) (_global_impure_ptr)
c:/users/rajas/downloads/ccs/tools/compiler/gcc-arm-none-eabi-9-2019-q4-major/bin/../lib/gcc/arm-none-eabi/9.2.1/../../../../arm-none-eabi/lib/thumb/v7e-m/nofp\libc.a(lib_a-init.o)
                              c:/users/rajas/downloads/ccs/tools/compiler/gcc-arm-none-eabi-9-2019-q4-major/bin/../lib/gcc/arm-none-eabi/9.2.1/../../../../arm-none-eabi/lib/thumb/v7e-m/nofp/crt0.o (__libc_init_array)
c:/users/rajas/downloads/ccs/tools/compiler/gcc-arm-none-eabi-9-2019-q4-major/bin/../lib/gcc/arm-none-eabi/9.2.1/../../../../arm-none-eabi/lib/thumb/v7e-m/nofp\libc.a(lib_a-memset.o)
                              c:/users/rajas/downloads/ccs/tools/compiler/gcc-arm-none-eabi-9-2019-q4-major/bin/../lib/gcc/arm-none-eabi/9.2.1/../../../../arm-none-eabi/lib/thumb/v7e-m/nofp/crt0.o (memset)
c:/users/rajas/downloads/ccs/tools/compiler/gcc-arm-none-eabi-9-2019-q4-major/bin/../lib/gcc/arm-none-eabi/9.2.1/../../../../arm-none-eabi/lib/thumb/v7e-m/nofp\libc.a(lib_a-strcmp.o)
                              ./main.o (strcmp)
c:/users/rajas/downloads/ccs/tools/compiler/gcc-arm-none-eabi-9-2019-q4-major/bin/../lib/gcc/arm-none-eabi/9.2.1/../../../../arm-none-eabi/lib/thumb/v7e-m/nofp\libc.a(lib_a-strstr.o)
                              ./main.o (strstr)
c:/users/rajas/downloads/ccs/tools/compiler/gcc-arm-none-eabi-9-2019-q4-major/bin/../lib/gcc/arm-none-eabi/9.2.1/../../../../arm-none-eabi/lib/thumb/v7e-m/nofp\libc.a(lib_a-__call_atexit.o)
                              c:/users/rajas/downloads/ccs/tools/compiler/gcc-arm-none-eabi-9-2019-q4-major/bin/../lib/gcc/arm-none-eabi/9.2.1/../../../../arm-none-eabi/lib/thumb/v7e-m/nofp\libc.a(lib_a-exit.o) (__call_exitprocs)
c:/users/rajas/downloads/ccs/tools/compiler/gcc-arm-none-eabi-9-2019-q4-major/bin/../lib/gcc/arm-none-eabi/9.2.1/../../../../arm-none-eabi/lib/thumb/v7e-m/nofp\libc.a(lib_a-atexit.o)
                              c:/users/rajas/downloads/ccs/tools/compiler/gcc-arm-none-eabi-9-2019-q4-major/bin/../lib/gcc/arm-none-eabi/9.2.1/../../../../arm-none-eabi/lib/thumb/v7e-m/nofp\libc.a(lib_a-__call_atexit.o) (atexit)
c:/users/rajas/downloads/ccs/tools/compiler/gcc-arm-none-eabi-9-2019-q4-major/bin/../lib/gcc/arm-none-eabi/9.2.1/../../../../arm-none-eabi/lib/thumb/v7e-m/nofp\libc.a(lib_a-fini.o)
                              c:/users/rajas/downloads/ccs/tools/compiler/gcc-arm-none-eabi-9-2019-q4-major/bin/../lib/gcc/arm-none-eabi/9.2.1/../../../../arm-none-eabi/lib/thumb/v7e-m/nofp\libc.a(lib_a-__call_atexit.o) (__libc_fini_array)
c:/users/rajas/downloads/ccs/tools/compiler/gcc-arm-none-eabi-9-2019-q4-major/bin/../lib/gcc/arm-none-eabi/9.2.1/../../../../arm-none-eabi/lib/thumb/v7e-m/nofp\libc.a(lib_a-lock.o)
                              c:/users/rajas/downloads/ccs/tools/compiler/gcc-arm-none-eabi-9-2019-q4-major/bin/../lib/gcc/arm-none-eabi/9.2.1/../../../../arm-none-eabi/lib/thumb/v7e-m/nofp\libc.a(lib_a-__call_atexit.o) (__retarget_lock_acquire_recursive)
c:/users/rajas/downloads/ccs/tools/compiler/gcc-arm-none-eabi-9-2019-q4-major/bin/../lib/gcc/arm-none-eabi/9.2.1/../../../../arm-none-eabi/lib/thumb/v7e-m/nofp\libc.a(lib_a-memcmp.o)
                              c:/users/rajas/downloads/ccs/tools/compiler/gcc-arm-none-eabi-9-2019-q4-major/bin/../lib/gcc/arm-none-eabi/9.2.1/../../../../arm-none-eabi/lib/thumb/v7e-m/nofp\libc.a(lib_a-strstr.o) (memcmp)
c:/users/rajas/downloads/ccs/tools/compiler/gcc-arm-none-eabi-9-2019-q4-major/bin/../lib/gcc/arm-none-eabi/9.2.1/../../../../arm-none-eabi/lib/thumb/v7e-m/nofp\libc.a(lib_a-strchr.o)
                              c:/users/rajas/downloads/ccs/tools/compiler/gcc-arm-none-eabi-9-2019-q4-major/bin/../lib/gcc/arm-none-eabi/9.2.1/../../../../arm-none-eabi/lib/thumb/v7e-m/nofp\libc.a(lib_a-strstr.o) (strchr)
c:/users/rajas/downloads/ccs/tools/compiler/gcc-arm-none-eabi-9-2019-q4-major/bin/../lib/gcc/arm-none-eabi/9.2.1/../../../../arm-none-eabi/lib/thumb/v7e-m/nofp\libc.a(lib_a-strlen.o)
                              c:/users/rajas/downloads/ccs/tools/compiler/gcc-arm-none-eabi-9-2019-q4-major/bin/../lib/gcc/arm-none-eabi/9.2.1/../../../../arm-none-eabi/lib/thumb/v7e-m/nofp\libc.a(lib_a-strstr.o) (strlen)
c:/users/rajas/downloads/ccs/tools/compiler/gcc-arm-none-eabi-9-2019-q4-major/bin/../lib/gcc/arm-none-eabi/9.2.1/../../../../arm-none-eabi/lib/thumb/v7e-m/nofp\libc.a(lib_a-strnlen.o)
                              c:/users/rajas/downloads/ccs/tools/compiler/gcc-arm-none-eabi-9-2019-q4-major/bin/../lib/gcc/arm-none-eabi/9.2.1/../../../../arm-none-eabi/lib/thumb/v7e-m/nofp\libc.a(lib_a-strstr.o) (strnlen)
c:/users/rajas/downloads/ccs/tools/compiler/gcc-arm-none-eabi-9-2019-q4-major/bin/../lib/gcc/arm-none-eabi/9.2.1/../../../../arm-none-eabi/lib/thumb/v7e-m/nofp\libc.a(lib_a-__atexit.o)
                              c:/users/rajas/downloads/ccs/tools/compiler/gcc-arm-none-eabi-9-2019-q4-major/bin/../lib/gcc/arm-none-eabi/9.2.1/../../../../arm-none-eabi/lib/thumb/v7e-m/nofp\libc.a(lib_a-atexit.o) (__register_exitproc)
../libdriver.a(gpio.o)        ./main.o (GPIOPinTypeUART)
../libdriver.a(interrupt.o)   ../libdriver.a(gpio.o) (IntRegister)
../libdriver.a(sysctl.o)      ./main.o (SysCtlPeripheralEnable)
../libdriver.a(uart.o)        ./main.o (UARTConfigSetExpClk)
../libdriver.a(cpu.o)         ../libdriver.a(interrupt.o) (CPUcpsid)
c:/users/rajas/downloads/ccs/tools/compiler/gcc-arm-none-eabi-9-2019-q4-major/bin/../lib/gcc/arm-none-eabi/9.2.1/../../../../arm-none-eabi/lib/thumb/v7e-m/nofp\libnosys.a(_exit.o)
                              c:/users/rajas/downloads/ccs/tools/compiler/gcc-arm-none-eabi-9-2019-q4-major/bin/../lib/gcc/arm-none-eabi/9.2.1/../../../../arm-none-eabi/lib/thumb/v7e-m/nofp\libc.a(lib_a-exit.o) (_exit)

Allocating common symbols
Common symbol       size              file

__lock___atexit_recursive_mutex
                    0x1               c:/users/rajas/downloads/ccs/tools/compiler/gcc-arm-none-eabi-9-2019-q4-major/bin/../lib/gcc/arm-none-eabi/9.2.1/../../../../arm-none-eabi/lib/thumb/v7e-m/nofp\libc.a(lib_a-lock.o)
__lock___arc4random_mutex
                    0x1               c:/users/rajas/downloads/ccs/tools/compiler/gcc-arm-none-eabi-9-2019-q4-major/bin/../lib/gcc/arm-none-eabi/9.2.1/../../../../arm-none-eabi/lib/thumb/v7e-m/nofp\libc.a(lib_a-lock.o)
__lock___env_recursive_mutex
                    0x1               c:/users/rajas/downloads/ccs/tools/compiler/gcc-arm-none-eabi-9-2019-q4-major/bin/../lib/gcc/arm-none-eabi/9.2.1/../../../../arm-none-eabi/lib/thumb/v7e-m/nofp\libc.a(lib_a-lock.o)
__lock___sinit_recursive_mutex
                    0x1               c:/users/rajas/downloads/ccs/tools/compiler/gcc-arm-none-eabi-9-2019-q4-major/bin/../lib/gcc/arm-none-eabi/9.2.1/../../../../arm-none-eabi/lib/thumb/v7e-m/nofp\libc.a(lib_a-lock.o)
__lock___malloc_recursive_mutex
                    0x1               c:/users/rajas/downloads/ccs/tools/compiler/gcc-arm-none-eabi-9-2019-q4-major/bin/../lib/gcc/arm-none-eabi/9.2.1/../../../../arm-none-eabi/lib/thumb/v7e-m/nofp\libc.a(lib_a-lock.o)
val                 0x1               ./main.o
console_cmd_buffer2
                    0x1e              ./main.o
__lock___at_quick_exit_mutex
                    0x1               c:/users/rajas/downloads/ccs/tools/compiler/gcc-arm-none-eabi-9-2019-q4-major/bin/../lib/gcc/arm-none-eabi/9.2.1/../../../../arm-none-eabi/lib/thumb/v7e-m/nofp\libc.a(lib_a-lock.o)
__lock___dd_hash_mutex
                    0x1               c:/users/rajas/downloads/ccs/tools/compiler/gcc-arm-none-eabi-9-2019-q4-major/bin/../lib/gcc/arm-none-eabi/9.2.1/../../../../arm-none-eabi/lib/thumb/v7e-m/nofp\libc.a(lib_a-lock.o)
__lock___tz_mutex   0x1               c:/users/rajas/downloads/ccs/tools/compiler/gcc-arm-none-eabi-9-2019-q4-major/bin/../lib/gcc/arm-none-eabi/9.2.1/../../../../arm-none-eabi/lib/thumb/v7e-m/nofp\libc.a(lib_a-lock.o)
console_cmd_buffer  0x1e              ./main.o
__lock___sfp_recursive_mutex
                    0x1               c:/users/rajas/downloads/ccs/tools/compiler/gcc-arm-none-eabi-9-2019-q4-major/bin/../lib/gcc/arm-none-eabi/9.2.1/../../../../arm-none-eabi/lib/thumb/v7e-m/nofp\libc.a(lib_a-lock.o)

Memory Configuration

Name             Origin             Length             Attributes
FLASH            0x00000000         0x00040000         xr
SRAM             0x20000000         0x00008000         xw
*default*        0x00000000         0xffffffff

Linker script and memory map

LOAD c:/users/rajas/downloads/ccs/tools/compiler/gcc-arm-none-eabi-9-2019-q4-major/bin/../lib/gcc/arm-none-eabi/9.2.1/thumb/v7e-m/nofp/crti.o
LOAD c:/users/rajas/downloads/ccs/tools/compiler/gcc-arm-none-eabi-9-2019-q4-major/bin/../lib/gcc/arm-none-eabi/9.2.1/thumb/v7e-m/nofp/crtbegin.o
LOAD c:/users/rajas/downloads/ccs/tools/compiler/gcc-arm-none-eabi-9-2019-q4-major/bin/../lib/gcc/arm-none-eabi/9.2.1/../../../../arm-none-eabi/lib/thumb/v7e-m/nofp/crt0.o
LOAD ./main.o
LOAD ./tm4c123gh6pm_startup_ccs_gcc.o
                0x00000000                PROVIDE (_intvecs_base_address = 0x0)

.intvecs        0x00000000      0x26c
 *(.intvecs)
 .intvecs       0x00000000      0x26c ./tm4c123gh6pm_startup_ccs_gcc.o
                0x00000000                g_pfnVectors
                0x20000000                PROVIDE (_vtable_base_address = 0x20000000)

.vtable
 *(.vtable)

.text           0x00000280     0x2bec
 CREATE_OBJECT_SYMBOLS
 *(.text)
 .text          0x00000280        0x0 c:/users/rajas/downloads/ccs/tools/compiler/gcc-arm-none-eabi-9-2019-q4-major/bin/../lib/gcc/arm-none-eabi/9.2.1/thumb/v7e-m/nofp/crti.o
 .text          0x00000280       0x40 c:/users/rajas/downloads/ccs/tools/compiler/gcc-arm-none-eabi-9-2019-q4-major/bin/../lib/gcc/arm-none-eabi/9.2.1/thumb/v7e-m/nofp/crtbegin.o
 .text          0x000002c0       0x74 c:/users/rajas/downloads/ccs/tools/compiler/gcc-arm-none-eabi-9-2019-q4-major/bin/../lib/gcc/arm-none-eabi/9.2.1/../../../../arm-none-eabi/lib/thumb/v7e-m/nofp/crt0.o
                0x000002c0                _start
                0x000002c0                _mainCRTStartup
 .text          0x00000334        0x0 ./main.o
 .text          0x00000334        0x0 ./tm4c123gh6pm_startup_ccs_gcc.o
 .text          0x00000334        0x0 c:/users/rajas/downloads/ccs/tools/compiler/gcc-arm-none-eabi-9-2019-q4-major/bin/../lib/gcc/arm-none-eabi/9.2.1/../../../../arm-none-eabi/lib/thumb/v7e-m/nofp\libc.a(lib_a-ctype_.o)
 .text          0x00000334        0x0 c:/users/rajas/downloads/ccs/tools/compiler/gcc-arm-none-eabi-9-2019-q4-major/bin/../lib/gcc/arm-none-eabi/9.2.1/../../../../arm-none-eabi/lib/thumb/v7e-m/nofp\libc.a(lib_a-exit.o)
 .text          0x00000334        0x0 c:/users/rajas/downloads/ccs/tools/compiler/gcc-arm-none-eabi-9-2019-q4-major/bin/../lib/gcc/arm-none-eabi/9.2.1/../../../../arm-none-eabi/lib/thumb/v7e-m/nofp\libc.a(lib_a-impure.o)
 .text          0x00000334        0x0 c:/users/rajas/downloads/ccs/tools/compiler/gcc-arm-none-eabi-9-2019-q4-major/bin/../lib/gcc/arm-none-eabi/9.2.1/../../../../arm-none-eabi/lib/thumb/v7e-m/nofp\libc.a(lib_a-init.o)
 .text          0x00000334        0x0 c:/users/rajas/downloads/ccs/tools/compiler/gcc-arm-none-eabi-9-2019-q4-major/bin/../lib/gcc/arm-none-eabi/9.2.1/../../../../arm-none-eabi/lib/thumb/v7e-m/nofp\libc.a(lib_a-memset.o)
 *fill*         0x00000334        0xc 
 .text          0x00000340      0x2dc c:/users/rajas/downloads/ccs/tools/compiler/gcc-arm-none-eabi-9-2019-q4-major/bin/../lib/gcc/arm-none-eabi/9.2.1/../../../../arm-none-eabi/lib/thumb/v7e-m/nofp\libc.a(lib_a-strcmp.o)
                0x00000348                strcmp
 .text          0x0000061c        0x0 c:/users/rajas/downloads/ccs/tools/compiler/gcc-arm-none-eabi-9-2019-q4-major/bin/../lib/gcc/arm-none-eabi/9.2.1/../../../../arm-none-eabi/lib/thumb/v7e-m/nofp\libc.a(lib_a-strstr.o)
 .text          0x0000061c        0x0 c:/users/rajas/downloads/ccs/tools/compiler/gcc-arm-none-eabi-9-2019-q4-major/bin/../lib/gcc/arm-none-eabi/9.2.1/../../../../arm-none-eabi/lib/thumb/v7e-m/nofp\libc.a(lib_a-__call_atexit.o)
 .text          0x0000061c        0x0 c:/users/rajas/downloads/ccs/tools/compiler/gcc-arm-none-eabi-9-2019-q4-major/bin/../lib/gcc/arm-none-eabi/9.2.1/../../../../arm-none-eabi/lib/thumb/v7e-m/nofp\libc.a(lib_a-atexit.o)
 .text          0x0000061c        0x0 c:/users/rajas/downloads/ccs/tools/compiler/gcc-arm-none-eabi-9-2019-q4-major/bin/../lib/gcc/arm-none-eabi/9.2.1/../../../../arm-none-eabi/lib/thumb/v7e-m/nofp\libc.a(lib_a-fini.o)
 .text          0x0000061c        0x0 c:/users/rajas/downloads/ccs/tools/compiler/gcc-arm-none-eabi-9-2019-q4-major/bin/../lib/gcc/arm-none-eabi/9.2.1/../../../../arm-none-eabi/lib/thumb/v7e-m/nofp\libc.a(lib_a-lock.o)
 .text          0x0000061c        0x0 c:/users/rajas/downloads/ccs/tools/compiler/gcc-arm-none-eabi-9-2019-q4-major/bin/../lib/gcc/arm-none-eabi/9.2.1/../../../../arm-none-eabi/lib/thumb/v7e-m/nofp\libc.a(lib_a-memcmp.o)
 .text          0x0000061c        0x0 c:/users/rajas/downloads/ccs/tools/compiler/gcc-arm-none-eabi-9-2019-q4-major/bin/../lib/gcc/arm-none-eabi/9.2.1/../../../../arm-none-eabi/lib/thumb/v7e-m/nofp\libc.a(lib_a-strchr.o)
 *fill*         0x0000061c       0x24 
 .text          0x00000640       0xdc c:/users/rajas/downloads/ccs/tools/compiler/gcc-arm-none-eabi-9-2019-q4-major/bin/../lib/gcc/arm-none-eabi/9.2.1/../../../../arm-none-eabi/lib/thumb/v7e-m/nofp\libc.a(lib_a-strlen.o)
                0x00000640                strlen
 .text          0x0000071c        0x0 c:/users/rajas/downloads/ccs/tools/compiler/gcc-arm-none-eabi-9-2019-q4-major/bin/../lib/gcc/arm-none-eabi/9.2.1/../../../../arm-none-eabi/lib/thumb/v7e-m/nofp\libc.a(lib_a-strnlen.o)
 .text          0x0000071c        0x0 c:/users/rajas/downloads/ccs/tools/compiler/gcc-arm-none-eabi-9-2019-q4-major/bin/../lib/gcc/arm-none-eabi/9.2.1/../../../../arm-none-eabi/lib/thumb/v7e-m/nofp\libc.a(lib_a-__atexit.o)
 .text          0x0000071c        0x0 ../libdriver.a(gpio.o)
 .text          0x0000071c        0x0 ../libdriver.a(interrupt.o)
 .text          0x0000071c        0x0 ../libdriver.a(sysctl.o)
 .text          0x0000071c        0x0 ../libdriver.a(uart.o)
 .text          0x0000071c        0x0 ../libdriver.a(cpu.o)
 .text          0x0000071c        0x0 c:/users/rajas/downloads/ccs/tools/compiler/gcc-arm-none-eabi-9-2019-q4-major/bin/../lib/gcc/arm-none-eabi/9.2.1/../../../../arm-none-eabi/lib/thumb/v7e-m/nofp\libnosys.a(_exit.o)
 .text          0x0000071c        0x0 c:/users/rajas/downloads/ccs/tools/compiler/gcc-arm-none-eabi-9-2019-q4-major/bin/../lib/gcc/arm-none-eabi/9.2.1/thumb/v7e-m/nofp/crtend.o
 .text          0x0000071c        0x0 c:/users/rajas/downloads/ccs/tools/compiler/gcc-arm-none-eabi-9-2019-q4-major/bin/../lib/gcc/arm-none-eabi/9.2.1/thumb/v7e-m/nofp/crtn.o
 *(.text.*)
 .text.removeWhiteSpaces
                0x0000071c       0x74 ./main.o
                0x0000071c                removeWhiteSpaces
 .text.findColor
                0x00000790       0xb4 ./main.o
                0x00000790                findColor
 .text.findBlinkRate
                0x00000844       0xc8 ./main.o
                0x00000844                findBlinkRate
 .text.read_sw1
                0x0000090c       0x70 ./main.o
                0x0000090c                read_sw1
 .text.read_sw2
                0x0000097c       0xcc ./main.o
                0x0000097c                read_sw2
 .text.processColors
                0x00000a48      0x13c ./main.o
                0x00000a48                processColors
 .text.emptyBuffer
                0x00000b84       0x2c ./main.o
                0x00000b84                emptyBuffer
 .text.StopCommand
                0x00000bb0       0x34 ./main.o
                0x00000bb0                StopCommand
 .text.StartCommand
                0x00000be4       0x40 ./main.o
                0x00000be4                StartCommand
 .text.PauseCommand
                0x00000c24       0x50 ./main.o
                0x00000c24                PauseCommand
 .text.ResumeCommand
                0x00000c74       0x4c ./main.o
                0x00000c74                ResumeCommand
 .text.processEnterKey
                0x00000cc0      0x110 ./main.o
                0x00000cc0                processEnterKey
 .text.processBackSpaceKey
                0x00000dd0       0x40 ./main.o
                0x00000dd0                processBackSpaceKey
 .text.processNormalKey
                0x00000e10       0x94 ./main.o
                0x00000e10                processNormalKey
 .text.processInvalidCommand
                0x00000ea4       0x5c ./main.o
                0x00000ea4                processInvalidCommand
 .text.main     0x00000f00       0xf8 ./main.o
                0x00000f00                main
 .text.delayMs  0x00000ff8       0x90 ./main.o
                0x00000ff8                delayMs
 .text.ResetISR
                0x00001088       0x6c ./tm4c123gh6pm_startup_ccs_gcc.o
                0x00001088                ResetISR
 .text.NmiSR    0x000010f4        0x6 ./tm4c123gh6pm_startup_ccs_gcc.o
 .text.FaultISR
                0x000010fa        0x6 ./tm4c123gh6pm_startup_ccs_gcc.o
 .text.IntDefaultHandler
                0x00001100        0x6 ./tm4c123gh6pm_startup_ccs_gcc.o
 *fill*         0x00001106        0x2 
 .text.exit     0x00001108       0x20 c:/users/rajas/downloads/ccs/tools/compiler/gcc-arm-none-eabi-9-2019-q4-major/bin/../lib/gcc/arm-none-eabi/9.2.1/../../../../arm-none-eabi/lib/thumb/v7e-m/nofp\libc.a(lib_a-exit.o)
                0x00001108                exit
 .text.__libc_init_array
                0x00001128       0x48 c:/users/rajas/downloads/ccs/tools/compiler/gcc-arm-none-eabi-9-2019-q4-major/bin/../lib/gcc/arm-none-eabi/9.2.1/../../../../arm-none-eabi/lib/thumb/v7e-m/nofp\libc.a(lib_a-init.o)
                0x00001128                __libc_init_array
 .text.memset   0x00001170       0xa0 c:/users/rajas/downloads/ccs/tools/compiler/gcc-arm-none-eabi-9-2019-q4-major/bin/../lib/gcc/arm-none-eabi/9.2.1/../../../../arm-none-eabi/lib/thumb/v7e-m/nofp\libc.a(lib_a-memset.o)
                0x00001170                memset
 .text.two_way_long_needle
                0x00001210      0x2b4 c:/users/rajas/downloads/ccs/tools/compiler/gcc-arm-none-eabi-9-2019-q4-major/bin/../lib/gcc/arm-none-eabi/9.2.1/../../../../arm-none-eabi/lib/thumb/v7e-m/nofp\libc.a(lib_a-strstr.o)
 .text.strstr   0x000014c4      0x164 c:/users/rajas/downloads/ccs/tools/compiler/gcc-arm-none-eabi-9-2019-q4-major/bin/../lib/gcc/arm-none-eabi/9.2.1/../../../../arm-none-eabi/lib/thumb/v7e-m/nofp\libc.a(lib_a-strstr.o)
                0x000014c4                strstr
 .text.startup.register_fini
                0x00001628       0x14 c:/users/rajas/downloads/ccs/tools/compiler/gcc-arm-none-eabi-9-2019-q4-major/bin/../lib/gcc/arm-none-eabi/9.2.1/../../../../arm-none-eabi/lib/thumb/v7e-m/nofp\libc.a(lib_a-__call_atexit.o)
 .text.__call_exitprocs
                0x0000163c       0xc4 c:/users/rajas/downloads/ccs/tools/compiler/gcc-arm-none-eabi-9-2019-q4-major/bin/../lib/gcc/arm-none-eabi/9.2.1/../../../../arm-none-eabi/lib/thumb/v7e-m/nofp\libc.a(lib_a-__call_atexit.o)
                0x0000163c                __call_exitprocs
 .text.atexit   0x00001700        0xc c:/users/rajas/downloads/ccs/tools/compiler/gcc-arm-none-eabi-9-2019-q4-major/bin/../lib/gcc/arm-none-eabi/9.2.1/../../../../arm-none-eabi/lib/thumb/v7e-m/nofp\libc.a(lib_a-atexit.o)
                0x00001700                atexit
 .text.__libc_fini_array
                0x0000170c       0x2c c:/users/rajas/downloads/ccs/tools/compiler/gcc-arm-none-eabi-9-2019-q4-major/bin/../lib/gcc/arm-none-eabi/9.2.1/../../../../arm-none-eabi/lib/thumb/v7e-m/nofp\libc.a(lib_a-fini.o)
                0x0000170c                __libc_fini_array
 .text.__retarget_lock_init
                0x00001738        0x4 c:/users/rajas/downloads/ccs/tools/compiler/gcc-arm-none-eabi-9-2019-q4-major/bin/../lib/gcc/arm-none-eabi/9.2.1/../../../../arm-none-eabi/lib/thumb/v7e-m/nofp\libc.a(lib_a-lock.o)
                0x00001738                __retarget_lock_init
 .text.__retarget_lock_init_recursive
                0x0000173c        0x4 c:/users/rajas/downloads/ccs/tools/compiler/gcc-arm-none-eabi-9-2019-q4-major/bin/../lib/gcc/arm-none-eabi/9.2.1/../../../../arm-none-eabi/lib/thumb/v7e-m/nofp\libc.a(lib_a-lock.o)
                0x0000173c                __retarget_lock_init_recursive
 .text.__retarget_lock_close
                0x00001740        0x4 c:/users/rajas/downloads/ccs/tools/compiler/gcc-arm-none-eabi-9-2019-q4-major/bin/../lib/gcc/arm-none-eabi/9.2.1/../../../../arm-none-eabi/lib/thumb/v7e-m/nofp\libc.a(lib_a-lock.o)
                0x00001740                __retarget_lock_close
 .text.__retarget_lock_close_recursive
                0x00001744        0x4 c:/users/rajas/downloads/ccs/tools/compiler/gcc-arm-none-eabi-9-2019-q4-major/bin/../lib/gcc/arm-none-eabi/9.2.1/../../../../arm-none-eabi/lib/thumb/v7e-m/nofp\libc.a(lib_a-lock.o)
                0x00001744                __retarget_lock_close_recursive
 .text.__retarget_lock_acquire
                0x00001748        0x4 c:/users/rajas/downloads/ccs/tools/compiler/gcc-arm-none-eabi-9-2019-q4-major/bin/../lib/gcc/arm-none-eabi/9.2.1/../../../../arm-none-eabi/lib/thumb/v7e-m/nofp\libc.a(lib_a-lock.o)
                0x00001748                __retarget_lock_acquire
 .text.__retarget_lock_acquire_recursive
                0x0000174c        0x4 c:/users/rajas/downloads/ccs/tools/compiler/gcc-arm-none-eabi-9-2019-q4-major/bin/../lib/gcc/arm-none-eabi/9.2.1/../../../../arm-none-eabi/lib/thumb/v7e-m/nofp\libc.a(lib_a-lock.o)
                0x0000174c                __retarget_lock_acquire_recursive
 .text.__retarget_lock_try_acquire
                0x00001750        0x4 c:/users/rajas/downloads/ccs/tools/compiler/gcc-arm-none-eabi-9-2019-q4-major/bin/../lib/gcc/arm-none-eabi/9.2.1/../../../../arm-none-eabi/lib/thumb/v7e-m/nofp\libc.a(lib_a-lock.o)
                0x00001750                __retarget_lock_try_acquire
 .text.__retarget_lock_try_acquire_recursive
                0x00001754        0x4 c:/users/rajas/downloads/ccs/tools/compiler/gcc-arm-none-eabi-9-2019-q4-major/bin/../lib/gcc/arm-none-eabi/9.2.1/../../../../arm-none-eabi/lib/thumb/v7e-m/nofp\libc.a(lib_a-lock.o)
                0x00001754                __retarget_lock_try_acquire_recursive
 .text.__retarget_lock_release
                0x00001758        0x4 c:/users/rajas/downloads/ccs/tools/compiler/gcc-arm-none-eabi-9-2019-q4-major/bin/../lib/gcc/arm-none-eabi/9.2.1/../../../../arm-none-eabi/lib/thumb/v7e-m/nofp\libc.a(lib_a-lock.o)
                0x00001758                __retarget_lock_release
 .text.__retarget_lock_release_recursive
                0x0000175c        0x4 c:/users/rajas/downloads/ccs/tools/compiler/gcc-arm-none-eabi-9-2019-q4-major/bin/../lib/gcc/arm-none-eabi/9.2.1/../../../../arm-none-eabi/lib/thumb/v7e-m/nofp\libc.a(lib_a-lock.o)
                0x0000175c                __retarget_lock_release_recursive
 .text.memcmp   0x00001760       0x60 c:/users/rajas/downloads/ccs/tools/compiler/gcc-arm-none-eabi-9-2019-q4-major/bin/../lib/gcc/arm-none-eabi/9.2.1/../../../../arm-none-eabi/lib/thumb/v7e-m/nofp\libc.a(lib_a-memcmp.o)
                0x00001760                memcmp
 .text.strchr   0x000017c0       0xd0 c:/users/rajas/downloads/ccs/tools/compiler/gcc-arm-none-eabi-9-2019-q4-major/bin/../lib/gcc/arm-none-eabi/9.2.1/../../../../arm-none-eabi/lib/thumb/v7e-m/nofp\libc.a(lib_a-strchr.o)
                0x000017c0                strchr
 .text.strnlen  0x00001890       0x28 c:/users/rajas/downloads/ccs/tools/compiler/gcc-arm-none-eabi-9-2019-q4-major/bin/../lib/gcc/arm-none-eabi/9.2.1/../../../../arm-none-eabi/lib/thumb/v7e-m/nofp\libc.a(lib_a-strnlen.o)
                0x00001890                strnlen
 .text.__register_exitproc
                0x000018b8       0x8c c:/users/rajas/downloads/ccs/tools/compiler/gcc-arm-none-eabi-9-2019-q4-major/bin/../lib/gcc/arm-none-eabi/9.2.1/../../../../arm-none-eabi/lib/thumb/v7e-m/nofp\libc.a(lib_a-__atexit.o)
                0x000018b8                __register_exitproc
 .text._GPIOIntNumberGet
                0x00001944       0x44 ../libdriver.a(gpio.o)
 .text.GPIODirModeSet
                0x00001988       0x26 ../libdriver.a(gpio.o)
                0x00001988                GPIODirModeSet
 .text.GPIODirModeGet
                0x000019ae       0x26 ../libdriver.a(gpio.o)
                0x000019ae                GPIODirModeGet
 .text.GPIOIntTypeSet
                0x000019d4       0x4e ../libdriver.a(gpio.o)
                0x000019d4                GPIOIntTypeSet
 .text.GPIOIntTypeGet
                0x00001a22       0x40 ../libdriver.a(gpio.o)
                0x00001a22                GPIOIntTypeGet
 .text.GPIOPadConfigSet
                0x00001a62      0x106 ../libdriver.a(gpio.o)
                0x00001a62                GPIOPadConfigSet
 .text.GPIOPadConfigGet
                0x00001b68       0xd0 ../libdriver.a(gpio.o)
                0x00001b68                GPIOPadConfigGet
 .text.GPIOIntEnable
                0x00001c38        0xc ../libdriver.a(gpio.o)
                0x00001c38                GPIOIntEnable
 .text.GPIOIntDisable
                0x00001c44        0xe ../libdriver.a(gpio.o)
                0x00001c44                GPIOIntDisable
 .text.GPIOIntStatus
                0x00001c52        0xe ../libdriver.a(gpio.o)
                0x00001c52                GPIOIntStatus
 .text.GPIOIntClear
                0x00001c60        0x6 ../libdriver.a(gpio.o)
                0x00001c60                GPIOIntClear
 .text.GPIOIntRegister
                0x00001c66       0x1c ../libdriver.a(gpio.o)
                0x00001c66                GPIOIntRegister
 .text.GPIOIntUnregister
                0x00001c82       0x16 ../libdriver.a(gpio.o)
                0x00001c82                GPIOIntUnregister
 .text.GPIOPinRead
                0x00001c98        0x6 ../libdriver.a(gpio.o)
                0x00001c98                GPIOPinRead
 .text.GPIOPinWrite
                0x00001c9e        0x6 ../libdriver.a(gpio.o)
                0x00001c9e                GPIOPinWrite
 .text.GPIOPinTypeADC
                0x00001ca4       0x18 ../libdriver.a(gpio.o)
                0x00001ca4                GPIOPinTypeADC
 .text.GPIOPinTypeCAN
                0x00001cbc       0x18 ../libdriver.a(gpio.o)
                0x00001cbc                GPIOPinTypeCAN
 .text.GPIOPinTypeComparator
                0x00001cd4        0x4 ../libdriver.a(gpio.o)
                0x00001cd4                GPIOPinTypeComparator
 .text.GPIOPinTypeEPI
                0x00001cd8        0x4 ../libdriver.a(gpio.o)
                0x00001cd8                GPIOPinTypeEPI
 .text.GPIOPinTypeEthernetLED
                0x00001cdc        0x4 ../libdriver.a(gpio.o)
                0x00001cdc                GPIOPinTypeEthernetLED
 .text.GPIOPinTypeEthernetMII
                0x00001ce0        0x4 ../libdriver.a(gpio.o)
                0x00001ce0                GPIOPinTypeEthernetMII
 .text.GPIOPinTypeGPIOInput
                0x00001ce4       0x18 ../libdriver.a(gpio.o)
                0x00001ce4                GPIOPinTypeGPIOInput
 .text.GPIOPinTypeGPIOOutput
                0x00001cfc       0x18 ../libdriver.a(gpio.o)
                0x00001cfc                GPIOPinTypeGPIOOutput
 .text.GPIOPinTypeGPIOOutputOD
                0x00001d14       0x18 ../libdriver.a(gpio.o)
                0x00001d14                GPIOPinTypeGPIOOutputOD
 .text.GPIOPinTypeI2C
                0x00001d2c       0x18 ../libdriver.a(gpio.o)
                0x00001d2c                GPIOPinTypeI2C
 .text.GPIOPinTypeI2CSCL
                0x00001d44       0x18 ../libdriver.a(gpio.o)
                0x00001d44                GPIOPinTypeI2CSCL
 .text.GPIOPinTypeLCD
                0x00001d5c        0x4 ../libdriver.a(gpio.o)
                0x00001d5c                GPIOPinTypeLCD
 .text.GPIOPinTypeLPC
                0x00001d60        0x4 ../libdriver.a(gpio.o)
                0x00001d60                GPIOPinTypeLPC
 .text.GPIOPinTypePECIRx
                0x00001d64        0x4 ../libdriver.a(gpio.o)
                0x00001d64                GPIOPinTypePECIRx
 .text.GPIOPinTypePECITx
                0x00001d68        0x4 ../libdriver.a(gpio.o)
                0x00001d68                GPIOPinTypePECITx
 .text.GPIOPinTypePWM
                0x00001d6c        0x4 ../libdriver.a(gpio.o)
                0x00001d6c                GPIOPinTypePWM
 .text.GPIOPinTypeQEI
                0x00001d70       0x18 ../libdriver.a(gpio.o)
                0x00001d70                GPIOPinTypeQEI
 .text.GPIOPinTypeSSI
                0x00001d88        0x4 ../libdriver.a(gpio.o)
                0x00001d88                GPIOPinTypeSSI
 .text.GPIOPinTypeTimer
                0x00001d8c        0x4 ../libdriver.a(gpio.o)
                0x00001d8c                GPIOPinTypeTimer
 .text.GPIOPinTypeUART
                0x00001d90        0x4 ../libdriver.a(gpio.o)
                0x00001d90                GPIOPinTypeUART
 .text.GPIOPinTypeUSBAnalog
                0x00001d94        0x4 ../libdriver.a(gpio.o)
                0x00001d94                GPIOPinTypeUSBAnalog
 .text.GPIOPinTypeUSBDigital
                0x00001d98        0x4 ../libdriver.a(gpio.o)
                0x00001d98                GPIOPinTypeUSBDigital
 .text.GPIOPinTypeWakeHigh
                0x00001d9c       0x1a ../libdriver.a(gpio.o)
                0x00001d9c                GPIOPinTypeWakeHigh
 .text.GPIOPinTypeWakeLow
                0x00001db6       0x1a ../libdriver.a(gpio.o)
                0x00001db6                GPIOPinTypeWakeLow
 .text.GPIOPinTypeKBRow
                0x00001dd0        0x4 ../libdriver.a(gpio.o)
                0x00001dd0                GPIOPinTypeKBRow
 .text.GPIOPinTypeKBColumn
                0x00001dd4        0x4 ../libdriver.a(gpio.o)
                0x00001dd4                GPIOPinTypeKBColumn
 .text.GPIOPinTypeLEDSeq
                0x00001dd8        0x4 ../libdriver.a(gpio.o)
                0x00001dd8                GPIOPinTypeLEDSeq
 .text.GPIOPinTypeCIR
                0x00001ddc        0x4 ../libdriver.a(gpio.o)
                0x00001ddc                GPIOPinTypeCIR
 .text.GPIOPinWakeStatus
                0x00001de0        0x6 ../libdriver.a(gpio.o)
                0x00001de0                GPIOPinWakeStatus
 *fill*         0x00001de6        0x2 
 .text.GPIOPinConfigure
                0x00001de8       0x44 ../libdriver.a(gpio.o)
                0x00001de8                GPIOPinConfigure
 .text.GPIODMATriggerEnable
                0x00001e2c        0xc ../libdriver.a(gpio.o)
                0x00001e2c                GPIODMATriggerEnable
 .text.GPIODMATriggerDisable
                0x00001e38        0xe ../libdriver.a(gpio.o)
                0x00001e38                GPIODMATriggerDisable
 .text.GPIOADCTriggerEnable
                0x00001e46        0xc ../libdriver.a(gpio.o)
                0x00001e46                GPIOADCTriggerEnable
 .text.GPIOADCTriggerDisable
                0x00001e52        0xe ../libdriver.a(gpio.o)
                0x00001e52                GPIOADCTriggerDisable
 .text._IntDefaultHandler
                0x00001e60        0x2 ../libdriver.a(interrupt.o)
 .text.IntMasterEnable
                0x00001e62        0xe ../libdriver.a(interrupt.o)
                0x00001e62                IntMasterEnable
 .text.IntMasterDisable
                0x00001e70        0xe ../libdriver.a(interrupt.o)
                0x00001e70                IntMasterDisable
 *fill*         0x00001e7e        0x2 
 .text.IntRegister
                0x00001e80       0x38 ../libdriver.a(interrupt.o)
                0x00001e80                IntRegister
 .text.IntUnregister
                0x00001eb8       0x14 ../libdriver.a(interrupt.o)
                0x00001eb8                IntUnregister
 .text.IntPriorityGroupingSet
                0x00001ecc       0x1c ../libdriver.a(interrupt.o)
                0x00001ecc                IntPriorityGroupingSet
 .text.IntPriorityGroupingGet
                0x00001ee8       0x24 ../libdriver.a(interrupt.o)
                0x00001ee8                IntPriorityGroupingGet
 .text.IntPrioritySet
                0x00001f0c       0x28 ../libdriver.a(interrupt.o)
                0x00001f0c                IntPrioritySet
 .text.IntPriorityGet
                0x00001f34       0x1c ../libdriver.a(interrupt.o)
                0x00001f34                IntPriorityGet
 .text.IntEnable
                0x00001f50       0x60 ../libdriver.a(interrupt.o)
                0x00001f50                IntEnable
 .text.IntDisable
                0x00001fb0       0x60 ../libdriver.a(interrupt.o)
                0x00001fb0                IntDisable
 .text.IntIsEnabled
                0x00002010       0x64 ../libdriver.a(interrupt.o)
                0x00002010                IntIsEnabled
 .text.IntPendSet
                0x00002074       0x50 ../libdriver.a(interrupt.o)
                0x00002074                IntPendSet
 .text.IntPendClear
                0x000020c4       0x40 ../libdriver.a(interrupt.o)
                0x000020c4                IntPendClear
 .text.IntPriorityMaskSet
                0x00002104        0x4 ../libdriver.a(interrupt.o)
                0x00002104                IntPriorityMaskSet
 .text.IntPriorityMaskGet
                0x00002108        0x4 ../libdriver.a(interrupt.o)
                0x00002108                IntPriorityMaskGet
 .text.IntTrigger
                0x0000210c        0xc ../libdriver.a(interrupt.o)
                0x0000210c                IntTrigger
 .text._SysCtlMemTimingGet
                0x00002118       0x64 ../libdriver.a(sysctl.o)
 .text.SysCtlSRAMSizeGet
                0x0000217c       0x10 ../libdriver.a(sysctl.o)
                0x0000217c                SysCtlSRAMSizeGet
 .text.SysCtlFlashSizeGet
                0x0000218c       0x44 ../libdriver.a(sysctl.o)
                0x0000218c                SysCtlFlashSizeGet
 .text.SysCtlFlashSectorSizeGet
                0x000021d0       0x38 ../libdriver.a(sysctl.o)
                0x000021d0                SysCtlFlashSectorSizeGet
 .text.SysCtlPeripheralPresent
                0x00002208       0x24 ../libdriver.a(sysctl.o)
                0x00002208                SysCtlPeripheralPresent
 .text.SysCtlPeripheralReady
                0x0000222c       0x24 ../libdriver.a(sysctl.o)
                0x0000222c                SysCtlPeripheralReady
 .text.SysCtlPeripheralPowerOn
                0x00002250       0x20 ../libdriver.a(sysctl.o)
                0x00002250                SysCtlPeripheralPowerOn
 .text.SysCtlPeripheralPowerOff
                0x00002270       0x20 ../libdriver.a(sysctl.o)
                0x00002270                SysCtlPeripheralPowerOff
 .text.SysCtlPeripheralReset
                0x00002290       0x38 ../libdriver.a(sysctl.o)
                0x00002290                SysCtlPeripheralReset
 .text.SysCtlPeripheralEnable
                0x000022c8       0x20 ../libdriver.a(sysctl.o)
                0x000022c8                SysCtlPeripheralEnable
 .text.SysCtlPeripheralDisable
                0x000022e8       0x20 ../libdriver.a(sysctl.o)
                0x000022e8                SysCtlPeripheralDisable
 .text.SysCtlPeripheralSleepEnable
                0x00002308       0x20 ../libdriver.a(sysctl.o)
                0x00002308                SysCtlPeripheralSleepEnable
 .text.SysCtlPeripheralSleepDisable
                0x00002328       0x20 ../libdriver.a(sysctl.o)
                0x00002328                SysCtlPeripheralSleepDisable
 .text.SysCtlPeripheralDeepSleepEnable
                0x00002348       0x20 ../libdriver.a(sysctl.o)
                0x00002348                SysCtlPeripheralDeepSleepEnable
 .text.SysCtlPeripheralDeepSleepDisable
                0x00002368       0x20 ../libdriver.a(sysctl.o)
                0x00002368                SysCtlPeripheralDeepSleepDisable
 .text.SysCtlPeripheralClockGating
                0x00002388       0x48 ../libdriver.a(sysctl.o)
                0x00002388                SysCtlPeripheralClockGating
 .text.SysCtlIntRegister
                0x000023d0       0x14 ../libdriver.a(sysctl.o)
                0x000023d0                SysCtlIntRegister
 .text.SysCtlIntUnregister
                0x000023e4       0x12 ../libdriver.a(sysctl.o)
                0x000023e4                SysCtlIntUnregister
 *fill*         0x000023f6        0x2 
 .text.SysCtlIntEnable
                0x000023f8       0x10 ../libdriver.a(sysctl.o)
                0x000023f8                SysCtlIntEnable
 .text.SysCtlIntDisable
                0x00002408       0x10 ../libdriver.a(sysctl.o)
                0x00002408                SysCtlIntDisable
 .text.SysCtlIntClear
                0x00002418        0xc ../libdriver.a(sysctl.o)
                0x00002418                SysCtlIntClear
 .text.SysCtlIntStatus
                0x00002424       0x14 ../libdriver.a(sysctl.o)
                0x00002424                SysCtlIntStatus
 .text.SysCtlLDOSleepSet
                0x00002438        0xc ../libdriver.a(sysctl.o)
                0x00002438                SysCtlLDOSleepSet
 .text.SysCtlLDOSleepGet
                0x00002444        0xc ../libdriver.a(sysctl.o)
                0x00002444                SysCtlLDOSleepGet
 .text.SysCtlLDODeepSleepSet
                0x00002450        0xc ../libdriver.a(sysctl.o)
                0x00002450                SysCtlLDODeepSleepSet
 .text.SysCtlLDODeepSleepGet
                0x0000245c        0xc ../libdriver.a(sysctl.o)
                0x0000245c                SysCtlLDODeepSleepGet
 .text.SysCtlSleepPowerSet
                0x00002468        0xc ../libdriver.a(sysctl.o)
                0x00002468                SysCtlSleepPowerSet
 .text.SysCtlDeepSleepPowerSet
                0x00002474        0xc ../libdriver.a(sysctl.o)
                0x00002474                SysCtlDeepSleepPowerSet
 .text.SysCtlReset
                0x00002480       0x10 ../libdriver.a(sysctl.o)
                0x00002480                SysCtlReset
 .text.SysCtlSleep
                0x00002490        0x4 ../libdriver.a(sysctl.o)
                0x00002490                SysCtlSleep
 .text.SysCtlDeepSleep
                0x00002494       0x20 ../libdriver.a(sysctl.o)
                0x00002494                SysCtlDeepSleep
 .text.SysCtlResetCauseGet
                0x000024b4        0xc ../libdriver.a(sysctl.o)
                0x000024b4                SysCtlResetCauseGet
 .text.SysCtlResetCauseClear
                0x000024c0       0x10 ../libdriver.a(sysctl.o)
                0x000024c0                SysCtlResetCauseClear
 .text.SysCtlDelay
                0x000024d0        0x8 ../libdriver.a(sysctl.o)
                0x000024d0                SysCtlDelay
 .text.SysCtlMOSCConfigSet
                0x000024d8        0xc ../libdriver.a(sysctl.o)
                0x000024d8                SysCtlMOSCConfigSet
 .text.SysCtlPIOSCCalibrate
                0x000024e4       0x48 ../libdriver.a(sysctl.o)
                0x000024e4                SysCtlPIOSCCalibrate
 .text.SysCtlResetBehaviorSet
                0x0000252c        0xc ../libdriver.a(sysctl.o)
                0x0000252c                SysCtlResetBehaviorSet
 .text.SysCtlResetBehaviorGet
                0x00002538        0xc ../libdriver.a(sysctl.o)
                0x00002538                SysCtlResetBehaviorGet
 .text.SysCtlClockFreqSet
                0x00002544      0x234 ../libdriver.a(sysctl.o)
                0x00002544                SysCtlClockFreqSet
 .text.SysCtlClockSet
                0x00002778      0x114 ../libdriver.a(sysctl.o)
                0x00002778                SysCtlClockSet
 .text.SysCtlClockGet
                0x0000288c      0x160 ../libdriver.a(sysctl.o)
                0x0000288c                SysCtlClockGet
 .text.SysCtlDeepSleepClockSet
                0x000029ec        0xc ../libdriver.a(sysctl.o)
                0x000029ec                SysCtlDeepSleepClockSet
 .text.SysCtlDeepSleepClockConfigSet
                0x000029f8       0x60 ../libdriver.a(sysctl.o)
                0x000029f8                SysCtlDeepSleepClockConfigSet
 .text.SysCtlPWMClockSet
                0x00002a58       0x14 ../libdriver.a(sysctl.o)
                0x00002a58                SysCtlPWMClockSet
 .text.SysCtlPWMClockGet
                0x00002a6c       0x18 ../libdriver.a(sysctl.o)
                0x00002a6c                SysCtlPWMClockGet
 .text.SysCtlGPIOAHBEnable
                0x00002a84       0x18 ../libdriver.a(sysctl.o)
                0x00002a84                SysCtlGPIOAHBEnable
 .text.SysCtlGPIOAHBDisable
                0x00002a9c       0x1c ../libdriver.a(sysctl.o)
                0x00002a9c                SysCtlGPIOAHBDisable
 .text.SysCtlUSBPLLEnable
                0x00002ab8       0x10 ../libdriver.a(sysctl.o)
                0x00002ab8                SysCtlUSBPLLEnable
 .text.SysCtlUSBPLLDisable
                0x00002ac8       0x10 ../libdriver.a(sysctl.o)
                0x00002ac8                SysCtlUSBPLLDisable
 .text.SysCtlVoltageEventConfig
                0x00002ad8        0xc ../libdriver.a(sysctl.o)
                0x00002ad8                SysCtlVoltageEventConfig
 .text.SysCtlVoltageEventStatus
                0x00002ae4        0xc ../libdriver.a(sysctl.o)
                0x00002ae4                SysCtlVoltageEventStatus
 .text.SysCtlVoltageEventClear
                0x00002af0       0x10 ../libdriver.a(sysctl.o)
                0x00002af0                SysCtlVoltageEventClear
 .text.SysCtlNMIStatus
                0x00002b00        0xc ../libdriver.a(sysctl.o)
                0x00002b00                SysCtlNMIStatus
 .text.SysCtlNMIClear
                0x00002b0c       0x10 ../libdriver.a(sysctl.o)
                0x00002b0c                SysCtlNMIClear
 .text.SysCtlClockOutConfig
                0x00002b1c       0x10 ../libdriver.a(sysctl.o)
                0x00002b1c                SysCtlClockOutConfig
 .text.SysCtlAltClkConfig
                0x00002b2c        0xc ../libdriver.a(sysctl.o)
                0x00002b2c                SysCtlAltClkConfig
 .text._UARTIntNumberGet
                0x00002b38       0x44 ../libdriver.a(uart.o)
 .text.UARTParityModeSet
                0x00002b7c        0xc ../libdriver.a(uart.o)
                0x00002b7c                UARTParityModeSet
 .text.UARTParityModeGet
                0x00002b88        0x8 ../libdriver.a(uart.o)
                0x00002b88                UARTParityModeGet
 .text.UARTFIFOLevelSet
                0x00002b90        0x6 ../libdriver.a(uart.o)
                0x00002b90                UARTFIFOLevelSet
 .text.UARTFIFOLevelGet
                0x00002b96       0x10 ../libdriver.a(uart.o)
                0x00002b96                UARTFIFOLevelGet
 .text.UARTConfigGetExpClk
                0x00002ba6       0x26 ../libdriver.a(uart.o)
                0x00002ba6                UARTConfigGetExpClk
 .text.UARTEnable
                0x00002bcc       0x16 ../libdriver.a(uart.o)
                0x00002bcc                UARTEnable
 .text.UARTDisable
                0x00002be2       0x1c ../libdriver.a(uart.o)
                0x00002be2                UARTDisable
 .text.UARTConfigSetExpClk
                0x00002bfe       0x46 ../libdriver.a(uart.o)
                0x00002bfe                UARTConfigSetExpClk
 .text.UARTFIFOEnable
                0x00002c44        0xa ../libdriver.a(uart.o)
                0x00002c44                UARTFIFOEnable
 .text.UARTFIFODisable
                0x00002c4e        0xa ../libdriver.a(uart.o)
                0x00002c4e                UARTFIFODisable
 .text.UARTEnableSIR
                0x00002c58       0x12 ../libdriver.a(uart.o)
                0x00002c58                UARTEnableSIR
 .text.UARTDisableSIR
                0x00002c6a        0xa ../libdriver.a(uart.o)
                0x00002c6a                UARTDisableSIR
 .text.UARTSmartCardEnable
                0x00002c74       0x16 ../libdriver.a(uart.o)
                0x00002c74                UARTSmartCardEnable
 .text.UARTSmartCardDisable
                0x00002c8a        0xa ../libdriver.a(uart.o)
                0x00002c8a                UARTSmartCardDisable
 .text.UARTModemControlSet
                0x00002c94        0xc ../libdriver.a(uart.o)
                0x00002c94                UARTModemControlSet
 .text.UARTModemControlClear
                0x00002ca0        0xe ../libdriver.a(uart.o)
                0x00002ca0                UARTModemControlClear
 .text.UARTModemControlGet
                0x00002cae        0x8 ../libdriver.a(uart.o)
                0x00002cae                UARTModemControlGet
 .text.UARTModemStatusGet
                0x00002cb6        0xc ../libdriver.a(uart.o)
                0x00002cb6                UARTModemStatusGet
 .text.UARTFlowControlSet
                0x00002cc2        0xc ../libdriver.a(uart.o)
                0x00002cc2                UARTFlowControlSet
 .text.UARTFlowControlGet
                0x00002cce        0x8 ../libdriver.a(uart.o)
                0x00002cce                UARTFlowControlGet
 .text.UARTTxIntModeSet
                0x00002cd6        0xc ../libdriver.a(uart.o)
                0x00002cd6                UARTTxIntModeSet
 .text.UARTTxIntModeGet
                0x00002ce2        0x8 ../libdriver.a(uart.o)
                0x00002ce2                UARTTxIntModeGet
 .text.UARTCharsAvail
                0x00002cea        0xc ../libdriver.a(uart.o)
                0x00002cea                UARTCharsAvail
 .text.UARTSpaceAvail
                0x00002cf6        0xc ../libdriver.a(uart.o)
                0x00002cf6                UARTSpaceAvail
 .text.UARTCharGetNonBlocking
                0x00002d02        0xe ../libdriver.a(uart.o)
                0x00002d02                UARTCharGetNonBlocking
 .text.UARTCharGet
                0x00002d10        0xa ../libdriver.a(uart.o)
                0x00002d10                UARTCharGet
 .text.UARTCharPutNonBlocking
                0x00002d1a        0xe ../libdriver.a(uart.o)
                0x00002d1a                UARTCharPutNonBlocking
 .text.UARTCharPut
                0x00002d28        0xa ../libdriver.a(uart.o)
                0x00002d28                UARTCharPut
 .text.UARTBreakCtl
                0x00002d32       0x12 ../libdriver.a(uart.o)
                0x00002d32                UARTBreakCtl
 .text.UARTBusy
                0x00002d44        0x8 ../libdriver.a(uart.o)
                0x00002d44                UARTBusy
 .text.UARTIntRegister
                0x00002d4c       0x1c ../libdriver.a(uart.o)
                0x00002d4c                UARTIntRegister
 .text.UARTIntUnregister
                0x00002d68       0x16 ../libdriver.a(uart.o)
                0x00002d68                UARTIntUnregister
 .text.UARTIntEnable
                0x00002d7e        0x8 ../libdriver.a(uart.o)
                0x00002d7e                UARTIntEnable
 .text.UARTIntDisable
                0x00002d86        0xa ../libdriver.a(uart.o)
                0x00002d86                UARTIntDisable
 .text.UARTIntStatus
                0x00002d90        0xa ../libdriver.a(uart.o)
                0x00002d90                UARTIntStatus
 .text.UARTIntClear
                0x00002d9a        0x4 ../libdriver.a(uart.o)
                0x00002d9a                UARTIntClear
 .text.UARTDMAEnable
                0x00002d9e        0x8 ../libdriver.a(uart.o)
                0x00002d9e                UARTDMAEnable
 .text.UARTDMADisable
                0x00002da6        0xa ../libdriver.a(uart.o)
                0x00002da6                UARTDMADisable
 .text.UARTRxErrorGet
                0x00002db0        0x8 ../libdriver.a(uart.o)
                0x00002db0                UARTRxErrorGet
 .text.UARTRxErrorClear
                0x00002db8        0x6 ../libdriver.a(uart.o)
                0x00002db8                UARTRxErrorClear
 .text.UARTClockSourceSet
                0x00002dbe        0x6 ../libdriver.a(uart.o)
                0x00002dbe                UARTClockSourceSet
 .text.UARTClockSourceGet
                0x00002dc4        0x6 ../libdriver.a(uart.o)
                0x00002dc4                UARTClockSourceGet
 .text.UART9BitEnable
                0x00002dca        0xe ../libdriver.a(uart.o)
                0x00002dca                UART9BitEnable
 .text.UART9BitDisable
                0x00002dd8        0xe ../libdriver.a(uart.o)
                0x00002dd8                UART9BitDisable
 .text.UART9BitAddrSet
                0x00002de6        0xa ../libdriver.a(uart.o)
                0x00002de6                UART9BitAddrSet
 .text.UART9BitAddrSend
                0x00002df0       0x2c ../libdriver.a(uart.o)
                0x00002df0                UART9BitAddrSend
 .text.CPUcpsid
                0x00002e1c        0x8 ../libdriver.a(cpu.o)
                0x00002e1c                CPUcpsid
 .text.CPUprimask
                0x00002e24        0x6 ../libdriver.a(cpu.o)
                0x00002e24                CPUprimask
 .text.CPUcpsie
                0x00002e2a        0x8 ../libdriver.a(cpu.o)
                0x00002e2a                CPUcpsie
 .text.CPUwfi   0x00002e32        0x4 ../libdriver.a(cpu.o)
                0x00002e32                CPUwfi
 .text.CPUbasepriSet
                0x00002e36        0x6 ../libdriver.a(cpu.o)
                0x00002e36                CPUbasepriSet
 .text.CPUbasepriGet
                0x00002e3c        0x6 ../libdriver.a(cpu.o)
                0x00002e3c                CPUbasepriGet
 *fill*         0x00002e42        0x2 
 .text._exit    0x00002e44        0x4 c:/users/rajas/downloads/ccs/tools/compiler/gcc-arm-none-eabi-9-2019-q4-major/bin/../lib/gcc/arm-none-eabi/9.2.1/../../../../arm-none-eabi/lib/thumb/v7e-m/nofp\libnosys.a(_exit.o)
                0x00002e44                _exit
                0x00002e48                . = ALIGN (0x4)
 *(.ctors)
                0x00002e48                . = ALIGN (0x4)
 *(.dtors)
                0x00002e48                . = ALIGN (0x4)
                0x00002e48                __init_array_start = .
 *(.init_array*)
 .init_array    0x00002e48        0x4 c:/users/rajas/downloads/ccs/tools/compiler/gcc-arm-none-eabi-9-2019-q4-major/bin/../lib/gcc/arm-none-eabi/9.2.1/thumb/v7e-m/nofp/crtbegin.o
 .init_array.00000
                0x00002e4c        0x4 c:/users/rajas/downloads/ccs/tools/compiler/gcc-arm-none-eabi-9-2019-q4-major/bin/../lib/gcc/arm-none-eabi/9.2.1/../../../../arm-none-eabi/lib/thumb/v7e-m/nofp\libc.a(lib_a-__call_atexit.o)
                0x00002e50                __init_array_end = .
 *(.init)
 .init          0x00002e50        0x4 c:/users/rajas/downloads/ccs/tools/compiler/gcc-arm-none-eabi-9-2019-q4-major/bin/../lib/gcc/arm-none-eabi/9.2.1/thumb/v7e-m/nofp/crti.o
                0x00002e50                _init
 .init          0x00002e54        0x8 c:/users/rajas/downloads/ccs/tools/compiler/gcc-arm-none-eabi-9-2019-q4-major/bin/../lib/gcc/arm-none-eabi/9.2.1/thumb/v7e-m/nofp/crtn.o
 *(.fini*)
 .fini          0x00002e5c        0x4 c:/users/rajas/downloads/ccs/tools/compiler/gcc-arm-none-eabi-9-2019-q4-major/bin/../lib/gcc/arm-none-eabi/9.2.1/thumb/v7e-m/nofp/crti.o
                0x00002e5c                _fini
 .fini_array    0x00002e60        0x4 c:/users/rajas/downloads/ccs/tools/compiler/gcc-arm-none-eabi-9-2019-q4-major/bin/../lib/gcc/arm-none-eabi/9.2.1/thumb/v7e-m/nofp/crtbegin.o
 .fini          0x00002e64        0x8 c:/users/rajas/downloads/ccs/tools/compiler/gcc-arm-none-eabi-9-2019-q4-major/bin/../lib/gcc/arm-none-eabi/9.2.1/thumb/v7e-m/nofp/crtn.o
                [!provide]                PROVIDE (__etext = .)
                [!provide]                PROVIDE (_etext = .)
                [!provide]                PROVIDE (etext = .)

.glue_7         0x00002e6c        0x0
 .glue_7        0x00002e6c        0x0 linker stubs

.glue_7t        0x00002e6c        0x0
 .glue_7t       0x00002e6c        0x0 linker stubs

.vfp11_veneer   0x00002e6c        0x0
 .vfp11_veneer  0x00002e6c        0x0 linker stubs

.v4_bx          0x00002e6c        0x0
 .v4_bx         0x00002e6c        0x0 linker stubs

.iplt           0x00002e6c        0x0
 .iplt          0x00002e6c        0x0 c:/users/rajas/downloads/ccs/tools/compiler/gcc-arm-none-eabi-9-2019-q4-major/bin/../lib/gcc/arm-none-eabi/9.2.1/thumb/v7e-m/nofp/crtbegin.o

.rodata         0x00002e6c      0x7c0
 *(.rodata)
 .rodata        0x00002e6c      0x155 ./main.o
 *(.rodata*)
 *fill*         0x00002fc1        0x3 
 .rodata._ctype_
                0x00002fc4      0x101 c:/users/rajas/downloads/ccs/tools/compiler/gcc-arm-none-eabi-9-2019-q4-major/bin/../lib/gcc/arm-none-eabi/9.2.1/../../../../arm-none-eabi/lib/thumb/v7e-m/nofp\libc.a(lib_a-ctype_.o)
                0x00002fc4                _ctype_
 *fill*         0x000030c5        0x3 
 .rodata._global_impure_ptr
                0x000030c8        0x4 c:/users/rajas/downloads/ccs/tools/compiler/gcc-arm-none-eabi-9-2019-q4-major/bin/../lib/gcc/arm-none-eabi/9.2.1/../../../../arm-none-eabi/lib/thumb/v7e-m/nofp\libc.a(lib_a-impure.o)
                0x000030c8                _global_impure_ptr
 .rodata.g_ppui32GPIOIntMapBlizzard
                0x000030cc       0xc0 ../libdriver.a(gpio.o)
 .rodata.g_ppui32GPIOIntMapSnowflake
                0x0000318c       0xc0 ../libdriver.a(gpio.o)
 .rodata.g_pui32GPIOBaseAddrs
                0x0000324c       0x90 ../libdriver.a(gpio.o)
 .rodata.g_pui32Dii16Regs
                0x000032dc       0x14 ../libdriver.a(interrupt.o)
 .rodata.g_pui32EnRegs
                0x000032f0       0x14 ../libdriver.a(interrupt.o)
 .rodata.g_pui32PendRegs
                0x00003304       0x14 ../libdriver.a(interrupt.o)
 .rodata.g_pui32Priority
                0x00003318       0x20 ../libdriver.a(interrupt.o)
 .rodata.g_pui32Regs
                0x00003338       0x9c ../libdriver.a(interrupt.o)
 .rodata.g_pui32UnpendRegs
                0x000033d4       0x14 ../libdriver.a(interrupt.o)
 .rodata.g_pppui32XTALtoVCO
                0x000033e8      0x120 ../libdriver.a(sysctl.o)
 .rodata.g_pui32VCOFrequencies
                0x00003508        0x8 ../libdriver.a(sysctl.o)
 .rodata.g_pui32Xtals
                0x00003510       0x6c ../libdriver.a(sysctl.o)
 .rodata.g_sXTALtoMEMTIM
                0x0000357c       0x30 ../libdriver.a(sysctl.o)
 .rodata.g_ppui32UARTIntMap
                0x000035ac       0x40 ../libdriver.a(uart.o)
 .rodata.g_ppui32UARTIntMapSnowflake
                0x000035ec       0x40 ../libdriver.a(uart.o)

.eh_frame       0x0000362c        0x4
 .eh_frame      0x0000362c        0x0 c:/users/rajas/downloads/ccs/tools/compiler/gcc-arm-none-eabi-9-2019-q4-major/bin/../lib/gcc/arm-none-eabi/9.2.1/thumb/v7e-m/nofp/crtbegin.o
 .eh_frame      0x0000362c        0x4 c:/users/rajas/downloads/ccs/tools/compiler/gcc-arm-none-eabi-9-2019-q4-major/bin/../lib/gcc/arm-none-eabi/9.2.1/thumb/v7e-m/nofp/crtend.o

.data           0x20000000      0x43c load address 0x00003630
                0x00003630                __data_load__ = LOADADDR (.data)
                0x20000000                __data_start__ = .
 *(.data)
 .data          0x20000000        0x0 c:/users/rajas/downloads/ccs/tools/compiler/gcc-arm-none-eabi-9-2019-q4-major/bin/../lib/gcc/arm-none-eabi/9.2.1/thumb/v7e-m/nofp/crti.o
 .data          0x20000000        0x4 c:/users/rajas/downloads/ccs/tools/compiler/gcc-arm-none-eabi-9-2019-q4-major/bin/../lib/gcc/arm-none-eabi/9.2.1/thumb/v7e-m/nofp/crtbegin.o
                0x20000000                __dso_handle
 .data          0x20000004        0x0 c:/users/rajas/downloads/ccs/tools/compiler/gcc-arm-none-eabi-9-2019-q4-major/bin/../lib/gcc/arm-none-eabi/9.2.1/../../../../arm-none-eabi/lib/thumb/v7e-m/nofp/crt0.o
 .data          0x20000004        0x0 ./main.o
 .data          0x20000004        0x0 ./tm4c123gh6pm_startup_ccs_gcc.o
 .data          0x20000004        0x0 c:/users/rajas/downloads/ccs/tools/compiler/gcc-arm-none-eabi-9-2019-q4-major/bin/../lib/gcc/arm-none-eabi/9.2.1/../../../../arm-none-eabi/lib/thumb/v7e-m/nofp\libc.a(lib_a-ctype_.o)
 .data          0x20000004        0x0 c:/users/rajas/downloads/ccs/tools/compiler/gcc-arm-none-eabi-9-2019-q4-major/bin/../lib/gcc/arm-none-eabi/9.2.1/../../../../arm-none-eabi/lib/thumb/v7e-m/nofp\libc.a(lib_a-exit.o)
 .data          0x20000004        0x0 c:/users/rajas/downloads/ccs/tools/compiler/gcc-arm-none-eabi-9-2019-q4-major/bin/../lib/gcc/arm-none-eabi/9.2.1/../../../../arm-none-eabi/lib/thumb/v7e-m/nofp\libc.a(lib_a-impure.o)
 .data          0x20000004        0x0 c:/users/rajas/downloads/ccs/tools/compiler/gcc-arm-none-eabi-9-2019-q4-major/bin/../lib/gcc/arm-none-eabi/9.2.1/../../../../arm-none-eabi/lib/thumb/v7e-m/nofp\libc.a(lib_a-init.o)
 .data          0x20000004        0x0 c:/users/rajas/downloads/ccs/tools/compiler/gcc-arm-none-eabi-9-2019-q4-major/bin/../lib/gcc/arm-none-eabi/9.2.1/../../../../arm-none-eabi/lib/thumb/v7e-m/nofp\libc.a(lib_a-memset.o)
 .data          0x20000004        0x0 c:/users/rajas/downloads/ccs/tools/compiler/gcc-arm-none-eabi-9-2019-q4-major/bin/../lib/gcc/arm-none-eabi/9.2.1/../../../../arm-none-eabi/lib/thumb/v7e-m/nofp\libc.a(lib_a-strcmp.o)
 .data          0x20000004        0x0 c:/users/rajas/downloads/ccs/tools/compiler/gcc-arm-none-eabi-9-2019-q4-major/bin/../lib/gcc/arm-none-eabi/9.2.1/../../../../arm-none-eabi/lib/thumb/v7e-m/nofp\libc.a(lib_a-strstr.o)
 .data          0x20000004        0x0 c:/users/rajas/downloads/ccs/tools/compiler/gcc-arm-none-eabi-9-2019-q4-major/bin/../lib/gcc/arm-none-eabi/9.2.1/../../../../arm-none-eabi/lib/thumb/v7e-m/nofp\libc.a(lib_a-__call_atexit.o)
 .data          0x20000004        0x0 c:/users/rajas/downloads/ccs/tools/compiler/gcc-arm-none-eabi-9-2019-q4-major/bin/../lib/gcc/arm-none-eabi/9.2.1/../../../../arm-none-eabi/lib/thumb/v7e-m/nofp\libc.a(lib_a-atexit.o)
 .data          0x20000004        0x0 c:/users/rajas/downloads/ccs/tools/compiler/gcc-arm-none-eabi-9-2019-q4-major/bin/../lib/gcc/arm-none-eabi/9.2.1/../../../../arm-none-eabi/lib/thumb/v7e-m/nofp\libc.a(lib_a-fini.o)
 .data          0x20000004        0x0 c:/users/rajas/downloads/ccs/tools/compiler/gcc-arm-none-eabi-9-2019-q4-major/bin/../lib/gcc/arm-none-eabi/9.2.1/../../../../arm-none-eabi/lib/thumb/v7e-m/nofp\libc.a(lib_a-lock.o)
 .data          0x20000004        0x0 c:/users/rajas/downloads/ccs/tools/compiler/gcc-arm-none-eabi-9-2019-q4-major/bin/../lib/gcc/arm-none-eabi/9.2.1/../../../../arm-none-eabi/lib/thumb/v7e-m/nofp\libc.a(lib_a-memcmp.o)
 .data          0x20000004        0x0 c:/users/rajas/downloads/ccs/tools/compiler/gcc-arm-none-eabi-9-2019-q4-major/bin/../lib/gcc/arm-none-eabi/9.2.1/../../../../arm-none-eabi/lib/thumb/v7e-m/nofp\libc.a(lib_a-strchr.o)
 .data          0x20000004        0x0 c:/users/rajas/downloads/ccs/tools/compiler/gcc-arm-none-eabi-9-2019-q4-major/bin/../lib/gcc/arm-none-eabi/9.2.1/../../../../arm-none-eabi/lib/thumb/v7e-m/nofp\libc.a(lib_a-strlen.o)
 .data          0x20000004        0x0 c:/users/rajas/downloads/ccs/tools/compiler/gcc-arm-none-eabi-9-2019-q4-major/bin/../lib/gcc/arm-none-eabi/9.2.1/../../../../arm-none-eabi/lib/thumb/v7e-m/nofp\libc.a(lib_a-strnlen.o)
 .data          0x20000004        0x0 c:/users/rajas/downloads/ccs/tools/compiler/gcc-arm-none-eabi-9-2019-q4-major/bin/../lib/gcc/arm-none-eabi/9.2.1/../../../../arm-none-eabi/lib/thumb/v7e-m/nofp\libc.a(lib_a-__atexit.o)
 .data          0x20000004        0x0 ../libdriver.a(gpio.o)
 .data          0x20000004        0x0 ../libdriver.a(interrupt.o)
 .data          0x20000004        0x0 ../libdriver.a(sysctl.o)
 .data          0x20000004        0x0 ../libdriver.a(uart.o)
 .data          0x20000004        0x0 ../libdriver.a(cpu.o)
 .data          0x20000004        0x0 c:/users/rajas/downloads/ccs/tools/compiler/gcc-arm-none-eabi-9-2019-q4-major/bin/../lib/gcc/arm-none-eabi/9.2.1/../../../../arm-none-eabi/lib/thumb/v7e-m/nofp\libnosys.a(_exit.o)
 .data          0x20000004        0x0 c:/users/rajas/downloads/ccs/tools/compiler/gcc-arm-none-eabi-9-2019-q4-major/bin/../lib/gcc/arm-none-eabi/9.2.1/thumb/v7e-m/nofp/crtend.o
 .data          0x20000004        0x0 c:/users/rajas/downloads/ccs/tools/compiler/gcc-arm-none-eabi-9-2019-q4-major/bin/../lib/gcc/arm-none-eabi/9.2.1/thumb/v7e-m/nofp/crtn.o
 *(.data*)
 .data.Blink_Delay
                0x20000004        0x4 ./main.o
                0x20000004                Blink_Delay
 .data.Blink_Delay_Pause
                0x20000008        0x4 ./main.o
                0x20000008                Blink_Delay_Pause
 .data._impure_ptr
                0x2000000c        0x4 c:/users/rajas/downloads/ccs/tools/compiler/gcc-arm-none-eabi-9-2019-q4-major/bin/../lib/gcc/arm-none-eabi/9.2.1/../../../../arm-none-eabi/lib/thumb/v7e-m/nofp\libc.a(lib_a-impure.o)
                0x2000000c                _impure_ptr
 .data.impure_data
                0x20000010      0x428 c:/users/rajas/downloads/ccs/tools/compiler/gcc-arm-none-eabi-9-2019-q4-major/bin/../lib/gcc/arm-none-eabi/9.2.1/../../../../arm-none-eabi/lib/thumb/v7e-m/nofp\libc.a(lib_a-impure.o)
 .data.__atexit_recursive_mutex
                0x20000438        0x4 c:/users/rajas/downloads/ccs/tools/compiler/gcc-arm-none-eabi-9-2019-q4-major/bin/../lib/gcc/arm-none-eabi/9.2.1/../../../../arm-none-eabi/lib/thumb/v7e-m/nofp\libc.a(lib_a-__call_atexit.o)
                0x20000438                __atexit_recursive_mutex
                0x2000043c                . = ALIGN (0x4)
                0x2000043c                __data_end__ = .

.igot.plt       0x2000043c        0x0 load address 0x00003a6c
 .igot.plt      0x2000043c        0x0 c:/users/rajas/downloads/ccs/tools/compiler/gcc-arm-none-eabi-9-2019-q4-major/bin/../lib/gcc/arm-none-eabi/9.2.1/thumb/v7e-m/nofp/crtbegin.o

vtable          0x20000800      0x26c load address 0x00003a6c
 vtable         0x20000800      0x26c ../libdriver.a(interrupt.o)

.ARM.exidx      0x00003cd8        0x8
                0x00003cd8                __exidx_start = .
 *(.ARM.exidx* .gnu.linkonce.armexidx.*)
 .ARM.exidx     0x00003cd8        0x8 c:/users/rajas/downloads/ccs/tools/compiler/gcc-arm-none-eabi-9-2019-q4-major/bin/../lib/gcc/arm-none-eabi/9.2.1/../../../../arm-none-eabi/lib/thumb/v7e-m/nofp/crt0.o
                0x00003ce0                __exidx_end = .

.ARM.extab      0x00003ce0        0x0
 *(.ARM.extab* .gnu.linkonce.armextab.*)
 .ARM.extab     0x00003ce0        0x0 c:/users/rajas/downloads/ccs/tools/compiler/gcc-arm-none-eabi-9-2019-q4-major/bin/../lib/gcc/arm-none-eabi/9.2.1/../../../../arm-none-eabi/lib/thumb/v7e-m/nofp/crt0.o

.rel.dyn        0x00003ce0        0x0
 .rel.iplt      0x00003ce0        0x0 c:/users/rajas/downloads/ccs/tools/compiler/gcc-arm-none-eabi-9-2019-q4-major/bin/../lib/gcc/arm-none-eabi/9.2.1/thumb/v7e-m/nofp/crtbegin.o

.bss            0x20000a6c      0x2a4
                0x20000a6c                __bss_start__ = .
 *(.shbss)
 *(.bss)
 .bss           0x20000a6c        0x0 c:/users/rajas/downloads/ccs/tools/compiler/gcc-arm-none-eabi-9-2019-q4-major/bin/../lib/gcc/arm-none-eabi/9.2.1/thumb/v7e-m/nofp/crti.o
 .bss           0x20000a6c       0x1c c:/users/rajas/downloads/ccs/tools/compiler/gcc-arm-none-eabi-9-2019-q4-major/bin/../lib/gcc/arm-none-eabi/9.2.1/thumb/v7e-m/nofp/crtbegin.o
 .bss           0x20000a88        0x0 c:/users/rajas/downloads/ccs/tools/compiler/gcc-arm-none-eabi-9-2019-q4-major/bin/../lib/gcc/arm-none-eabi/9.2.1/../../../../arm-none-eabi/lib/thumb/v7e-m/nofp/crt0.o
 .bss           0x20000a88        0x0 ./main.o
 .bss           0x20000a88        0x0 ./tm4c123gh6pm_startup_ccs_gcc.o
 .bss           0x20000a88        0x0 c:/users/rajas/downloads/ccs/tools/compiler/gcc-arm-none-eabi-9-2019-q4-major/bin/../lib/gcc/arm-none-eabi/9.2.1/../../../../arm-none-eabi/lib/thumb/v7e-m/nofp\libc.a(lib_a-ctype_.o)
 .bss           0x20000a88        0x0 c:/users/rajas/downloads/ccs/tools/compiler/gcc-arm-none-eabi-9-2019-q4-major/bin/../lib/gcc/arm-none-eabi/9.2.1/../../../../arm-none-eabi/lib/thumb/v7e-m/nofp\libc.a(lib_a-exit.o)
 .bss           0x20000a88        0x0 c:/users/rajas/downloads/ccs/tools/compiler/gcc-arm-none-eabi-9-2019-q4-major/bin/../lib/gcc/arm-none-eabi/9.2.1/../../../../arm-none-eabi/lib/thumb/v7e-m/nofp\libc.a(lib_a-impure.o)
 .bss           0x20000a88        0x0 c:/users/rajas/downloads/ccs/tools/compiler/gcc-arm-none-eabi-9-2019-q4-major/bin/../lib/gcc/arm-none-eabi/9.2.1/../../../../arm-none-eabi/lib/thumb/v7e-m/nofp\libc.a(lib_a-init.o)
 .bss           0x20000a88        0x0 c:/users/rajas/downloads/ccs/tools/compiler/gcc-arm-none-eabi-9-2019-q4-major/bin/../lib/gcc/arm-none-eabi/9.2.1/../../../../arm-none-eabi/lib/thumb/v7e-m/nofp\libc.a(lib_a-memset.o)
 .bss           0x20000a88        0x0 c:/users/rajas/downloads/ccs/tools/compiler/gcc-arm-none-eabi-9-2019-q4-major/bin/../lib/gcc/arm-none-eabi/9.2.1/../../../../arm-none-eabi/lib/thumb/v7e-m/nofp\libc.a(lib_a-strcmp.o)
 .bss           0x20000a88        0x0 c:/users/rajas/downloads/ccs/tools/compiler/gcc-arm-none-eabi-9-2019-q4-major/bin/../lib/gcc/arm-none-eabi/9.2.1/../../../../arm-none-eabi/lib/thumb/v7e-m/nofp\libc.a(lib_a-strstr.o)
 .bss           0x20000a88        0x0 c:/users/rajas/downloads/ccs/tools/compiler/gcc-arm-none-eabi-9-2019-q4-major/bin/../lib/gcc/arm-none-eabi/9.2.1/../../../../arm-none-eabi/lib/thumb/v7e-m/nofp\libc.a(lib_a-__call_atexit.o)
 .bss           0x20000a88        0x0 c:/users/rajas/downloads/ccs/tools/compiler/gcc-arm-none-eabi-9-2019-q4-major/bin/../lib/gcc/arm-none-eabi/9.2.1/../../../../arm-none-eabi/lib/thumb/v7e-m/nofp\libc.a(lib_a-atexit.o)
 .bss           0x20000a88        0x0 c:/users/rajas/downloads/ccs/tools/compiler/gcc-arm-none-eabi-9-2019-q4-major/bin/../lib/gcc/arm-none-eabi/9.2.1/../../../../arm-none-eabi/lib/thumb/v7e-m/nofp\libc.a(lib_a-fini.o)
 .bss           0x20000a88        0x0 c:/users/rajas/downloads/ccs/tools/compiler/gcc-arm-none-eabi-9-2019-q4-major/bin/../lib/gcc/arm-none-eabi/9.2.1/../../../../arm-none-eabi/lib/thumb/v7e-m/nofp\libc.a(lib_a-lock.o)
 .bss           0x20000a88        0x0 c:/users/rajas/downloads/ccs/tools/compiler/gcc-arm-none-eabi-9-2019-q4-major/bin/../lib/gcc/arm-none-eabi/9.2.1/../../../../arm-none-eabi/lib/thumb/v7e-m/nofp\libc.a(lib_a-memcmp.o)
 .bss           0x20000a88        0x0 c:/users/rajas/downloads/ccs/tools/compiler/gcc-arm-none-eabi-9-2019-q4-major/bin/../lib/gcc/arm-none-eabi/9.2.1/../../../../arm-none-eabi/lib/thumb/v7e-m/nofp\libc.a(lib_a-strchr.o)
 .bss           0x20000a88        0x0 c:/users/rajas/downloads/ccs/tools/compiler/gcc-arm-none-eabi-9-2019-q4-major/bin/../lib/gcc/arm-none-eabi/9.2.1/../../../../arm-none-eabi/lib/thumb/v7e-m/nofp\libc.a(lib_a-strlen.o)
 .bss           0x20000a88        0x0 c:/users/rajas/downloads/ccs/tools/compiler/gcc-arm-none-eabi-9-2019-q4-major/bin/../lib/gcc/arm-none-eabi/9.2.1/../../../../arm-none-eabi/lib/thumb/v7e-m/nofp\libc.a(lib_a-strnlen.o)
 .bss           0x20000a88        0x0 c:/users/rajas/downloads/ccs/tools/compiler/gcc-arm-none-eabi-9-2019-q4-major/bin/../lib/gcc/arm-none-eabi/9.2.1/../../../../arm-none-eabi/lib/thumb/v7e-m/nofp\libc.a(lib_a-__atexit.o)
 .bss           0x20000a88        0x0 ../libdriver.a(gpio.o)
 .bss           0x20000a88        0x0 ../libdriver.a(interrupt.o)
 .bss           0x20000a88        0x0 ../libdriver.a(sysctl.o)
 .bss           0x20000a88        0x0 ../libdriver.a(uart.o)
 .bss           0x20000a88        0x0 ../libdriver.a(cpu.o)
 .bss           0x20000a88        0x0 c:/users/rajas/downloads/ccs/tools/compiler/gcc-arm-none-eabi-9-2019-q4-major/bin/../lib/gcc/arm-none-eabi/9.2.1/../../../../arm-none-eabi/lib/thumb/v7e-m/nofp\libnosys.a(_exit.o)
 .bss           0x20000a88        0x0 c:/users/rajas/downloads/ccs/tools/compiler/gcc-arm-none-eabi-9-2019-q4-major/bin/../lib/gcc/arm-none-eabi/9.2.1/thumb/v7e-m/nofp/crtend.o
 .bss           0x20000a88        0x0 c:/users/rajas/downloads/ccs/tools/compiler/gcc-arm-none-eabi-9-2019-q4-major/bin/../lib/gcc/arm-none-eabi/9.2.1/thumb/v7e-m/nofp/crtn.o
 *(.bss.*)
 .bss.id        0x20000a88        0x4 ./main.o
                0x20000a88                id
 .bss.Color     0x20000a8c        0x4 ./main.o
                0x20000a8c                Color
 .bss.Color_Pause
                0x20000a90        0x4 ./main.o
                0x20000a90                Color_Pause
 .bss.sw1_pressed
                0x20000a94        0x4 ./main.o
                0x20000a94                sw1_pressed
 .bss.sw2_pressed
                0x20000a98        0x4 ./main.o
                0x20000a98                sw2_pressed
 .bss.count_sw2
                0x20000a9c        0x4 ./main.o
                0x20000a9c                count_sw2
 .bss.stop_flag
                0x20000aa0        0x4 ./main.o
                0x20000aa0                stop_flag
 .bss.pause_flag
                0x20000aa4        0x4 ./main.o
                0x20000aa4                pause_flag
 .bss.pui32Stack
                0x20000aa8      0x200 ./tm4c123gh6pm_startup_ccs_gcc.o
 *(COMMON)
 COMMON         0x20000ca8       0x42 ./main.o
                0x20000ca8                val
                0x20000cac                console_cmd_buffer2
                0x20000ccc                console_cmd_buffer
 *fill*         0x20000cea        0x2 
 COMMON         0x20000cec       0x21 c:/users/rajas/downloads/ccs/tools/compiler/gcc-arm-none-eabi-9-2019-q4-major/bin/../lib/gcc/arm-none-eabi/9.2.1/../../../../arm-none-eabi/lib/thumb/v7e-m/nofp\libc.a(lib_a-lock.o)
                0x20000cec                __lock___atexit_recursive_mutex
                0x20000cf0                __lock___arc4random_mutex
                0x20000cf4                __lock___env_recursive_mutex
                0x20000cf8                __lock___sinit_recursive_mutex
                0x20000cfc                __lock___malloc_recursive_mutex
                0x20000d00                __lock___at_quick_exit_mutex
                0x20000d04                __lock___dd_hash_mutex
                0x20000d08                __lock___tz_mutex
                0x20000d0c                __lock___sfp_recursive_mutex
                0x20000d10                . = ALIGN (0x4)
 *fill*         0x20000d0d        0x3 
                0x20000d10                __bss_end__ = .

.heap           0x20000d10        0x0
                0x20000d10                __heap_start__ = .
                0x20000d10                end = __heap_start__
                0x20000d10                _end = end
                0x20000d10                __end = end
 *(.heap)
                0x20000d10                __heap_end__ = .
                0x20000d10                __HeapLimit = __heap_end__

.stack          0x20000d10        0x0
                0x20000d10                _stack = .
                0x20000d10                __stack = .
 *(.stack)
START GROUP
LOAD c:/users/rajas/downloads/ccs/tools/compiler/gcc-arm-none-eabi-9-2019-q4-major/bin/../lib/gcc/arm-none-eabi/9.2.1/../../../../arm-none-eabi/lib/thumb/v7e-m/nofp\libc.a
END GROUP
LOAD ../libdriver.a
START GROUP
LOAD c:/users/rajas/downloads/ccs/tools/compiler/gcc-arm-none-eabi-9-2019-q4-major/bin/../lib/gcc/arm-none-eabi/9.2.1/thumb/v7e-m/nofp\libgcc.a
LOAD c:/users/rajas/downloads/ccs/tools/compiler/gcc-arm-none-eabi-9-2019-q4-major/bin/../lib/gcc/arm-none-eabi/9.2.1/../../../../arm-none-eabi/lib/thumb/v7e-m/nofp\libg.a
LOAD c:/users/rajas/downloads/ccs/tools/compiler/gcc-arm-none-eabi-9-2019-q4-major/bin/../lib/gcc/arm-none-eabi/9.2.1/../../../../arm-none-eabi/lib/thumb/v7e-m/nofp\libc.a
END GROUP
START GROUP
LOAD c:/users/rajas/downloads/ccs/tools/compiler/gcc-arm-none-eabi-9-2019-q4-major/bin/../lib/gcc/arm-none-eabi/9.2.1/thumb/v7e-m/nofp\libgcc.a
LOAD c:/users/rajas/downloads/ccs/tools/compiler/gcc-arm-none-eabi-9-2019-q4-major/bin/../lib/gcc/arm-none-eabi/9.2.1/../../../../arm-none-eabi/lib/thumb/v7e-m/nofp\libc.a
LOAD c:/users/rajas/downloads/ccs/tools/compiler/gcc-arm-none-eabi-9-2019-q4-major/bin/../lib/gcc/arm-none-eabi/9.2.1/../../../../arm-none-eabi/lib/thumb/v7e-m/nofp\libnosys.a
END GROUP
LOAD c:/users/rajas/downloads/ccs/tools/compiler/gcc-arm-none-eabi-9-2019-q4-major/bin/../lib/gcc/arm-none-eabi/9.2.1/thumb/v7e-m/nofp/crtend.o
LOAD c:/users/rajas/downloads/ccs/tools/compiler/gcc-arm-none-eabi-9-2019-q4-major/bin/../lib/gcc/arm-none-eabi/9.2.1/thumb/v7e-m/nofp/crtn.o
OUTPUT(lab4_keypad_display.out elf32-littlearm)

.ARM.attributes
                0x00000000       0x2e
 .ARM.attributes
                0x00000000       0x1e c:/users/rajas/downloads/ccs/tools/compiler/gcc-arm-none-eabi-9-2019-q4-major/bin/../lib/gcc/arm-none-eabi/9.2.1/thumb/v7e-m/nofp/crti.o
 .ARM.attributes
                0x0000001e       0x2e c:/users/rajas/downloads/ccs/tools/compiler/gcc-arm-none-eabi-9-2019-q4-major/bin/../lib/gcc/arm-none-eabi/9.2.1/thumb/v7e-m/nofp/crtbegin.o
 .ARM.attributes
                0x0000004c       0x1c c:/users/rajas/downloads/ccs/tools/compiler/gcc-arm-none-eabi-9-2019-q4-major/bin/../lib/gcc/arm-none-eabi/9.2.1/../../../../arm-none-eabi/lib/thumb/v7e-m/nofp/crt0.o
 .ARM.attributes
                0x00000068       0x2e ./main.o
 .ARM.attributes
                0x00000096       0x2e ./tm4c123gh6pm_startup_ccs_gcc.o
 .ARM.attributes
                0x000000c4       0x2e c:/users/rajas/downloads/ccs/tools/compiler/gcc-arm-none-eabi-9-2019-q4-major/bin/../lib/gcc/arm-none-eabi/9.2.1/../../../../arm-none-eabi/lib/thumb/v7e-m/nofp\libc.a(lib_a-ctype_.o)
 .ARM.attributes
                0x000000f2       0x2e c:/users/rajas/downloads/ccs/tools/compiler/gcc-arm-none-eabi-9-2019-q4-major/bin/../lib/gcc/arm-none-eabi/9.2.1/../../../../arm-none-eabi/lib/thumb/v7e-m/nofp\libc.a(lib_a-exit.o)
 .ARM.attributes
                0x00000120       0x2e c:/users/rajas/downloads/ccs/tools/compiler/gcc-arm-none-eabi-9-2019-q4-major/bin/../lib/gcc/arm-none-eabi/9.2.1/../../../../arm-none-eabi/lib/thumb/v7e-m/nofp\libc.a(lib_a-impure.o)
 .ARM.attributes
                0x0000014e       0x2e c:/users/rajas/downloads/ccs/tools/compiler/gcc-arm-none-eabi-9-2019-q4-major/bin/../lib/gcc/arm-none-eabi/9.2.1/../../../../arm-none-eabi/lib/thumb/v7e-m/nofp\libc.a(lib_a-init.o)
 .ARM.attributes
                0x0000017c       0x2e c:/users/rajas/downloads/ccs/tools/compiler/gcc-arm-none-eabi-9-2019-q4-major/bin/../lib/gcc/arm-none-eabi/9.2.1/../../../../arm-none-eabi/lib/thumb/v7e-m/nofp\libc.a(lib_a-memset.o)
 .ARM.attributes
                0x000001aa       0x1c c:/users/rajas/downloads/ccs/tools/compiler/gcc-arm-none-eabi-9-2019-q4-major/bin/../lib/gcc/arm-none-eabi/9.2.1/../../../../arm-none-eabi/lib/thumb/v7e-m/nofp\libc.a(lib_a-strcmp.o)
 .ARM.attributes
                0x000001c6       0x2e c:/users/rajas/downloads/ccs/tools/compiler/gcc-arm-none-eabi-9-2019-q4-major/bin/../lib/gcc/arm-none-eabi/9.2.1/../../../../arm-none-eabi/lib/thumb/v7e-m/nofp\libc.a(lib_a-strstr.o)
 .ARM.attributes
                0x000001f4       0x2e c:/users/rajas/downloads/ccs/tools/compiler/gcc-arm-none-eabi-9-2019-q4-major/bin/../lib/gcc/arm-none-eabi/9.2.1/../../../../arm-none-eabi/lib/thumb/v7e-m/nofp\libc.a(lib_a-__call_atexit.o)
 .ARM.attributes
                0x00000222       0x2e c:/users/rajas/downloads/ccs/tools/compiler/gcc-arm-none-eabi-9-2019-q4-major/bin/../lib/gcc/arm-none-eabi/9.2.1/../../../../arm-none-eabi/lib/thumb/v7e-m/nofp\libc.a(lib_a-atexit.o)
 .ARM.attributes
                0x00000250       0x2e c:/users/rajas/downloads/ccs/tools/compiler/gcc-arm-none-eabi-9-2019-q4-major/bin/../lib/gcc/arm-none-eabi/9.2.1/../../../../arm-none-eabi/lib/thumb/v7e-m/nofp\libc.a(lib_a-fini.o)
 .ARM.attributes
                0x0000027e       0x2e c:/users/rajas/downloads/ccs/tools/compiler/gcc-arm-none-eabi-9-2019-q4-major/bin/../lib/gcc/arm-none-eabi/9.2.1/../../../../arm-none-eabi/lib/thumb/v7e-m/nofp\libc.a(lib_a-lock.o)
 .ARM.attributes
                0x000002ac       0x2e c:/users/rajas/downloads/ccs/tools/compiler/gcc-arm-none-eabi-9-2019-q4-major/bin/../lib/gcc/arm-none-eabi/9.2.1/../../../../arm-none-eabi/lib/thumb/v7e-m/nofp\libc.a(lib_a-memcmp.o)
 .ARM.attributes
                0x000002da       0x2e c:/users/rajas/downloads/ccs/tools/compiler/gcc-arm-none-eabi-9-2019-q4-major/bin/../lib/gcc/arm-none-eabi/9.2.1/../../../../arm-none-eabi/lib/thumb/v7e-m/nofp\libc.a(lib_a-strchr.o)
 .ARM.attributes
                0x00000308       0x1c c:/users/rajas/downloads/ccs/tools/compiler/gcc-arm-none-eabi-9-2019-q4-major/bin/../lib/gcc/arm-none-eabi/9.2.1/../../../../arm-none-eabi/lib/thumb/v7e-m/nofp\libc.a(lib_a-strlen.o)
 .ARM.attributes
                0x00000324       0x2e c:/users/rajas/downloads/ccs/tools/compiler/gcc-arm-none-eabi-9-2019-q4-major/bin/../lib/gcc/arm-none-eabi/9.2.1/../../../../arm-none-eabi/lib/thumb/v7e-m/nofp\libc.a(lib_a-strnlen.o)
 .ARM.attributes
                0x00000352       0x2e c:/users/rajas/downloads/ccs/tools/compiler/gcc-arm-none-eabi-9-2019-q4-major/bin/../lib/gcc/arm-none-eabi/9.2.1/../../../../arm-none-eabi/lib/thumb/v7e-m/nofp\libc.a(lib_a-__atexit.o)
 .ARM.attributes
                0x00000380       0x32 ../libdriver.a(gpio.o)
 .ARM.attributes
                0x000003b2       0x32 ../libdriver.a(interrupt.o)
 .ARM.attributes
                0x000003e4       0x32 ../libdriver.a(sysctl.o)
 .ARM.attributes
                0x00000416       0x32 ../libdriver.a(uart.o)
 .ARM.attributes
                0x00000448       0x32 ../libdriver.a(cpu.o)
 .ARM.attributes
                0x0000047a       0x2e c:/users/rajas/downloads/ccs/tools/compiler/gcc-arm-none-eabi-9-2019-q4-major/bin/../lib/gcc/arm-none-eabi/9.2.1/../../../../arm-none-eabi/lib/thumb/v7e-m/nofp\libnosys.a(_exit.o)
 .ARM.attributes
                0x000004a8       0x2e c:/users/rajas/downloads/ccs/tools/compiler/gcc-arm-none-eabi-9-2019-q4-major/bin/../lib/gcc/arm-none-eabi/9.2.1/thumb/v7e-m/nofp/crtend.o
 .ARM.attributes
                0x000004d6       0x1e c:/users/rajas/downloads/ccs/tools/compiler/gcc-arm-none-eabi-9-2019-q4-major/bin/../lib/gcc/arm-none-eabi/9.2.1/thumb/v7e-m/nofp/crtn.o

.comment        0x00000000       0x79
 .comment       0x00000000       0x79 ./main.o
                                 0x7a (size before relaxing)
 .comment       0x00000079       0x7a ./tm4c123gh6pm_startup_ccs_gcc.o
 .comment       0x00000079       0x7a ../libdriver.a(gpio.o)
 .comment       0x00000079       0x7a ../libdriver.a(interrupt.o)
 .comment       0x00000079       0x7a ../libdriver.a(sysctl.o)
 .comment       0x00000079       0x7a ../libdriver.a(uart.o)
 .comment       0x00000079       0x7a ../libdriver.a(cpu.o)

.debug_info     0x00000000      0xe0d
 .debug_info    0x00000000      0xc71 ./main.o
 .debug_info    0x00000c71      0x19c ./tm4c123gh6pm_startup_ccs_gcc.o

.debug_abbrev   0x00000000      0x3b9
 .debug_abbrev  0x00000000      0x2e1 ./main.o
 .debug_abbrev  0x000002e1       0xd8 ./tm4c123gh6pm_startup_ccs_gcc.o

.debug_aranges  0x00000000       0xd8
 .debug_aranges
                0x00000000       0xa0 ./main.o
 .debug_aranges
                0x000000a0       0x38 ./tm4c123gh6pm_startup_ccs_gcc.o

.debug_ranges   0x00000000       0xb8
 .debug_ranges  0x00000000       0x90 ./main.o
 .debug_ranges  0x00000090       0x28 ./tm4c123gh6pm_startup_ccs_gcc.o

.debug_line     0x00000000      0x8ed
 .debug_line    0x00000000      0x739 ./main.o
 .debug_line    0x00000739      0x1b4 ./tm4c123gh6pm_startup_ccs_gcc.o

.debug_str      0x00000000      0x7c0
 .debug_str     0x00000000      0x6ce ./main.o
                                0x735 (size before relaxing)
 .debug_str     0x000006ce       0xf2 ./tm4c123gh6pm_startup_ccs_gcc.o
                                0x25d (size before relaxing)

.debug_frame    0x00000000      0x684
 .debug_frame   0x00000000      0x22c ./main.o
 .debug_frame   0x0000022c       0x7c ./tm4c123gh6pm_startup_ccs_gcc.o
 .debug_frame   0x000002a8       0x28 c:/users/rajas/downloads/ccs/tools/compiler/gcc-arm-none-eabi-9-2019-q4-major/bin/../lib/gcc/arm-none-eabi/9.2.1/../../../../arm-none-eabi/lib/thumb/v7e-m/nofp\libc.a(lib_a-exit.o)
 .debug_frame   0x000002d0       0x2c c:/users/rajas/downloads/ccs/tools/compiler/gcc-arm-none-eabi-9-2019-q4-major/bin/../lib/gcc/arm-none-eabi/9.2.1/../../../../arm-none-eabi/lib/thumb/v7e-m/nofp\libc.a(lib_a-init.o)
 .debug_frame   0x000002fc       0x38 c:/users/rajas/downloads/ccs/tools/compiler/gcc-arm-none-eabi-9-2019-q4-major/bin/../lib/gcc/arm-none-eabi/9.2.1/../../../../arm-none-eabi/lib/thumb/v7e-m/nofp\libc.a(lib_a-memset.o)
 .debug_frame   0x00000334       0x68 c:/users/rajas/downloads/ccs/tools/compiler/gcc-arm-none-eabi-9-2019-q4-major/bin/../lib/gcc/arm-none-eabi/9.2.1/../../../../arm-none-eabi/lib/thumb/v7e-m/nofp\libc.a(lib_a-strcmp.o)
 .debug_frame   0x0000039c       0x88 c:/users/rajas/downloads/ccs/tools/compiler/gcc-arm-none-eabi-9-2019-q4-major/bin/../lib/gcc/arm-none-eabi/9.2.1/../../../../arm-none-eabi/lib/thumb/v7e-m/nofp\libc.a(lib_a-strstr.o)
 .debug_frame   0x00000424       0x5c c:/users/rajas/downloads/ccs/tools/compiler/gcc-arm-none-eabi-9-2019-q4-major/bin/../lib/gcc/arm-none-eabi/9.2.1/../../../../arm-none-eabi/lib/thumb/v7e-m/nofp\libc.a(lib_a-__call_atexit.o)
 .debug_frame   0x00000480       0x20 c:/users/rajas/downloads/ccs/tools/compiler/gcc-arm-none-eabi-9-2019-q4-major/bin/../lib/gcc/arm-none-eabi/9.2.1/../../../../arm-none-eabi/lib/thumb/v7e-m/nofp\libc.a(lib_a-atexit.o)
 .debug_frame   0x000004a0       0x34 c:/users/rajas/downloads/ccs/tools/compiler/gcc-arm-none-eabi-9-2019-q4-major/bin/../lib/gcc/arm-none-eabi/9.2.1/../../../../arm-none-eabi/lib/thumb/v7e-m/nofp\libc.a(lib_a-fini.o)
 .debug_frame   0x000004d4       0xb0 c:/users/rajas/downloads/ccs/tools/compiler/gcc-arm-none-eabi-9-2019-q4-major/bin/../lib/gcc/arm-none-eabi/9.2.1/../../../../arm-none-eabi/lib/thumb/v7e-m/nofp\libc.a(lib_a-lock.o)
 .debug_frame   0x00000584       0x3c c:/users/rajas/downloads/ccs/tools/compiler/gcc-arm-none-eabi-9-2019-q4-major/bin/../lib/gcc/arm-none-eabi/9.2.1/../../../../arm-none-eabi/lib/thumb/v7e-m/nofp\libc.a(lib_a-memcmp.o)
 .debug_frame   0x000005c0       0x40 c:/users/rajas/downloads/ccs/tools/compiler/gcc-arm-none-eabi-9-2019-q4-major/bin/../lib/gcc/arm-none-eabi/9.2.1/../../../../arm-none-eabi/lib/thumb/v7e-m/nofp\libc.a(lib_a-strchr.o)
 .debug_frame   0x00000600       0x30 c:/users/rajas/downloads/ccs/tools/compiler/gcc-arm-none-eabi-9-2019-q4-major/bin/../lib/gcc/arm-none-eabi/9.2.1/../../../../arm-none-eabi/lib/thumb/v7e-m/nofp\libc.a(lib_a-strnlen.o)
 .debug_frame   0x00000630       0x34 c:/users/rajas/downloads/ccs/tools/compiler/gcc-arm-none-eabi-9-2019-q4-major/bin/../lib/gcc/arm-none-eabi/9.2.1/../../../../arm-none-eabi/lib/thumb/v7e-m/nofp\libc.a(lib_a-__atexit.o)
 .debug_frame   0x00000664       0x20 c:/users/rajas/downloads/ccs/tools/compiler/gcc-arm-none-eabi-9-2019-q4-major/bin/../lib/gcc/arm-none-eabi/9.2.1/../../../../arm-none-eabi/lib/thumb/v7e-m/nofp\libnosys.a(_exit.o)
