Archive member included to satisfy reference by file (symbol)

c:/users/rajas/downloads/ccs/tools/compiler/gcc-arm-none-eabi-9-2019-q4-major/bin/../lib/gcc/arm-none-eabi/9.2.1/../../../../arm-none-eabi/lib/thumb/v7e-m/nofp\libc.a(lib_a-atoi.o)
                              ./main.o (atoi)
c:/users/rajas/downloads/ccs/tools/compiler/gcc-arm-none-eabi-9-2019-q4-major/bin/../lib/gcc/arm-none-eabi/9.2.1/../../../../arm-none-eabi/lib/thumb/v7e-m/nofp\libc.a(lib_a-ctype_.o)
                              ./main.o (_ctype_)
c:/users/rajas/downloads/ccs/tools/compiler/gcc-arm-none-eabi-9-2019-q4-major/bin/../lib/gcc/arm-none-eabi/9.2.1/../../../../arm-none-eabi/lib/thumb/v7e-m/nofp\libc.a(lib_a-exit.o)
                              c:/users/rajas/downloads/ccs/tools/compiler/gcc-arm-none-eabi-9-2019-q4-major/bin/../lib/gcc/arm-none-eabi/9.2.1/../../../../arm-none-eabi/lib/thumb/v7e-m/nofp/crt0.o (exit)
c:/users/rajas/downloads/ccs/tools/compiler/gcc-arm-none-eabi-9-2019-q4-major/bin/../lib/gcc/arm-none-eabi/9.2.1/../../../../arm-none-eabi/lib/thumb/v7e-m/nofp\libc.a(lib_a-impure.o)
                              c:/users/rajas/downloads/ccs/tools/compiler/gcc-arm-none-eabi-9-2019-q4-major/bin/../lib/gcc/arm-none-eabi/9.2.1/../../../../arm-none-eabi/lib/thumb/v7e-m/nofp\libc.a(lib_a-exit.o) (_global_impure_ptr)
c:/users/rajas/downloads/ccs/tools/compiler/gcc-arm-none-eabi-9-2019-q4-major/bin/../lib/gcc/arm-none-eabi/9.2.1/../../../../arm-none-eabi/lib/thumb/v7e-m/nofp\libc.a(lib_a-init.o)
                              c:/users/rajas/downloads/ccs/tools/compiler/gcc-arm-none-eabi-9-2019-q4-major/bin/../lib/gcc/arm-none-eabi/9.2.1/../../../../arm-none-eabi/lib/thumb/v7e-m/nofp/crt0.o (__libc_init_array)
c:/users/rajas/downloads/ccs/tools/compiler/gcc-arm-none-eabi-9-2019-q4-major/bin/../lib/gcc/arm-none-eabi/9.2.1/../../../../arm-none-eabi/lib/thumb/v7e-m/nofp\libc.a(lib_a-memset.o)
                              c:/users/rajas/downloads/ccs/tools/compiler/gcc-arm-none-eabi-9-2019-q4-major/bin/../lib/gcc/arm-none-eabi/9.2.1/../../../../arm-none-eabi/lib/thumb/v7e-m/nofp/crt0.o (memset)
c:/users/rajas/downloads/ccs/tools/compiler/gcc-arm-none-eabi-9-2019-q4-major/bin/../lib/gcc/arm-none-eabi/9.2.1/../../../../arm-none-eabi/lib/thumb/v7e-m/nofp\libc.a(lib_a-strcmp.o)
                              ./main.o (strcmp)
c:/users/rajas/downloads/ccs/tools/compiler/gcc-arm-none-eabi-9-2019-q4-major/bin/../lib/gcc/arm-none-eabi/9.2.1/../../../../arm-none-eabi/lib/thumb/v7e-m/nofp\libc.a(lib_a-strstr.o)
                              ./main.o (strstr)
c:/users/rajas/downloads/ccs/tools/compiler/gcc-arm-none-eabi-9-2019-q4-major/bin/../lib/gcc/arm-none-eabi/9.2.1/../../../../arm-none-eabi/lib/thumb/v7e-m/nofp\libc.a(lib_a-strtol.o)
                              c:/users/rajas/downloads/ccs/tools/compiler/gcc-arm-none-eabi-9-2019-q4-major/bin/../lib/gcc/arm-none-eabi/9.2.1/../../../../arm-none-eabi/lib/thumb/v7e-m/nofp\libc.a(lib_a-atoi.o) (_strtol_r)
c:/users/rajas/downloads/ccs/tools/compiler/gcc-arm-none-eabi-9-2019-q4-major/bin/../lib/gcc/arm-none-eabi/9.2.1/../../../../arm-none-eabi/lib/thumb/v7e-m/nofp\libc.a(lib_a-__call_atexit.o)
                              c:/users/rajas/downloads/ccs/tools/compiler/gcc-arm-none-eabi-9-2019-q4-major/bin/../lib/gcc/arm-none-eabi/9.2.1/../../../../arm-none-eabi/lib/thumb/v7e-m/nofp\libc.a(lib_a-exit.o) (__call_exitprocs)
c:/users/rajas/downloads/ccs/tools/compiler/gcc-arm-none-eabi-9-2019-q4-major/bin/../lib/gcc/arm-none-eabi/9.2.1/../../../../arm-none-eabi/lib/thumb/v7e-m/nofp\libc.a(lib_a-atexit.o)
                              c:/users/rajas/downloads/ccs/tools/compiler/gcc-arm-none-eabi-9-2019-q4-major/bin/../lib/gcc/arm-none-eabi/9.2.1/../../../../arm-none-eabi/lib/thumb/v7e-m/nofp\libc.a(lib_a-__call_atexit.o) (atexit)
c:/users/rajas/downloads/ccs/tools/compiler/gcc-arm-none-eabi-9-2019-q4-major/bin/../lib/gcc/arm-none-eabi/9.2.1/../../../../arm-none-eabi/lib/thumb/v7e-m/nofp\libc.a(lib_a-fini.o)
                              c:/users/rajas/downloads/ccs/tools/compiler/gcc-arm-none-eabi-9-2019-q4-major/bin/../lib/gcc/arm-none-eabi/9.2.1/../../../../arm-none-eabi/lib/thumb/v7e-m/nofp\libc.a(lib_a-__call_atexit.o) (__libc_fini_array)
c:/users/rajas/downloads/ccs/tools/compiler/gcc-arm-none-eabi-9-2019-q4-major/bin/../lib/gcc/arm-none-eabi/9.2.1/../../../../arm-none-eabi/lib/thumb/v7e-m/nofp\libc.a(lib_a-lock.o)
                              c:/users/rajas/downloads/ccs/tools/compiler/gcc-arm-none-eabi-9-2019-q4-major/bin/../lib/gcc/arm-none-eabi/9.2.1/../../../../arm-none-eabi/lib/thumb/v7e-m/nofp\libc.a(lib_a-__call_atexit.o) (__retarget_lock_acquire_recursive)
c:/users/rajas/downloads/ccs/tools/compiler/gcc-arm-none-eabi-9-2019-q4-major/bin/../lib/gcc/arm-none-eabi/9.2.1/../../../../arm-none-eabi/lib/thumb/v7e-m/nofp\libc.a(lib_a-memcmp.o)
                              c:/users/rajas/downloads/ccs/tools/compiler/gcc-arm-none-eabi-9-2019-q4-major/bin/../lib/gcc/arm-none-eabi/9.2.1/../../../../arm-none-eabi/lib/thumb/v7e-m/nofp\libc.a(lib_a-strstr.o) (memcmp)
c:/users/rajas/downloads/ccs/tools/compiler/gcc-arm-none-eabi-9-2019-q4-major/bin/../lib/gcc/arm-none-eabi/9.2.1/../../../../arm-none-eabi/lib/thumb/v7e-m/nofp\libc.a(lib_a-strchr.o)
                              c:/users/rajas/downloads/ccs/tools/compiler/gcc-arm-none-eabi-9-2019-q4-major/bin/../lib/gcc/arm-none-eabi/9.2.1/../../../../arm-none-eabi/lib/thumb/v7e-m/nofp\libc.a(lib_a-strstr.o) (strchr)
c:/users/rajas/downloads/ccs/tools/compiler/gcc-arm-none-eabi-9-2019-q4-major/bin/../lib/gcc/arm-none-eabi/9.2.1/../../../../arm-none-eabi/lib/thumb/v7e-m/nofp\libc.a(lib_a-strlen.o)
                              c:/users/rajas/downloads/ccs/tools/compiler/gcc-arm-none-eabi-9-2019-q4-major/bin/../lib/gcc/arm-none-eabi/9.2.1/../../../../arm-none-eabi/lib/thumb/v7e-m/nofp\libc.a(lib_a-strstr.o) (strlen)
c:/users/rajas/downloads/ccs/tools/compiler/gcc-arm-none-eabi-9-2019-q4-major/bin/../lib/gcc/arm-none-eabi/9.2.1/../../../../arm-none-eabi/lib/thumb/v7e-m/nofp\libc.a(lib_a-strnlen.o)
                              c:/users/rajas/downloads/ccs/tools/compiler/gcc-arm-none-eabi-9-2019-q4-major/bin/../lib/gcc/arm-none-eabi/9.2.1/../../../../arm-none-eabi/lib/thumb/v7e-m/nofp\libc.a(lib_a-strstr.o) (strnlen)
c:/users/rajas/downloads/ccs/tools/compiler/gcc-arm-none-eabi-9-2019-q4-major/bin/../lib/gcc/arm-none-eabi/9.2.1/../../../../arm-none-eabi/lib/thumb/v7e-m/nofp\libc.a(lib_a-__atexit.o)
                              c:/users/rajas/downloads/ccs/tools/compiler/gcc-arm-none-eabi-9-2019-q4-major/bin/../lib/gcc/arm-none-eabi/9.2.1/../../../../arm-none-eabi/lib/thumb/v7e-m/nofp\libc.a(lib_a-atexit.o) (__register_exitproc)
../libdriver.a(gpio.o)        ./main.o (GPIOPinTypeUART)
../libdriver.a(interrupt.o)   ../libdriver.a(gpio.o) (IntRegister)
../libdriver.a(sysctl.o)      ./main.o (SysCtlPeripheralEnable)
../libdriver.a(uart.o)        ./main.o (UARTConfigSetExpClk)
../libdriver.a(cpu.o)         ../libdriver.a(interrupt.o) (CPUcpsid)
c:/users/rajas/downloads/ccs/tools/compiler/gcc-arm-none-eabi-9-2019-q4-major/bin/../lib/gcc/arm-none-eabi/9.2.1/../../../../arm-none-eabi/lib/thumb/v7e-m/nofp\libnosys.a(_exit.o)
                              c:/users/rajas/downloads/ccs/tools/compiler/gcc-arm-none-eabi-9-2019-q4-major/bin/../lib/gcc/arm-none-eabi/9.2.1/../../../../arm-none-eabi/lib/thumb/v7e-m/nofp\libc.a(lib_a-exit.o) (_exit)

Allocating common symbols
Common symbol       size              file

__lock___atexit_recursive_mutex
                    0x1               c:/users/rajas/downloads/ccs/tools/compiler/gcc-arm-none-eabi-9-2019-q4-major/bin/../lib/gcc/arm-none-eabi/9.2.1/../../../../arm-none-eabi/lib/thumb/v7e-m/nofp\libc.a(lib_a-lock.o)
__lock___arc4random_mutex
                    0x1               c:/users/rajas/downloads/ccs/tools/compiler/gcc-arm-none-eabi-9-2019-q4-major/bin/../lib/gcc/arm-none-eabi/9.2.1/../../../../arm-none-eabi/lib/thumb/v7e-m/nofp\libc.a(lib_a-lock.o)
__lock___env_recursive_mutex
                    0x1               c:/users/rajas/downloads/ccs/tools/compiler/gcc-arm-none-eabi-9-2019-q4-major/bin/../lib/gcc/arm-none-eabi/9.2.1/../../../../arm-none-eabi/lib/thumb/v7e-m/nofp\libc.a(lib_a-lock.o)
__lock___sinit_recursive_mutex
                    0x1               c:/users/rajas/downloads/ccs/tools/compiler/gcc-arm-none-eabi-9-2019-q4-major/bin/../lib/gcc/arm-none-eabi/9.2.1/../../../../arm-none-eabi/lib/thumb/v7e-m/nofp\libc.a(lib_a-lock.o)
__lock___malloc_recursive_mutex
                    0x1               c:/users/rajas/downloads/ccs/tools/compiler/gcc-arm-none-eabi-9-2019-q4-major/bin/../lib/gcc/arm-none-eabi/9.2.1/../../../../arm-none-eabi/lib/thumb/v7e-m/nofp\libc.a(lib_a-lock.o)
poke_content        0x64              ./main.o
val                 0x1               ./main.o
console_cmd_buffer2
                    0x32              ./main.o
__lock___at_quick_exit_mutex
                    0x1               c:/users/rajas/downloads/ccs/tools/compiler/gcc-arm-none-eabi-9-2019-q4-major/bin/../lib/gcc/arm-none-eabi/9.2.1/../../../../arm-none-eabi/lib/thumb/v7e-m/nofp\libc.a(lib_a-lock.o)
__lock___dd_hash_mutex
                    0x1               c:/users/rajas/downloads/ccs/tools/compiler/gcc-arm-none-eabi-9-2019-q4-major/bin/../lib/gcc/arm-none-eabi/9.2.1/../../../../arm-none-eabi/lib/thumb/v7e-m/nofp\libc.a(lib_a-lock.o)
__lock___tz_mutex   0x1               c:/users/rajas/downloads/ccs/tools/compiler/gcc-arm-none-eabi-9-2019-q4-major/bin/../lib/gcc/arm-none-eabi/9.2.1/../../../../arm-none-eabi/lib/thumb/v7e-m/nofp\libc.a(lib_a-lock.o)
console_cmd_buffer  0x32              ./main.o
__lock___sfp_recursive_mutex
                    0x1               c:/users/rajas/downloads/ccs/tools/compiler/gcc-arm-none-eabi-9-2019-q4-major/bin/../lib/gcc/arm-none-eabi/9.2.1/../../../../arm-none-eabi/lib/thumb/v7e-m/nofp\libc.a(lib_a-lock.o)

Memory Configuration

Name             Origin             Length             Attributes
FLASH            0x00000000         0x00040000         xr
SRAM             0x20000000         0x00008000         xw
*default*        0x00000000         0xffffffff

Linker script and memory map

LOAD c:/users/rajas/downloads/ccs/tools/compiler/gcc-arm-none-eabi-9-2019-q4-major/bin/../lib/gcc/arm-none-eabi/9.2.1/thumb/v7e-m/nofp/crti.o
LOAD c:/users/rajas/downloads/ccs/tools/compiler/gcc-arm-none-eabi-9-2019-q4-major/bin/../lib/gcc/arm-none-eabi/9.2.1/thumb/v7e-m/nofp/crtbegin.o
LOAD c:/users/rajas/downloads/ccs/tools/compiler/gcc-arm-none-eabi-9-2019-q4-major/bin/../lib/gcc/arm-none-eabi/9.2.1/../../../../arm-none-eabi/lib/thumb/v7e-m/nofp/crt0.o
LOAD ./main.o
LOAD ./tm4c123gh6pm_startup_ccs_gcc.o
                0x00000000                PROVIDE (_intvecs_base_address = 0x0)

.intvecs        0x00000000      0x26c
 *(.intvecs)
 .intvecs       0x00000000      0x26c ./tm4c123gh6pm_startup_ccs_gcc.o
                0x00000000                g_pfnVectors
                0x20000000                PROVIDE (_vtable_base_address = 0x20000000)

.vtable
 *(.vtable)

.text           0x00000280     0x3648
 CREATE_OBJECT_SYMBOLS
 *(.text)
 .text          0x00000280        0x0 c:/users/rajas/downloads/ccs/tools/compiler/gcc-arm-none-eabi-9-2019-q4-major/bin/../lib/gcc/arm-none-eabi/9.2.1/thumb/v7e-m/nofp/crti.o
 .text          0x00000280       0x40 c:/users/rajas/downloads/ccs/tools/compiler/gcc-arm-none-eabi-9-2019-q4-major/bin/../lib/gcc/arm-none-eabi/9.2.1/thumb/v7e-m/nofp/crtbegin.o
 .text          0x000002c0       0x74 c:/users/rajas/downloads/ccs/tools/compiler/gcc-arm-none-eabi-9-2019-q4-major/bin/../lib/gcc/arm-none-eabi/9.2.1/../../../../arm-none-eabi/lib/thumb/v7e-m/nofp/crt0.o
                0x000002c0                _start
                0x000002c0                _mainCRTStartup
 .text          0x00000334        0x0 ./main.o
 .text          0x00000334        0x0 ./tm4c123gh6pm_startup_ccs_gcc.o
 .text          0x00000334        0x0 c:/users/rajas/downloads/ccs/tools/compiler/gcc-arm-none-eabi-9-2019-q4-major/bin/../lib/gcc/arm-none-eabi/9.2.1/../../../../arm-none-eabi/lib/thumb/v7e-m/nofp\libc.a(lib_a-atoi.o)
 .text          0x00000334        0x0 c:/users/rajas/downloads/ccs/tools/compiler/gcc-arm-none-eabi-9-2019-q4-major/bin/../lib/gcc/arm-none-eabi/9.2.1/../../../../arm-none-eabi/lib/thumb/v7e-m/nofp\libc.a(lib_a-ctype_.o)
 .text          0x00000334        0x0 c:/users/rajas/downloads/ccs/tools/compiler/gcc-arm-none-eabi-9-2019-q4-major/bin/../lib/gcc/arm-none-eabi/9.2.1/../../../../arm-none-eabi/lib/thumb/v7e-m/nofp\libc.a(lib_a-exit.o)
 .text          0x00000334        0x0 c:/users/rajas/downloads/ccs/tools/compiler/gcc-arm-none-eabi-9-2019-q4-major/bin/../lib/gcc/arm-none-eabi/9.2.1/../../../../arm-none-eabi/lib/thumb/v7e-m/nofp\libc.a(lib_a-impure.o)
 .text          0x00000334        0x0 c:/users/rajas/downloads/ccs/tools/compiler/gcc-arm-none-eabi-9-2019-q4-major/bin/../lib/gcc/arm-none-eabi/9.2.1/../../../../arm-none-eabi/lib/thumb/v7e-m/nofp\libc.a(lib_a-init.o)
 .text          0x00000334        0x0 c:/users/rajas/downloads/ccs/tools/compiler/gcc-arm-none-eabi-9-2019-q4-major/bin/../lib/gcc/arm-none-eabi/9.2.1/../../../../arm-none-eabi/lib/thumb/v7e-m/nofp\libc.a(lib_a-memset.o)
 *fill*         0x00000334        0xc 
 .text          0x00000340      0x2dc c:/users/rajas/downloads/ccs/tools/compiler/gcc-arm-none-eabi-9-2019-q4-major/bin/../lib/gcc/arm-none-eabi/9.2.1/../../../../arm-none-eabi/lib/thumb/v7e-m/nofp\libc.a(lib_a-strcmp.o)
                0x00000348                strcmp
 .text          0x0000061c        0x0 c:/users/rajas/downloads/ccs/tools/compiler/gcc-arm-none-eabi-9-2019-q4-major/bin/../lib/gcc/arm-none-eabi/9.2.1/../../../../arm-none-eabi/lib/thumb/v7e-m/nofp\libc.a(lib_a-strstr.o)
 .text          0x0000061c        0x0 c:/users/rajas/downloads/ccs/tools/compiler/gcc-arm-none-eabi-9-2019-q4-major/bin/../lib/gcc/arm-none-eabi/9.2.1/../../../../arm-none-eabi/lib/thumb/v7e-m/nofp\libc.a(lib_a-strtol.o)
 .text          0x0000061c        0x0 c:/users/rajas/downloads/ccs/tools/compiler/gcc-arm-none-eabi-9-2019-q4-major/bin/../lib/gcc/arm-none-eabi/9.2.1/../../../../arm-none-eabi/lib/thumb/v7e-m/nofp\libc.a(lib_a-__call_atexit.o)
 .text          0x0000061c        0x0 c:/users/rajas/downloads/ccs/tools/compiler/gcc-arm-none-eabi-9-2019-q4-major/bin/../lib/gcc/arm-none-eabi/9.2.1/../../../../arm-none-eabi/lib/thumb/v7e-m/nofp\libc.a(lib_a-atexit.o)
 .text          0x0000061c        0x0 c:/users/rajas/downloads/ccs/tools/compiler/gcc-arm-none-eabi-9-2019-q4-major/bin/../lib/gcc/arm-none-eabi/9.2.1/../../../../arm-none-eabi/lib/thumb/v7e-m/nofp\libc.a(lib_a-fini.o)
 .text          0x0000061c        0x0 c:/users/rajas/downloads/ccs/tools/compiler/gcc-arm-none-eabi-9-2019-q4-major/bin/../lib/gcc/arm-none-eabi/9.2.1/../../../../arm-none-eabi/lib/thumb/v7e-m/nofp\libc.a(lib_a-lock.o)
 .text          0x0000061c        0x0 c:/users/rajas/downloads/ccs/tools/compiler/gcc-arm-none-eabi-9-2019-q4-major/bin/../lib/gcc/arm-none-eabi/9.2.1/../../../../arm-none-eabi/lib/thumb/v7e-m/nofp\libc.a(lib_a-memcmp.o)
 .text          0x0000061c        0x0 c:/users/rajas/downloads/ccs/tools/compiler/gcc-arm-none-eabi-9-2019-q4-major/bin/../lib/gcc/arm-none-eabi/9.2.1/../../../../arm-none-eabi/lib/thumb/v7e-m/nofp\libc.a(lib_a-strchr.o)
 *fill*         0x0000061c       0x24 
 .text          0x00000640       0xdc c:/users/rajas/downloads/ccs/tools/compiler/gcc-arm-none-eabi-9-2019-q4-major/bin/../lib/gcc/arm-none-eabi/9.2.1/../../../../arm-none-eabi/lib/thumb/v7e-m/nofp\libc.a(lib_a-strlen.o)
                0x00000640                strlen
 .text          0x0000071c        0x0 c:/users/rajas/downloads/ccs/tools/compiler/gcc-arm-none-eabi-9-2019-q4-major/bin/../lib/gcc/arm-none-eabi/9.2.1/../../../../arm-none-eabi/lib/thumb/v7e-m/nofp\libc.a(lib_a-strnlen.o)
 .text          0x0000071c        0x0 c:/users/rajas/downloads/ccs/tools/compiler/gcc-arm-none-eabi-9-2019-q4-major/bin/../lib/gcc/arm-none-eabi/9.2.1/../../../../arm-none-eabi/lib/thumb/v7e-m/nofp\libc.a(lib_a-__atexit.o)
 .text          0x0000071c        0x0 ../libdriver.a(gpio.o)
 .text          0x0000071c        0x0 ../libdriver.a(interrupt.o)
 .text          0x0000071c        0x0 ../libdriver.a(sysctl.o)
 .text          0x0000071c        0x0 ../libdriver.a(uart.o)
 .text          0x0000071c        0x0 ../libdriver.a(cpu.o)
 .text          0x0000071c        0x0 c:/users/rajas/downloads/ccs/tools/compiler/gcc-arm-none-eabi-9-2019-q4-major/bin/../lib/gcc/arm-none-eabi/9.2.1/../../../../arm-none-eabi/lib/thumb/v7e-m/nofp\libnosys.a(_exit.o)
 .text          0x0000071c        0x0 c:/users/rajas/downloads/ccs/tools/compiler/gcc-arm-none-eabi-9-2019-q4-major/bin/../lib/gcc/arm-none-eabi/9.2.1/thumb/v7e-m/nofp/crtend.o
 .text          0x0000071c        0x0 c:/users/rajas/downloads/ccs/tools/compiler/gcc-arm-none-eabi-9-2019-q4-major/bin/../lib/gcc/arm-none-eabi/9.2.1/thumb/v7e-m/nofp/crtn.o
 *(.text.*)
 .text.GPIOE_INIT
                0x0000071c       0x58 ./main.o
                0x0000071c                GPIOE_INIT
 .text.GPIOC_INIT
                0x00000774       0x6c ./main.o
                0x00000774                GPIOC_INIT
 .text.PortAB_INIT
                0x000007e0       0x5c ./main.o
                0x000007e0                PortAB_INIT
 .text.LCD_RecCommand
                0x0000083c       0x34 ./main.o
                0x0000083c                LCD_RecCommand
 .text.LCD_RecData
                0x00000870       0x34 ./main.o
                0x00000870                LCD_RecData
 .text.LCD_init
                0x000008a4       0x34 ./main.o
                0x000008a4                LCD_init
 .text.LCD_PutData
                0x000008d8       0x68 ./main.o
                0x000008d8                LCD_PutData
 .text.removeWhiteSpaces
                0x00000940       0x90 ./main.o
                0x00000940                removeWhiteSpaces
 .text.findColor
                0x000009d0       0xfc ./main.o
                0x000009d0                findColor
 .text.findBlinkRate
                0x00000acc       0xc4 ./main.o
                0x00000acc                findBlinkRate
 .text.read_sw1
                0x00000b90       0x98 ./main.o
                0x00000b90                read_sw1
 .text.read_sw2
                0x00000c28       0xe0 ./main.o
                0x00000c28                read_sw2
 .text.processKeyPress
                0x00000d08       0x8c ./main.o
                0x00000d08                processKeyPress
 .text.processSSD
                0x00000d94      0x138 ./main.o
                0x00000d94                processSSD
 .text.processColors
                0x00000ecc      0x13c ./main.o
                0x00000ecc                processColors
 .text.emptyBuffer
                0x00001008       0x2c ./main.o
                0x00001008                emptyBuffer
 .text.StartStopCommand_Console
                0x00001034       0x84 ./main.o
                0x00001034                StartStopCommand_Console
 .text.StartStopCommand_Keypad
                0x000010b8       0xa0 ./main.o
                0x000010b8                StartStopCommand_Keypad
 .text.ResumePauseCommand_Console
                0x00001158       0x84 ./main.o
                0x00001158                ResumePauseCommand_Console
 .text.ResumePauseCommand_Keypad
                0x000011dc       0x88 ./main.o
                0x000011dc                ResumePauseCommand_Keypad
 .text.processEnterKey
                0x00001264      0x138 ./main.o
                0x00001264                processEnterKey
 .text.processBackSpaceKey
                0x0000139c       0x40 ./main.o
                0x0000139c                processBackSpaceKey
 .text.processNormalKey
                0x000013dc       0x60 ./main.o
                0x000013dc                processNormalKey
 .text.processInvalidCommand
                0x0000143c       0x5c ./main.o
                0x0000143c                processInvalidCommand
 .text.processPoke
                0x00001498      0x1b8 ./main.o
                0x00001498                processPoke
 .text.processPeek
                0x00001650      0x10c ./main.o
                0x00001650                processPeek
 .text.main     0x0000175c      0x164 ./main.o
                0x0000175c                main
 .text.delayMs  0x000018c0       0xac ./main.o
                0x000018c0                delayMs
 .text.delay_1Ms_LCD_Starter
                0x0000196c       0x26 ./main.o
                0x0000196c                delay_1Ms_LCD_Starter
 *fill*         0x00001992        0x2 
 .text.ResetISR
                0x00001994       0x6c ./tm4c123gh6pm_startup_ccs_gcc.o
                0x00001994                ResetISR
 .text.NmiSR    0x00001a00        0x6 ./tm4c123gh6pm_startup_ccs_gcc.o
 .text.FaultISR
                0x00001a06        0x6 ./tm4c123gh6pm_startup_ccs_gcc.o
 .text.IntDefaultHandler
                0x00001a0c        0x6 ./tm4c123gh6pm_startup_ccs_gcc.o
 *fill*         0x00001a12        0x2 
 .text.atoi     0x00001a14        0x8 c:/users/rajas/downloads/ccs/tools/compiler/gcc-arm-none-eabi-9-2019-q4-major/bin/../lib/gcc/arm-none-eabi/9.2.1/../../../../arm-none-eabi/lib/thumb/v7e-m/nofp\libc.a(lib_a-atoi.o)
                0x00001a14                atoi
 .text._atoi_r  0x00001a1c        0x8 c:/users/rajas/downloads/ccs/tools/compiler/gcc-arm-none-eabi-9-2019-q4-major/bin/../lib/gcc/arm-none-eabi/9.2.1/../../../../arm-none-eabi/lib/thumb/v7e-m/nofp\libc.a(lib_a-atoi.o)
                0x00001a1c                _atoi_r
 .text.exit     0x00001a24       0x20 c:/users/rajas/downloads/ccs/tools/compiler/gcc-arm-none-eabi-9-2019-q4-major/bin/../lib/gcc/arm-none-eabi/9.2.1/../../../../arm-none-eabi/lib/thumb/v7e-m/nofp\libc.a(lib_a-exit.o)
                0x00001a24                exit
 .text.__libc_init_array
                0x00001a44       0x48 c:/users/rajas/downloads/ccs/tools/compiler/gcc-arm-none-eabi-9-2019-q4-major/bin/../lib/gcc/arm-none-eabi/9.2.1/../../../../arm-none-eabi/lib/thumb/v7e-m/nofp\libc.a(lib_a-init.o)
                0x00001a44                __libc_init_array
 .text.memset   0x00001a8c       0xa0 c:/users/rajas/downloads/ccs/tools/compiler/gcc-arm-none-eabi-9-2019-q4-major/bin/../lib/gcc/arm-none-eabi/9.2.1/../../../../arm-none-eabi/lib/thumb/v7e-m/nofp\libc.a(lib_a-memset.o)
                0x00001a8c                memset
 .text.two_way_long_needle
                0x00001b2c      0x2b4 c:/users/rajas/downloads/ccs/tools/compiler/gcc-arm-none-eabi-9-2019-q4-major/bin/../lib/gcc/arm-none-eabi/9.2.1/../../../../arm-none-eabi/lib/thumb/v7e-m/nofp\libc.a(lib_a-strstr.o)
 .text.strstr   0x00001de0      0x164 c:/users/rajas/downloads/ccs/tools/compiler/gcc-arm-none-eabi-9-2019-q4-major/bin/../lib/gcc/arm-none-eabi/9.2.1/../../../../arm-none-eabi/lib/thumb/v7e-m/nofp\libc.a(lib_a-strstr.o)
                0x00001de0                strstr
 .text._strtol_l.isra.0
                0x00001f44      0x10c c:/users/rajas/downloads/ccs/tools/compiler/gcc-arm-none-eabi-9-2019-q4-major/bin/../lib/gcc/arm-none-eabi/9.2.1/../../../../arm-none-eabi/lib/thumb/v7e-m/nofp\libc.a(lib_a-strtol.o)
 .text._strtol_r
                0x00002050        0x4 c:/users/rajas/downloads/ccs/tools/compiler/gcc-arm-none-eabi-9-2019-q4-major/bin/../lib/gcc/arm-none-eabi/9.2.1/../../../../arm-none-eabi/lib/thumb/v7e-m/nofp\libc.a(lib_a-strtol.o)
                0x00002050                _strtol_r
 .text.strtol_l
                0x00002054       0x18 c:/users/rajas/downloads/ccs/tools/compiler/gcc-arm-none-eabi-9-2019-q4-major/bin/../lib/gcc/arm-none-eabi/9.2.1/../../../../arm-none-eabi/lib/thumb/v7e-m/nofp\libc.a(lib_a-strtol.o)
                0x00002054                strtol_l
 .text.strtol   0x0000206c       0x18 c:/users/rajas/downloads/ccs/tools/compiler/gcc-arm-none-eabi-9-2019-q4-major/bin/../lib/gcc/arm-none-eabi/9.2.1/../../../../arm-none-eabi/lib/thumb/v7e-m/nofp\libc.a(lib_a-strtol.o)
                0x0000206c                strtol
 .text.startup.register_fini
                0x00002084       0x14 c:/users/rajas/downloads/ccs/tools/compiler/gcc-arm-none-eabi-9-2019-q4-major/bin/../lib/gcc/arm-none-eabi/9.2.1/../../../../arm-none-eabi/lib/thumb/v7e-m/nofp\libc.a(lib_a-__call_atexit.o)
 .text.__call_exitprocs
                0x00002098       0xc4 c:/users/rajas/downloads/ccs/tools/compiler/gcc-arm-none-eabi-9-2019-q4-major/bin/../lib/gcc/arm-none-eabi/9.2.1/../../../../arm-none-eabi/lib/thumb/v7e-m/nofp\libc.a(lib_a-__call_atexit.o)
                0x00002098                __call_exitprocs
 .text.atexit   0x0000215c        0xc c:/users/rajas/downloads/ccs/tools/compiler/gcc-arm-none-eabi-9-2019-q4-major/bin/../lib/gcc/arm-none-eabi/9.2.1/../../../../arm-none-eabi/lib/thumb/v7e-m/nofp\libc.a(lib_a-atexit.o)
                0x0000215c                atexit
 .text.__libc_fini_array
                0x00002168       0x2c c:/users/rajas/downloads/ccs/tools/compiler/gcc-arm-none-eabi-9-2019-q4-major/bin/../lib/gcc/arm-none-eabi/9.2.1/../../../../arm-none-eabi/lib/thumb/v7e-m/nofp\libc.a(lib_a-fini.o)
                0x00002168                __libc_fini_array
 .text.__retarget_lock_init
                0x00002194        0x4 c:/users/rajas/downloads/ccs/tools/compiler/gcc-arm-none-eabi-9-2019-q4-major/bin/../lib/gcc/arm-none-eabi/9.2.1/../../../../arm-none-eabi/lib/thumb/v7e-m/nofp\libc.a(lib_a-lock.o)
                0x00002194                __retarget_lock_init
 .text.__retarget_lock_init_recursive
                0x00002198        0x4 c:/users/rajas/downloads/ccs/tools/compiler/gcc-arm-none-eabi-9-2019-q4-major/bin/../lib/gcc/arm-none-eabi/9.2.1/../../../../arm-none-eabi/lib/thumb/v7e-m/nofp\libc.a(lib_a-lock.o)
                0x00002198                __retarget_lock_init_recursive
 .text.__retarget_lock_close
                0x0000219c        0x4 c:/users/rajas/downloads/ccs/tools/compiler/gcc-arm-none-eabi-9-2019-q4-major/bin/../lib/gcc/arm-none-eabi/9.2.1/../../../../arm-none-eabi/lib/thumb/v7e-m/nofp\libc.a(lib_a-lock.o)
                0x0000219c                __retarget_lock_close
 .text.__retarget_lock_close_recursive
                0x000021a0        0x4 c:/users/rajas/downloads/ccs/tools/compiler/gcc-arm-none-eabi-9-2019-q4-major/bin/../lib/gcc/arm-none-eabi/9.2.1/../../../../arm-none-eabi/lib/thumb/v7e-m/nofp\libc.a(lib_a-lock.o)
                0x000021a0                __retarget_lock_close_recursive
 .text.__retarget_lock_acquire
                0x000021a4        0x4 c:/users/rajas/downloads/ccs/tools/compiler/gcc-arm-none-eabi-9-2019-q4-major/bin/../lib/gcc/arm-none-eabi/9.2.1/../../../../arm-none-eabi/lib/thumb/v7e-m/nofp\libc.a(lib_a-lock.o)
                0x000021a4                __retarget_lock_acquire
 .text.__retarget_lock_acquire_recursive
                0x000021a8        0x4 c:/users/rajas/downloads/ccs/tools/compiler/gcc-arm-none-eabi-9-2019-q4-major/bin/../lib/gcc/arm-none-eabi/9.2.1/../../../../arm-none-eabi/lib/thumb/v7e-m/nofp\libc.a(lib_a-lock.o)
                0x000021a8                __retarget_lock_acquire_recursive
 .text.__retarget_lock_try_acquire
                0x000021ac        0x4 c:/users/rajas/downloads/ccs/tools/compiler/gcc-arm-none-eabi-9-2019-q4-major/bin/../lib/gcc/arm-none-eabi/9.2.1/../../../../arm-none-eabi/lib/thumb/v7e-m/nofp\libc.a(lib_a-lock.o)
                0x000021ac                __retarget_lock_try_acquire
 .text.__retarget_lock_try_acquire_recursive
                0x000021b0        0x4 c:/users/rajas/downloads/ccs/tools/compiler/gcc-arm-none-eabi-9-2019-q4-major/bin/../lib/gcc/arm-none-eabi/9.2.1/../../../../arm-none-eabi/lib/thumb/v7e-m/nofp\libc.a(lib_a-lock.o)
                0x000021b0                __retarget_lock_try_acquire_recursive
 .text.__retarget_lock_release
                0x000021b4        0x4 c:/users/rajas/downloads/ccs/tools/compiler/gcc-arm-none-eabi-9-2019-q4-major/bin/../lib/gcc/arm-none-eabi/9.2.1/../../../../arm-none-eabi/lib/thumb/v7e-m/nofp\libc.a(lib_a-lock.o)
                0x000021b4                __retarget_lock_release
 .text.__retarget_lock_release_recursive
                0x000021b8        0x4 c:/users/rajas/downloads/ccs/tools/compiler/gcc-arm-none-eabi-9-2019-q4-major/bin/../lib/gcc/arm-none-eabi/9.2.1/../../../../arm-none-eabi/lib/thumb/v7e-m/nofp\libc.a(lib_a-lock.o)
                0x000021b8                __retarget_lock_release_recursive
 .text.memcmp   0x000021bc       0x60 c:/users/rajas/downloads/ccs/tools/compiler/gcc-arm-none-eabi-9-2019-q4-major/bin/../lib/gcc/arm-none-eabi/9.2.1/../../../../arm-none-eabi/lib/thumb/v7e-m/nofp\libc.a(lib_a-memcmp.o)
                0x000021bc                memcmp
 .text.strchr   0x0000221c       0xd0 c:/users/rajas/downloads/ccs/tools/compiler/gcc-arm-none-eabi-9-2019-q4-major/bin/../lib/gcc/arm-none-eabi/9.2.1/../../../../arm-none-eabi/lib/thumb/v7e-m/nofp\libc.a(lib_a-strchr.o)
                0x0000221c                strchr
 .text.strnlen  0x000022ec       0x28 c:/users/rajas/downloads/ccs/tools/compiler/gcc-arm-none-eabi-9-2019-q4-major/bin/../lib/gcc/arm-none-eabi/9.2.1/../../../../arm-none-eabi/lib/thumb/v7e-m/nofp\libc.a(lib_a-strnlen.o)
                0x000022ec                strnlen
 .text.__register_exitproc
                0x00002314       0x8c c:/users/rajas/downloads/ccs/tools/compiler/gcc-arm-none-eabi-9-2019-q4-major/bin/../lib/gcc/arm-none-eabi/9.2.1/../../../../arm-none-eabi/lib/thumb/v7e-m/nofp\libc.a(lib_a-__atexit.o)
                0x00002314                __register_exitproc
 .text._GPIOIntNumberGet
                0x000023a0       0x44 ../libdriver.a(gpio.o)
 .text.GPIODirModeSet
                0x000023e4       0x26 ../libdriver.a(gpio.o)
                0x000023e4                GPIODirModeSet
 .text.GPIODirModeGet
                0x0000240a       0x26 ../libdriver.a(gpio.o)
                0x0000240a                GPIODirModeGet
 .text.GPIOIntTypeSet
                0x00002430       0x4e ../libdriver.a(gpio.o)
                0x00002430                GPIOIntTypeSet
 .text.GPIOIntTypeGet
                0x0000247e       0x40 ../libdriver.a(gpio.o)
                0x0000247e                GPIOIntTypeGet
 .text.GPIOPadConfigSet
                0x000024be      0x106 ../libdriver.a(gpio.o)
                0x000024be                GPIOPadConfigSet
 .text.GPIOPadConfigGet
                0x000025c4       0xd0 ../libdriver.a(gpio.o)
                0x000025c4                GPIOPadConfigGet
 .text.GPIOIntEnable
                0x00002694        0xc ../libdriver.a(gpio.o)
                0x00002694                GPIOIntEnable
 .text.GPIOIntDisable
                0x000026a0        0xe ../libdriver.a(gpio.o)
                0x000026a0                GPIOIntDisable
 .text.GPIOIntStatus
                0x000026ae        0xe ../libdriver.a(gpio.o)
                0x000026ae                GPIOIntStatus
 .text.GPIOIntClear
                0x000026bc        0x6 ../libdriver.a(gpio.o)
                0x000026bc                GPIOIntClear
 .text.GPIOIntRegister
                0x000026c2       0x1c ../libdriver.a(gpio.o)
                0x000026c2                GPIOIntRegister
 .text.GPIOIntUnregister
                0x000026de       0x16 ../libdriver.a(gpio.o)
                0x000026de                GPIOIntUnregister
 .text.GPIOPinRead
                0x000026f4        0x6 ../libdriver.a(gpio.o)
                0x000026f4                GPIOPinRead
 .text.GPIOPinWrite
                0x000026fa        0x6 ../libdriver.a(gpio.o)
                0x000026fa                GPIOPinWrite
 .text.GPIOPinTypeADC
                0x00002700       0x18 ../libdriver.a(gpio.o)
                0x00002700                GPIOPinTypeADC
 .text.GPIOPinTypeCAN
                0x00002718       0x18 ../libdriver.a(gpio.o)
                0x00002718                GPIOPinTypeCAN
 .text.GPIOPinTypeComparator
                0x00002730        0x4 ../libdriver.a(gpio.o)
                0x00002730                GPIOPinTypeComparator
 .text.GPIOPinTypeEPI
                0x00002734        0x4 ../libdriver.a(gpio.o)
                0x00002734                GPIOPinTypeEPI
 .text.GPIOPinTypeEthernetLED
                0x00002738        0x4 ../libdriver.a(gpio.o)
                0x00002738                GPIOPinTypeEthernetLED
 .text.GPIOPinTypeEthernetMII
                0x0000273c        0x4 ../libdriver.a(gpio.o)
                0x0000273c                GPIOPinTypeEthernetMII
 .text.GPIOPinTypeGPIOInput
                0x00002740       0x18 ../libdriver.a(gpio.o)
                0x00002740                GPIOPinTypeGPIOInput
 .text.GPIOPinTypeGPIOOutput
                0x00002758       0x18 ../libdriver.a(gpio.o)
                0x00002758                GPIOPinTypeGPIOOutput
 .text.GPIOPinTypeGPIOOutputOD
                0x00002770       0x18 ../libdriver.a(gpio.o)
                0x00002770                GPIOPinTypeGPIOOutputOD
 .text.GPIOPinTypeI2C
                0x00002788       0x18 ../libdriver.a(gpio.o)
                0x00002788                GPIOPinTypeI2C
 .text.GPIOPinTypeI2CSCL
                0x000027a0       0x18 ../libdriver.a(gpio.o)
                0x000027a0                GPIOPinTypeI2CSCL
 .text.GPIOPinTypeLCD
                0x000027b8        0x4 ../libdriver.a(gpio.o)
                0x000027b8                GPIOPinTypeLCD
 .text.GPIOPinTypeLPC
                0x000027bc        0x4 ../libdriver.a(gpio.o)
                0x000027bc                GPIOPinTypeLPC
 .text.GPIOPinTypePECIRx
                0x000027c0        0x4 ../libdriver.a(gpio.o)
                0x000027c0                GPIOPinTypePECIRx
 .text.GPIOPinTypePECITx
                0x000027c4        0x4 ../libdriver.a(gpio.o)
                0x000027c4                GPIOPinTypePECITx
 .text.GPIOPinTypePWM
                0x000027c8        0x4 ../libdriver.a(gpio.o)
                0x000027c8                GPIOPinTypePWM
 .text.GPIOPinTypeQEI
                0x000027cc       0x18 ../libdriver.a(gpio.o)
                0x000027cc                GPIOPinTypeQEI
 .text.GPIOPinTypeSSI
                0x000027e4        0x4 ../libdriver.a(gpio.o)
                0x000027e4                GPIOPinTypeSSI
 .text.GPIOPinTypeTimer
                0x000027e8        0x4 ../libdriver.a(gpio.o)
                0x000027e8                GPIOPinTypeTimer
 .text.GPIOPinTypeUART
                0x000027ec        0x4 ../libdriver.a(gpio.o)
                0x000027ec                GPIOPinTypeUART
 .text.GPIOPinTypeUSBAnalog
                0x000027f0        0x4 ../libdriver.a(gpio.o)
                0x000027f0                GPIOPinTypeUSBAnalog
 .text.GPIOPinTypeUSBDigital
                0x000027f4        0x4 ../libdriver.a(gpio.o)
                0x000027f4                GPIOPinTypeUSBDigital
 .text.GPIOPinTypeWakeHigh
                0x000027f8       0x1a ../libdriver.a(gpio.o)
                0x000027f8                GPIOPinTypeWakeHigh
 .text.GPIOPinTypeWakeLow
                0x00002812       0x1a ../libdriver.a(gpio.o)
                0x00002812                GPIOPinTypeWakeLow
 .text.GPIOPinTypeKBRow
                0x0000282c        0x4 ../libdriver.a(gpio.o)
                0x0000282c                GPIOPinTypeKBRow
 .text.GPIOPinTypeKBColumn
                0x00002830        0x4 ../libdriver.a(gpio.o)
                0x00002830                GPIOPinTypeKBColumn
 .text.GPIOPinTypeLEDSeq
                0x00002834        0x4 ../libdriver.a(gpio.o)
                0x00002834                GPIOPinTypeLEDSeq
 .text.GPIOPinTypeCIR
                0x00002838        0x4 ../libdriver.a(gpio.o)
                0x00002838                GPIOPinTypeCIR
 .text.GPIOPinWakeStatus
                0x0000283c        0x6 ../libdriver.a(gpio.o)
                0x0000283c                GPIOPinWakeStatus
 *fill*         0x00002842        0x2 
 .text.GPIOPinConfigure
                0x00002844       0x44 ../libdriver.a(gpio.o)
                0x00002844                GPIOPinConfigure
 .text.GPIODMATriggerEnable
                0x00002888        0xc ../libdriver.a(gpio.o)
                0x00002888                GPIODMATriggerEnable
 .text.GPIODMATriggerDisable
                0x00002894        0xe ../libdriver.a(gpio.o)
                0x00002894                GPIODMATriggerDisable
 .text.GPIOADCTriggerEnable
                0x000028a2        0xc ../libdriver.a(gpio.o)
                0x000028a2                GPIOADCTriggerEnable
 .text.GPIOADCTriggerDisable
                0x000028ae        0xe ../libdriver.a(gpio.o)
                0x000028ae                GPIOADCTriggerDisable
 .text._IntDefaultHandler
                0x000028bc        0x2 ../libdriver.a(interrupt.o)
 .text.IntMasterEnable
                0x000028be        0xe ../libdriver.a(interrupt.o)
                0x000028be                IntMasterEnable
 .text.IntMasterDisable
                0x000028cc        0xe ../libdriver.a(interrupt.o)
                0x000028cc                IntMasterDisable
 *fill*         0x000028da        0x2 
 .text.IntRegister
                0x000028dc       0x38 ../libdriver.a(interrupt.o)
                0x000028dc                IntRegister
 .text.IntUnregister
                0x00002914       0x14 ../libdriver.a(interrupt.o)
                0x00002914                IntUnregister
 .text.IntPriorityGroupingSet
                0x00002928       0x1c ../libdriver.a(interrupt.o)
                0x00002928                IntPriorityGroupingSet
 .text.IntPriorityGroupingGet
                0x00002944       0x24 ../libdriver.a(interrupt.o)
                0x00002944                IntPriorityGroupingGet
 .text.IntPrioritySet
                0x00002968       0x28 ../libdriver.a(interrupt.o)
                0x00002968                IntPrioritySet
 .text.IntPriorityGet
                0x00002990       0x1c ../libdriver.a(interrupt.o)
                0x00002990                IntPriorityGet
 .text.IntEnable
                0x000029ac       0x60 ../libdriver.a(interrupt.o)
                0x000029ac                IntEnable
 .text.IntDisable
                0x00002a0c       0x60 ../libdriver.a(interrupt.o)
                0x00002a0c                IntDisable
 .text.IntIsEnabled
                0x00002a6c       0x64 ../libdriver.a(interrupt.o)
                0x00002a6c                IntIsEnabled
 .text.IntPendSet
                0x00002ad0       0x50 ../libdriver.a(interrupt.o)
                0x00002ad0                IntPendSet
 .text.IntPendClear
                0x00002b20       0x40 ../libdriver.a(interrupt.o)
                0x00002b20                IntPendClear
 .text.IntPriorityMaskSet
                0x00002b60        0x4 ../libdriver.a(interrupt.o)
                0x00002b60                IntPriorityMaskSet
 .text.IntPriorityMaskGet
                0x00002b64        0x4 ../libdriver.a(interrupt.o)
                0x00002b64                IntPriorityMaskGet
 .text.IntTrigger
                0x00002b68        0xc ../libdriver.a(interrupt.o)
                0x00002b68                IntTrigger
 .text._SysCtlMemTimingGet
                0x00002b74       0x64 ../libdriver.a(sysctl.o)
 .text.SysCtlSRAMSizeGet
                0x00002bd8       0x10 ../libdriver.a(sysctl.o)
                0x00002bd8                SysCtlSRAMSizeGet
 .text.SysCtlFlashSizeGet
                0x00002be8       0x44 ../libdriver.a(sysctl.o)
                0x00002be8                SysCtlFlashSizeGet
 .text.SysCtlFlashSectorSizeGet
                0x00002c2c       0x38 ../libdriver.a(sysctl.o)
                0x00002c2c                SysCtlFlashSectorSizeGet
 .text.SysCtlPeripheralPresent
                0x00002c64       0x24 ../libdriver.a(sysctl.o)
                0x00002c64                SysCtlPeripheralPresent
 .text.SysCtlPeripheralReady
                0x00002c88       0x24 ../libdriver.a(sysctl.o)
                0x00002c88                SysCtlPeripheralReady
 .text.SysCtlPeripheralPowerOn
                0x00002cac       0x20 ../libdriver.a(sysctl.o)
                0x00002cac                SysCtlPeripheralPowerOn
 .text.SysCtlPeripheralPowerOff
                0x00002ccc       0x20 ../libdriver.a(sysctl.o)
                0x00002ccc                SysCtlPeripheralPowerOff
 .text.SysCtlPeripheralReset
                0x00002cec       0x38 ../libdriver.a(sysctl.o)
                0x00002cec                SysCtlPeripheralReset
 .text.SysCtlPeripheralEnable
                0x00002d24       0x20 ../libdriver.a(sysctl.o)
                0x00002d24                SysCtlPeripheralEnable
 .text.SysCtlPeripheralDisable
                0x00002d44       0x20 ../libdriver.a(sysctl.o)
                0x00002d44                SysCtlPeripheralDisable
 .text.SysCtlPeripheralSleepEnable
                0x00002d64       0x20 ../libdriver.a(sysctl.o)
                0x00002d64                SysCtlPeripheralSleepEnable
 .text.SysCtlPeripheralSleepDisable
                0x00002d84       0x20 ../libdriver.a(sysctl.o)
                0x00002d84                SysCtlPeripheralSleepDisable
 .text.SysCtlPeripheralDeepSleepEnable
                0x00002da4       0x20 ../libdriver.a(sysctl.o)
                0x00002da4                SysCtlPeripheralDeepSleepEnable
 .text.SysCtlPeripheralDeepSleepDisable
                0x00002dc4       0x20 ../libdriver.a(sysctl.o)
                0x00002dc4                SysCtlPeripheralDeepSleepDisable
 .text.SysCtlPeripheralClockGating
                0x00002de4       0x48 ../libdriver.a(sysctl.o)
                0x00002de4                SysCtlPeripheralClockGating
 .text.SysCtlIntRegister
                0x00002e2c       0x14 ../libdriver.a(sysctl.o)
                0x00002e2c                SysCtlIntRegister
 .text.SysCtlIntUnregister
                0x00002e40       0x12 ../libdriver.a(sysctl.o)
                0x00002e40                SysCtlIntUnregister
 *fill*         0x00002e52        0x2 
 .text.SysCtlIntEnable
                0x00002e54       0x10 ../libdriver.a(sysctl.o)
                0x00002e54                SysCtlIntEnable
 .text.SysCtlIntDisable
                0x00002e64       0x10 ../libdriver.a(sysctl.o)
                0x00002e64                SysCtlIntDisable
 .text.SysCtlIntClear
                0x00002e74        0xc ../libdriver.a(sysctl.o)
                0x00002e74                SysCtlIntClear
 .text.SysCtlIntStatus
                0x00002e80       0x14 ../libdriver.a(sysctl.o)
                0x00002e80                SysCtlIntStatus
 .text.SysCtlLDOSleepSet
                0x00002e94        0xc ../libdriver.a(sysctl.o)
                0x00002e94                SysCtlLDOSleepSet
 .text.SysCtlLDOSleepGet
                0x00002ea0        0xc ../libdriver.a(sysctl.o)
                0x00002ea0                SysCtlLDOSleepGet
 .text.SysCtlLDODeepSleepSet
                0x00002eac        0xc ../libdriver.a(sysctl.o)
                0x00002eac                SysCtlLDODeepSleepSet
 .text.SysCtlLDODeepSleepGet
                0x00002eb8        0xc ../libdriver.a(sysctl.o)
                0x00002eb8                SysCtlLDODeepSleepGet
 .text.SysCtlSleepPowerSet
                0x00002ec4        0xc ../libdriver.a(sysctl.o)
                0x00002ec4                SysCtlSleepPowerSet
 .text.SysCtlDeepSleepPowerSet
                0x00002ed0        0xc ../libdriver.a(sysctl.o)
                0x00002ed0                SysCtlDeepSleepPowerSet
 .text.SysCtlReset
                0x00002edc       0x10 ../libdriver.a(sysctl.o)
                0x00002edc                SysCtlReset
 .text.SysCtlSleep
                0x00002eec        0x4 ../libdriver.a(sysctl.o)
                0x00002eec                SysCtlSleep
 .text.SysCtlDeepSleep
                0x00002ef0       0x20 ../libdriver.a(sysctl.o)
                0x00002ef0                SysCtlDeepSleep
 .text.SysCtlResetCauseGet
                0x00002f10        0xc ../libdriver.a(sysctl.o)
                0x00002f10                SysCtlResetCauseGet
 .text.SysCtlResetCauseClear
                0x00002f1c       0x10 ../libdriver.a(sysctl.o)
                0x00002f1c                SysCtlResetCauseClear
 .text.SysCtlDelay
                0x00002f2c        0x8 ../libdriver.a(sysctl.o)
                0x00002f2c                SysCtlDelay
 .text.SysCtlMOSCConfigSet
                0x00002f34        0xc ../libdriver.a(sysctl.o)
                0x00002f34                SysCtlMOSCConfigSet
 .text.SysCtlPIOSCCalibrate
                0x00002f40       0x48 ../libdriver.a(sysctl.o)
                0x00002f40                SysCtlPIOSCCalibrate
 .text.SysCtlResetBehaviorSet
                0x00002f88        0xc ../libdriver.a(sysctl.o)
                0x00002f88                SysCtlResetBehaviorSet
 .text.SysCtlResetBehaviorGet
                0x00002f94        0xc ../libdriver.a(sysctl.o)
                0x00002f94                SysCtlResetBehaviorGet
 .text.SysCtlClockFreqSet
                0x00002fa0      0x234 ../libdriver.a(sysctl.o)
                0x00002fa0                SysCtlClockFreqSet
 .text.SysCtlClockSet
                0x000031d4      0x114 ../libdriver.a(sysctl.o)
                0x000031d4                SysCtlClockSet
 .text.SysCtlClockGet
                0x000032e8      0x160 ../libdriver.a(sysctl.o)
                0x000032e8                SysCtlClockGet
 .text.SysCtlDeepSleepClockSet
                0x00003448        0xc ../libdriver.a(sysctl.o)
                0x00003448                SysCtlDeepSleepClockSet
 .text.SysCtlDeepSleepClockConfigSet
                0x00003454       0x60 ../libdriver.a(sysctl.o)
                0x00003454                SysCtlDeepSleepClockConfigSet
 .text.SysCtlPWMClockSet
                0x000034b4       0x14 ../libdriver.a(sysctl.o)
                0x000034b4                SysCtlPWMClockSet
 .text.SysCtlPWMClockGet
                0x000034c8       0x18 ../libdriver.a(sysctl.o)
                0x000034c8                SysCtlPWMClockGet
 .text.SysCtlGPIOAHBEnable
                0x000034e0       0x18 ../libdriver.a(sysctl.o)
                0x000034e0                SysCtlGPIOAHBEnable
 .text.SysCtlGPIOAHBDisable
                0x000034f8       0x1c ../libdriver.a(sysctl.o)
                0x000034f8                SysCtlGPIOAHBDisable
 .text.SysCtlUSBPLLEnable
                0x00003514       0x10 ../libdriver.a(sysctl.o)
                0x00003514                SysCtlUSBPLLEnable
 .text.SysCtlUSBPLLDisable
                0x00003524       0x10 ../libdriver.a(sysctl.o)
                0x00003524                SysCtlUSBPLLDisable
 .text.SysCtlVoltageEventConfig
                0x00003534        0xc ../libdriver.a(sysctl.o)
                0x00003534                SysCtlVoltageEventConfig
 .text.SysCtlVoltageEventStatus
                0x00003540        0xc ../libdriver.a(sysctl.o)
                0x00003540                SysCtlVoltageEventStatus
 .text.SysCtlVoltageEventClear
                0x0000354c       0x10 ../libdriver.a(sysctl.o)
                0x0000354c                SysCtlVoltageEventClear
 .text.SysCtlNMIStatus
                0x0000355c        0xc ../libdriver.a(sysctl.o)
                0x0000355c                SysCtlNMIStatus
 .text.SysCtlNMIClear
                0x00003568       0x10 ../libdriver.a(sysctl.o)
                0x00003568                SysCtlNMIClear
 .text.SysCtlClockOutConfig
                0x00003578       0x10 ../libdriver.a(sysctl.o)
                0x00003578                SysCtlClockOutConfig
 .text.SysCtlAltClkConfig
                0x00003588        0xc ../libdriver.a(sysctl.o)
                0x00003588                SysCtlAltClkConfig
 .text._UARTIntNumberGet
                0x00003594       0x44 ../libdriver.a(uart.o)
 .text.UARTParityModeSet
                0x000035d8        0xc ../libdriver.a(uart.o)
                0x000035d8                UARTParityModeSet
 .text.UARTParityModeGet
                0x000035e4        0x8 ../libdriver.a(uart.o)
                0x000035e4                UARTParityModeGet
 .text.UARTFIFOLevelSet
                0x000035ec        0x6 ../libdriver.a(uart.o)
                0x000035ec                UARTFIFOLevelSet
 .text.UARTFIFOLevelGet
                0x000035f2       0x10 ../libdriver.a(uart.o)
                0x000035f2                UARTFIFOLevelGet
 .text.UARTConfigGetExpClk
                0x00003602       0x26 ../libdriver.a(uart.o)
                0x00003602                UARTConfigGetExpClk
 .text.UARTEnable
                0x00003628       0x16 ../libdriver.a(uart.o)
                0x00003628                UARTEnable
 .text.UARTDisable
                0x0000363e       0x1c ../libdriver.a(uart.o)
                0x0000363e                UARTDisable
 .text.UARTConfigSetExpClk
                0x0000365a       0x46 ../libdriver.a(uart.o)
                0x0000365a                UARTConfigSetExpClk
 .text.UARTFIFOEnable
                0x000036a0        0xa ../libdriver.a(uart.o)
                0x000036a0                UARTFIFOEnable
 .text.UARTFIFODisable
                0x000036aa        0xa ../libdriver.a(uart.o)
                0x000036aa                UARTFIFODisable
 .text.UARTEnableSIR
                0x000036b4       0x12 ../libdriver.a(uart.o)
                0x000036b4                UARTEnableSIR
 .text.UARTDisableSIR
                0x000036c6        0xa ../libdriver.a(uart.o)
                0x000036c6                UARTDisableSIR
 .text.UARTSmartCardEnable
                0x000036d0       0x16 ../libdriver.a(uart.o)
                0x000036d0                UARTSmartCardEnable
 .text.UARTSmartCardDisable
                0x000036e6        0xa ../libdriver.a(uart.o)
                0x000036e6                UARTSmartCardDisable
 .text.UARTModemControlSet
                0x000036f0        0xc ../libdriver.a(uart.o)
                0x000036f0                UARTModemControlSet
 .text.UARTModemControlClear
                0x000036fc        0xe ../libdriver.a(uart.o)
                0x000036fc                UARTModemControlClear
 .text.UARTModemControlGet
                0x0000370a        0x8 ../libdriver.a(uart.o)
                0x0000370a                UARTModemControlGet
 .text.UARTModemStatusGet
                0x00003712        0xc ../libdriver.a(uart.o)
                0x00003712                UARTModemStatusGet
 .text.UARTFlowControlSet
                0x0000371e        0xc ../libdriver.a(uart.o)
                0x0000371e                UARTFlowControlSet
 .text.UARTFlowControlGet
                0x0000372a        0x8 ../libdriver.a(uart.o)
                0x0000372a                UARTFlowControlGet
 .text.UARTTxIntModeSet
                0x00003732        0xc ../libdriver.a(uart.o)
                0x00003732                UARTTxIntModeSet
 .text.UARTTxIntModeGet
                0x0000373e        0x8 ../libdriver.a(uart.o)
                0x0000373e                UARTTxIntModeGet
 .text.UARTCharsAvail
                0x00003746        0xc ../libdriver.a(uart.o)
                0x00003746                UARTCharsAvail
 .text.UARTSpaceAvail
                0x00003752        0xc ../libdriver.a(uart.o)
                0x00003752                UARTSpaceAvail
 .text.UARTCharGetNonBlocking
                0x0000375e        0xe ../libdriver.a(uart.o)
                0x0000375e                UARTCharGetNonBlocking
 .text.UARTCharGet
                0x0000376c        0xa ../libdriver.a(uart.o)
                0x0000376c                UARTCharGet
 .text.UARTCharPutNonBlocking
                0x00003776        0xe ../libdriver.a(uart.o)
                0x00003776                UARTCharPutNonBlocking
 .text.UARTCharPut
                0x00003784        0xa ../libdriver.a(uart.o)
                0x00003784                UARTCharPut
 .text.UARTBreakCtl
                0x0000378e       0x12 ../libdriver.a(uart.o)
                0x0000378e                UARTBreakCtl
 .text.UARTBusy
                0x000037a0        0x8 ../libdriver.a(uart.o)
                0x000037a0                UARTBusy
 .text.UARTIntRegister
                0x000037a8       0x1c ../libdriver.a(uart.o)
                0x000037a8                UARTIntRegister
 .text.UARTIntUnregister
                0x000037c4       0x16 ../libdriver.a(uart.o)
                0x000037c4                UARTIntUnregister
 .text.UARTIntEnable
                0x000037da        0x8 ../libdriver.a(uart.o)
                0x000037da                UARTIntEnable
 .text.UARTIntDisable
                0x000037e2        0xa ../libdriver.a(uart.o)
                0x000037e2                UARTIntDisable
 .text.UARTIntStatus
                0x000037ec        0xa ../libdriver.a(uart.o)
                0x000037ec                UARTIntStatus
 .text.UARTIntClear
                0x000037f6        0x4 ../libdriver.a(uart.o)
                0x000037f6                UARTIntClear
 .text.UARTDMAEnable
                0x000037fa        0x8 ../libdriver.a(uart.o)
                0x000037fa                UARTDMAEnable
 .text.UARTDMADisable
                0x00003802        0xa ../libdriver.a(uart.o)
                0x00003802                UARTDMADisable
 .text.UARTRxErrorGet
                0x0000380c        0x8 ../libdriver.a(uart.o)
                0x0000380c                UARTRxErrorGet
 .text.UARTRxErrorClear
                0x00003814        0x6 ../libdriver.a(uart.o)
                0x00003814                UARTRxErrorClear
 .text.UARTClockSourceSet
                0x0000381a        0x6 ../libdriver.a(uart.o)
                0x0000381a                UARTClockSourceSet
 .text.UARTClockSourceGet
                0x00003820        0x6 ../libdriver.a(uart.o)
                0x00003820                UARTClockSourceGet
 .text.UART9BitEnable
                0x00003826        0xe ../libdriver.a(uart.o)
                0x00003826                UART9BitEnable
 .text.UART9BitDisable
                0x00003834        0xe ../libdriver.a(uart.o)
                0x00003834                UART9BitDisable
 .text.UART9BitAddrSet
                0x00003842        0xa ../libdriver.a(uart.o)
                0x00003842                UART9BitAddrSet
 .text.UART9BitAddrSend
                0x0000384c       0x2c ../libdriver.a(uart.o)
                0x0000384c                UART9BitAddrSend
 .text.CPUcpsid
                0x00003878        0x8 ../libdriver.a(cpu.o)
                0x00003878                CPUcpsid
 .text.CPUprimask
                0x00003880        0x6 ../libdriver.a(cpu.o)
                0x00003880                CPUprimask
 .text.CPUcpsie
                0x00003886        0x8 ../libdriver.a(cpu.o)
                0x00003886                CPUcpsie
 .text.CPUwfi   0x0000388e        0x4 ../libdriver.a(cpu.o)
                0x0000388e                CPUwfi
 .text.CPUbasepriSet
                0x00003892        0x6 ../libdriver.a(cpu.o)
                0x00003892                CPUbasepriSet
 .text.CPUbasepriGet
                0x00003898        0x6 ../libdriver.a(cpu.o)
                0x00003898                CPUbasepriGet
 *fill*         0x0000389e        0x2 
 .text._exit    0x000038a0        0x4 c:/users/rajas/downloads/ccs/tools/compiler/gcc-arm-none-eabi-9-2019-q4-major/bin/../lib/gcc/arm-none-eabi/9.2.1/../../../../arm-none-eabi/lib/thumb/v7e-m/nofp\libnosys.a(_exit.o)
                0x000038a0                _exit
                0x000038a4                . = ALIGN (0x4)
 *(.ctors)
                0x000038a4                . = ALIGN (0x4)
 *(.dtors)
                0x000038a4                . = ALIGN (0x4)
                0x000038a4                __init_array_start = .
 *(.init_array*)
 .init_array    0x000038a4        0x4 c:/users/rajas/downloads/ccs/tools/compiler/gcc-arm-none-eabi-9-2019-q4-major/bin/../lib/gcc/arm-none-eabi/9.2.1/thumb/v7e-m/nofp/crtbegin.o
 .init_array.00000
                0x000038a8        0x4 c:/users/rajas/downloads/ccs/tools/compiler/gcc-arm-none-eabi-9-2019-q4-major/bin/../lib/gcc/arm-none-eabi/9.2.1/../../../../arm-none-eabi/lib/thumb/v7e-m/nofp\libc.a(lib_a-__call_atexit.o)
                0x000038ac                __init_array_end = .
 *(.init)
 .init          0x000038ac        0x4 c:/users/rajas/downloads/ccs/tools/compiler/gcc-arm-none-eabi-9-2019-q4-major/bin/../lib/gcc/arm-none-eabi/9.2.1/thumb/v7e-m/nofp/crti.o
                0x000038ac                _init
 .init          0x000038b0        0x8 c:/users/rajas/downloads/ccs/tools/compiler/gcc-arm-none-eabi-9-2019-q4-major/bin/../lib/gcc/arm-none-eabi/9.2.1/thumb/v7e-m/nofp/crtn.o
 *(.fini*)
 .fini          0x000038b8        0x4 c:/users/rajas/downloads/ccs/tools/compiler/gcc-arm-none-eabi-9-2019-q4-major/bin/../lib/gcc/arm-none-eabi/9.2.1/thumb/v7e-m/nofp/crti.o
                0x000038b8                _fini
 .fini_array    0x000038bc        0x4 c:/users/rajas/downloads/ccs/tools/compiler/gcc-arm-none-eabi-9-2019-q4-major/bin/../lib/gcc/arm-none-eabi/9.2.1/thumb/v7e-m/nofp/crtbegin.o
 .fini          0x000038c0        0x8 c:/users/rajas/downloads/ccs/tools/compiler/gcc-arm-none-eabi-9-2019-q4-major/bin/../lib/gcc/arm-none-eabi/9.2.1/thumb/v7e-m/nofp/crtn.o
                [!provide]                PROVIDE (__etext = .)
                [!provide]                PROVIDE (_etext = .)
                [!provide]                PROVIDE (etext = .)
                0x20004000                PROVIDE (version = 0x20004000)

.glue_7         0x000038c8        0x0
 .glue_7        0x000038c8        0x0 linker stubs

.glue_7t        0x000038c8        0x0
 .glue_7t       0x000038c8        0x0 linker stubs

.vfp11_veneer   0x000038c8        0x0
 .vfp11_veneer  0x000038c8        0x0 linker stubs

.v4_bx          0x000038c8        0x0
 .v4_bx         0x000038c8        0x0 linker stubs

.iplt           0x000038c8        0x0
 .iplt          0x000038c8        0x0 c:/users/rajas/downloads/ccs/tools/compiler/gcc-arm-none-eabi-9-2019-q4-major/bin/../lib/gcc/arm-none-eabi/9.2.1/thumb/v7e-m/nofp/crtbegin.o

.rodata         0x000038c8      0x914
 *(.rodata)
 .rodata        0x000038c8      0x2a9 ./main.o
 *(.rodata*)
 *fill*         0x00003b71        0x3 
 .rodata._ctype_
                0x00003b74      0x101 c:/users/rajas/downloads/ccs/tools/compiler/gcc-arm-none-eabi-9-2019-q4-major/bin/../lib/gcc/arm-none-eabi/9.2.1/../../../../arm-none-eabi/lib/thumb/v7e-m/nofp\libc.a(lib_a-ctype_.o)
                0x00003b74                _ctype_
 *fill*         0x00003c75        0x3 
 .rodata._global_impure_ptr
                0x00003c78        0x4 c:/users/rajas/downloads/ccs/tools/compiler/gcc-arm-none-eabi-9-2019-q4-major/bin/../lib/gcc/arm-none-eabi/9.2.1/../../../../arm-none-eabi/lib/thumb/v7e-m/nofp\libc.a(lib_a-impure.o)
                0x00003c78                _global_impure_ptr
 .rodata.g_ppui32GPIOIntMapBlizzard
                0x00003c7c       0xc0 ../libdriver.a(gpio.o)
 .rodata.g_ppui32GPIOIntMapSnowflake
                0x00003d3c       0xc0 ../libdriver.a(gpio.o)
 .rodata.g_pui32GPIOBaseAddrs
                0x00003dfc       0x90 ../libdriver.a(gpio.o)
 .rodata.g_pui32Dii16Regs
                0x00003e8c       0x14 ../libdriver.a(interrupt.o)
 .rodata.g_pui32EnRegs
                0x00003ea0       0x14 ../libdriver.a(interrupt.o)
 .rodata.g_pui32PendRegs
                0x00003eb4       0x14 ../libdriver.a(interrupt.o)
 .rodata.g_pui32Priority
                0x00003ec8       0x20 ../libdriver.a(interrupt.o)
 .rodata.g_pui32Regs
                0x00003ee8       0x9c ../libdriver.a(interrupt.o)
 .rodata.g_pui32UnpendRegs
                0x00003f84       0x14 ../libdriver.a(interrupt.o)
 .rodata.g_pppui32XTALtoVCO
                0x00003f98      0x120 ../libdriver.a(sysctl.o)
 .rodata.g_pui32VCOFrequencies
                0x000040b8        0x8 ../libdriver.a(sysctl.o)
 .rodata.g_pui32Xtals
                0x000040c0       0x6c ../libdriver.a(sysctl.o)
 .rodata.g_sXTALtoMEMTIM
                0x0000412c       0x30 ../libdriver.a(sysctl.o)
 .rodata.g_ppui32UARTIntMap
                0x0000415c       0x40 ../libdriver.a(uart.o)
 .rodata.g_ppui32UARTIntMapSnowflake
                0x0000419c       0x40 ../libdriver.a(uart.o)

.eh_frame       0x000041dc        0x4
 .eh_frame      0x000041dc        0x0 c:/users/rajas/downloads/ccs/tools/compiler/gcc-arm-none-eabi-9-2019-q4-major/bin/../lib/gcc/arm-none-eabi/9.2.1/thumb/v7e-m/nofp/crtbegin.o
 .eh_frame      0x000041dc        0x4 c:/users/rajas/downloads/ccs/tools/compiler/gcc-arm-none-eabi-9-2019-q4-major/bin/../lib/gcc/arm-none-eabi/9.2.1/thumb/v7e-m/nofp/crtend.o

.data           0x20000000      0x43c load address 0x000041e0
                0x000041e0                __data_load__ = LOADADDR (.data)
                0x20000000                __data_start__ = .
 *(.data)
 .data          0x20000000        0x0 c:/users/rajas/downloads/ccs/tools/compiler/gcc-arm-none-eabi-9-2019-q4-major/bin/../lib/gcc/arm-none-eabi/9.2.1/thumb/v7e-m/nofp/crti.o
 .data          0x20000000        0x4 c:/users/rajas/downloads/ccs/tools/compiler/gcc-arm-none-eabi-9-2019-q4-major/bin/../lib/gcc/arm-none-eabi/9.2.1/thumb/v7e-m/nofp/crtbegin.o
                0x20000000                __dso_handle
 .data          0x20000004        0x0 c:/users/rajas/downloads/ccs/tools/compiler/gcc-arm-none-eabi-9-2019-q4-major/bin/../lib/gcc/arm-none-eabi/9.2.1/../../../../arm-none-eabi/lib/thumb/v7e-m/nofp/crt0.o
 .data          0x20000004        0x0 ./main.o
 .data          0x20000004        0x0 ./tm4c123gh6pm_startup_ccs_gcc.o
 .data          0x20000004        0x0 c:/users/rajas/downloads/ccs/tools/compiler/gcc-arm-none-eabi-9-2019-q4-major/bin/../lib/gcc/arm-none-eabi/9.2.1/../../../../arm-none-eabi/lib/thumb/v7e-m/nofp\libc.a(lib_a-atoi.o)
 .data          0x20000004        0x0 c:/users/rajas/downloads/ccs/tools/compiler/gcc-arm-none-eabi-9-2019-q4-major/bin/../lib/gcc/arm-none-eabi/9.2.1/../../../../arm-none-eabi/lib/thumb/v7e-m/nofp\libc.a(lib_a-ctype_.o)
 .data          0x20000004        0x0 c:/users/rajas/downloads/ccs/tools/compiler/gcc-arm-none-eabi-9-2019-q4-major/bin/../lib/gcc/arm-none-eabi/9.2.1/../../../../arm-none-eabi/lib/thumb/v7e-m/nofp\libc.a(lib_a-exit.o)
 .data          0x20000004        0x0 c:/users/rajas/downloads/ccs/tools/compiler/gcc-arm-none-eabi-9-2019-q4-major/bin/../lib/gcc/arm-none-eabi/9.2.1/../../../../arm-none-eabi/lib/thumb/v7e-m/nofp\libc.a(lib_a-impure.o)
 .data          0x20000004        0x0 c:/users/rajas/downloads/ccs/tools/compiler/gcc-arm-none-eabi-9-2019-q4-major/bin/../lib/gcc/arm-none-eabi/9.2.1/../../../../arm-none-eabi/lib/thumb/v7e-m/nofp\libc.a(lib_a-init.o)
 .data          0x20000004        0x0 c:/users/rajas/downloads/ccs/tools/compiler/gcc-arm-none-eabi-9-2019-q4-major/bin/../lib/gcc/arm-none-eabi/9.2.1/../../../../arm-none-eabi/lib/thumb/v7e-m/nofp\libc.a(lib_a-memset.o)
 .data          0x20000004        0x0 c:/users/rajas/downloads/ccs/tools/compiler/gcc-arm-none-eabi-9-2019-q4-major/bin/../lib/gcc/arm-none-eabi/9.2.1/../../../../arm-none-eabi/lib/thumb/v7e-m/nofp\libc.a(lib_a-strcmp.o)
 .data          0x20000004        0x0 c:/users/rajas/downloads/ccs/tools/compiler/gcc-arm-none-eabi-9-2019-q4-major/bin/../lib/gcc/arm-none-eabi/9.2.1/../../../../arm-none-eabi/lib/thumb/v7e-m/nofp\libc.a(lib_a-strstr.o)
 .data          0x20000004        0x0 c:/users/rajas/downloads/ccs/tools/compiler/gcc-arm-none-eabi-9-2019-q4-major/bin/../lib/gcc/arm-none-eabi/9.2.1/../../../../arm-none-eabi/lib/thumb/v7e-m/nofp\libc.a(lib_a-strtol.o)
 .data          0x20000004        0x0 c:/users/rajas/downloads/ccs/tools/compiler/gcc-arm-none-eabi-9-2019-q4-major/bin/../lib/gcc/arm-none-eabi/9.2.1/../../../../arm-none-eabi/lib/thumb/v7e-m/nofp\libc.a(lib_a-__call_atexit.o)
 .data          0x20000004        0x0 c:/users/rajas/downloads/ccs/tools/compiler/gcc-arm-none-eabi-9-2019-q4-major/bin/../lib/gcc/arm-none-eabi/9.2.1/../../../../arm-none-eabi/lib/thumb/v7e-m/nofp\libc.a(lib_a-atexit.o)
 .data          0x20000004        0x0 c:/users/rajas/downloads/ccs/tools/compiler/gcc-arm-none-eabi-9-2019-q4-major/bin/../lib/gcc/arm-none-eabi/9.2.1/../../../../arm-none-eabi/lib/thumb/v7e-m/nofp\libc.a(lib_a-fini.o)
 .data          0x20000004        0x0 c:/users/rajas/downloads/ccs/tools/compiler/gcc-arm-none-eabi-9-2019-q4-major/bin/../lib/gcc/arm-none-eabi/9.2.1/../../../../arm-none-eabi/lib/thumb/v7e-m/nofp\libc.a(lib_a-lock.o)
 .data          0x20000004        0x0 c:/users/rajas/downloads/ccs/tools/compiler/gcc-arm-none-eabi-9-2019-q4-major/bin/../lib/gcc/arm-none-eabi/9.2.1/../../../../arm-none-eabi/lib/thumb/v7e-m/nofp\libc.a(lib_a-memcmp.o)
 .data          0x20000004        0x0 c:/users/rajas/downloads/ccs/tools/compiler/gcc-arm-none-eabi-9-2019-q4-major/bin/../lib/gcc/arm-none-eabi/9.2.1/../../../../arm-none-eabi/lib/thumb/v7e-m/nofp\libc.a(lib_a-strchr.o)
 .data          0x20000004        0x0 c:/users/rajas/downloads/ccs/tools/compiler/gcc-arm-none-eabi-9-2019-q4-major/bin/../lib/gcc/arm-none-eabi/9.2.1/../../../../arm-none-eabi/lib/thumb/v7e-m/nofp\libc.a(lib_a-strlen.o)
 .data          0x20000004        0x0 c:/users/rajas/downloads/ccs/tools/compiler/gcc-arm-none-eabi-9-2019-q4-major/bin/../lib/gcc/arm-none-eabi/9.2.1/../../../../arm-none-eabi/lib/thumb/v7e-m/nofp\libc.a(lib_a-strnlen.o)
 .data          0x20000004        0x0 c:/users/rajas/downloads/ccs/tools/compiler/gcc-arm-none-eabi-9-2019-q4-major/bin/../lib/gcc/arm-none-eabi/9.2.1/../../../../arm-none-eabi/lib/thumb/v7e-m/nofp\libc.a(lib_a-__atexit.o)
 .data          0x20000004        0x0 ../libdriver.a(gpio.o)
 .data          0x20000004        0x0 ../libdriver.a(interrupt.o)
 .data          0x20000004        0x0 ../libdriver.a(sysctl.o)
 .data          0x20000004        0x0 ../libdriver.a(uart.o)
 .data          0x20000004        0x0 ../libdriver.a(cpu.o)
 .data          0x20000004        0x0 c:/users/rajas/downloads/ccs/tools/compiler/gcc-arm-none-eabi-9-2019-q4-major/bin/../lib/gcc/arm-none-eabi/9.2.1/../../../../arm-none-eabi/lib/thumb/v7e-m/nofp\libnosys.a(_exit.o)
 .data          0x20000004        0x0 c:/users/rajas/downloads/ccs/tools/compiler/gcc-arm-none-eabi-9-2019-q4-major/bin/../lib/gcc/arm-none-eabi/9.2.1/thumb/v7e-m/nofp/crtend.o
 .data          0x20000004        0x0 c:/users/rajas/downloads/ccs/tools/compiler/gcc-arm-none-eabi-9-2019-q4-major/bin/../lib/gcc/arm-none-eabi/9.2.1/thumb/v7e-m/nofp/crtn.o
 *(.data*)
 .data.Blink_Delay
                0x20000004        0x4 ./main.o
                0x20000004                Blink_Delay
 .data.Blink_Delay_Pause
                0x20000008        0x4 ./main.o
                0x20000008                Blink_Delay_Pause
 .data._impure_ptr
                0x2000000c        0x4 c:/users/rajas/downloads/ccs/tools/compiler/gcc-arm-none-eabi-9-2019-q4-major/bin/../lib/gcc/arm-none-eabi/9.2.1/../../../../arm-none-eabi/lib/thumb/v7e-m/nofp\libc.a(lib_a-impure.o)
                0x2000000c                _impure_ptr
 .data.impure_data
                0x20000010      0x428 c:/users/rajas/downloads/ccs/tools/compiler/gcc-arm-none-eabi-9-2019-q4-major/bin/../lib/gcc/arm-none-eabi/9.2.1/../../../../arm-none-eabi/lib/thumb/v7e-m/nofp\libc.a(lib_a-impure.o)
 .data.__atexit_recursive_mutex
                0x20000438        0x4 c:/users/rajas/downloads/ccs/tools/compiler/gcc-arm-none-eabi-9-2019-q4-major/bin/../lib/gcc/arm-none-eabi/9.2.1/../../../../arm-none-eabi/lib/thumb/v7e-m/nofp\libc.a(lib_a-__call_atexit.o)
                0x20000438                __atexit_recursive_mutex
                0x2000043c                . = ALIGN (0x4)
                0x2000043c                __data_end__ = .

.igot.plt       0x2000043c        0x0 load address 0x0000461c
 .igot.plt      0x2000043c        0x0 c:/users/rajas/downloads/ccs/tools/compiler/gcc-arm-none-eabi-9-2019-q4-major/bin/../lib/gcc/arm-none-eabi/9.2.1/thumb/v7e-m/nofp/crtbegin.o

vtable          0x20000800      0x26c load address 0x0000461c
 vtable         0x20000800      0x26c ../libdriver.a(interrupt.o)

.ARM.exidx      0x00004888        0x8
                0x00004888                __exidx_start = .
 *(.ARM.exidx* .gnu.linkonce.armexidx.*)
 .ARM.exidx     0x00004888        0x8 c:/users/rajas/downloads/ccs/tools/compiler/gcc-arm-none-eabi-9-2019-q4-major/bin/../lib/gcc/arm-none-eabi/9.2.1/../../../../arm-none-eabi/lib/thumb/v7e-m/nofp/crt0.o
                0x00004890                __exidx_end = .

.ARM.extab      0x00004890        0x0
 *(.ARM.extab* .gnu.linkonce.armextab.*)
 .ARM.extab     0x00004890        0x0 c:/users/rajas/downloads/ccs/tools/compiler/gcc-arm-none-eabi-9-2019-q4-major/bin/../lib/gcc/arm-none-eabi/9.2.1/../../../../arm-none-eabi/lib/thumb/v7e-m/nofp/crt0.o

.rel.dyn        0x00004890        0x0
 .rel.iplt      0x00004890        0x0 c:/users/rajas/downloads/ccs/tools/compiler/gcc-arm-none-eabi-9-2019-q4-major/bin/../lib/gcc/arm-none-eabi/9.2.1/thumb/v7e-m/nofp/crtbegin.o

.bss            0x20000a6c      0x33c
                0x20000a6c                __bss_start__ = .
 *(.shbss)
 *(.bss)
 .bss           0x20000a6c        0x0 c:/users/rajas/downloads/ccs/tools/compiler/gcc-arm-none-eabi-9-2019-q4-major/bin/../lib/gcc/arm-none-eabi/9.2.1/thumb/v7e-m/nofp/crti.o
 .bss           0x20000a6c       0x1c c:/users/rajas/downloads/ccs/tools/compiler/gcc-arm-none-eabi-9-2019-q4-major/bin/../lib/gcc/arm-none-eabi/9.2.1/thumb/v7e-m/nofp/crtbegin.o
 .bss           0x20000a88        0x0 c:/users/rajas/downloads/ccs/tools/compiler/gcc-arm-none-eabi-9-2019-q4-major/bin/../lib/gcc/arm-none-eabi/9.2.1/../../../../arm-none-eabi/lib/thumb/v7e-m/nofp/crt0.o
 .bss           0x20000a88        0x0 ./main.o
 .bss           0x20000a88        0x0 ./tm4c123gh6pm_startup_ccs_gcc.o
 .bss           0x20000a88        0x0 c:/users/rajas/downloads/ccs/tools/compiler/gcc-arm-none-eabi-9-2019-q4-major/bin/../lib/gcc/arm-none-eabi/9.2.1/../../../../arm-none-eabi/lib/thumb/v7e-m/nofp\libc.a(lib_a-atoi.o)
 .bss           0x20000a88        0x0 c:/users/rajas/downloads/ccs/tools/compiler/gcc-arm-none-eabi-9-2019-q4-major/bin/../lib/gcc/arm-none-eabi/9.2.1/../../../../arm-none-eabi/lib/thumb/v7e-m/nofp\libc.a(lib_a-ctype_.o)
 .bss           0x20000a88        0x0 c:/users/rajas/downloads/ccs/tools/compiler/gcc-arm-none-eabi-9-2019-q4-major/bin/../lib/gcc/arm-none-eabi/9.2.1/../../../../arm-none-eabi/lib/thumb/v7e-m/nofp\libc.a(lib_a-exit.o)
 .bss           0x20000a88        0x0 c:/users/rajas/downloads/ccs/tools/compiler/gcc-arm-none-eabi-9-2019-q4-major/bin/../lib/gcc/arm-none-eabi/9.2.1/../../../../arm-none-eabi/lib/thumb/v7e-m/nofp\libc.a(lib_a-impure.o)
 .bss           0x20000a88        0x0 c:/users/rajas/downloads/ccs/tools/compiler/gcc-arm-none-eabi-9-2019-q4-major/bin/../lib/gcc/arm-none-eabi/9.2.1/../../../../arm-none-eabi/lib/thumb/v7e-m/nofp\libc.a(lib_a-init.o)
 .bss           0x20000a88        0x0 c:/users/rajas/downloads/ccs/tools/compiler/gcc-arm-none-eabi-9-2019-q4-major/bin/../lib/gcc/arm-none-eabi/9.2.1/../../../../arm-none-eabi/lib/thumb/v7e-m/nofp\libc.a(lib_a-memset.o)
 .bss           0x20000a88        0x0 c:/users/rajas/downloads/ccs/tools/compiler/gcc-arm-none-eabi-9-2019-q4-major/bin/../lib/gcc/arm-none-eabi/9.2.1/../../../../arm-none-eabi/lib/thumb/v7e-m/nofp\libc.a(lib_a-strcmp.o)
 .bss           0x20000a88        0x0 c:/users/rajas/downloads/ccs/tools/compiler/gcc-arm-none-eabi-9-2019-q4-major/bin/../lib/gcc/arm-none-eabi/9.2.1/../../../../arm-none-eabi/lib/thumb/v7e-m/nofp\libc.a(lib_a-strstr.o)
 .bss           0x20000a88        0x0 c:/users/rajas/downloads/ccs/tools/compiler/gcc-arm-none-eabi-9-2019-q4-major/bin/../lib/gcc/arm-none-eabi/9.2.1/../../../../arm-none-eabi/lib/thumb/v7e-m/nofp\libc.a(lib_a-strtol.o)
 .bss           0x20000a88        0x0 c:/users/rajas/downloads/ccs/tools/compiler/gcc-arm-none-eabi-9-2019-q4-major/bin/../lib/gcc/arm-none-eabi/9.2.1/../../../../arm-none-eabi/lib/thumb/v7e-m/nofp\libc.a(lib_a-__call_atexit.o)
 .bss           0x20000a88        0x0 c:/users/rajas/downloads/ccs/tools/compiler/gcc-arm-none-eabi-9-2019-q4-major/bin/../lib/gcc/arm-none-eabi/9.2.1/../../../../arm-none-eabi/lib/thumb/v7e-m/nofp\libc.a(lib_a-atexit.o)
 .bss           0x20000a88        0x0 c:/users/rajas/downloads/ccs/tools/compiler/gcc-arm-none-eabi-9-2019-q4-major/bin/../lib/gcc/arm-none-eabi/9.2.1/../../../../arm-none-eabi/lib/thumb/v7e-m/nofp\libc.a(lib_a-fini.o)
 .bss           0x20000a88        0x0 c:/users/rajas/downloads/ccs/tools/compiler/gcc-arm-none-eabi-9-2019-q4-major/bin/../lib/gcc/arm-none-eabi/9.2.1/../../../../arm-none-eabi/lib/thumb/v7e-m/nofp\libc.a(lib_a-lock.o)
 .bss           0x20000a88        0x0 c:/users/rajas/downloads/ccs/tools/compiler/gcc-arm-none-eabi-9-2019-q4-major/bin/../lib/gcc/arm-none-eabi/9.2.1/../../../../arm-none-eabi/lib/thumb/v7e-m/nofp\libc.a(lib_a-memcmp.o)
 .bss           0x20000a88        0x0 c:/users/rajas/downloads/ccs/tools/compiler/gcc-arm-none-eabi-9-2019-q4-major/bin/../lib/gcc/arm-none-eabi/9.2.1/../../../../arm-none-eabi/lib/thumb/v7e-m/nofp\libc.a(lib_a-strchr.o)
 .bss           0x20000a88        0x0 c:/users/rajas/downloads/ccs/tools/compiler/gcc-arm-none-eabi-9-2019-q4-major/bin/../lib/gcc/arm-none-eabi/9.2.1/../../../../arm-none-eabi/lib/thumb/v7e-m/nofp\libc.a(lib_a-strlen.o)
 .bss           0x20000a88        0x0 c:/users/rajas/downloads/ccs/tools/compiler/gcc-arm-none-eabi-9-2019-q4-major/bin/../lib/gcc/arm-none-eabi/9.2.1/../../../../arm-none-eabi/lib/thumb/v7e-m/nofp\libc.a(lib_a-strnlen.o)
 .bss           0x20000a88        0x0 c:/users/rajas/downloads/ccs/tools/compiler/gcc-arm-none-eabi-9-2019-q4-major/bin/../lib/gcc/arm-none-eabi/9.2.1/../../../../arm-none-eabi/lib/thumb/v7e-m/nofp\libc.a(lib_a-__atexit.o)
 .bss           0x20000a88        0x0 ../libdriver.a(gpio.o)
 .bss           0x20000a88        0x0 ../libdriver.a(interrupt.o)
 .bss           0x20000a88        0x0 ../libdriver.a(sysctl.o)
 .bss           0x20000a88        0x0 ../libdriver.a(uart.o)
 .bss           0x20000a88        0x0 ../libdriver.a(cpu.o)
 .bss           0x20000a88        0x0 c:/users/rajas/downloads/ccs/tools/compiler/gcc-arm-none-eabi-9-2019-q4-major/bin/../lib/gcc/arm-none-eabi/9.2.1/../../../../arm-none-eabi/lib/thumb/v7e-m/nofp\libnosys.a(_exit.o)
 .bss           0x20000a88        0x0 c:/users/rajas/downloads/ccs/tools/compiler/gcc-arm-none-eabi-9-2019-q4-major/bin/../lib/gcc/arm-none-eabi/9.2.1/thumb/v7e-m/nofp/crtend.o
 .bss           0x20000a88        0x0 c:/users/rajas/downloads/ccs/tools/compiler/gcc-arm-none-eabi-9-2019-q4-major/bin/../lib/gcc/arm-none-eabi/9.2.1/thumb/v7e-m/nofp/crtn.o
 *(.bss.*)
 .bss.id        0x20000a88        0x4 ./main.o
                0x20000a88                id
 .bss.Color     0x20000a8c        0x4 ./main.o
                0x20000a8c                Color
 .bss.Color_Pause
                0x20000a90        0x4 ./main.o
                0x20000a90                Color_Pause
 .bss.sw1_pressed
                0x20000a94        0x4 ./main.o
                0x20000a94                sw1_pressed
 .bss.sw2_pressed
                0x20000a98        0x4 ./main.o
                0x20000a98                sw2_pressed
 .bss.count_sw2
                0x20000a9c        0x4 ./main.o
                0x20000a9c                count_sw2
 .bss.stop_flag
                0x20000aa0        0x4 ./main.o
                0x20000aa0                stop_flag
 .bss.pause_flag
                0x20000aa4        0x4 ./main.o
                0x20000aa4                pause_flag
 .bss.num       0x20000aa8        0x4 ./main.o
                0x20000aa8                num
 .bss.key1_pressed_first_time
                0x20000aac        0x4 ./main.o
                0x20000aac                key1_pressed_first_time
 .bss.color_change
                0x20000ab0        0x4 ./main.o
                0x20000ab0                color_change
 .bss.pui32Stack
                0x20000ab4      0x200 ./tm4c123gh6pm_startup_ccs_gcc.o
 *(COMMON)
 COMMON         0x20000cb4       0xce ./main.o
                0x20000cb4                poke_content
                0x20000d18                val
                0x20000d1c                console_cmd_buffer2
                0x20000d50                console_cmd_buffer
 *fill*         0x20000d82        0x2 
 COMMON         0x20000d84       0x21 c:/users/rajas/downloads/ccs/tools/compiler/gcc-arm-none-eabi-9-2019-q4-major/bin/../lib/gcc/arm-none-eabi/9.2.1/../../../../arm-none-eabi/lib/thumb/v7e-m/nofp\libc.a(lib_a-lock.o)
                0x20000d84                __lock___atexit_recursive_mutex
                0x20000d88                __lock___arc4random_mutex
                0x20000d8c                __lock___env_recursive_mutex
                0x20000d90                __lock___sinit_recursive_mutex
                0x20000d94                __lock___malloc_recursive_mutex
                0x20000d98                __lock___at_quick_exit_mutex
                0x20000d9c                __lock___dd_hash_mutex
                0x20000da0                __lock___tz_mutex
                0x20000da4                __lock___sfp_recursive_mutex
                0x20000da8                . = ALIGN (0x4)
 *fill*         0x20000da5        0x3 
                0x20000da8                __bss_end__ = .

.heap           0x20000da8        0x0
                0x20000da8                __heap_start__ = .
                0x20000da8                end = __heap_start__
                0x20000da8                _end = end
                0x20000da8                __end = end
 *(.heap)
                0x20000da8                __heap_end__ = .
                0x20000da8                __HeapLimit = __heap_end__

.stack          0x20000da8        0x0
                0x20000da8                _stack = .
                0x20000da8                __stack = .
 *(.stack)
START GROUP
LOAD c:/users/rajas/downloads/ccs/tools/compiler/gcc-arm-none-eabi-9-2019-q4-major/bin/../lib/gcc/arm-none-eabi/9.2.1/../../../../arm-none-eabi/lib/thumb/v7e-m/nofp\libc.a
END GROUP
LOAD ../libdriver.a
START GROUP
LOAD c:/users/rajas/downloads/ccs/tools/compiler/gcc-arm-none-eabi-9-2019-q4-major/bin/../lib/gcc/arm-none-eabi/9.2.1/thumb/v7e-m/nofp\libgcc.a
LOAD c:/users/rajas/downloads/ccs/tools/compiler/gcc-arm-none-eabi-9-2019-q4-major/bin/../lib/gcc/arm-none-eabi/9.2.1/../../../../arm-none-eabi/lib/thumb/v7e-m/nofp\libg.a
LOAD c:/users/rajas/downloads/ccs/tools/compiler/gcc-arm-none-eabi-9-2019-q4-major/bin/../lib/gcc/arm-none-eabi/9.2.1/../../../../arm-none-eabi/lib/thumb/v7e-m/nofp\libc.a
END GROUP
START GROUP
LOAD c:/users/rajas/downloads/ccs/tools/compiler/gcc-arm-none-eabi-9-2019-q4-major/bin/../lib/gcc/arm-none-eabi/9.2.1/thumb/v7e-m/nofp\libgcc.a
LOAD c:/users/rajas/downloads/ccs/tools/compiler/gcc-arm-none-eabi-9-2019-q4-major/bin/../lib/gcc/arm-none-eabi/9.2.1/../../../../arm-none-eabi/lib/thumb/v7e-m/nofp\libc.a
LOAD c:/users/rajas/downloads/ccs/tools/compiler/gcc-arm-none-eabi-9-2019-q4-major/bin/../lib/gcc/arm-none-eabi/9.2.1/../../../../arm-none-eabi/lib/thumb/v7e-m/nofp\libnosys.a
END GROUP
LOAD c:/users/rajas/downloads/ccs/tools/compiler/gcc-arm-none-eabi-9-2019-q4-major/bin/../lib/gcc/arm-none-eabi/9.2.1/thumb/v7e-m/nofp/crtend.o
LOAD c:/users/rajas/downloads/ccs/tools/compiler/gcc-arm-none-eabi-9-2019-q4-major/bin/../lib/gcc/arm-none-eabi/9.2.1/thumb/v7e-m/nofp/crtn.o
OUTPUT(lab5_peek_and_poke.out elf32-littlearm)

.ARM.attributes
                0x00000000       0x2e
 .ARM.attributes
                0x00000000       0x1e c:/users/rajas/downloads/ccs/tools/compiler/gcc-arm-none-eabi-9-2019-q4-major/bin/../lib/gcc/arm-none-eabi/9.2.1/thumb/v7e-m/nofp/crti.o
 .ARM.attributes
                0x0000001e       0x2e c:/users/rajas/downloads/ccs/tools/compiler/gcc-arm-none-eabi-9-2019-q4-major/bin/../lib/gcc/arm-none-eabi/9.2.1/thumb/v7e-m/nofp/crtbegin.o
 .ARM.attributes
                0x0000004c       0x1c c:/users/rajas/downloads/ccs/tools/compiler/gcc-arm-none-eabi-9-2019-q4-major/bin/../lib/gcc/arm-none-eabi/9.2.1/../../../../arm-none-eabi/lib/thumb/v7e-m/nofp/crt0.o
 .ARM.attributes
                0x00000068       0x2e ./main.o
 .ARM.attributes
                0x00000096       0x2e ./tm4c123gh6pm_startup_ccs_gcc.o
 .ARM.attributes
                0x000000c4       0x2e c:/users/rajas/downloads/ccs/tools/compiler/gcc-arm-none-eabi-9-2019-q4-major/bin/../lib/gcc/arm-none-eabi/9.2.1/../../../../arm-none-eabi/lib/thumb/v7e-m/nofp\libc.a(lib_a-atoi.o)
 .ARM.attributes
                0x000000f2       0x2e c:/users/rajas/downloads/ccs/tools/compiler/gcc-arm-none-eabi-9-2019-q4-major/bin/../lib/gcc/arm-none-eabi/9.2.1/../../../../arm-none-eabi/lib/thumb/v7e-m/nofp\libc.a(lib_a-ctype_.o)
 .ARM.attributes
                0x00000120       0x2e c:/users/rajas/downloads/ccs/tools/compiler/gcc-arm-none-eabi-9-2019-q4-major/bin/../lib/gcc/arm-none-eabi/9.2.1/../../../../arm-none-eabi/lib/thumb/v7e-m/nofp\libc.a(lib_a-exit.o)
 .ARM.attributes
                0x0000014e       0x2e c:/users/rajas/downloads/ccs/tools/compiler/gcc-arm-none-eabi-9-2019-q4-major/bin/../lib/gcc/arm-none-eabi/9.2.1/../../../../arm-none-eabi/lib/thumb/v7e-m/nofp\libc.a(lib_a-impure.o)
 .ARM.attributes
                0x0000017c       0x2e c:/users/rajas/downloads/ccs/tools/compiler/gcc-arm-none-eabi-9-2019-q4-major/bin/../lib/gcc/arm-none-eabi/9.2.1/../../../../arm-none-eabi/lib/thumb/v7e-m/nofp\libc.a(lib_a-init.o)
 .ARM.attributes
                0x000001aa       0x2e c:/users/rajas/downloads/ccs/tools/compiler/gcc-arm-none-eabi-9-2019-q4-major/bin/../lib/gcc/arm-none-eabi/9.2.1/../../../../arm-none-eabi/lib/thumb/v7e-m/nofp\libc.a(lib_a-memset.o)
 .ARM.attributes
                0x000001d8       0x1c c:/users/rajas/downloads/ccs/tools/compiler/gcc-arm-none-eabi-9-2019-q4-major/bin/../lib/gcc/arm-none-eabi/9.2.1/../../../../arm-none-eabi/lib/thumb/v7e-m/nofp\libc.a(lib_a-strcmp.o)
 .ARM.attributes
                0x000001f4       0x2e c:/users/rajas/downloads/ccs/tools/compiler/gcc-arm-none-eabi-9-2019-q4-major/bin/../lib/gcc/arm-none-eabi/9.2.1/../../../../arm-none-eabi/lib/thumb/v7e-m/nofp\libc.a(lib_a-strstr.o)
 .ARM.attributes
                0x00000222       0x2e c:/users/rajas/downloads/ccs/tools/compiler/gcc-arm-none-eabi-9-2019-q4-major/bin/../lib/gcc/arm-none-eabi/9.2.1/../../../../arm-none-eabi/lib/thumb/v7e-m/nofp\libc.a(lib_a-strtol.o)
 .ARM.attributes
                0x00000250       0x2e c:/users/rajas/downloads/ccs/tools/compiler/gcc-arm-none-eabi-9-2019-q4-major/bin/../lib/gcc/arm-none-eabi/9.2.1/../../../../arm-none-eabi/lib/thumb/v7e-m/nofp\libc.a(lib_a-__call_atexit.o)
 .ARM.attributes
                0x0000027e       0x2e c:/users/rajas/downloads/ccs/tools/compiler/gcc-arm-none-eabi-9-2019-q4-major/bin/../lib/gcc/arm-none-eabi/9.2.1/../../../../arm-none-eabi/lib/thumb/v7e-m/nofp\libc.a(lib_a-atexit.o)
 .ARM.attributes
                0x000002ac       0x2e c:/users/rajas/downloads/ccs/tools/compiler/gcc-arm-none-eabi-9-2019-q4-major/bin/../lib/gcc/arm-none-eabi/9.2.1/../../../../arm-none-eabi/lib/thumb/v7e-m/nofp\libc.a(lib_a-fini.o)
 .ARM.attributes
                0x000002da       0x2e c:/users/rajas/downloads/ccs/tools/compiler/gcc-arm-none-eabi-9-2019-q4-major/bin/../lib/gcc/arm-none-eabi/9.2.1/../../../../arm-none-eabi/lib/thumb/v7e-m/nofp\libc.a(lib_a-lock.o)
 .ARM.attributes
                0x00000308       0x2e c:/users/rajas/downloads/ccs/tools/compiler/gcc-arm-none-eabi-9-2019-q4-major/bin/../lib/gcc/arm-none-eabi/9.2.1/../../../../arm-none-eabi/lib/thumb/v7e-m/nofp\libc.a(lib_a-memcmp.o)
 .ARM.attributes
                0x00000336       0x2e c:/users/rajas/downloads/ccs/tools/compiler/gcc-arm-none-eabi-9-2019-q4-major/bin/../lib/gcc/arm-none-eabi/9.2.1/../../../../arm-none-eabi/lib/thumb/v7e-m/nofp\libc.a(lib_a-strchr.o)
 .ARM.attributes
                0x00000364       0x1c c:/users/rajas/downloads/ccs/tools/compiler/gcc-arm-none-eabi-9-2019-q4-major/bin/../lib/gcc/arm-none-eabi/9.2.1/../../../../arm-none-eabi/lib/thumb/v7e-m/nofp\libc.a(lib_a-strlen.o)
 .ARM.attributes
                0x00000380       0x2e c:/users/rajas/downloads/ccs/tools/compiler/gcc-arm-none-eabi-9-2019-q4-major/bin/../lib/gcc/arm-none-eabi/9.2.1/../../../../arm-none-eabi/lib/thumb/v7e-m/nofp\libc.a(lib_a-strnlen.o)
 .ARM.attributes
                0x000003ae       0x2e c:/users/rajas/downloads/ccs/tools/compiler/gcc-arm-none-eabi-9-2019-q4-major/bin/../lib/gcc/arm-none-eabi/9.2.1/../../../../arm-none-eabi/lib/thumb/v7e-m/nofp\libc.a(lib_a-__atexit.o)
 .ARM.attributes
                0x000003dc       0x32 ../libdriver.a(gpio.o)
 .ARM.attributes
                0x0000040e       0x32 ../libdriver.a(interrupt.o)
 .ARM.attributes
                0x00000440       0x32 ../libdriver.a(sysctl.o)
 .ARM.attributes
                0x00000472       0x32 ../libdriver.a(uart.o)
 .ARM.attributes
                0x000004a4       0x32 ../libdriver.a(cpu.o)
 .ARM.attributes
                0x000004d6       0x2e c:/users/rajas/downloads/ccs/tools/compiler/gcc-arm-none-eabi-9-2019-q4-major/bin/../lib/gcc/arm-none-eabi/9.2.1/../../../../arm-none-eabi/lib/thumb/v7e-m/nofp\libnosys.a(_exit.o)
 .ARM.attributes
                0x00000504       0x2e c:/users/rajas/downloads/ccs/tools/compiler/gcc-arm-none-eabi-9-2019-q4-major/bin/../lib/gcc/arm-none-eabi/9.2.1/thumb/v7e-m/nofp/crtend.o
 .ARM.attributes
                0x00000532       0x1e c:/users/rajas/downloads/ccs/tools/compiler/gcc-arm-none-eabi-9-2019-q4-major/bin/../lib/gcc/arm-none-eabi/9.2.1/thumb/v7e-m/nofp/crtn.o

.comment        0x00000000       0x79
 .comment       0x00000000       0x79 ./main.o
                                 0x7a (size before relaxing)
 .comment       0x00000079       0x7a ./tm4c123gh6pm_startup_ccs_gcc.o
 .comment       0x00000079       0x7a ../libdriver.a(gpio.o)
 .comment       0x00000079       0x7a ../libdriver.a(interrupt.o)
 .comment       0x00000079       0x7a ../libdriver.a(sysctl.o)
 .comment       0x00000079       0x7a ../libdriver.a(uart.o)
 .comment       0x00000079       0x7a ../libdriver.a(cpu.o)

.debug_info     0x00000000     0x1236
 .debug_info    0x00000000     0x109a ./main.o
 .debug_info    0x0000109a      0x19c ./tm4c123gh6pm_startup_ccs_gcc.o

.debug_abbrev   0x00000000      0x40a
 .debug_abbrev  0x00000000      0x332 ./main.o
 .debug_abbrev  0x00000332       0xd8 ./tm4c123gh6pm_startup_ccs_gcc.o

.debug_aranges  0x00000000      0x138
 .debug_aranges
                0x00000000      0x100 ./main.o
 .debug_aranges
                0x00000100       0x38 ./tm4c123gh6pm_startup_ccs_gcc.o

.debug_ranges   0x00000000      0x130
 .debug_ranges  0x00000000      0x108 ./main.o
 .debug_ranges  0x00000108       0x28 ./tm4c123gh6pm_startup_ccs_gcc.o

.debug_line     0x00000000      0xda2
 .debug_line    0x00000000      0xbee ./main.o
 .debug_line    0x00000bee      0x1b4 ./tm4c123gh6pm_startup_ccs_gcc.o

.debug_str      0x00000000      0x90b
 .debug_str     0x00000000      0x850 ./main.o
                                0x8bc (size before relaxing)
 .debug_str     0x00000850       0xbb ./tm4c123gh6pm_startup_ccs_gcc.o
                                0x25c (size before relaxing)

.debug_frame    0x00000000      0x8e0
 .debug_frame   0x00000000      0x3d8 ./main.o
 .debug_frame   0x000003d8       0x7c ./tm4c123gh6pm_startup_ccs_gcc.o
 .debug_frame   0x00000454       0x30 c:/users/rajas/downloads/ccs/tools/compiler/gcc-arm-none-eabi-9-2019-q4-major/bin/../lib/gcc/arm-none-eabi/9.2.1/../../../../arm-none-eabi/lib/thumb/v7e-m/nofp\libc.a(lib_a-atoi.o)
 .debug_frame   0x00000484       0x28 c:/users/rajas/downloads/ccs/tools/compiler/gcc-arm-none-eabi-9-2019-q4-major/bin/../lib/gcc/arm-none-eabi/9.2.1/../../../../arm-none-eabi/lib/thumb/v7e-m/nofp\libc.a(lib_a-exit.o)
 .debug_frame   0x000004ac       0x2c c:/users/rajas/downloads/ccs/tools/compiler/gcc-arm-none-eabi-9-2019-q4-major/bin/../lib/gcc/arm-none-eabi/9.2.1/../../../../arm-none-eabi/lib/thumb/v7e-m/nofp\libc.a(lib_a-init.o)
 .debug_frame   0x000004d8       0x38 c:/users/rajas/downloads/ccs/tools/compiler/gcc-arm-none-eabi-9-2019-q4-major/bin/../lib/gcc/arm-none-eabi/9.2.1/../../../../arm-none-eabi/lib/thumb/v7e-m/nofp\libc.a(lib_a-memset.o)
 .debug_frame   0x00000510       0x68 c:/users/rajas/downloads/ccs/tools/compiler/gcc-arm-none-eabi-9-2019-q4-major/bin/../lib/gcc/arm-none-eabi/9.2.1/../../../../arm-none-eabi/lib/thumb/v7e-m/nofp\libc.a(lib_a-strcmp.o)
 .debug_frame   0x00000578       0x88 c:/users/rajas/downloads/ccs/tools/compiler/gcc-arm-none-eabi-9-2019-q4-major/bin/../lib/gcc/arm-none-eabi/9.2.1/../../../../arm-none-eabi/lib/thumb/v7e-m/nofp\libc.a(lib_a-strstr.o)
 .debug_frame   0x00000600       0x80 c:/users/rajas/downloads/ccs/tools/compiler/gcc-arm-none-eabi-9-2019-q4-major/bin/../lib/gcc/arm-none-eabi/9.2.1/../../../../arm-none-eabi/lib/thumb/v7e-m/nofp\libc.a(lib_a-strtol.o)
 .debug_frame   0x00000680       0x5c c:/users/rajas/downloads/ccs/tools/compiler/gcc-arm-none-eabi-9-2019-q4-major/bin/../lib/gcc/arm-none-eabi/9.2.1/../../../../arm-none-eabi/lib/thumb/v7e-m/nofp\libc.a(lib_a-__call_atexit.o)
 .debug_frame   0x000006dc       0x20 c:/users/rajas/downloads/ccs/tools/compiler/gcc-arm-none-eabi-9-2019-q4-major/bin/../lib/gcc/arm-none-eabi/9.2.1/../../../../arm-none-eabi/lib/thumb/v7e-m/nofp\libc.a(lib_a-atexit.o)
 .debug_frame   0x000006fc       0x34 c:/users/rajas/downloads/ccs/tools/compiler/gcc-arm-none-eabi-9-2019-q4-major/bin/../lib/gcc/arm-none-eabi/9.2.1/../../../../arm-none-eabi/lib/thumb/v7e-m/nofp\libc.a(lib_a-fini.o)
 .debug_frame   0x00000730       0xb0 c:/users/rajas/downloads/ccs/tools/compiler/gcc-arm-none-eabi-9-2019-q4-major/bin/../lib/gcc/arm-none-eabi/9.2.1/../../../../arm-none-eabi/lib/thumb/v7e-m/nofp\libc.a(lib_a-lock.o)
 .debug_frame   0x000007e0       0x3c c:/users/rajas/downloads/ccs/tools/compiler/gcc-arm-none-eabi-9-2019-q4-major/bin/../lib/gcc/arm-none-eabi/9.2.1/../../../../arm-none-eabi/lib/thumb/v7e-m/nofp\libc.a(lib_a-memcmp.o)
 .debug_frame   0x0000081c       0x40 c:/users/rajas/downloads/ccs/tools/compiler/gcc-arm-none-eabi-9-2019-q4-major/bin/../lib/gcc/arm-none-eabi/9.2.1/../../../../arm-none-eabi/lib/thumb/v7e-m/nofp\libc.a(lib_a-strchr.o)
 .debug_frame   0x0000085c       0x30 c:/users/rajas/downloads/ccs/tools/compiler/gcc-arm-none-eabi-9-2019-q4-major/bin/../lib/gcc/arm-none-eabi/9.2.1/../../../../arm-none-eabi/lib/thumb/v7e-m/nofp\libc.a(lib_a-strnlen.o)
 .debug_frame   0x0000088c       0x34 c:/users/rajas/downloads/ccs/tools/compiler/gcc-arm-none-eabi-9-2019-q4-major/bin/../lib/gcc/arm-none-eabi/9.2.1/../../../../arm-none-eabi/lib/thumb/v7e-m/nofp\libc.a(lib_a-__atexit.o)
 .debug_frame   0x000008c0       0x20 c:/users/rajas/downloads/ccs/tools/compiler/gcc-arm-none-eabi-9-2019-q4-major/bin/../lib/gcc/arm-none-eabi/9.2.1/../../../../arm-none-eabi/lib/thumb/v7e-m/nofp\libnosys.a(_exit.o)
